Archive member included to satisfy reference by file (symbol)

D:/STM32/arm-none-eabi-gcc/bin/../lib/gcc/arm-none-eabi/14.2.1/thumb/v7e-m/nofp\libgcc.a(_arm_muldf3.o)
                              CMakeFiles/LED.elf.dir/Core/Src/main.c.obj (__aeabi_dmul)
D:/STM32/arm-none-eabi-gcc/bin/../lib/gcc/arm-none-eabi/14.2.1/thumb/v7e-m/nofp\libgcc.a(_arm_mulsf3.o)
                              CMakeFiles/LED.elf.dir/Core/Src/main.c.obj (__aeabi_fmul)
D:/STM32/arm-none-eabi-gcc/bin/../lib/gcc/arm-none-eabi/14.2.1/thumb/v7e-m/nofp\libgcc.a(_arm_addsubdf3.o)
                              CMakeFiles/LED.elf.dir/Core/Src/main.c.obj (__aeabi_dsub)
D:/STM32/arm-none-eabi-gcc/bin/../lib/gcc/arm-none-eabi/14.2.1/thumb/v7e-m/nofp\libgcc.a(_arm_muldivdf3.o)
                              CMakeFiles/LED.elf.dir/Core/Src/main.c.obj (__aeabi_ddiv)
D:/STM32/arm-none-eabi-gcc/bin/../lib/gcc/arm-none-eabi/14.2.1/thumb/v7e-m/nofp\libgcc.a(_arm_addsubsf3.o)
                              CMakeFiles/LED.elf.dir/Core/Src/main.c.obj (__aeabi_fsub)
D:/STM32/arm-none-eabi-gcc/bin/../lib/gcc/arm-none-eabi/14.2.1/thumb/v7e-m/nofp\libgcc.a(_arm_muldivsf3.o)
                              CMakeFiles/LED.elf.dir/Core/Src/main.c.obj (__aeabi_fdiv)
D:/STM32/arm-none-eabi-gcc/bin/../lib/gcc/arm-none-eabi/14.2.1/thumb/v7e-m/nofp\libgcc.a(_arm_cmpsf2.o)
                              CMakeFiles/LED.elf.dir/Core/Src/main.c.obj (__aeabi_fcmplt)
D:/STM32/arm-none-eabi-gcc/bin/../lib/gcc/arm-none-eabi/14.2.1/thumb/v7e-m/nofp\libgcc.a(_arm_fixsfsi.o)
                              CMakeFiles/LED.elf.dir/Core/Src/main.c.obj (__aeabi_f2iz)
D:/STM32/arm-none-eabi-gcc/bin/../lib/gcc/arm-none-eabi/14.2.1/thumb/v7e-m/nofp\libgcc.a(_aeabi_uldivmod.o)
                              CMakeFiles/LED.elf.dir/Drivers/STM32F4xx_HAL_Driver/Src/stm32f4xx_hal_rcc.c.obj (__aeabi_uldivmod)
D:/STM32/arm-none-eabi-gcc/bin/../lib/gcc/arm-none-eabi/14.2.1/thumb/v7e-m/nofp\libgcc.a(_udivmoddi4.o)
                              D:/STM32/arm-none-eabi-gcc/bin/../lib/gcc/arm-none-eabi/14.2.1/thumb/v7e-m/nofp\libgcc.a(_aeabi_uldivmod.o) (__udivmoddi4)
D:/STM32/arm-none-eabi-gcc/bin/../lib/gcc/arm-none-eabi/14.2.1/thumb/v7e-m/nofp\libgcc.a(_dvmd_tls.o)
                              D:/STM32/arm-none-eabi-gcc/bin/../lib/gcc/arm-none-eabi/14.2.1/thumb/v7e-m/nofp\libgcc.a(_aeabi_uldivmod.o) (__aeabi_ldiv0)
D:/STM32/arm-none-eabi-gcc/bin/../lib/gcc/arm-none-eabi/14.2.1/thumb/v7e-m/nofp\libg.a(libc_a-exit.o)
                              D:/STM32/arm-none-eabi-gcc/bin/../lib/gcc/arm-none-eabi/14.2.1/thumb/v7e-m/nofp/crt0.o (exit)
D:/STM32/arm-none-eabi-gcc/bin/../lib/gcc/arm-none-eabi/14.2.1/thumb/v7e-m/nofp\libg.a(libc_a-findfp.o)
                              D:/STM32/arm-none-eabi-gcc/bin/../lib/gcc/arm-none-eabi/14.2.1/thumb/v7e-m/nofp\libg.a(libc_a-exit.o) (__stdio_exit_handler)
D:/STM32/arm-none-eabi-gcc/bin/../lib/gcc/arm-none-eabi/14.2.1/thumb/v7e-m/nofp\libg.a(libc_a-fwalk.o)
                              D:/STM32/arm-none-eabi-gcc/bin/../lib/gcc/arm-none-eabi/14.2.1/thumb/v7e-m/nofp\libg.a(libc_a-findfp.o) (_fwalk_sglue)
D:/STM32/arm-none-eabi-gcc/bin/../lib/gcc/arm-none-eabi/14.2.1/thumb/v7e-m/nofp\libg.a(libc_a-snprintf.o)
                              CMakeFiles/LED.elf.dir/Core/Src/main.c.obj (snprintf)
D:/STM32/arm-none-eabi-gcc/bin/../lib/gcc/arm-none-eabi/14.2.1/thumb/v7e-m/nofp\libg.a(libc_a-sprintf.o)
                              CMakeFiles/LED.elf.dir/Core/Src/main.c.obj (sprintf)
D:/STM32/arm-none-eabi-gcc/bin/../lib/gcc/arm-none-eabi/14.2.1/thumb/v7e-m/nofp\libg.a(libc_a-stdio.o)
                              D:/STM32/arm-none-eabi-gcc/bin/../lib/gcc/arm-none-eabi/14.2.1/thumb/v7e-m/nofp\libg.a(libc_a-findfp.o) (__sread)
D:/STM32/arm-none-eabi-gcc/bin/../lib/gcc/arm-none-eabi/14.2.1/thumb/v7e-m/nofp\libg.a(libc_a-memset.o)
                              D:/STM32/arm-none-eabi-gcc/bin/../lib/gcc/arm-none-eabi/14.2.1/thumb/v7e-m/nofp/crt0.o (memset)
D:/STM32/arm-none-eabi-gcc/bin/../lib/gcc/arm-none-eabi/14.2.1/thumb/v7e-m/nofp\libg.a(libc_a-strncpy.o)
                              CMakeFiles/LED.elf.dir/Core/Src/main.c.obj (strncpy)
D:/STM32/arm-none-eabi-gcc/bin/../lib/gcc/arm-none-eabi/14.2.1/thumb/v7e-m/nofp\libg.a(libc_a-closer.o)
                              D:/STM32/arm-none-eabi-gcc/bin/../lib/gcc/arm-none-eabi/14.2.1/thumb/v7e-m/nofp\libg.a(libc_a-stdio.o) (_close_r)
D:/STM32/arm-none-eabi-gcc/bin/../lib/gcc/arm-none-eabi/14.2.1/thumb/v7e-m/nofp\libg.a(libc_a-reent.o)
                              D:/STM32/arm-none-eabi-gcc/bin/../lib/gcc/arm-none-eabi/14.2.1/thumb/v7e-m/nofp\libg.a(libc_a-closer.o) (errno)
D:/STM32/arm-none-eabi-gcc/bin/../lib/gcc/arm-none-eabi/14.2.1/thumb/v7e-m/nofp\libg.a(libc_a-impure.o)
                              D:/STM32/arm-none-eabi-gcc/bin/../lib/gcc/arm-none-eabi/14.2.1/thumb/v7e-m/nofp\libg.a(libc_a-snprintf.o) (_impure_ptr)
D:/STM32/arm-none-eabi-gcc/bin/../lib/gcc/arm-none-eabi/14.2.1/thumb/v7e-m/nofp\libg.a(libc_a-lseekr.o)
[...]
Memory Configuration

Name             Origin             Length             Attributes
CCMRAM           0x10000000         0x00010000         xrw
RAM              0x20000000         0x00020000         xrw
FLASH            0x08000000         0x00100000         xr
*default*        0x00000000         0xffffffff

Linker script and memory map

LOAD D:/STM32/arm-none-eabi-gcc/bin/../lib/gcc/arm-none-eabi/14.2.1/thumb/v7e-m/nofp/crti.o
LOAD D:/STM32/arm-none-eabi-gcc/bin/../lib/gcc/arm-none-eabi/14.2.1/thumb/v7e-m/nofp/crtbegin.o
LOAD D:/STM32/arm-none-eabi-gcc/bin/../lib/gcc/arm-none-eabi/14.2.1/thumb/v7e-m/nofp/crt0.o
LOAD CMakeFiles/LED.elf.dir/Core/Src/bsp_can.c.obj
LOAD CMakeFiles/LED.elf.dir/Core/Src/can.c.obj
LOAD CMakeFiles/LED.elf.dir/Core/Src/dma.c.obj
LOAD CMakeFiles/LED.elf.dir/Core/Src/gpio.c.obj
LOAD CMakeFiles/LED.elf.dir/Core/Src/main.c.obj
LOAD CMakeFiles/LED.elf.dir/Core/Src/pid.c.obj
LOAD CMakeFiles/LED.elf.dir/Core/Src/spi.c.obj
LOAD CMakeFiles/LED.elf.dir/Core/Src/stm32f4xx_hal_msp.c.obj
LOAD CMakeFiles/LED.elf.dir/Core/Src/stm32f4xx_it.c.obj
LOAD CMakeFiles/LED.elf.dir/Core/Src/syscalls.c.obj
LOAD CMakeFiles/LED.elf.dir/Core/Src/sysmem.c.obj
LOAD CMakeFiles/LED.elf.dir/Core/Src/system_stm32f4xx.c.obj
LOAD CMakeFiles/LED.elf.dir/Core/Src/tim.c.obj
LOAD CMakeFiles/LED.elf.dir/Core/Src/usart.c.obj
LOAD CMakeFiles/LED.elf.dir/Core/Startup/startup_stm32f407ighx.s.obj
LOAD CMakeFiles/LED.elf.dir/Core/application/BMI088Middleware.c.obj
LOAD CMakeFiles/LED.elf.dir/Core/application/BMI088driver.c.obj
LOAD CMakeFiles/LED.elf.dir/Core/application/CAN_receive.c.obj
LOAD CMakeFiles/LED.elf.dir/Core/application/bsp_rc.c.obj
LOAD CMakeFiles/LED.elf.dir/Core/application/remote_control.c.obj
LOAD CMakeFiles/LED.elf.dir/Drivers/STM32F4xx_HAL_Driver/Src/stm32f4xx_hal.c.obj
LOAD CMakeFiles/LED.elf.dir/Drivers/STM32F4xx_HAL_Driver/Src/stm32f4xx_hal_can.c.obj
LOAD CMakeFiles/LED.elf.dir/Drivers/STM32F4xx_HAL_Driver/Src/stm32f4xx_hal_cortex.c.obj
LOAD CMakeFiles/LED.elf.dir/Drivers/STM32F4xx_HAL_Driver/Src/stm32f4xx_hal_dma.c.obj
LOAD CMakeFiles/LED.elf.dir/Drivers/STM32F4xx_HAL_Driver/Src/stm32f4xx_hal_dma_ex.c.obj
LOAD CMakeFiles/LED.elf.dir/Drivers/STM32F4xx_HAL_Driver/Src/stm32f4xx_hal_exti.c.obj
LOAD CMakeFiles/LED.elf.dir/Drivers/STM32F4xx_HAL_Driver/Src/stm32f4xx_hal_flash.c.obj
LOAD CMakeFiles/LED.elf.dir/Drivers/STM32F4xx_HAL_Driver/Src/stm32f4xx_hal_flash_ex.c.obj
LOAD CMakeFiles/LED.elf.dir/Drivers/STM32F4xx_HAL_Driver/Src/stm32f4xx_hal_flash_ramfunc.c.obj
LOAD CMakeFiles/LED.elf.dir/Drivers/STM32F4xx_HAL_Driver/Src/stm32f4xx_hal_gpio.c.obj
LOAD CMakeFiles/LED.elf.dir/Drivers/STM32F4xx_HAL_Driver/Src/stm32f4xx_hal_pwr.c.obj
LOAD CMakeFiles/LED.elf.dir/Drivers/STM32F4xx_HAL_Driver/Src/stm32f4xx_hal_pwr_ex.c.obj
LOAD CMakeFiles/LED.elf.dir/Drivers/STM32F4xx_HAL_Driver/Src/stm32f4xx_hal_rcc.c.obj
LOAD CMakeFiles/LED.elf.dir/Drivers/STM32F4xx_HAL_Driver/Src/stm32f4xx_hal_rcc_ex.c.obj
LOAD CMakeFiles/LED.elf.dir/Drivers/STM32F4xx_HAL_Driver/Src/stm32f4xx_hal_spi.c.obj
LOAD CMakeFiles/LED.elf.dir/Drivers/STM32F4xx_HAL_Driver/Src/stm32f4xx_hal_tim.c.obj
LOAD CMakeFiles/LED.elf.dir/Drivers/STM32F4xx_HAL_Driver/Src/stm32f4xx_hal_tim_ex.c.obj
LOAD CMakeFiles/LED.elf.dir/Drivers/STM32F4xx_HAL_Driver/Src/stm32f4xx_hal_uart.c.obj
START GROUP
LOAD D:/STM32/arm-none-eabi-gcc/bin/../lib/gcc/arm-none-eabi/14.2.1/thumb/v7e-m/nofp\libgcc.a
LOAD D:/STM32/arm-none-eabi-gcc/bin/../lib/gcc/arm-none-eabi/14.2.1/thumb/v7e-m/nofp\libg.a
LOAD D:/STM32/arm-none-eabi-gcc/bin/../lib/gcc/arm-none-eabi/14.2.1/thumb/v7e-m/nofp\libc.a
END GROUP
LOAD D:/STM32/arm-none-eabi-gcc/bin/../lib/gcc/arm-none-eabi/14.2.1/thumb/v7e-m/nofp/crtend.o
LOAD D:/STM32/arm-none-eabi-gcc/bin/../lib/gcc/arm-none-eabi/14.2.1/thumb/v7e-m/nofp/crtn.o
                0x20020000                        _estack = (ORIGIN (RAM) + LENGTH (RAM))
                0x00000200                        _Min_Heap_Size = 0x200
                0x00000400                        _Min_Stack_Size = 0x400

.isr_vector     0x08000000      0x188
                0x08000000                        . = ALIGN (0x4)
 *(.isr_vector)
 .isr_vector    0x08000000      0x188 CMakeFiles/LED.elf.dir/Core/Startup/startup_stm32f407ighx.s.obj
                0x08000000                g_pfnVectors
                0x08000188                        . = ALIGN (0x4)

.text           0x080001c0     0xc568
                0x080001c0                        . = ALIGN (0x4)
 *(.text)
 .text          0x080001c0      0x378 D:/STM32/arm-none-eabi-gcc/bin/../lib/gcc/arm-none-eabi/14.2.1/thumb/v7e-m/nofp\libgcc.a(_arm_addsubdf3.o)
                0x080001c0                __aeabi_drsub
                0x080001c8                __aeabi_dsub
                0x080001c8                __subdf3
                0x080001cc                __aeabi_dadd
                0x080001cc                __adddf3
                0x08000444                __floatunsidf
                0x08000444                __aeabi_ui2d
                0x08000464                __floatsidf
                0x08000464                __aeabi_i2d
                0x08000488                __aeabi_f2d
                0x08000488                __extendsfdf2
                0x080004cc                __floatundidf
                0x080004cc                __aeabi_ul2d
                0x080004dc                __floatdidf
                0x080004dc                __aeabi_l2d
 .text          0x08000538      0x424 D:/STM32/arm-none-eabi-gcc/bin/../lib/gcc/arm-none-eabi/14.2.1/thumb/v7e-m/nofp\libgcc.a(_arm_muldivdf3.o)
                0x08000538                __aeabi_dmul
                0x08000538                __muldf3
                0x0800078c                __divdf3
                0x0800078c                __aeabi_ddiv
 .text          0x0800095c      0x21c D:/STM32/arm-none-eabi-gcc/bin/../lib/gcc/arm-none-eabi/14.2.1/thumb/v7e-m/nofp\libgcc.a(_arm_addsubsf3.o)
                0x0800095c                __aeabi_frsub
                0x08000964                __subsf3
                0x08000964                __aeabi_fsub
                0x08000968                __aeabi_fadd
                0x08000968                __addsf3
                0x08000ac8                __aeabi_ui2f
                0x08000ac8                __floatunsisf
                0x08000ad0                __aeabi_i2f
                0x08000ad0                __floatsisf
                0x08000aec                __aeabi_ul2f
                0x08000aec                __floatundisf
                0x08000afc                __aeabi_l2f
                0x08000afc                __floatdisf
 .text          0x08000b78      0x2a0 D:/STM32/arm-none-eabi-gcc/bin/../lib/gcc/arm-none-eabi/14.2.1/thumb/v7e-m/nofp\libgcc.a(_arm_muldivsf3.o)
                0x08000b78                __mulsf3
                0x08000b78                __aeabi_fmul
                0x08000ce0                __aeabi_fdiv
                0x08000ce0                __divsf3
 .text          0x08000e18       0xec D:/STM32/arm-none-eabi-gcc/bin/../lib/gcc/arm-none-eabi/14.2.1/thumb/v7e-m/nofp\libgcc.a(_arm_cmpsf2.o)
                0x08000e18                __gesf2
                0x08000e18                __gtsf2
                0x08000e20                __lesf2
                0x08000e20                __ltsf2
                0x08000e28                __nesf2
                0x08000e28                __eqsf2
                0x08000e28                __cmpsf2
                0x08000e88                __aeabi_cfrcmple
                0x08000e90                __aeabi_cfcmpeq
                0x08000e90                __aeabi_cfcmple
                0x08000ea0                __aeabi_fcmpeq
                0x08000eb4                __aeabi_fcmplt
                0x08000ec8                __aeabi_fcmple
                0x08000edc                __aeabi_fcmpge
                0x08000ef0                __aeabi_fcmpgt
 .text          0x08000f04       0x4c D:/STM32/arm-none-eabi-gcc/bin/../lib/gcc/arm-none-eabi/14.2.1/thumb/v7e-m/nofp\libgcc.a(_arm_fixsfsi.o)
                0x08000f04                __aeabi_f2iz
                0x08000f04                __fixsfsi
 .text          0x08000f50       0x30 D:/STM32/arm-none-eabi-gcc/bin/../lib/gcc/arm-none-eabi/14.2.1/thumb/v7e-m/nofp\libgcc.a(_aeabi_uldivmod.o)
                0x08000f50                __aeabi_uldivmod
 .text          0x08000f80        0x4 D:/STM32/arm-none-eabi-gcc/bin/../lib/gcc/arm-none-eabi/14.2.1/thumb/v7e-m/nofp\libgcc.a(_dvmd_tls.o)
                0x08000f80                __aeabi_idiv0
                0x08000f80                __aeabi_ldiv0
 *fill*         0x08000f84       0x3c 
 .text          0x08000fc0       0xd8 D:/STM32/arm-none-eabi-gcc/bin/../lib/gcc/arm-none-eabi/14.2.1/thumb/v7e-m/nofp\libg.a(libc_a-strlen.o)
                0x08000fc0                strlen
 *fill*         0x08001098        0x8 
 .text          0x080010a0       0xa0 D:/STM32/arm-none-eabi-gcc/bin/../lib/gcc/arm-none-eabi/14.2.1/thumb/v7e-m/nofp\libg.a(libc_a-memchr.o)
                0x080010a0                memchr
 .text          0x08001140      0x134 D:/STM32/arm-none-eabi-gcc/bin/../lib/gcc/arm-none-eabi/14.2.1/thumb/v7e-m/nofp\libg.a(libc_a-memcpy.o)
                0x08001140                memcpy
 .text          0x08001274      0x110 D:/STM32/arm-none-eabi-gcc/bin/../lib/gcc/arm-none-eabi/14.2.1/thumb/v7e-m/nofp\libgcc.a(_arm_cmpdf2.o)
                0x08001274                __gtdf2
                0x08001274                __gedf2
                0x0800127c                __ltdf2
                0x0800127c                __ledf2
                0x08001284                __nedf2
                0x08001284                __eqdf2
                0x08001284                __cmpdf2
                0x08001300                __aeabi_cdrcmple
                0x08001310                __aeabi_cdcmpeq
                0x08001310                __aeabi_cdcmple
                0x08001320                __aeabi_dcmpeq
                0x08001334                __aeabi_dcmplt
                0x08001348                __aeabi_dcmple
                0x0800135c                __aeabi_dcmpge
                0x08001370                __aeabi_dcmpgt
 .text          0x08001384       0x2c D:/STM32/arm-none-eabi-gcc/bin/../lib/gcc/arm-none-eabi/14.2.1/thumb/v7e-m/nofp\libgcc.a(_arm_unorddf2.o)
                0x08001384                __unorddf2
                0x08001384                __aeabi_dcmpun
 .text          0x080013b0       0x50 D:/STM32/arm-none-eabi-gcc/bin/../lib/gcc/arm-none-eabi/14.2.1/thumb/v7e-m/nofp\libgcc.a(_arm_fixdfsi.o)
                0x080013b0                __aeabi_d2iz
                0x080013b0                __fixdfsi
 *(.text*)
 .text.deregister_tm_clones
                0x08001400       0x1c D:/STM32/arm-none-eabi-gcc/bin/../lib/gcc/arm-none-eabi/14.2.1/thumb/v7e-m/nofp/crtbegin.o
 .text.register_tm_clones
                0x0800141c       0x24 D:/STM32/arm-none-eabi-gcc/bin/../lib/gcc/arm-none-eabi/14.2.1/thumb/v7e-m/nofp/crtbegin.o
 .text.__do_global_dtors_aux
                0x08001440       0x28 D:/STM32/arm-none-eabi-gcc/bin/../lib/gcc/arm-none-eabi/14.2.1/thumb/v7e-m/nofp/crtbegin.o
 .text.frame_dummy
                0x08001468       0x24 D:/STM32/arm-none-eabi-gcc/bin/../lib/gcc/arm-none-eabi/14.2.1/thumb/v7e-m/nofp/crtbegin.o
 .text.can_filter_init
                0x0800148c       0xac CMakeFiles/LED.elf.dir/Core/Src/bsp_can.c.obj
                0x0800148c                can_filter_init
 .text.MX_CAN1_Init
                0x08001538       0x40 CMakeFiles/LED.elf.dir/Core/Src/can.c.obj
                0x08001538                MX_CAN1_Init
 .text.MX_CAN2_Init
                0x08001578       0x40 CMakeFiles/LED.elf.dir/Core/Src/can.c.obj
                0x08001578                MX_CAN2_Init
 .text.HAL_CAN_MspInit
                0x080015b8      0x120 CMakeFiles/LED.elf.dir/Core/Src/can.c.obj
                0x080015b8                HAL_CAN_MspInit
 .text.MX_DMA_Init
                0x080016d8       0x78 CMakeFiles/LED.elf.dir/Core/Src/dma.c.obj
                0x080016d8                MX_DMA_Init
 .text.MX_GPIO_Init
                0x08001750      0x14c CMakeFiles/LED.elf.dir/Core/Src/gpio.c.obj
                0x08001750                MX_GPIO_Init
 .text.uart_queue_send
                0x0800189c       0x58 CMakeFiles/LED.elf.dir/Core/Src/main.c.obj
                0x0800189c                uart_queue_send
 .text.process_uart_queue
                0x080018f4       0x60 CMakeFiles/LED.elf.dir/Core/Src/main.c.obj
                0x080018f4                process_uart_queue
 .text.kalman_filter_accel
                0x08001954      0x25c CMakeFiles/LED.elf.dir/Core/Src/main.c.obj
                0x08001954                kalman_filter_accel
 .text.HAL_UART_TxCpltCallback
                0x08001bb0       0x1c CMakeFiles/LED.elf.dir/Core/Src/main.c.obj
                0x08001bb0                HAL_UART_TxCpltCallback
 .text.HAL_GPIO_EXTI_Callback
                0x08001bcc       0x7c CMakeFiles/LED.elf.dir/Core/Src/main.c.obj
                0x08001bcc                HAL_GPIO_EXTI_Callback
 .text.Error_Handler
                0x08001c48        0x4 CMakeFiles/LED.elf.dir/Core/Src/main.c.obj
                0x08001c48                Error_Handler
 .text.SystemClock_Config
                0x08001c4c       0xa8 CMakeFiles/LED.elf.dir/Core/Src/main.c.obj
                0x08001c4c                SystemClock_Config
 .text.main     0x08001cf4      0x4e4 CMakeFiles/LED.elf.dir/Core/Src/main.c.obj
                0x08001cf4                main
 .text.pid_init
                0x080021d8       0x18 CMakeFiles/LED.elf.dir/Core/Src/pid.c.obj
                0x080021d8                pid_init
 .text.pid_calc
                0x080021f0       0xb8 CMakeFiles/LED.elf.dir/Core/Src/pid.c.obj
                0x080021f0                pid_calc
 .text.MX_SPI1_Init
                0x080022a8       0x48 CMakeFiles/LED.elf.dir/Core/Src/spi.c.obj
                0x080022a8                MX_SPI1_Init
 .text.HAL_SPI_MspInit
                0x080022f0      0x12c CMakeFiles/LED.elf.dir/Core/Src/spi.c.obj
                0x080022f0                HAL_SPI_MspInit
 .text.HAL_MspInit
                0x0800241c       0x38 CMakeFiles/LED.elf.dir/Core/Src/stm32f4xx_hal_msp.c.obj
                0x0800241c                HAL_MspInit
 .text.NMI_Handler
                0x08002454        0x2 CMakeFiles/LED.elf.dir/Core/Src/stm32f4xx_it.c.obj
                0x08002454                NMI_Handler
 .text.HardFault_Handler
                0x08002456        0x2 CMakeFiles/LED.elf.dir/Core/Src/stm32f4xx_it.c.obj
                0x08002456                HardFault_Handler
 .text.MemManage_Handler
                0x08002458        0x2 CMakeFiles/LED.elf.dir/Core/Src/stm32f4xx_it.c.obj
                0x08002458                MemManage_Handler
 .text.BusFault_Handler
                0x0800245a        0x2 CMakeFiles/LED.elf.dir/Core/Src/stm32f4xx_it.c.obj
                0x0800245a                BusFault_Handler
 .text.UsageFault_Handler
                0x0800245c        0x2 CMakeFiles/LED.elf.dir/Core/Src/stm32f4xx_it.c.obj
                0x0800245c                UsageFault_Handler
 .text.SVC_Handler
                0x0800245e        0x2 CMakeFiles/LED.elf.dir/Core/Src/stm32f4xx_it.c.obj
                0x0800245e                SVC_Handler
 .text.DebugMon_Handler
                0x08002460        0x2 CMakeFiles/LED.elf.dir/Core/Src/stm32f4xx_it.c.obj
                0x08002460                DebugMon_Handler
 .text.PendSV_Handler
                0x08002462        0x2 CMakeFiles/LED.elf.dir/Core/Src/stm32f4xx_it.c.obj
                0x08002462                PendSV_Handler
 .text.SysTick_Handler
                0x08002464        0x8 CMakeFiles/LED.elf.dir/Core/Src/stm32f4xx_it.c.obj
                0x08002464                SysTick_Handler
 .text.DMA1_Stream1_IRQHandler
                0x0800246c       0x10 CMakeFiles/LED.elf.dir/Core/Src/stm32f4xx_it.c.obj
                0x0800246c                DMA1_Stream1_IRQHandler
 .text.CAN1_RX0_IRQHandler
                0x0800247c       0x10 CMakeFiles/LED.elf.dir/Core/Src/stm32f4xx_it.c.obj
                0x0800247c                CAN1_RX0_IRQHandler
 .text.USART1_IRQHandler
                0x0800248c       0x10 CMakeFiles/LED.elf.dir/Core/Src/stm32f4xx_it.c.obj
                0x0800248c                USART1_IRQHandler
 .text.USART3_IRQHandler
                0x0800249c       0x14 CMakeFiles/LED.elf.dir/Core/Src/stm32f4xx_it.c.obj
                0x0800249c                USART3_IRQHandler
 .text.EXTI15_10_IRQHandler
                0x080024b0        0xc CMakeFiles/LED.elf.dir/Core/Src/stm32f4xx_it.c.obj
                0x080024b0                EXTI15_10_IRQHandler
 .text.DMA2_Stream2_IRQHandler
                0x080024bc       0x10 CMakeFiles/LED.elf.dir/Core/Src/stm32f4xx_it.c.obj
                0x080024bc                DMA2_Stream2_IRQHandler
 .text.DMA2_Stream3_IRQHandler
                0x080024cc       0x10 CMakeFiles/LED.elf.dir/Core/Src/stm32f4xx_it.c.obj
                0x080024cc                DMA2_Stream3_IRQHandler
 .text.CAN2_RX0_IRQHandler
                0x080024dc       0x10 CMakeFiles/LED.elf.dir/Core/Src/stm32f4xx_it.c.obj
                0x080024dc                CAN2_RX0_IRQHandler
 .text.DMA2_Stream7_IRQHandler
                0x080024ec       0x10 CMakeFiles/LED.elf.dir/Core/Src/stm32f4xx_it.c.obj
                0x080024ec                DMA2_Stream7_IRQHandler
 .text._getpid  0x080024fc        0x4 CMakeFiles/LED.elf.dir/Core/Src/syscalls.c.obj
                0x080024fc                _getpid
 .text._kill    0x08002500       0x10 CMakeFiles/LED.elf.dir/Core/Src/syscalls.c.obj
                0x08002500                _kill
 .text._exit    0x08002510        0xc CMakeFiles/LED.elf.dir/Core/Src/syscalls.c.obj
                0x08002510                _exit
 .text._read    0x0800251c       0x20 CMakeFiles/LED.elf.dir/Core/Src/syscalls.c.obj
                0x0800251c                _read
 .text._write   0x0800253c       0x1c CMakeFiles/LED.elf.dir/Core/Src/syscalls.c.obj
                0x0800253c                _write
 .text._close   0x08002558        0x6 CMakeFiles/LED.elf.dir/Core/Src/syscalls.c.obj
                0x08002558                _close
 .text._fstat   0x0800255e        0xa CMakeFiles/LED.elf.dir/Core/Src/syscalls.c.obj
                0x0800255e                _fstat
 .text._isatty  0x08002568        0x4 CMakeFiles/LED.elf.dir/Core/Src/syscalls.c.obj
                0x08002568                _isatty
 .text._lseek   0x0800256c        0x4 CMakeFiles/LED.elf.dir/Core/Src/syscalls.c.obj
                0x0800256c                _lseek
 .text._sbrk    0x08002570       0x48 CMakeFiles/LED.elf.dir/Core/Src/sysmem.c.obj
                0x08002570                _sbrk
 .text.SystemInit
                0x080025b8        0x2 CMakeFiles/LED.elf.dir/Core/Src/system_stm32f4xx.c.obj
                0x080025b8                SystemInit
 *fill*         0x080025ba        0x2 
 .text.HAL_TIM_Base_MspInit
                0x080025bc       0x30 CMakeFiles/LED.elf.dir/Core/Src/tim.c.obj
                0x080025bc                HAL_TIM_Base_MspInit
 .text.HAL_TIM_MspPostInit
                0x080025ec       0x5c CMakeFiles/LED.elf.dir/Core/Src/tim.c.obj
                0x080025ec                HAL_TIM_MspPostInit
 .text.MX_TIM10_Init
                0x08002648       0x74 CMakeFiles/LED.elf.dir/Core/Src/tim.c.obj
                0x08002648                MX_TIM10_Init
 .text.MX_USART1_UART_Init
                0x080026bc       0x34 CMakeFiles/LED.elf.dir/Core/Src/usart.c.obj
                0x080026bc                MX_USART1_UART_Init
 .text.MX_USART3_UART_Init
                0x080026f0       0x38 CMakeFiles/LED.elf.dir/Core/Src/usart.c.obj
                0x080026f0                MX_USART3_UART_Init
 .text.HAL_UART_MspInit
                0x08002728      0x1a4 CMakeFiles/LED.elf.dir/Core/Src/usart.c.obj
                0x08002728                HAL_UART_MspInit
 .text.Reset_Handler
                0x080028cc       0x50 CMakeFiles/LED.elf.dir/Core/Startup/startup_stm32f407ighx.s.obj
                0x080028cc                Reset_Handler
 .text.Default_Handler
                0x0800291c        0x2 CMakeFiles/LED.elf.dir/Core/Startup/startup_stm32f407ighx.s.obj
                0x0800291c                RTC_Alarm_IRQHandler
                0x0800291c                HASH_RNG_IRQHandler
                0x0800291c                EXTI2_IRQHandler
                0x0800291c                TIM8_CC_IRQHandler
                0x0800291c                TIM1_CC_IRQHandler
                0x0800291c                DMA2_Stream5_IRQHandler
                0x0800291c                DMA1_Stream5_IRQHandler
                0x0800291c                PVD_IRQHandler
                0x0800291c                SDIO_IRQHandler
                0x0800291c                TAMP_STAMP_IRQHandler
                0x0800291c                CAN2_RX1_IRQHandler
                0x0800291c                EXTI3_IRQHandler
                0x0800291c                TIM8_TRG_COM_TIM14_IRQHandler
                0x0800291c                TIM1_UP_TIM10_IRQHandler
                0x0800291c                TIM8_UP_TIM13_IRQHandler
                0x0800291c                I2C3_ER_IRQHandler
                0x0800291c                EXTI0_IRQHandler
                0x0800291c                I2C2_EV_IRQHandler
                0x0800291c                DMA1_Stream2_IRQHandler
                0x0800291c                FPU_IRQHandler
                0x0800291c                OTG_HS_WKUP_IRQHandler
                0x0800291c                CAN2_SCE_IRQHandler
                0x0800291c                SPI1_IRQHandler
                0x0800291c                TIM6_DAC_IRQHandler
                0x0800291c                TIM1_BRK_TIM9_IRQHandler
                0x0800291c                DCMI_IRQHandler
                0x0800291c                USART6_IRQHandler
                0x0800291c                CAN1_RX1_IRQHandler
                0x0800291c                UART5_IRQHandler
                0x0800291c                DMA2_Stream0_IRQHandler
                0x0800291c                TIM4_IRQHandler
                0x0800291c                I2C1_EV_IRQHandler
                0x0800291c                DMA1_Stream6_IRQHandler
                0x0800291c                UART4_IRQHandler
                0x0800291c                TIM3_IRQHandler
                0x0800291c                RCC_IRQHandler
                0x0800291c                TIM8_BRK_TIM12_IRQHandler
                0x0800291c                Default_Handler
                0x0800291c                ADC_IRQHandler
                0x0800291c                DMA1_Stream7_IRQHandler
                0x0800291c                TIM7_IRQHandler
                0x0800291c                CAN2_TX_IRQHandler
                0x0800291c                TIM5_IRQHandler
                0x0800291c                I2C3_EV_IRQHandler
                0x0800291c                EXTI9_5_IRQHandler
                0x0800291c                RTC_WKUP_IRQHandler
                0x0800291c                ETH_WKUP_IRQHandler
                0x0800291c                SPI2_IRQHandler
                0x0800291c                OTG_HS_EP1_IN_IRQHandler
                0x0800291c                DMA1_Stream0_IRQHandler
                0x0800291c                CAN1_TX_IRQHandler
                0x0800291c                EXTI4_IRQHandler
                0x0800291c                FSMC_IRQHandler
                0x0800291c                ETH_IRQHandler
                0x0800291c                OTG_HS_EP1_OUT_IRQHandler
                0x0800291c                WWDG_IRQHandler
                0x0800291c                TIM2_IRQHandler
                0x0800291c                OTG_FS_WKUP_IRQHandler
                0x0800291c                TIM1_TRG_COM_TIM11_IRQHandler
                0x0800291c                OTG_HS_IRQHandler
                0x0800291c                EXTI1_IRQHandler
                0x0800291c                USART2_IRQHandler
                0x0800291c                I2C2_ER_IRQHandler
                0x0800291c                DMA2_Stream1_IRQHandler
                0x0800291c                CAN1_SCE_IRQHandler
                0x0800291c                FLASH_IRQHandler
                0x0800291c                DMA2_Stream4_IRQHandler
                0x0800291c                OTG_FS_IRQHandler
                0x0800291c                SPI3_IRQHandler
                0x0800291c                DMA1_Stream4_IRQHandler
                0x0800291c                I2C1_ER_IRQHandler
                0x0800291c                DMA2_Stream6_IRQHandler
                0x0800291c                DMA1_Stream3_IRQHandler
 .text.BMI088_GPIO_init
                0x0800291e        0x2 CMakeFiles/LED.elf.dir/Core/application/BMI088Middleware.c.obj
                0x0800291e                BMI088_GPIO_init
 .text.BMI088_com_init
                0x08002920        0x2 CMakeFiles/LED.elf.dir/Core/application/BMI088Middleware.c.obj
                0x08002920                BMI088_com_init
 .text.BMI088_delay_us
                0x08002922       0x36 CMakeFiles/LED.elf.dir/Core/application/BMI088Middleware.c.obj
                0x08002922                BMI088_delay_us
 .text.BMI088_delay_ms
                0x08002958       0x18 CMakeFiles/LED.elf.dir/Core/application/BMI088Middleware.c.obj
                0x08002958                BMI088_delay_ms
 .text.BMI088_ACCEL_NS_L
                0x08002970       0x14 CMakeFiles/LED.elf.dir/Core/application/BMI088Middleware.c.obj
                0x08002970                BMI088_ACCEL_NS_L
 .text.BMI088_ACCEL_NS_H
                0x08002984       0x14 CMakeFiles/LED.elf.dir/Core/application/BMI088Middleware.c.obj
                0x08002984                BMI088_ACCEL_NS_H
 .text.BMI088_GYRO_NS_L
                0x08002998       0x14 CMakeFiles/LED.elf.dir/Core/application/BMI088Middleware.c.obj
                0x08002998                BMI088_GYRO_NS_L
 .text.BMI088_GYRO_NS_H
                0x080029ac       0x14 CMakeFiles/LED.elf.dir/Core/application/BMI088Middleware.c.obj
                0x080029ac                BMI088_GYRO_NS_H
 .text.BMI088_read_write_byte
                0x080029c0       0x2c CMakeFiles/LED.elf.dir/Core/application/BMI088Middleware.c.obj
                0x080029c0                BMI088_read_write_byte
 .text.BMI088_write_single_reg
                0x080029ec       0x10 CMakeFiles/LED.elf.dir/Core/application/BMI088driver.c.obj
 .text.BMI088_read_single_reg
                0x080029fc       0x16 CMakeFiles/LED.elf.dir/Core/application/BMI088driver.c.obj
 .text.BMI088_read_muli_reg
                0x08002a12       0x24 CMakeFiles/LED.elf.dir/Core/application/BMI088driver.c.obj
 *fill*         0x08002a36        0x2 
 .text.bmi088_accel_init
                0x08002a38      0x10c CMakeFiles/LED.elf.dir/Core/application/BMI088driver.c.obj
                0x08002a38                bmi088_accel_init
 .text.bmi088_gyro_init
                0x08002b44       0xec CMakeFiles/LED.elf.dir/Core/application/BMI088driver.c.obj
                0x08002b44                bmi088_gyro_init
 .text.BMI088_init
                0x08002c30       0x1a CMakeFiles/LED.elf.dir/Core/application/BMI088driver.c.obj
                0x08002c30                BMI088_init
 *fill*         0x08002c4a        0x2 
 .text.BMI088_read
                0x08002c4c      0x148 CMakeFiles/LED.elf.dir/Core/application/BMI088driver.c.obj
                0x08002c4c                BMI088_read
 .text.HAL_CAN_RxFifo0MsgPendingCallback
                0x08002d94       0x84 CMakeFiles/LED.elf.dir/Core/application/CAN_receive.c.obj
                0x08002d94                HAL_CAN_RxFifo0MsgPendingCallback
 .text.CAN_cmd_chassis
                0x08002e18       0x54 CMakeFiles/LED.elf.dir/Core/application/CAN_receive.c.obj
                0x08002e18                CAN_cmd_chassis
 .text.get_chassis_motor_measure_point
                0x08002e6c       0x14 CMakeFiles/LED.elf.dir/Core/application/CAN_receive.c.obj
                0x08002e6c                get_chassis_motor_measure_point
 .text.RC_init  0x08002e80       0x68 CMakeFiles/LED.elf.dir/Core/application/bsp_rc.c.obj
                0x08002e80                RC_init
 .text.sbus_to_rc
                0x08002ee8       0xde CMakeFiles/LED.elf.dir/Core/application/remote_control.c.obj
 *fill*         0x08002fc6        0x2 
 .text.remote_control_init
                0x08002fc8       0x14 CMakeFiles/LED.elf.dir/Core/application/remote_control.c.obj
                0x08002fc8                remote_control_init
 .text.get_remote_control_point
                0x08002fdc        0x8 CMakeFiles/LED.elf.dir/Core/application/remote_control.c.obj
                0x08002fdc                get_remote_control_point
 .text.remote_control_uart3_handler
                0x08002fe4       0xe4 CMakeFiles/LED.elf.dir/Core/application/remote_control.c.obj
                0x08002fe4                remote_control_uart3_handler
 .text.HAL_InitTick
                0x080030c8       0x4c CMakeFiles/LED.elf.dir/Drivers/STM32F4xx_HAL_Driver/Src/stm32f4xx_hal.c.obj
                0x080030c8                HAL_InitTick
 .text.HAL_Init
                0x08003114       0x34 CMakeFiles/LED.elf.dir/Drivers/STM32F4xx_HAL_Driver/Src/stm32f4xx_hal.c.obj
                0x08003114                HAL_Init
 .text.HAL_IncTick
                0x08003148       0x18 CMakeFiles/LED.elf.dir/Drivers/STM32F4xx_HAL_Driver/Src/stm32f4xx_hal.c.obj
                0x08003148                HAL_IncTick
 .text.HAL_GetTick
                0x08003160        0xc CMakeFiles/LED.elf.dir/Drivers/STM32F4xx_HAL_Driver/Src/stm32f4xx_hal.c.obj
                0x08003160                HAL_GetTick
 .text.HAL_CAN_Init
                0x0800316c      0x14c CMakeFiles/LED.elf.dir/Drivers/STM32F4xx_HAL_Driver/Src/stm32f4xx_hal_can.c.obj
                0x0800316c                HAL_CAN_Init
 .text.HAL_CAN_ConfigFilter
                0x080032b8      0x13c CMakeFiles/LED.elf.dir/Drivers/STM32F4xx_HAL_Driver/Src/stm32f4xx_hal_can.c.obj
                0x080032b8                HAL_CAN_ConfigFilter
 .text.HAL_CAN_Start
                0x080033f4       0x5c CMakeFiles/LED.elf.dir/Drivers/STM32F4xx_HAL_Driver/Src/stm32f4xx_hal_can.c.obj
                0x080033f4                HAL_CAN_Start
 .text.HAL_CAN_AddTxMessage
                0x08003450       0xea CMakeFiles/LED.elf.dir/Drivers/STM32F4xx_HAL_Driver/Src/stm32f4xx_hal_can.c.obj
                0x08003450                HAL_CAN_AddTxMessage
 .text.HAL_CAN_GetRxMessage
                0x0800353a      0x16a CMakeFiles/LED.elf.dir/Drivers/STM32F4xx_HAL_Driver/Src/stm32f4xx_hal_can.c.obj
                0x0800353a                HAL_CAN_GetRxMessage
 .text.HAL_CAN_ActivateNotification
                0x080036a4       0x24 CMakeFiles/LED.elf.dir/Drivers/STM32F4xx_HAL_Driver/Src/stm32f4xx_hal_can.c.obj
                0x080036a4                HAL_CAN_ActivateNotification
 .text.HAL_CAN_TxMailbox0CompleteCallback
                0x080036c8        0x2 CMakeFiles/LED.elf.dir/Drivers/STM32F4xx_HAL_Driver/Src/stm32f4xx_hal_can.c.obj
                0x080036c8                HAL_CAN_TxMailbox0CompleteCallback
 .text.HAL_CAN_TxMailbox1CompleteCallback
                0x080036ca        0x2 CMakeFiles/LED.elf.dir/Drivers/STM32F4xx_HAL_Driver/Src/stm32f4xx_hal_can.c.obj
                0x080036ca                HAL_CAN_TxMailbox1CompleteCallback
 .text.HAL_CAN_TxMailbox2CompleteCallback
                0x080036cc        0x2 CMakeFiles/LED.elf.dir/Drivers/STM32F4xx_HAL_Driver/Src/stm32f4xx_hal_can.c.obj
                0x080036cc                HAL_CAN_TxMailbox2CompleteCallback
 .text.HAL_CAN_TxMailbox0AbortCallback
                0x080036ce        0x2 CMakeFiles/LED.elf.dir/Drivers/STM32F4xx_HAL_Driver/Src/stm32f4xx_hal_can.c.obj
                0x080036ce                HAL_CAN_TxMailbox0AbortCallback
 .text.HAL_CAN_TxMailbox1AbortCallback
                0x080036d0        0x2 CMakeFiles/LED.elf.dir/Drivers/STM32F4xx_HAL_Driver/Src/stm32f4xx_hal_can.c.obj
                0x080036d0                HAL_CAN_TxMailbox1AbortCallback
 .text.HAL_CAN_TxMailbox2AbortCallback
                0x080036d2        0x2 CMakeFiles/LED.elf.dir/Drivers/STM32F4xx_HAL_Driver/Src/stm32f4xx_hal_can.c.obj
                0x080036d2                HAL_CAN_TxMailbox2AbortCallback
 .text.HAL_CAN_RxFifo0FullCallback
                0x080036d4        0x2 CMakeFiles/LED.elf.dir/Drivers/STM32F4xx_HAL_Driver/Src/stm32f4xx_hal_can.c.obj
                0x080036d4                HAL_CAN_RxFifo0FullCallback
 .text.HAL_CAN_RxFifo1MsgPendingCallback
                0x080036d6        0x2 CMakeFiles/LED.elf.dir/Drivers/STM32F4xx_HAL_Driver/Src/stm32f4xx_hal_can.c.obj
                0x080036d6                HAL_CAN_RxFifo1MsgPendingCallback
 .text.HAL_CAN_RxFifo1FullCallback
                0x080036d8        0x2 CMakeFiles/LED.elf.dir/Drivers/STM32F4xx_HAL_Driver/Src/stm32f4xx_hal_can.c.obj
                0x080036d8                HAL_CAN_RxFifo1FullCallback
 .text.HAL_CAN_SleepCallback
                0x080036da        0x2 CMakeFiles/LED.elf.dir/Drivers/STM32F4xx_HAL_Driver/Src/stm32f4xx_hal_can.c.obj
                0x080036da                HAL_CAN_SleepCallback
 .text.HAL_CAN_WakeUpFromRxMsgCallback
                0x080036dc        0x2 CMakeFiles/LED.elf.dir/Drivers/STM32F4xx_HAL_Driver/Src/stm32f4xx_hal_can.c.obj
                0x080036dc                HAL_CAN_WakeUpFromRxMsgCallback
 .text.HAL_CAN_ErrorCallback
                0x080036de        0x2 CMakeFiles/LED.elf.dir/Drivers/STM32F4xx_HAL_Driver/Src/stm32f4xx_hal_can.c.obj
                0x080036de                HAL_CAN_ErrorCallback
 .text.HAL_CAN_IRQHandler
                0x080036e0      0x250 CMakeFiles/LED.elf.dir/Drivers/STM32F4xx_HAL_Driver/Src/stm32f4xx_hal_can.c.obj
                0x080036e0                HAL_CAN_IRQHandler
 .text.__NVIC_EnableIRQ
                0x08003930       0x1c CMakeFiles/LED.elf.dir/Drivers/STM32F4xx_HAL_Driver/Src/stm32f4xx_hal_cortex.c.obj
 .text.__NVIC_SetPriority
                0x0800394c       0x28 CMakeFiles/LED.elf.dir/Drivers/STM32F4xx_HAL_Driver/Src/stm32f4xx_hal_cortex.c.obj
 .text.NVIC_EncodePriority
                0x08003974       0x3e CMakeFiles/LED.elf.dir/Drivers/STM32F4xx_HAL_Driver/Src/stm32f4xx_hal_cortex.c.obj
 *fill*         0x080039b2        0x2 
 .text.HAL_NVIC_SetPriorityGrouping
                0x080039b4       0x24 CMakeFiles/LED.elf.dir/Drivers/STM32F4xx_HAL_Driver/Src/stm32f4xx_hal_cortex.c.obj
                0x080039b4                HAL_NVIC_SetPriorityGrouping
 .text.HAL_NVIC_SetPriority
                0x080039d8       0x20 CMakeFiles/LED.elf.dir/Drivers/STM32F4xx_HAL_Driver/Src/stm32f4xx_hal_cortex.c.obj
                0x080039d8                HAL_NVIC_SetPriority
 .text.HAL_NVIC_EnableIRQ
                0x080039f8        0x8 CMakeFiles/LED.elf.dir/Drivers/STM32F4xx_HAL_Driver/Src/stm32f4xx_hal_cortex.c.obj
                0x080039f8                HAL_NVIC_EnableIRQ
 .text.HAL_SYSTICK_Config
                0x08003a00       0x28 CMakeFiles/LED.elf.dir/Drivers/STM32F4xx_HAL_Driver/Src/stm32f4xx_hal_cortex.c.obj
                0x08003a00                HAL_SYSTICK_Config
 .text.DMA_SetConfig
                0x08003a28       0x2c CMakeFiles/LED.elf.dir/Drivers/STM32F4xx_HAL_Driver/Src/stm32f4xx_hal_dma.c.obj
 .text.DMA_CalcBaseAndBitshift
                0x08003a54       0x38 CMakeFiles/LED.elf.dir/Drivers/STM32F4xx_HAL_Driver/Src/stm32f4xx_hal_dma.c.obj
 .text.DMA_CheckFifoParam
                0x08003a8c       0x8e CMakeFiles/LED.elf.dir/Drivers/STM32F4xx_HAL_Driver/Src/stm32f4xx_hal_dma.c.obj
 *fill*         0x08003b1a        0x2 
 .text.HAL_DMA_Init
                0x08003b1c       0xcc CMakeFiles/LED.elf.dir/Drivers/STM32F4xx_HAL_Driver/Src/stm32f4xx_hal_dma.c.obj
                0x08003b1c                HAL_DMA_Init
 .text.HAL_DMA_Start_IT
                0x08003be8       0x68 CMakeFiles/LED.elf.dir/Drivers/STM32F4xx_HAL_Driver/Src/stm32f4xx_hal_dma.c.obj
                0x08003be8                HAL_DMA_Start_IT
 .text.HAL_DMA_Abort
                0x08003c50       0x92 CMakeFiles/LED.elf.dir/Drivers/STM32F4xx_HAL_Driver/Src/stm32f4xx_hal_dma.c.obj
                0x08003c50                HAL_DMA_Abort
 .text.HAL_DMA_Abort_IT
                0x08003ce2       0x24 CMakeFiles/LED.elf.dir/Drivers/STM32F4xx_HAL_Driver/Src/stm32f4xx_hal_dma.c.obj
                0x08003ce2                HAL_DMA_Abort_IT
 *fill*         0x08003d06        0x2 
 .text.HAL_DMA_IRQHandler
                0x08003d08      0x1dc CMakeFiles/LED.elf.dir/Drivers/STM32F4xx_HAL_Driver/Src/stm32f4xx_hal_dma.c.obj
                0x08003d08                HAL_DMA_IRQHandler
 .text.HAL_GPIO_Init
                0x08003ee4      0x1f4 CMakeFiles/LED.elf.dir/Drivers/STM32F4xx_HAL_Driver/Src/stm32f4xx_hal_gpio.c.obj
                0x08003ee4                HAL_GPIO_Init
 .text.HAL_GPIO_ReadPin
                0x080040d8        0xe CMakeFiles/LED.elf.dir/Drivers/STM32F4xx_HAL_Driver/Src/stm32f4xx_hal_gpio.c.obj
                0x080040d8                HAL_GPIO_ReadPin
 .text.HAL_GPIO_WritePin
                0x080040e6        0xc CMakeFiles/LED.elf.dir/Drivers/STM32F4xx_HAL_Driver/Src/stm32f4xx_hal_gpio.c.obj
                0x080040e6                HAL_GPIO_WritePin
 .text.HAL_GPIO_TogglePin
                0x080040f2       0x12 CMakeFiles/LED.elf.dir/Drivers/STM32F4xx_HAL_Driver/Src/stm32f4xx_hal_gpio.c.obj
                0x080040f2                HAL_GPIO_TogglePin
 .text.HAL_GPIO_EXTI_IRQHandler
                0x08004104       0x1c CMakeFiles/LED.elf.dir/Drivers/STM32F4xx_HAL_Driver/Src/stm32f4xx_hal_gpio.c.obj
                0x08004104                HAL_GPIO_EXTI_IRQHandler
 .text.HAL_RCC_OscConfig
                0x08004120      0x3f8 CMakeFiles/LED.elf.dir/Drivers/STM32F4xx_HAL_Driver/Src/stm32f4xx_hal_rcc.c.obj
                0x08004120                HAL_RCC_OscConfig
 .text.HAL_RCC_GetSysClockFreq
                0x08004518       0xa8 CMakeFiles/LED.elf.dir/Drivers/STM32F4xx_HAL_Driver/Src/stm32f4xx_hal_rcc.c.obj
                0x08004518                HAL_RCC_GetSysClockFreq
 .text.HAL_RCC_ClockConfig
                0x080045c0      0x160 CMakeFiles/LED.elf.dir/Drivers/STM32F4xx_HAL_Driver/Src/stm32f4xx_hal_rcc.c.obj
                0x080045c0                HAL_RCC_ClockConfig
 .text.HAL_RCC_GetHCLKFreq
                0x08004720        0xc CMakeFiles/LED.elf.dir/Drivers/STM32F4xx_HAL_Driver/Src/stm32f4xx_hal_rcc.c.obj
                0x08004720                HAL_RCC_GetHCLKFreq
 .text.HAL_RCC_GetPCLK1Freq
                0x0800472c       0x20 CMakeFiles/LED.elf.dir/Drivers/STM32F4xx_HAL_Driver/Src/stm32f4xx_hal_rcc.c.obj
                0x0800472c                HAL_RCC_GetPCLK1Freq
 .text.HAL_RCC_GetPCLK2Freq
                0x0800474c       0x20 CMakeFiles/LED.elf.dir/Drivers/STM32F4xx_HAL_Driver/Src/stm32f4xx_hal_rcc.c.obj
                0x0800474c                HAL_RCC_GetPCLK2Freq
 .text.SPI_WaitFlagStateUntilTimeout
                0x0800476c       0xc8 CMakeFiles/LED.elf.dir/Drivers/STM32F4xx_HAL_Driver/Src/stm32f4xx_hal_spi.c.obj
 .text.SPI_EndRxTxTransaction
                0x08004834       0x80 CMakeFiles/LED.elf.dir/Drivers/STM32F4xx_HAL_Driver/Src/stm32f4xx_hal_spi.c.obj
 .text.HAL_SPI_Init
                0x080048b4       0xbe CMakeFiles/LED.elf.dir/Drivers/STM32F4xx_HAL_Driver/Src/stm32f4xx_hal_spi.c.obj
                0x080048b4                HAL_SPI_Init
 .text.HAL_SPI_TransmitReceive
                0x08004972      0x252 CMakeFiles/LED.elf.dir/Drivers/STM32F4xx_HAL_Driver/Src/stm32f4xx_hal_spi.c.obj
                0x08004972                HAL_SPI_TransmitReceive
 .text.TIM_OC1_SetConfig
                0x08004bc4       0x70 CMakeFiles/LED.elf.dir/Drivers/STM32F4xx_HAL_Driver/Src/stm32f4xx_hal_tim.c.obj
 .text.TIM_OC3_SetConfig
                0x08004c34       0x70 CMakeFiles/LED.elf.dir/Drivers/STM32F4xx_HAL_Driver/Src/stm32f4xx_hal_tim.c.obj
 .text.TIM_OC4_SetConfig
                0x08004ca4       0x50 CMakeFiles/LED.elf.dir/Drivers/STM32F4xx_HAL_Driver/Src/stm32f4xx_hal_tim.c.obj
 .text.HAL_TIM_PWM_MspInit
                0x08004cf4        0x2 CMakeFiles/LED.elf.dir/Drivers/STM32F4xx_HAL_Driver/Src/stm32f4xx_hal_tim.c.obj
                0x08004cf4                HAL_TIM_PWM_MspInit
 *fill*         0x08004cf6        0x2 
 .text.TIM_Base_SetConfig
                0x08004cf8       0xd8 CMakeFiles/LED.elf.dir/Drivers/STM32F4xx_HAL_Driver/Src/stm32f4xx_hal_tim.c.obj
                0x08004cf8                TIM_Base_SetConfig
 .text.HAL_TIM_Base_Init
                0x08004dd0       0x58 CMakeFiles/LED.elf.dir/Drivers/STM32F4xx_HAL_Driver/Src/stm32f4xx_hal_tim.c.obj
                0x08004dd0                HAL_TIM_Base_Init
 .text.HAL_TIM_PWM_Init
                0x08004e28       0x58 CMakeFiles/LED.elf.dir/Drivers/STM32F4xx_HAL_Driver/Src/stm32f4xx_hal_tim.c.obj
                0x08004e28                HAL_TIM_PWM_Init
 .text.TIM_OC2_SetConfig
                0x08004e80       0x70 CMakeFiles/LED.elf.dir/Drivers/STM32F4xx_HAL_Driver/Src/stm32f4xx_hal_tim.c.obj
                0x08004e80                TIM_OC2_SetConfig
 .text.HAL_TIM_PWM_ConfigChannel
                0x08004ef0       0xdc CMakeFiles/LED.elf.dir/Drivers/STM32F4xx_HAL_Driver/Src/stm32f4xx_hal_tim.c.obj
                0x08004ef0                HAL_TIM_PWM_ConfigChannel
 .text.UART_EndTxTransfer
                0x08004fcc       0x20 CMakeFiles/LED.elf.dir/Drivers/STM32F4xx_HAL_Driver/Src/stm32f4xx_hal_uart.c.obj
 .text.UART_EndRxTransfer
                0x08004fec       0x5c CMakeFiles/LED.elf.dir/Drivers/STM32F4xx_HAL_Driver/Src/stm32f4xx_hal_uart.c.obj
 .text.UART_Transmit_IT
                0x08005048       0x5e CMakeFiles/LED.elf.dir/Drivers/STM32F4xx_HAL_Driver/Src/stm32f4xx_hal_uart.c.obj
 *fill*         0x080050a6        0x2 
 .text.UART_SetConfig
                0x080050a8      0x110 CMakeFiles/LED.elf.dir/Drivers/STM32F4xx_HAL_Driver/Src/stm32f4xx_hal_uart.c.obj
 .text.HAL_UART_Init
                0x080051b8       0x60 CMakeFiles/LED.elf.dir/Drivers/STM32F4xx_HAL_Driver/Src/stm32f4xx_hal_uart.c.obj
                0x080051b8                HAL_UART_Init
 .text.HAL_UART_Transmit_DMA
                0x08005218       0x80 CMakeFiles/LED.elf.dir/Drivers/STM32F4xx_HAL_Driver/Src/stm32f4xx_hal_uart.c.obj
                0x08005218                HAL_UART_Transmit_DMA
 .text.UART_DMATransmitCplt
                0x08005298       0x4c CMakeFiles/LED.elf.dir/Drivers/STM32F4xx_HAL_Driver/Src/stm32f4xx_hal_uart.c.obj
 .text.UART_EndTransmit_IT
                0x080052e4       0x1a CMakeFiles/LED.elf.dir/Drivers/STM32F4xx_HAL_Driver/Src/stm32f4xx_hal_uart.c.obj
 .text.HAL_UART_TxHalfCpltCallback
                0x080052fe        0x2 CMakeFiles/LED.elf.dir/Drivers/STM32F4xx_HAL_Driver/Src/stm32f4xx_hal_uart.c.obj
                0x080052fe                HAL_UART_TxHalfCpltCallback
 .text.UART_DMATxHalfCplt
                0x08005300        0xa CMakeFiles/LED.elf.dir/Drivers/STM32F4xx_HAL_Driver/Src/stm32f4xx_hal_uart.c.obj
 .text.HAL_UART_RxCpltCallback
                0x0800530a        0x2 CMakeFiles/LED.elf.dir/Drivers/STM32F4xx_HAL_Driver/Src/stm32f4xx_hal_uart.c.obj
                0x0800530a                HAL_UART_RxCpltCallback
 .text.HAL_UART_ErrorCallback
                0x0800530c        0x2 CMakeFiles/LED.elf.dir/Drivers/STM32F4xx_HAL_Driver/Src/stm32f4xx_hal_uart.c.obj
                0x0800530c                HAL_UART_ErrorCallback
 .text.UART_DMAError
                0x0800530e       0x54 CMakeFiles/LED.elf.dir/Drivers/STM32F4xx_HAL_Driver/Src/stm32f4xx_hal_uart.c.obj
 .text.UART_DMAAbortOnError
                0x08005362       0x10 CMakeFiles/LED.elf.dir/Drivers/STM32F4xx_HAL_Driver/Src/stm32f4xx_hal_uart.c.obj
 .text.HAL_UARTEx_RxEventCallback
                0x08005372        0x2 CMakeFiles/LED.elf.dir/Drivers/STM32F4xx_HAL_Driver/Src/stm32f4xx_hal_uart.c.obj
                0x08005372                HAL_UARTEx_RxEventCallback
 .text.UART_Receive_IT
                0x08005374       0xe4 CMakeFiles/LED.elf.dir/Drivers/STM32F4xx_HAL_Driver/Src/stm32f4xx_hal_uart.c.obj
 .text.HAL_UART_IRQHandler
                0x08005458      0x284 CMakeFiles/LED.elf.dir/Drivers/STM32F4xx_HAL_Driver/Src/stm32f4xx_hal_uart.c.obj
                0x08005458                HAL_UART_IRQHandler
 .text.__udivmoddi4
                0x080056dc      0x2f8 D:/STM32/arm-none-eabi-gcc/bin/../lib/gcc/arm-none-eabi/14.2.1/thumb/v7e-m/nofp\libgcc.a(_udivmoddi4.o)
                0x080056dc                __udivmoddi4
 .text.stdio_exit_handler
                0x080059d4       0x18 D:/STM32/arm-none-eabi-gcc/bin/../lib/gcc/arm-none-eabi/14.2.1/thumb/v7e-m/nofp\libg.a(libc_a-findfp.o)
 .text.cleanup_stdio
                0x080059ec       0x40 D:/STM32/arm-none-eabi-gcc/bin/../lib/gcc/arm-none-eabi/14.2.1/thumb/v7e-m/nofp\libg.a(libc_a-findfp.o)
 .text.global_stdio_init.part.0
                0x08005a2c       0xf0 D:/STM32/arm-none-eabi-gcc/bin/../lib/gcc/arm-none-eabi/14.2.1/thumb/v7e-m/nofp\libg.a(libc_a-findfp.o)
 .text.__sinit  0x08005b1c       0x3c D:/STM32/arm-none-eabi-gcc/bin/../lib/gcc/arm-none-eabi/14.2.1/thumb/v7e-m/nofp\libg.a(libc_a-findfp.o)
                0x08005b1c                __sinit
 .text.__sfp_lock_acquire
                0x08005b58        0xc D:/STM32/arm-none-eabi-gcc/bin/../lib/gcc/arm-none-eabi/14.2.1/thumb/v7e-m/nofp\libg.a(libc_a-findfp.o)
                0x08005b58                __sfp_lock_acquire
 .text.__sfp_lock_release
                0x08005b64        0xc D:/STM32/arm-none-eabi-gcc/bin/../lib/gcc/arm-none-eabi/14.2.1/thumb/v7e-m/nofp\libg.a(libc_a-findfp.o)
                0x08005b64                __sfp_lock_release
 .text._fwalk_sglue
                0x08005b70       0x44 D:/STM32/arm-none-eabi-gcc/bin/../lib/gcc/arm-none-eabi/14.2.1/thumb/v7e-m/nofp\libg.a(libc_a-fwalk.o)
                0x08005b70                _fwalk_sglue
 .text.snprintf
                0x08005bb4       0x90 D:/STM32/arm-none-eabi-gcc/bin/../lib/gcc/arm-none-eabi/14.2.1/thumb/v7e-m/nofp\libg.a(libc_a-snprintf.o)
                0x08005bb4                snprintf
 .text.sprintf  0x08005c44       0x44 D:/STM32/arm-none-eabi-gcc/bin/../lib/gcc/arm-none-eabi/14.2.1/thumb/v7e-m/nofp\libg.a(libc_a-sprintf.o)
                0x08005c44                sprintf
 .text.__sread  0x08005c88       0x24 D:/STM32/arm-none-eabi-gcc/bin/../lib/gcc/arm-none-eabi/14.2.1/thumb/v7e-m/nofp\libg.a(libc_a-stdio.o)
                0x08005c88                __sread
 .text.__swrite
                0x08005cac       0x40 D:/STM32/arm-none-eabi-gcc/bin/../lib/gcc/arm-none-eabi/14.2.1/thumb/v7e-m/nofp\libg.a(libc_a-stdio.o)
                0x08005cac                __swrite
 .text.__sseek  0x08005cec       0x24 D:/STM32/arm-none-eabi-gcc/bin/../lib/gcc/arm-none-eabi/14.2.1/thumb/v7e-m/nofp\libg.a(libc_a-stdio.o)
                0x08005cec                __sseek
 .text.__sclose
                0x08005d10        0x8 D:/STM32/arm-none-eabi-gcc/bin/../lib/gcc/arm-none-eabi/14.2.1/thumb/v7e-m/nofp\libg.a(libc_a-stdio.o)
                0x08005d10                __sclose
 .text.memset   0x08005d18       0x9c D:/STM32/arm-none-eabi-gcc/bin/../lib/gcc/arm-none-eabi/14.2.1/thumb/v7e-m/nofp\libg.a(libc_a-memset.o)
                0x08005d18                memset
 .text.strncpy  0x08005db4       0x68 D:/STM32/arm-none-eabi-gcc/bin/../lib/gcc/arm-none-eabi/14.2.1/thumb/v7e-m/nofp\libg.a(libc_a-strncpy.o)
                0x08005db4                strncpy
 .text._close_r
                0x08005e1c       0x24 D:/STM32/arm-none-eabi-gcc/bin/../lib/gcc/arm-none-eabi/14.2.1/thumb/v7e-m/nofp\libg.a(libc_a-closer.o)
                0x08005e1c                _close_r
 .text._lseek_r
                0x08005e40       0x2c D:/STM32/arm-none-eabi-gcc/bin/../lib/gcc/arm-none-eabi/14.2.1/thumb/v7e-m/nofp\libg.a(libc_a-lseekr.o)
                0x08005e40                _lseek_r
 .text._read_r  0x08005e6c       0x2c D:/STM32/arm-none-eabi-gcc/bin/../lib/gcc/arm-none-eabi/14.2.1/thumb/v7e-m/nofp\libg.a(libc_a-readr.o)
                0x08005e6c                _read_r
 .text._write_r
                0x08005e98       0x2c D:/STM32/arm-none-eabi-gcc/bin/../lib/gcc/arm-none-eabi/14.2.1/thumb/v7e-m/nofp\libg.a(libc_a-writer.o)
                0x08005e98                _write_r
 .text.__errno  0x08005ec4        0xc D:/STM32/arm-none-eabi-gcc/bin/../lib/gcc/arm-none-eabi/14.2.1/thumb/v7e-m/nofp\libg.a(libc_a-errno.o)
                0x08005ec4                __errno
 .text.__libc_init_array
                0x08005ed0       0x50 D:/STM32/arm-none-eabi-gcc/bin/../lib/gcc/arm-none-eabi/14.2.1/thumb/v7e-m/nofp\libg.a(libc_a-init.o)
                0x08005ed0                __libc_init_array
 .text.__retarget_lock_init_recursive
                0x08005f20        0x4 D:/STM32/arm-none-eabi-gcc/bin/../lib/gcc/arm-none-eabi/14.2.1/thumb/v7e-m/nofp\libg.a(libc_a-lock.o)
                0x08005f20                __retarget_lock_init_recursive
 .text.__retarget_lock_close_recursive
                0x08005f24        0x4 D:/STM32/arm-none-eabi-gcc/bin/../lib/gcc/arm-none-eabi/14.2.1/thumb/v7e-m/nofp\libg.a(libc_a-lock.o)
                0x08005f24                __retarget_lock_close_recursive
 .text.__retarget_lock_acquire_recursive
                0x08005f28        0x4 D:/STM32/arm-none-eabi-gcc/bin/../lib/gcc/arm-none-eabi/14.2.1/thumb/v7e-m/nofp\libg.a(libc_a-lock.o)
                0x08005f28                __retarget_lock_acquire_recursive
 .text.__retarget_lock_release_recursive
                0x08005f2c        0x4 D:/STM32/arm-none-eabi-gcc/bin/../lib/gcc/arm-none-eabi/14.2.1/thumb/v7e-m/nofp\libg.a(libc_a-lock.o)
                0x08005f2c                __retarget_lock_release_recursive
 .text.startup.register_fini
                0x08005f30       0x14 D:/STM32/arm-none-eabi-gcc/bin/../lib/gcc/arm-none-eabi/14.2.1/thumb/v7e-m/nofp\libg.a(libc_a-__call_atexit.o)
 .text.atexit   0x08005f44        0xc D:/STM32/arm-none-eabi-gcc/bin/../lib/gcc/arm-none-eabi/14.2.1/thumb/v7e-m/nofp\libg.a(libc_a-atexit.o)
                0x08005f44                atexit
 .text._malloc_trim_r
                0x08005f50       0xb8 D:/STM32/arm-none-eabi-gcc/bin/../lib/gcc/arm-none-eabi/14.2.1/thumb/v7e-m/nofp\libg.a(libc_a-freer.o)
                0x08005f50                _malloc_trim_r
 .text._free_r  0x08006008      0x1f0 D:/STM32/arm-none-eabi-gcc/bin/../lib/gcc/arm-none-eabi/14.2.1/thumb/v7e-m/nofp\libg.a(libc_a-freer.o)
                0x08006008                _free_r
 .text._malloc_r
                0x080061f8      0x598 D:/STM32/arm-none-eabi-gcc/bin/../lib/gcc/arm-none-eabi/14.2.1/thumb/v7e-m/nofp\libg.a(libc_a-mallocr.o)
                0x080061f8                _malloc_r
 .text.__malloc_lock
                0x08006790        0xc D:/STM32/arm-none-eabi-gcc/bin/../lib/gcc/arm-none-eabi/14.2.1/thumb/v7e-m/nofp\libg.a(libc_a-mlock.o)
                0x08006790                __malloc_lock
 .text.__malloc_unlock
                0x0800679c        0xc D:/STM32/arm-none-eabi-gcc/bin/../lib/gcc/arm-none-eabi/14.2.1/thumb/v7e-m/nofp\libg.a(libc_a-mlock.o)
                0x0800679c                __malloc_unlock
 .text._svfprintf_r
                0x080067a8     0x2210 D:/STM32/arm-none-eabi-gcc/bin/../lib/gcc/arm-none-eabi/14.2.1/thumb/v7e-m/nofp\libg.a(libc_a-svfprintf.o)
                0x080067a8                _svfprintf_r
 .text.__ssprint_r
                0x080089b8       0x58 D:/STM32/arm-none-eabi-gcc/bin/../lib/gcc/arm-none-eabi/14.2.1/thumb/v7e-m/nofp\libg.a(libc_a-ssprint_r.o)
                0x080089b8                __ssprint_r
 .text._fclose_r
                0x08008a10       0xc0 D:/STM32/arm-none-eabi-gcc/bin/../lib/gcc/arm-none-eabi/14.2.1/thumb/v7e-m/nofp\libg.a(libc_a-fclose.o)
                0x08008a10                _fclose_r
 .text.__sflush_r
                0x08008ad0      0x124 D:/STM32/arm-none-eabi-gcc/bin/../lib/gcc/arm-none-eabi/14.2.1/thumb/v7e-m/nofp\libg.a(libc_a-fflush.o)
                0x08008ad0                __sflush_r
 .text._fflush_r
                0x08008bf4       0x54 D:/STM32/arm-none-eabi-gcc/bin/../lib/gcc/arm-none-eabi/14.2.1/thumb/v7e-m/nofp\libg.a(libc_a-fflush.o)
                0x08008bf4                _fflush_r
 .text.__locale_mb_cur_max
                0x08008c48        0xc D:/STM32/arm-none-eabi-gcc/bin/../lib/gcc/arm-none-eabi/14.2.1/thumb/v7e-m/nofp\libg.a(libc_a-locale.o)
                0x08008c48                __locale_mb_cur_max
 .text._localeconv_r
                0x08008c54        0x8 D:/STM32/arm-none-eabi-gcc/bin/../lib/gcc/arm-none-eabi/14.2.1/thumb/v7e-m/nofp\libg.a(libc_a-localeconv.o)
                0x08008c54                _localeconv_r
 .text._sbrk_r  0x08008c5c       0x24 D:/STM32/arm-none-eabi-gcc/bin/../lib/gcc/arm-none-eabi/14.2.1/thumb/v7e-m/nofp\libg.a(libc_a-sbrkr.o)
                0x08008c5c                _sbrk_r
 .text.__libc_fini_array
                0x08008c80       0x28 D:/STM32/arm-none-eabi-gcc/bin/../lib/gcc/arm-none-eabi/14.2.1/thumb/v7e-m/nofp\libg.a(libc_a-fini.o)
                0x08008c80                __libc_fini_array
 .text.sysconf  0x08008ca8       0x1c D:/STM32/arm-none-eabi-gcc/bin/../lib/gcc/arm-none-eabi/14.2.1/thumb/v7e-m/nofp\libg.a(libc_a-sysconf.o)
                0x08008ca8                sysconf
 .text.frexp    0x08008cc4       0x6c D:/STM32/arm-none-eabi-gcc/bin/../lib/gcc/arm-none-eabi/14.2.1/thumb/v7e-m/nofp\libg.a(libm_a-s_frexp.o)
                0x08008cc4                frexp
 .text.__register_exitproc
                0x08008d30       0x80 D:/STM32/arm-none-eabi-gcc/bin/../lib/gcc/arm-none-eabi/14.2.1/thumb/v7e-m/nofp\libg.a(libc_a-__atexit.o)
                0x08008d30                __register_exitproc
 .text.quorem   0x08008db0      0x12c D:/STM32/arm-none-eabi-gcc/bin/../lib/gcc/arm-none-eabi/14.2.1/thumb/v7e-m/nofp\libg.a(libc_a-dtoa.o)
 *fill*         0x08008edc        0x4 
 .text._dtoa_r  0x08008ee0     0x1044 D:/STM32/arm-none-eabi-gcc/bin/../lib/gcc/arm-none-eabi/14.2.1/thumb/v7e-m/nofp\libg.a(libc_a-dtoa.o)
                0x08008ee0                _dtoa_r
 .text.__ascii_mbtowc
                0x08009f24       0x2c D:/STM32/arm-none-eabi-gcc/bin/../lib/gcc/arm-none-eabi/14.2.1/thumb/v7e-m/nofp\libg.a(libc_a-mbtowc_r.o)
                0x08009f24                __ascii_mbtowc
 .text._Balloc  0x08009f50       0x4c D:/STM32/arm-none-eabi-gcc/bin/../lib/gcc/arm-none-eabi/14.2.1/thumb/v7e-m/nofp\libg.a(libc_a-mprec.o)
                0x08009f50                _Balloc
 .text._Bfree   0x08009f9c       0x14 D:/STM32/arm-none-eabi-gcc/bin/../lib/gcc/arm-none-eabi/14.2.1/thumb/v7e-m/nofp\libg.a(libc_a-mprec.o)
                0x08009f9c                _Bfree
 .text.__multadd
                0x08009fb0       0xa0 D:/STM32/arm-none-eabi-gcc/bin/../lib/gcc/arm-none-eabi/14.2.1/thumb/v7e-m/nofp\libg.a(libc_a-mprec.o)
                0x08009fb0                __multadd
 .text.__hi0bits
                0x0800a050       0x54 D:/STM32/arm-none-eabi-gcc/bin/../lib/gcc/arm-none-eabi/14.2.1/thumb/v7e-m/nofp\libg.a(libc_a-mprec.o)
                0x0800a050                __hi0bits
 .text.__lo0bits
                0x0800a0a4       0x80 D:/STM32/arm-none-eabi-gcc/bin/../lib/gcc/arm-none-eabi/14.2.1/thumb/v7e-m/nofp\libg.a(libc_a-mprec.o)
                0x0800a0a4                __lo0bits
 .text.__i2b    0x0800a124       0x5c D:/STM32/arm-none-eabi-gcc/bin/../lib/gcc/arm-none-eabi/14.2.1/thumb/v7e-m/nofp\libg.a(libc_a-mprec.o)
                0x0800a124                __i2b
 .text.__multiply
                0x0800a180      0x16c D:/STM32/arm-none-eabi-gcc/bin/../lib/gcc/arm-none-eabi/14.2.1/thumb/v7e-m/nofp\libg.a(libc_a-mprec.o)
                0x0800a180                __multiply
 .text.__pow5mult
                0x0800a2ec       0xc0 D:/STM32/arm-none-eabi-gcc/bin/../lib/gcc/arm-none-eabi/14.2.1/thumb/v7e-m/nofp\libg.a(libc_a-mprec.o)
                0x0800a2ec                __pow5mult
 .text.__lshift
                0x0800a3ac       0xe8 D:/STM32/arm-none-eabi-gcc/bin/../lib/gcc/arm-none-eabi/14.2.1/thumb/v7e-m/nofp\libg.a(libc_a-mprec.o)
                0x0800a3ac                __lshift
 .text.__mcmp   0x0800a494       0x40 D:/STM32/arm-none-eabi-gcc/bin/../lib/gcc/arm-none-eabi/14.2.1/thumb/v7e-m/nofp\libg.a(libc_a-mprec.o)
                0x0800a494                __mcmp
 .text.__mdiff  0x0800a4d4      0x174 D:/STM32/arm-none-eabi-gcc/bin/../lib/gcc/arm-none-eabi/14.2.1/thumb/v7e-m/nofp\libg.a(libc_a-mprec.o)
                0x0800a4d4                __mdiff
 .text.__d2b    0x0800a648       0xb8 D:/STM32/arm-none-eabi-gcc/bin/../lib/gcc/arm-none-eabi/14.2.1/thumb/v7e-m/nofp\libg.a(libc_a-mprec.o)
                0x0800a648                __d2b
 .text.__ascii_wctomb
                0x0800a700       0x1c D:/STM32/arm-none-eabi-gcc/bin/../lib/gcc/arm-none-eabi/14.2.1/thumb/v7e-m/nofp\libg.a(libc_a-wctomb_r.o)
                0x0800a700                __ascii_wctomb
 .text._wcrtomb_r
                0x0800a71c       0x4c D:/STM32/arm-none-eabi-gcc/bin/../lib/gcc/arm-none-eabi/14.2.1/thumb/v7e-m/nofp\libg.a(libc_a-wcrtomb.o)
                0x0800a71c                _wcrtomb_r
 .text._wcsrtombs_r
                0x0800a768       0x1c D:/STM32/arm-none-eabi-gcc/bin/../lib/gcc/arm-none-eabi/14.2.1/thumb/v7e-m/nofp\libg.a(libc_a-wcsrtombs.o)
                0x0800a768                _wcsrtombs_r
 .text.__ssputs_r
                0x0800a784       0xc0 D:/STM32/arm-none-eabi-gcc/bin/../lib/gcc/arm-none-eabi/14.2.1/thumb/v7e-m/nofp\libg.a(libc_a-ssputs_r.o)
                0x0800a784                __ssputs_r
 .text.memmove  0x0800a844       0xf8 D:/STM32/arm-none-eabi-gcc/bin/../lib/gcc/arm-none-eabi/14.2.1/thumb/v7e-m/nofp\libg.a(libc_a-memmove.o)
                0x0800a844                memmove
 .text.__assert_func
                0x0800a93c       0x40 D:/STM32/arm-none-eabi-gcc/bin/../lib/gcc/arm-none-eabi/14.2.1/thumb/v7e-m/nofp\libg.a(libc_a-assert.o)
                0x0800a93c                __assert_func
 .text._calloc_r
                0x0800a97c       0x6c D:/STM32/arm-none-eabi-gcc/bin/../lib/gcc/arm-none-eabi/14.2.1/thumb/v7e-m/nofp\libg.a(libc_a-callocr.o)
                0x0800a97c                _calloc_r
 .text._realloc_r
                0x0800a9e8      0x348 D:/STM32/arm-none-eabi-gcc/bin/../lib/gcc/arm-none-eabi/14.2.1/thumb/v7e-m/nofp\libg.a(libc_a-reallocr.o)
                0x0800a9e8                _realloc_r
 .text._wcsnrtombs_l
                0x0800ad30       0xec D:/STM32/arm-none-eabi-gcc/bin/../lib/gcc/arm-none-eabi/14.2.1/thumb/v7e-m/nofp\libg.a(libc_a-wcsnrtombs.o)
                0x0800ad30                _wcsnrtombs_l
 .text._wcsnrtombs_r
                0x0800ae1c       0x24 D:/STM32/arm-none-eabi-gcc/bin/../lib/gcc/arm-none-eabi/14.2.1/thumb/v7e-m/nofp\libg.a(libc_a-wcsnrtombs.o)
                0x0800ae1c                _wcsnrtombs_r
 .text.fiprintf
                0x0800ae40       0x28 D:/STM32/arm-none-eabi-gcc/bin/../lib/gcc/arm-none-eabi/14.2.1/thumb/v7e-m/nofp\libg.a(libc_a-fiprintf.o)
                0x0800ae40                fiprintf
 .text._vfiprintf_r
                0x0800ae68     0x1278 D:/STM32/arm-none-eabi-gcc/bin/../lib/gcc/arm-none-eabi/14.2.1/thumb/v7e-m/nofp\libg.a(libc_a-vfiprintf.o)
                0x0800ae68                _vfiprintf_r
 .text.__sbprintf
                0x0800c0e0       0x84 D:/STM32/arm-none-eabi-gcc/bin/../lib/gcc/arm-none-eabi/14.2.1/thumb/v7e-m/nofp\libg.a(libc_a-vfiprintf.o)
 .text.__sprint_r
                0x0800c164       0x20 D:/STM32/arm-none-eabi-gcc/bin/../lib/gcc/arm-none-eabi/14.2.1/thumb/v7e-m/nofp\libg.a(libc_a-sprint_r.o)
                0x0800c164                __sprint_r
 .text.__sfvwrite_r
                0x0800c184      0x2d8 D:/STM32/arm-none-eabi-gcc/bin/../lib/gcc/arm-none-eabi/14.2.1/thumb/v7e-m/nofp\libg.a(libc_a-fvwrite.o)
                0x0800c184                __sfvwrite_r
 .text.__swsetup_r
                0x0800c45c       0xfc D:/STM32/arm-none-eabi-gcc/bin/../lib/gcc/arm-none-eabi/14.2.1/thumb/v7e-m/nofp\libg.a(libc_a-wsetup.o)
                0x0800c45c                __swsetup_r
 .text.abort    0x0800c558       0x10 D:/STM32/arm-none-eabi-gcc/bin/../lib/gcc/arm-none-eabi/14.2.1/thumb/v7e-m/nofp\libg.a(libc_a-abort.o)
                0x0800c558                abort
 .text.__smakebuf_r
                0x0800c568       0xd0 D:/STM32/arm-none-eabi-gcc/bin/../lib/gcc/arm-none-eabi/14.2.1/thumb/v7e-m/nofp\libg.a(libc_a-makebuf.o)
                0x0800c568                __smakebuf_r
 .text.raise    0x0800c638       0x58 D:/STM32/arm-none-eabi-gcc/bin/../lib/gcc/arm-none-eabi/14.2.1/thumb/v7e-m/nofp\libg.a(libc_a-signal.o)
                0x0800c638                raise
 .text._fstat_r
                0x0800c690       0x2c D:/STM32/arm-none-eabi-gcc/bin/../lib/gcc/arm-none-eabi/14.2.1/thumb/v7e-m/nofp\libg.a(libc_a-fstatr.o)
                0x0800c690                _fstat_r
 .text._isatty_r
                0x0800c6bc       0x24 D:/STM32/arm-none-eabi-gcc/bin/../lib/gcc/arm-none-eabi/14.2.1/thumb/v7e-m/nofp\libg.a(libc_a-isattyr.o)
                0x0800c6bc                _isatty_r
 .text._kill_r  0x0800c6e0       0x2c D:/STM32/arm-none-eabi-gcc/bin/../lib/gcc/arm-none-eabi/14.2.1/thumb/v7e-m/nofp\libg.a(libc_a-signalr.o)
                0x0800c6e0                _kill_r
 .text._getpid_r
                0x0800c70c        0x4 D:/STM32/arm-none-eabi-gcc/bin/../lib/gcc/arm-none-eabi/14.2.1/thumb/v7e-m/nofp\libg.a(libc_a-signalr.o)
                0x0800c70c                _getpid_r
 *(.glue_7)
 .glue_7        0x0800c710        0x0 linker stubs
 *(.glue_7t)
 .glue_7t       0x0800c710        0x0 linker stubs
 *(.eh_frame)
 .eh_frame      0x0800c710        0x0 D:/STM32/arm-none-eabi-gcc/bin/../lib/gcc/arm-none-eabi/14.2.1/thumb/v7e-m/nofp/crtbegin.o
 *(.init)
 .init          0x0800c710        0x4 D:/STM32/arm-none-eabi-gcc/bin/../lib/gcc/arm-none-eabi/14.2.1/thumb/v7e-m/nofp/crti.o
                0x0800c710                _init
 .init          0x0800c714        0x8 D:/STM32/arm-none-eabi-gcc/bin/../lib/gcc/arm-none-eabi/14.2.1/thumb/v7e-m/nofp/crtn.o
 *(.fini)
 .fini          0x0800c71c        0x4 D:/STM32/arm-none-eabi-gcc/bin/../lib/gcc/arm-none-eabi/14.2.1/thumb/v7e-m/nofp/crti.o
                0x0800c71c                _fini
 .fini          0x0800c720        0x8 D:/STM32/arm-none-eabi-gcc/bin/../lib/gcc/arm-none-eabi/14.2.1/thumb/v7e-m/nofp/crtn.o
                0x0800c728                        . = ALIGN (0x4)
                0x0800c728                        _etext = .

.vfp11_veneer   0x0800c728        0x0
 .vfp11_veneer  0x0800c728        0x0 linker stubs

.v4_bx          0x0800c728        0x0
 .v4_bx         0x0800c728        0x0 linker stubs

.iplt           0x0800c728        0x0
 .iplt          0x0800c728        0x0 D:/STM32/arm-none-eabi-gcc/bin/../lib/gcc/arm-none-eabi/14.2.1/thumb/v7e-m/nofp/crtbegin.o

.rodata         0x0800c728      0x4a4
                0x0800c728                        . = ALIGN (0x4)
 *(.rodata)
 .rodata        0x0800c728       0x18 CMakeFiles/LED.elf.dir/Core/Src/main.c.obj
 *(.rodata*)
 .rodata.HAL_GPIO_EXTI_Callback.str1.4
                0x0800c740      0x1ff CMakeFiles/LED.elf.dir/Core/Src/main.c.obj
                                 0x47 (size before relaxing)
 .rodata.main.str1.4
                0x0800c93f        0xe CMakeFiles/LED.elf.dir/Core/Src/main.c.obj
 *fill*         0x0800c93f        0x1 
 .rodata.APBPrescTable
                0x0800c940        0x8 CMakeFiles/LED.elf.dir/Core/Src/system_stm32f4xx.c.obj
                0x0800c940                APBPrescTable
 .rodata.AHBPrescTable
                0x0800c948       0x10 CMakeFiles/LED.elf.dir/Core/Src/system_stm32f4xx.c.obj
                0x0800c948                AHBPrescTable
 .rodata.write_BMI088_gyro_reg_data_error
                0x0800c958       0x12 CMakeFiles/LED.elf.dir/Core/application/BMI088driver.c.obj
 *fill*         0x0800c96a        0x2 
 .rodata.write_BMI088_accel_reg_data_error
                0x0800c96c       0x12 CMakeFiles/LED.elf.dir/Core/application/BMI088driver.c.obj
 *fill*         0x0800c97e        0x2 
 .rodata.flagBitshiftOffset.0
                0x0800c980        0x8 CMakeFiles/LED.elf.dir/Drivers/STM32F4xx_HAL_Driver/Src/stm32f4xx_hal_dma.c.obj
 .rodata._svfprintf_r.str1.4
                0x0800c988       0x42 D:/STM32/arm-none-eabi-gcc/bin/../lib/gcc/arm-none-eabi/14.2.1/thumb/v7e-m/nofp\libg.a(libc_a-svfprintf.o)
 .rodata.zeroes.0
                0x0800c988       0x10 D:/STM32/arm-none-eabi-gcc/bin/../lib/gcc/arm-none-eabi/14.2.1/thumb/v7e-m/nofp\libg.a(libc_a-svfprintf.o)
 .rodata.blanks.1
                0x0800c998       0x10 D:/STM32/arm-none-eabi-gcc/bin/../lib/gcc/arm-none-eabi/14.2.1/thumb/v7e-m/nofp\libg.a(libc_a-svfprintf.o)
 .rodata.str1.4
                0x0800c9a8       0x4c D:/STM32/arm-none-eabi-gcc/bin/../lib/gcc/arm-none-eabi/14.2.1/thumb/v7e-m/nofp\libg.a(libc_a-locale.o)
 .rodata._dtoa_r.str1.4
                0x0800c9a8       0x81 D:/STM32/arm-none-eabi-gcc/bin/../lib/gcc/arm-none-eabi/14.2.1/thumb/v7e-m/nofp\libg.a(libc_a-dtoa.o)
 .rodata.__multadd.str1.4
                0x0800c9a8       0x6e D:/STM32/arm-none-eabi-gcc/bin/../lib/gcc/arm-none-eabi/14.2.1/thumb/v7e-m/nofp\libg.a(libc_a-mprec.o)
 .rodata.p05.0  0x0800c9a8        0xc D:/STM32/arm-none-eabi-gcc/bin/../lib/gcc/arm-none-eabi/14.2.1/thumb/v7e-m/nofp\libg.a(libc_a-mprec.o)
 *fill*         0x0800c9b4        0x4 
 .rodata.__mprec_bigtens
                0x0800c9b8       0x28 D:/STM32/arm-none-eabi-gcc/bin/../lib/gcc/arm-none-eabi/14.2.1/thumb/v7e-m/nofp\libg.a(libc_a-mprec.o)
                0x0800c9b8                __mprec_bigtens
 .rodata.__mprec_tens
                0x0800c9e0       0xc8 D:/STM32/arm-none-eabi-gcc/bin/../lib/gcc/arm-none-eabi/14.2.1/thumb/v7e-m/nofp\libg.a(libc_a-mprec.o)
                0x0800c9e0                __mprec_tens
 .rodata._ctype_
                0x0800caa8      0x101 D:/STM32/arm-none-eabi-gcc/bin/../lib/gcc/arm-none-eabi/14.2.1/thumb/v7e-m/nofp\libg.a(libc_a-ctype_.o)
                0x0800caa8                _ctype_
 .rodata.__assert_func.str1.4
                0x0800cba9       0x43 D:/STM32/arm-none-eabi-gcc/bin/../lib/gcc/arm-none-eabi/14.2.1/thumb/v7e-m/nofp\libg.a(libc_a-assert.o)
 .rodata._vfiprintf_r.str1.4
                0x0800cba9       0x2f D:/STM32/arm-none-eabi-gcc/bin/../lib/gcc/arm-none-eabi/14.2.1/thumb/v7e-m/nofp\libg.a(libc_a-vfiprintf.o)
 *fill*         0x0800cba9        0x3 
 .rodata.zeroes.0
                0x0800cbac       0x10 D:/STM32/arm-none-eabi-gcc/bin/../lib/gcc/arm-none-eabi/14.2.1/thumb/v7e-m/nofp\libg.a(libc_a-vfiprintf.o)
 .rodata.blanks.1
                0x0800cbbc       0x10 D:/STM32/arm-none-eabi-gcc/bin/../lib/gcc/arm-none-eabi/14.2.1/thumb/v7e-m/nofp\libg.a(libc_a-vfiprintf.o)
                0x0800cbcc                        . = ALIGN (0x4)

.ARM.extab      0x0800cbcc        0x0
                0x0800cbcc                        . = ALIGN (0x4)
 *(.ARM.extab* .gnu.linkonce.armextab.*)
                0x0800cbcc                        . = ALIGN (0x4)

.ARM            0x0800cbcc        0x8
                0x0800cbcc                        . = ALIGN (0x4)
                0x0800cbcc                        __exidx_start = .
 *(.ARM.exidx*)
 .ARM.exidx     0x0800cbcc        0x8 D:/STM32/arm-none-eabi-gcc/bin/../lib/gcc/arm-none-eabi/14.2.1/thumb/v7e-m/nofp\libg.a(libc_a-strlen.o)
 .ARM.exidx     0x0800cbd4        0x0 D:/STM32/arm-none-eabi-gcc/bin/../lib/gcc/arm-none-eabi/14.2.1/thumb/v7e-m/nofp\libg.a(libc_a-memchr.o)
                                  0x8 (size before relaxing)
 .ARM.exidx     0x0800cbd4        0x0 D:/STM32/arm-none-eabi-gcc/bin/../lib/gcc/arm-none-eabi/14.2.1/thumb/v7e-m/nofp\libg.a(libc_a-memcpy.o)
                                  0x8 (size before relaxing)
 .ARM.exidx.text.__udivmoddi4
                0x0800cbd4        0x0 D:/STM32/arm-none-eabi-gcc/bin/../lib/gcc/arm-none-eabi/14.2.1/thumb/v7e-m/nofp\libgcc.a(_udivmoddi4.o)
                                  0x8 (size before relaxing)
                0x0800cbd4                        __exidx_end = .
                0x0800cbd4                        . = ALIGN (0x4)

.preinit_array  0x0800cbd4        0x0
                0x0800cbd4                        . = ALIGN (0x4)
                0x0800cbd4                        PROVIDE (__preinit_array_start = .)
 *(.preinit_array*)
                0x0800cbd4                        PROVIDE (__preinit_array_end = .)
                0x0800cbd4                        . = ALIGN (0x4)

.init_array     0x0800cbd4        0x8
                0x0800cbd4                        . = ALIGN (0x4)
                0x0800cbd4                        PROVIDE (__init_array_start = .)
 *(SORT_BY_NAME(.init_array.*))
 .init_array.00000
                0x0800cbd4        0x4 D:/STM32/arm-none-eabi-gcc/bin/../lib/gcc/arm-none-eabi/14.2.1/thumb/v7e-m/nofp\libg.a(libc_a-__call_atexit.o)
 *(.init_array*)
 .init_array    0x0800cbd8        0x4 D:/STM32/arm-none-eabi-gcc/bin/../lib/gcc/arm-none-eabi/14.2.1/thumb/v7e-m/nofp/crtbegin.o
                0x0800cbdc                        PROVIDE (__init_array_end = .)
                0x0800cbdc                        . = ALIGN (0x4)

.fini_array     0x0800cbdc        0x4
                0x0800cbdc                        . = ALIGN (0x4)
                0x0800cbdc                        PROVIDE (__fini_array_start = .)
 *(SORT_BY_NAME(.fini_array.*))
 *(.fini_array*)
 .fini_array    0x0800cbdc        0x4 D:/STM32/arm-none-eabi-gcc/bin/../lib/gcc/arm-none-eabi/14.2.1/thumb/v7e-m/nofp/crtbegin.o
                0x0800cbe0                        PROVIDE (__fini_array_end = .)
                0x0800cbe0                        . = ALIGN (0x4)
                0x0800cbe0                        _sidata = LOADADDR (.data)

.rel.dyn        0x0800cbe0        0x0
 .rel.iplt      0x0800cbe0        0x0 D:/STM32/arm-none-eabi-gcc/bin/../lib/gcc/arm-none-eabi/14.2.1/thumb/v7e-m/nofp/crtbegin.o

.data           0x20000000      0x70c load address 0x0800cbe0
                0x20000000                        . = ALIGN (0x4)
                0x20000000                        _sdata = .
 *(.data)
 *(.data*)
 .data.P        0x20000000       0x10 CMakeFiles/LED.elf.dir/Core/Src/main.c.obj
                0x20000000                P
 .data.R_accel_meas
                0x20000010        0x4 CMakeFiles/LED.elf.dir/Core/Src/main.c.obj
                0x20000010                R_accel_meas
 .data.Q_bias   0x20000014        0x4 CMakeFiles/LED.elf.dir/Core/Src/main.c.obj
                0x20000014                Q_bias
 .data.Q_accel  0x20000018        0x4 CMakeFiles/LED.elf.dir/Core/Src/main.c.obj
                0x20000018                Q_accel
 .data.type     0x2000001c        0x4 CMakeFiles/LED.elf.dir/Core/Src/main.c.obj
                0x2000001c                type
 .data.dma_tx_complete
                0x20000020        0x1 CMakeFiles/LED.elf.dir/Core/Src/main.c.obj
                0x20000020                dma_tx_complete
 *fill*         0x20000021        0x3 
 .data.SystemCoreClock
                0x20000024        0x4 CMakeFiles/LED.elf.dir/Core/Src/system_stm32f4xx.c.obj
                0x20000024                SystemCoreClock
 .data.BMI088_GYRO_SEN
                0x20000028        0x4 CMakeFiles/LED.elf.dir/Core/application/BMI088driver.c.obj
                0x20000028                BMI088_GYRO_SEN
 .data.BMI088_ACCEL_SEN
                0x2000002c        0x4 CMakeFiles/LED.elf.dir/Core/application/BMI088driver.c.obj
                0x2000002c                BMI088_ACCEL_SEN
 .data.uwTickFreq
                0x20000030        0x1 CMakeFiles/LED.elf.dir/Drivers/STM32F4xx_HAL_Driver/Src/stm32f4xx_hal.c.obj
                0x20000030                uwTickFreq
 *fill*         0x20000031        0x3 
 .data.uwTickPrio
                0x20000034        0x4 CMakeFiles/LED.elf.dir/Drivers/STM32F4xx_HAL_Driver/Src/stm32f4xx_hal.c.obj
                0x20000034                uwTickPrio
 .data.__sglue  0x20000038        0xc D:/STM32/arm-none-eabi-gcc/bin/../lib/gcc/arm-none-eabi/14.2.1/thumb/v7e-m/nofp\libg.a(libc_a-findfp.o)
                0x20000038                __sglue
 .data._impure_ptr
                0x20000044        0x4 D:/STM32/arm-none-eabi-gcc/bin/../lib/gcc/arm-none-eabi/14.2.1/thumb/v7e-m/nofp\libg.a(libc_a-impure.o)
                0x20000044                _impure_ptr
 .data._impure_data
                0x20000048      0x140 D:/STM32/arm-none-eabi-gcc/bin/../lib/gcc/arm-none-eabi/14.2.1/thumb/v7e-m/nofp\libg.a(libc_a-impure.o)
                0x20000048                _impure_data
 .data.__atexit_recursive_mutex
                0x20000188        0x4 D:/STM32/arm-none-eabi-gcc/bin/../lib/gcc/arm-none-eabi/14.2.1/thumb/v7e-m/nofp\libg.a(libc_a-__call_atexit.o)
                0x20000188                __atexit_recursive_mutex
 .data.__malloc_sbrk_base
                0x2000018c        0x4 D:/STM32/arm-none-eabi-gcc/bin/../lib/gcc/arm-none-eabi/14.2.1/thumb/v7e-m/nofp\libg.a(libc_a-mallocr.o)
                0x2000018c                __malloc_sbrk_base
 .data.__malloc_trim_threshold
                0x20000190        0x4 D:/STM32/arm-none-eabi-gcc/bin/../lib/gcc/arm-none-eabi/14.2.1/thumb/v7e-m/nofp\libg.a(libc_a-mallocr.o)
                0x20000190                __malloc_trim_threshold
 *fill*         0x20000194        0x4 
 .data.__malloc_av_
                0x20000198      0x408 D:/STM32/arm-none-eabi-gcc/bin/../lib/gcc/arm-none-eabi/14.2.1/thumb/v7e-m/nofp\libg.a(libc_a-mallocr.o)
                0x20000198                __malloc_av_
 .data.__global_locale
                0x200005a0      0x16c D:/STM32/arm-none-eabi-gcc/bin/../lib/gcc/arm-none-eabi/14.2.1/thumb/v7e-m/nofp\libg.a(libc_a-locale.o)
                0x200005a0                __global_locale
 *(.RamFunc)
 *(.RamFunc*)
                0x2000070c                        . = ALIGN (0x4)
                0x2000070c                        _edata = .
                0x0800d2ec                        _siccmram = LOADADDR (.ccmram)

.tm_clone_table
                0x2000070c        0x0 load address 0x0800d2ec
 .tm_clone_table
                0x2000070c        0x0 D:/STM32/arm-none-eabi-gcc/bin/../lib/gcc/arm-none-eabi/14.2.1/thumb/v7e-m/nofp/crtbegin.o
 .tm_clone_table
                0x2000070c        0x0 D:/STM32/arm-none-eabi-gcc/bin/../lib/gcc/arm-none-eabi/14.2.1/thumb/v7e-m/nofp/crtend.o

.igot.plt       0x2000070c        0x0 load address 0x0800d2ec
 .igot.plt      0x2000070c        0x0 D:/STM32/arm-none-eabi-gcc/bin/../lib/gcc/arm-none-eabi/14.2.1/thumb/v7e-m/nofp/crtbegin.o

.ccmram         0x10000000        0x0 load address 0x0800d2ec
                0x10000000                        . = ALIGN (0x4)
                0x10000000                        _sccmram = .
 *(.ccmram)
 *(.ccmram*)
                0x10000000                        . = ALIGN (0x4)
                0x10000000                        _eccmram = .
                0x10000000                        . = ALIGN (0x4)

.bss            0x2000070c     0x17dc
                0x2000070c                        _sbss = .
                0x2000070c                        __bss_start__ = _sbss
 *(.bss)
 *(.bss*)
 .bss.completed.1
                0x2000070c        0x1 D:/STM32/arm-none-eabi-gcc/bin/../lib/gcc/arm-none-eabi/14.2.1/thumb/v7e-m/nofp/crtbegin.o
 *fill*         0x2000070d        0x3 
 .bss.object.0  0x20000710       0x18 D:/STM32/arm-none-eabi-gcc/bin/../lib/gcc/arm-none-eabi/14.2.1/thumb/v7e-m/nofp/crtbegin.o
 .bss.HAL_RCC_CAN1_CLK_ENABLED
                0x20000728        0x4 CMakeFiles/LED.elf.dir/Core/Src/can.c.obj
 .bss.hcan2     0x2000072c       0x28 CMakeFiles/LED.elf.dir/Core/Src/can.c.obj
                0x2000072c                hcan2
 .bss.hcan1     0x20000754       0x28 CMakeFiles/LED.elf.dir/Core/Src/can.c.obj
                0x20000754                hcan1
 .bss.last_interrupt_time.0
                0x2000077c        0x4 CMakeFiles/LED.elf.dir/Core/Src/main.c.obj
 .bss.target_wz
                0x20000780        0x4 CMakeFiles/LED.elf.dir/Core/Src/main.c.obj
                0x20000780                target_wz
 .bss.wz_pid    0x20000784       0x34 CMakeFiles/LED.elf.dir/Core/Src/main.c.obj
                0x20000784                wz_pid
 .bss.current_angle_err
                0x200007b8        0x4 CMakeFiles/LED.elf.dir/Core/Src/main.c.obj
                0x200007b8                current_angle_err
 .bss.current_angle
                0x200007bc        0x4 CMakeFiles/LED.elf.dir/Core/Src/main.c.obj
                0x200007bc                current_angle
 .bss.current_time_stamp
                0x200007c0        0x4 CMakeFiles/LED.elf.dir/Core/Src/main.c.obj
                0x200007c0                current_time_stamp
 .bss.previous_time_stamp
                0x200007c4        0x4 CMakeFiles/LED.elf.dir/Core/Src/main.c.obj
                0x200007c4                previous_time_stamp
 .bss.accel_z_bias
                0x200007c8        0x4 CMakeFiles/LED.elf.dir/Core/Src/main.c.obj
                0x200007c8                accel_z_bias
 .bss.accel_y_bias
                0x200007cc        0x4 CMakeFiles/LED.elf.dir/Core/Src/main.c.obj
                0x200007cc                accel_y_bias
 .bss.accel_x_bias
                0x200007d0        0x4 CMakeFiles/LED.elf.dir/Core/Src/main.c.obj
                0x200007d0                accel_x_bias
 .bss.accel_z_true
                0x200007d4        0x4 CMakeFiles/LED.elf.dir/Core/Src/main.c.obj
                0x200007d4                accel_z_true
 .bss.accel_y_true
                0x200007d8        0x4 CMakeFiles/LED.elf.dir/Core/Src/main.c.obj
                0x200007d8                accel_y_true
 .bss.accel_x_true
                0x200007dc        0x4 CMakeFiles/LED.elf.dir/Core/Src/main.c.obj
                0x200007dc                accel_x_true
 .bss.accel_z   0x200007e0        0x4 CMakeFiles/LED.elf.dir/Core/Src/main.c.obj
                0x200007e0                accel_z
 .bss.accel_y   0x200007e4        0x4 CMakeFiles/LED.elf.dir/Core/Src/main.c.obj
                0x200007e4                accel_y
 .bss.accel_x   0x200007e8        0x4 CMakeFiles/LED.elf.dir/Core/Src/main.c.obj
                0x200007e8                accel_x
 .bss.temp      0x200007ec        0x4 CMakeFiles/LED.elf.dir/Core/Src/main.c.obj
                0x200007ec                temp
 .bss.accel     0x200007f0        0xc CMakeFiles/LED.elf.dir/Core/Src/main.c.obj
                0x200007f0                accel
 .bss.gyro      0x200007fc        0xc CMakeFiles/LED.elf.dir/Core/Src/main.c.obj
                0x200007fc                gyro
 .bss.led_cnt   0x20000808        0x2 CMakeFiles/LED.elf.dir/Core/Src/main.c.obj
                0x20000808                led_cnt
 .bss.uart_queue_tail
                0x2000080a        0x2 CMakeFiles/LED.elf.dir/Core/Src/main.c.obj
                0x2000080a                uart_queue_tail
 .bss.uart_queue_head
                0x2000080c        0x2 CMakeFiles/LED.elf.dir/Core/Src/main.c.obj
                0x2000080c                uart_queue_head
 *fill*         0x2000080e        0x2 
 .bss.uart_queue
                0x20000810     0x1040 CMakeFiles/LED.elf.dir/Core/Src/main.c.obj
                0x20000810                uart_queue
 .bss.hdma_spi1_tx
                0x20001850       0x60 CMakeFiles/LED.elf.dir/Core/Src/spi.c.obj
                0x20001850                hdma_spi1_tx
 .bss.hdma_spi1_rx
                0x200018b0       0x60 CMakeFiles/LED.elf.dir/Core/Src/spi.c.obj
                0x200018b0                hdma_spi1_rx
 .bss.hspi1     0x20001910       0x58 CMakeFiles/LED.elf.dir/Core/Src/spi.c.obj
                0x20001910                hspi1
 .bss.__sbrk_heap_end
                0x20001968        0x4 CMakeFiles/LED.elf.dir/Core/Src/sysmem.c.obj
 .bss.htim10    0x2000196c       0x48 CMakeFiles/LED.elf.dir/Core/Src/tim.c.obj
                0x2000196c                htim10
 .bss.hdma_usart3_rx
                0x200019b4       0x60 CMakeFiles/LED.elf.dir/Core/Src/usart.c.obj
                0x200019b4                hdma_usart3_rx
 .bss.hdma_usart1_tx
                0x20001a14       0x60 CMakeFiles/LED.elf.dir/Core/Src/usart.c.obj
                0x20001a14                hdma_usart1_tx
 .bss.huart3    0x20001a74       0x48 CMakeFiles/LED.elf.dir/Core/Src/usart.c.obj
                0x20001a74                huart3
 .bss.huart1    0x20001abc       0x48 CMakeFiles/LED.elf.dir/Core/Src/usart.c.obj
                0x20001abc                huart1
 .bss.i.0       0x20001b04        0x1 CMakeFiles/LED.elf.dir/Core/application/CAN_receive.c.obj
 *fill*         0x20001b05        0x3 
 .bss.chassis_can_send_data
                0x20001b08        0x8 CMakeFiles/LED.elf.dir/Core/application/CAN_receive.c.obj
 .bss.chassis_tx_message
                0x20001b10       0x18 CMakeFiles/LED.elf.dir/Core/application/CAN_receive.c.obj
 .bss.motor_chassis
                0x20001b28       0x46 CMakeFiles/LED.elf.dir/Core/application/CAN_receive.c.obj
 .bss.this_time_rx_len.0
                0x20001b6e        0x2 CMakeFiles/LED.elf.dir/Core/application/remote_control.c.obj
 .bss.sbus_rx_buf
                0x20001b70       0x48 CMakeFiles/LED.elf.dir/Core/application/remote_control.c.obj
 .bss.rc_ctrl   0x20001bb8       0x16 CMakeFiles/LED.elf.dir/Core/application/remote_control.c.obj
                0x20001bb8                rc_ctrl
 *fill*         0x20001bce        0x2 
 .bss.uwTick    0x20001bd0        0x4 CMakeFiles/LED.elf.dir/Drivers/STM32F4xx_HAL_Driver/Src/stm32f4xx_hal.c.obj
                0x20001bd0                uwTick
 .bss.__sf      0x20001bd4      0x138 D:/STM32/arm-none-eabi-gcc/bin/../lib/gcc/arm-none-eabi/14.2.1/thumb/v7e-m/nofp\libg.a(libc_a-findfp.o)
                0x20001bd4                __sf
 .bss.__stdio_exit_handler
                0x20001d0c        0x4 D:/STM32/arm-none-eabi-gcc/bin/../lib/gcc/arm-none-eabi/14.2.1/thumb/v7e-m/nofp\libg.a(libc_a-findfp.o)
                0x20001d0c                __stdio_exit_handler
 .bss.errno     0x20001d10        0x4 D:/STM32/arm-none-eabi-gcc/bin/../lib/gcc/arm-none-eabi/14.2.1/thumb/v7e-m/nofp\libg.a(libc_a-reent.o)
                0x20001d10                errno
 .bss.__lock___malloc_recursive_mutex
                0x20001d14        0x1 D:/STM32/arm-none-eabi-gcc/bin/../lib/gcc/arm-none-eabi/14.2.1/thumb/v7e-m/nofp\libg.a(libc_a-lock.o)
                0x20001d14                __lock___malloc_recursive_mutex
 *fill*         0x20001d15        0x3 
 .bss.__lock___atexit_recursive_mutex
                0x20001d18        0x1 D:/STM32/arm-none-eabi-gcc/bin/../lib/gcc/arm-none-eabi/14.2.1/thumb/v7e-m/nofp\libg.a(libc_a-lock.o)
                0x20001d18                __lock___atexit_recursive_mutex
 *fill*         0x20001d19        0x3 
 .bss.__lock___sfp_recursive_mutex
                0x20001d1c        0x1 D:/STM32/arm-none-eabi-gcc/bin/../lib/gcc/arm-none-eabi/14.2.1/thumb/v7e-m/nofp\libg.a(libc_a-lock.o)
                0x20001d1c                __lock___sfp_recursive_mutex
 *fill*         0x20001d1d        0x3 
 .bss.__atexit  0x20001d20        0x4 D:/STM32/arm-none-eabi-gcc/bin/../lib/gcc/arm-none-eabi/14.2.1/thumb/v7e-m/nofp\libg.a(libc_a-__call_atexit.o)
                0x20001d20                __atexit
 .bss.__malloc_current_mallinfo
                0x20001d24       0x28 D:/STM32/arm-none-eabi-gcc/bin/../lib/gcc/arm-none-eabi/14.2.1/thumb/v7e-m/nofp\libg.a(libc_a-mallocr.o)
                0x20001d24                __malloc_current_mallinfo
 .bss.__malloc_max_total_mem
                0x20001d4c        0x4 D:/STM32/arm-none-eabi-gcc/bin/../lib/gcc/arm-none-eabi/14.2.1/thumb/v7e-m/nofp\libg.a(libc_a-mallocr.o)
                0x20001d4c                __malloc_max_total_mem
 .bss.__malloc_max_sbrked_mem
                0x20001d50        0x4 D:/STM32/arm-none-eabi-gcc/bin/../lib/gcc/arm-none-eabi/14.2.1/thumb/v7e-m/nofp\libg.a(libc_a-mallocr.o)
                0x20001d50                __malloc_max_sbrked_mem
 .bss.__malloc_top_pad
                0x20001d54        0x4 D:/STM32/arm-none-eabi-gcc/bin/../lib/gcc/arm-none-eabi/14.2.1/thumb/v7e-m/nofp\libg.a(libc_a-mallocr.o)
                0x20001d54                __malloc_top_pad
 .bss.__atexit0
                0x20001d58      0x190 D:/STM32/arm-none-eabi-gcc/bin/../lib/gcc/arm-none-eabi/14.2.1/thumb/v7e-m/nofp\libg.a(libc_a-__atexit.o)
                0x20001d58                __atexit0
 *(COMMON)
                0x20001ee8                        . = ALIGN (0x4)
                0x20001ee8                        _ebss = .
                0x20001ee8                        __bss_end__ = _ebss

._user_heap_stack
                0x20001ee8      0x600
                0x20001ee8                        . = ALIGN (0x8)
                [!provide]                        PROVIDE (end = .)
                0x20001ee8                        PROVIDE (_end = .)
                0x200020e8                        . = (. + _Min_Heap_Size)
 *fill*         0x20001ee8      0x200 
                0x200024e8                        . = (. + _Min_Stack_Size)
 *fill*         0x200020e8      0x400 
                0x200024e8                        . = ALIGN (0x8)

/DISCARD/
 libc.a(*)
 libm.a(*)
 libgcc.a(*)

.ARM.attributes
                0x00000000       0x2a
 *(.ARM.attributes)
 .ARM.attributes
                0x00000000       0x1e D:/STM32/arm-none-eabi-gcc/bin/../lib/gcc/arm-none-eabi/14.2.1/thumb/v7e-m/nofp/crti.o
 .ARM.attributes
                0x0000001e       0x2e D:/STM32/arm-none-eabi-gcc/bin/../lib/gcc/arm-none-eabi/14.2.1/thumb/v7e-m/nofp/crtbegin.o
 .ARM.attributes
                0x0000004c       0x2e CMakeFiles/LED.elf.dir/Core/Src/bsp_can.c.obj
 .ARM.attributes
                0x0000007a       0x2e CMakeFiles/LED.elf.dir/Core/Src/can.c.obj
 .ARM.attributes
                0x000000a8       0x2e CMakeFiles/LED.elf.dir/Core/Src/dma.c.obj
 .ARM.attributes
                0x000000d6       0x2e CMakeFiles/LED.elf.dir/Core/Src/gpio.c.obj
 .ARM.attributes
                0x00000104       0x2e CMakeFiles/LED.elf.dir/Core/Src/main.c.obj
 .ARM.attributes
                0x00000132       0x2e CMakeFiles/LED.elf.dir/Core/Src/pid.c.obj
 .ARM.attributes
                0x00000160       0x2e CMakeFiles/LED.elf.dir/Core/Src/spi.c.obj
 .ARM.attributes
                0x0000018e       0x2e CMakeFiles/LED.elf.dir/Core/Src/stm32f4xx_hal_msp.c.obj
 .ARM.attributes
                0x000001bc       0x2e CMakeFiles/LED.elf.dir/Core/Src/stm32f4xx_it.c.obj
 .ARM.attributes
                0x000001ea       0x2e CMakeFiles/LED.elf.dir/Core/Src/syscalls.c.obj
 .ARM.attributes
                0x00000218       0x2e CMakeFiles/LED.elf.dir/Core/Src/sysmem.c.obj
 .ARM.attributes
                0x00000246       0x2e CMakeFiles/LED.elf.dir/Core/Src/system_stm32f4xx.c.obj
 .ARM.attributes
                0x00000274       0x2e CMakeFiles/LED.elf.dir/Core/Src/tim.c.obj
 .ARM.attributes
                0x000002a2       0x2e CMakeFiles/LED.elf.dir/Core/Src/usart.c.obj
 .ARM.attributes
                0x000002d0       0x21 CMakeFiles/LED.elf.dir/Core/Startup/startup_stm32f407ighx.s.obj
 .ARM.attributes
                0x000002f1       0x2e CMakeFiles/LED.elf.dir/Core/application/BMI088Middleware.c.obj
 .ARM.attributes
                0x0000031f       0x2e CMakeFiles/LED.elf.dir/Core/application/BMI088driver.c.obj
 .ARM.attributes
                0x0000034d       0x2e CMakeFiles/LED.elf.dir/Core/application/CAN_receive.c.obj
 .ARM.attributes
                0x0000037b       0x2e CMakeFiles/LED.elf.dir/Core/application/bsp_rc.c.obj
 .ARM.attributes
                0x000003a9       0x2e CMakeFiles/LED.elf.dir/Core/application/remote_control.c.obj
 .ARM.attributes
                0x000003d7       0x2e CMakeFiles/LED.elf.dir/Drivers/STM32F4xx_HAL_Driver/Src/stm32f4xx_hal.c.obj
 .ARM.attributes
                0x00000405       0x2e CMakeFiles/LED.elf.dir/Drivers/STM32F4xx_HAL_Driver/Src/stm32f4xx_hal_can.c.obj
 .ARM.attributes
                0x00000433       0x2e CMakeFiles/LED.elf.dir/Drivers/STM32F4xx_HAL_Driver/Src/stm32f4xx_hal_cortex.c.obj
 .ARM.attributes
                0x00000461       0x2e CMakeFiles/LED.elf.dir/Drivers/STM32F4xx_HAL_Driver/Src/stm32f4xx_hal_dma.c.obj
 .ARM.attributes
                0x0000048f       0x2e CMakeFiles/LED.elf.dir/Drivers/STM32F4xx_HAL_Driver/Src/stm32f4xx_hal_gpio.c.obj
 .ARM.attributes
                0x000004bd       0x2e CMakeFiles/LED.elf.dir/Drivers/STM32F4xx_HAL_Driver/Src/stm32f4xx_hal_rcc.c.obj
 .ARM.attributes
                0x000004eb       0x2e CMakeFiles/LED.elf.dir/Drivers/STM32F4xx_HAL_Driver/Src/stm32f4xx_hal_spi.c.obj
 .ARM.attributes
                0x00000519       0x2e CMakeFiles/LED.elf.dir/Drivers/STM32F4xx_HAL_Driver/Src/stm32f4xx_hal_tim.c.obj
 .ARM.attributes
                0x00000547       0x2e CMakeFiles/LED.elf.dir/Drivers/STM32F4xx_HAL_Driver/Src/stm32f4xx_hal_uart.c.obj
 .ARM.attributes
                0x00000575       0x1e D:/STM32/arm-none-eabi-gcc/bin/../lib/gcc/arm-none-eabi/14.2.1/thumb/v7e-m/nofp\libgcc.a(_arm_addsubdf3.o)
 .ARM.attributes
                0x00000593       0x1e D:/STM32/arm-none-eabi-gcc/bin/../lib/gcc/arm-none-eabi/14.2.1/thumb/v7e-m/nofp\libgcc.a(_arm_muldivdf3.o)
 .ARM.attributes
                0x000005b1       0x1e D:/STM32/arm-none-eabi-gcc/bin/../lib/gcc/arm-none-eabi/14.2.1/thumb/v7e-m/nofp\libgcc.a(_arm_addsubsf3.o)
 .ARM.attributes
                0x000005cf       0x1e D:/STM32/arm-none-eabi-gcc/bin/../lib/gcc/arm-none-eabi/14.2.1/thumb/v7e-m/nofp\libgcc.a(_arm_muldivsf3.o)
 .ARM.attributes
                0x000005ed       0x1e D:/STM32/arm-none-eabi-gcc/bin/../lib/gcc/arm-none-eabi/14.2.1/thumb/v7e-m/nofp\libgcc.a(_arm_cmpsf2.o)
 .ARM.attributes
                0x0000060b       0x1e D:/STM32/arm-none-eabi-gcc/bin/../lib/gcc/arm-none-eabi/14.2.1/thumb/v7e-m/nofp\libgcc.a(_arm_fixsfsi.o)
 .ARM.attributes
                0x00000629       0x1e D:/STM32/arm-none-eabi-gcc/bin/../lib/gcc/arm-none-eabi/14.2.1/thumb/v7e-m/nofp\libgcc.a(_aeabi_uldivmod.o)
 .ARM.attributes
                0x00000647       0x2e D:/STM32/arm-none-eabi-gcc/bin/../lib/gcc/arm-none-eabi/14.2.1/thumb/v7e-m/nofp\libgcc.a(_udivmoddi4.o)
 .ARM.attributes
                0x00000675       0x1e D:/STM32/arm-none-eabi-gcc/bin/../lib/gcc/arm-none-eabi/14.2.1/thumb/v7e-m/nofp\libgcc.a(_dvmd_tls.o)
 .ARM.attributes
                0x00000693       0x2e D:/STM32/arm-none-eabi-gcc/bin/../lib/gcc/arm-none-eabi/14.2.1/thumb/v7e-m/nofp\libg.a(libc_a-findfp.o)
 .ARM.attributes
                0x000006c1       0x2e D:/STM32/arm-none-eabi-gcc/bin/../lib/gcc/arm-none-eabi/14.2.1/thumb/v7e-m/nofp\libg.a(libc_a-fwalk.o)
 .ARM.attributes
                0x000006ef       0x2e D:/STM32/arm-none-eabi-gcc/bin/../lib/gcc/arm-none-eabi/14.2.1/thumb/v7e-m/nofp\libg.a(libc_a-snprintf.o)
 .ARM.attributes
                0x0000071d       0x2e D:/STM32/arm-none-eabi-gcc/bin/../lib/gcc/arm-none-eabi/14.2.1/thumb/v7e-m/nofp\libg.a(libc_a-sprintf.o)
 .ARM.attributes
                0x0000074b       0x2e D:/STM32/arm-none-eabi-gcc/bin/../lib/gcc/arm-none-eabi/14.2.1/thumb/v7e-m/nofp\libg.a(libc_a-stdio.o)
 .ARM.attributes
                0x00000779       0x2e D:/STM32/arm-none-eabi-gcc/bin/../lib/gcc/arm-none-eabi/14.2.1/thumb/v7e-m/nofp\libg.a(libc_a-memset.o)
 .ARM.attributes
                0x000007a7       0x2e D:/STM32/arm-none-eabi-gcc/bin/../lib/gcc/arm-none-eabi/14.2.1/thumb/v7e-m/nofp\libg.a(libc_a-strncpy.o)
 .ARM.attributes
                0x000007d5       0x2e D:/STM32/arm-none-eabi-gcc/bin/../lib/gcc/arm-none-eabi/14.2.1/thumb/v7e-m/nofp\libg.a(libc_a-closer.o)
 .ARM.attributes
                0x00000803       0x2e D:/STM32/arm-none-eabi-gcc/bin/../lib/gcc/arm-none-eabi/14.2.1/thumb/v7e-m/nofp\libg.a(libc_a-reent.o)
 .ARM.attributes
                0x00000831       0x2e D:/STM32/arm-none-eabi-gcc/bin/../lib/gcc/arm-none-eabi/14.2.1/thumb/v7e-m/nofp\libg.a(libc_a-impure.o)
 .ARM.attributes
                0x0000085f       0x2e D:/STM32/arm-none-eabi-gcc/bin/../lib/gcc/arm-none-eabi/14.2.1/thumb/v7e-m/nofp\libg.a(libc_a-lseekr.o)
 .ARM.attributes
                0x0000088d       0x2e D:/STM32/arm-none-eabi-gcc/bin/../lib/gcc/arm-none-eabi/14.2.1/thumb/v7e-m/nofp\libg.a(libc_a-readr.o)
 .ARM.attributes
                0x000008bb       0x2e D:/STM32/arm-none-eabi-gcc/bin/../lib/gcc/arm-none-eabi/14.2.1/thumb/v7e-m/nofp\libg.a(libc_a-writer.o)
 .ARM.attributes
                0x000008e9       0x2e D:/STM32/arm-none-eabi-gcc/bin/../lib/gcc/arm-none-eabi/14.2.1/thumb/v7e-m/nofp\libg.a(libc_a-errno.o)
 .ARM.attributes
                0x00000917       0x2e D:/STM32/arm-none-eabi-gcc/bin/../lib/gcc/arm-none-eabi/14.2.1/thumb/v7e-m/nofp\libg.a(libc_a-init.o)
 .ARM.attributes
                0x00000945       0x2e D:/STM32/arm-none-eabi-gcc/bin/../lib/gcc/arm-none-eabi/14.2.1/thumb/v7e-m/nofp\libg.a(libc_a-lock.o)
 .ARM.attributes
                0x00000973       0x1c D:/STM32/arm-none-eabi-gcc/bin/../lib/gcc/arm-none-eabi/14.2.1/thumb/v7e-m/nofp\libg.a(libc_a-strlen.o)
 .ARM.attributes
                0x0000098f       0x2e D:/STM32/arm-none-eabi-gcc/bin/../lib/gcc/arm-none-eabi/14.2.1/thumb/v7e-m/nofp\libg.a(libc_a-__call_atexit.o)
 .ARM.attributes
                0x000009bd       0x2e D:/STM32/arm-none-eabi-gcc/bin/../lib/gcc/arm-none-eabi/14.2.1/thumb/v7e-m/nofp\libg.a(libc_a-atexit.o)
 .ARM.attributes
                0x000009eb       0x2e D:/STM32/arm-none-eabi-gcc/bin/../lib/gcc/arm-none-eabi/14.2.1/thumb/v7e-m/nofp\libg.a(libc_a-freer.o)
 .ARM.attributes
                0x00000a19       0x2e D:/STM32/arm-none-eabi-gcc/bin/../lib/gcc/arm-none-eabi/14.2.1/thumb/v7e-m/nofp\libg.a(libc_a-mallocr.o)
 .ARM.attributes
                0x00000a47       0x2e D:/STM32/arm-none-eabi-gcc/bin/../lib/gcc/arm-none-eabi/14.2.1/thumb/v7e-m/nofp\libg.a(libc_a-mlock.o)
 .ARM.attributes
                0x00000a75       0x2e D:/STM32/arm-none-eabi-gcc/bin/../lib/gcc/arm-none-eabi/14.2.1/thumb/v7e-m/nofp\libg.a(libc_a-svfprintf.o)
 .ARM.attributes
                0x00000aa3       0x2e D:/STM32/arm-none-eabi-gcc/bin/../lib/gcc/arm-none-eabi/14.2.1/thumb/v7e-m/nofp\libg.a(libc_a-ssprint_r.o)
 .ARM.attributes
                0x00000ad1       0x2e D:/STM32/arm-none-eabi-gcc/bin/../lib/gcc/arm-none-eabi/14.2.1/thumb/v7e-m/nofp\libg.a(libc_a-fclose.o)
 .ARM.attributes
                0x00000aff       0x2e D:/STM32/arm-none-eabi-gcc/bin/../lib/gcc/arm-none-eabi/14.2.1/thumb/v7e-m/nofp\libg.a(libc_a-fflush.o)
 .ARM.attributes