Archive member included to satisfy reference by file (symbol)

D:/STM32/arm-none-eabi-gcc/bin/../lib/gcc/arm-none-eabi/14.2.1/thumb/v7e-m/nofp\libgcc.a(_arm_muldf3.o)
                              CMakeFiles/LED.elf.dir/Core/Src/main.c.obj (__aeabi_dmul)
D:/STM32/arm-none-eabi-gcc/bin/../lib/gcc/arm-none-eabi/14.2.1/thumb/v7e-m/nofp\libgcc.a(_arm_mulsf3.o)
                              CMakeFiles/LED.elf.dir/Core/Src/pid.c.obj (__aeabi_fmul)
D:/STM32/arm-none-eabi-gcc/bin/../lib/gcc/arm-none-eabi/14.2.1/thumb/v7e-m/nofp\libgcc.a(_arm_addsubdf3.o)
                              CMakeFiles/LED.elf.dir/Core/Src/main.c.obj (__aeabi_dsub)
D:/STM32/arm-none-eabi-gcc/bin/../lib/gcc/arm-none-eabi/14.2.1/thumb/v7e-m/nofp\libgcc.a(_arm_muldivdf3.o)
                              CMakeFiles/LED.elf.dir/Core/Src/main.c.obj (__aeabi_ddiv)
D:/STM32/arm-none-eabi-gcc/bin/../lib/gcc/arm-none-eabi/14.2.1/thumb/v7e-m/nofp\libgcc.a(_arm_addsubsf3.o)
                              CMakeFiles/LED.elf.dir/Core/Src/pid.c.obj (__aeabi_fsub)
D:/STM32/arm-none-eabi-gcc/bin/../lib/gcc/arm-none-eabi/14.2.1/thumb/v7e-m/nofp\libgcc.a(_arm_cmpsf2.o)
                              CMakeFiles/LED.elf.dir/Core/Src/pid.c.obj (__aeabi_fcmplt)
D:/STM32/arm-none-eabi-gcc/bin/../lib/gcc/arm-none-eabi/14.2.1/thumb/v7e-m/nofp\libgcc.a(_aeabi_uldivmod.o)
                              CMakeFiles/LED.elf.dir/Drivers/STM32F4xx_HAL_Driver/Src/stm32f4xx_hal_rcc.c.obj (__aeabi_uldivmod)
D:/STM32/arm-none-eabi-gcc/bin/../lib/gcc/arm-none-eabi/14.2.1/thumb/v7e-m/nofp\libgcc.a(_udivmoddi4.o)
                              D:/STM32/arm-none-eabi-gcc/bin/../lib/gcc/arm-none-eabi/14.2.1/thumb/v7e-m/nofp\libgcc.a(_aeabi_uldivmod.o) (__udivmoddi4)
D:/STM32/arm-none-eabi-gcc/bin/../lib/gcc/arm-none-eabi/14.2.1/thumb/v7e-m/nofp\libgcc.a(_dvmd_tls.o)
                              D:/STM32/arm-none-eabi-gcc/bin/../lib/gcc/arm-none-eabi/14.2.1/thumb/v7e-m/nofp\libgcc.a(_aeabi_uldivmod.o) (__aeabi_ldiv0)
D:/STM32/arm-none-eabi-gcc/bin/../lib/gcc/arm-none-eabi/14.2.1/thumb/v7e-m/nofp\libg.a(libc_a-exit.o)
                              D:/STM32/arm-none-eabi-gcc/bin/../lib/gcc/arm-none-eabi/14.2.1/thumb/v7e-m/nofp/crt0.o (exit)
D:/STM32/arm-none-eabi-gcc/bin/../lib/gcc/arm-none-eabi/14.2.1/thumb/v7e-m/nofp\libg.a(libc_a-findfp.o)
                              D:/STM32/arm-none-eabi-gcc/bin/../lib/gcc/arm-none-eabi/14.2.1/thumb/v7e-m/nofp\libg.a(libc_a-exit.o) (__stdio_exit_handler)
D:/STM32/arm-none-eabi-gcc/bin/../lib/gcc/arm-none-eabi/14.2.1/thumb/v7e-m/nofp\libg.a(libc_a-fwalk.o)
                              D:/STM32/arm-none-eabi-gcc/bin/../lib/gcc/arm-none-eabi/14.2.1/thumb/v7e-m/nofp\libg.a(libc_a-findfp.o) (_fwalk_sglue)
D:/STM32/arm-none-eabi-gcc/bin/../lib/gcc/arm-none-eabi/14.2.1/thumb/v7e-m/nofp\libg.a(libc_a-stdio.o)
                              D:/STM32/arm-none-eabi-gcc/bin/../lib/gcc/arm-none-eabi/14.2.1/thumb/v7e-m/nofp\libg.a(libc_a-findfp.o) (__sread)
D:/STM32/arm-none-eabi-gcc/bin/../lib/gcc/arm-none-eabi/14.2.1/thumb/v7e-m/nofp\libg.a(libc_a-memset.o)
                              D:/STM32/arm-none-eabi-gcc/bin/../lib/gcc/arm-none-eabi/14.2.1/thumb/v7e-m/nofp/crt0.o (memset)
D:/STM32/arm-none-eabi-gcc/bin/../lib/gcc/arm-none-eabi/14.2.1/thumb/v7e-m/nofp\libg.a(libc_a-closer.o)
                              D:/STM32/arm-none-eabi-gcc/bin/../lib/gcc/arm-none-eabi/14.2.1/thumb/v7e-m/nofp\libg.a(libc_a-stdio.o) (_close_r)
D:/STM32/arm-none-eabi-gcc/bin/../lib/gcc/arm-none-eabi/14.2.1/thumb/v7e-m/nofp\libg.a(libc_a-reent.o)
                              D:/STM32/arm-none-eabi-gcc/bin/../lib/gcc/arm-none-eabi/14.2.1/thumb/v7e-m/nofp\libg.a(libc_a-closer.o) (errno)
D:/STM32/arm-none-eabi-gcc/bin/../lib/gcc/arm-none-eabi/14.2.1/thumb/v7e-m/nofp\libg.a(libc_a-impure.o)
                              D:/STM32/arm-none-eabi-gcc/bin/../lib/gcc/arm-none-eabi/14.2.1/thumb/v7e-m/nofp\libg.a(libc_a-reent.o) (_impure_ptr)
D:/STM32/arm-none-eabi-gcc/bin/../lib/gcc/arm-none-eabi/14.2.1/thumb/v7e-m/nofp\libg.a(libc_a-lseekr.o)
                              D:/STM32/arm-none-eabi-gcc/bin/../lib/gcc/arm-none-eabi/14.2.1/thumb/v7e-m/nofp\libg.a(libc_a-stdio.o) (_lseek_r)
D:/STM32/arm-none-eabi-gcc/bin/../lib/gcc/arm-none-eabi/14.2.1/thumb/v7e-m/nofp\libg.a(libc_a-readr.o)
                              D:/STM32/arm-none-eabi-gcc/bin/../lib/gcc/arm-none-eabi/14.2.1/thumb/v7e-m/nofp\libg.a(libc_a-stdio.o) (_read_r)
D:/STM32/arm-none-eabi-gcc/bin/../lib/gcc/arm-none-eabi/14.2.1/thumb/v7e-m/nofp\libg.a(libc_a-writer.o)
                              D:/STM32/arm-none-eabi-gcc/bin/../lib/gcc/arm-none-eabi/14.2.1/thumb/v7e-m/nofp\libg.a(libc_a-stdio.o) (_write_r)
D:/STM32/arm-none-eabi-gcc/bin/../lib/gcc/arm-none-eabi/14.2.1/thumb/v7e-m/nofp\libg.a(libc_a-errno.o)
                              CMakeFiles/LED.elf.dir/Core/Src/syscalls.c.obj (__errno)
D:/STM32/arm-none-eabi-gcc/bin/../lib/gcc/arm-none-eabi/14.2.1/thumb/v7e-m/nofp\libg.a(libc_a-init.o)
[...]
Memory Configuration

Name             Origin             Length             Attributes
CCMRAM           0x10000000         0x00010000         xrw
RAM              0x20000000         0x00020000         xrw
FLASH            0x08000000         0x00100000         xr
*default*        0x00000000         0xffffffff

Linker script and memory map

LOAD D:/STM32/arm-none-eabi-gcc/bin/../lib/gcc/arm-none-eabi/14.2.1/thumb/v7e-m/nofp/crti.o
LOAD D:/STM32/arm-none-eabi-gcc/bin/../lib/gcc/arm-none-eabi/14.2.1/thumb/v7e-m/nofp/crtbegin.o
LOAD D:/STM32/arm-none-eabi-gcc/bin/../lib/gcc/arm-none-eabi/14.2.1/thumb/v7e-m/nofp/crt0.o
LOAD CMakeFiles/LED.elf.dir/Core/Src/bsp_can.c.obj
LOAD CMakeFiles/LED.elf.dir/Core/Src/can.c.obj
LOAD CMakeFiles/LED.elf.dir/Core/Src/dma.c.obj
LOAD CMakeFiles/LED.elf.dir/Core/Src/gpio.c.obj
LOAD CMakeFiles/LED.elf.dir/Core/Src/main.c.obj
LOAD CMakeFiles/LED.elf.dir/Core/Src/pid.c.obj
LOAD CMakeFiles/LED.elf.dir/Core/Src/stm32f4xx_hal_msp.c.obj
LOAD CMakeFiles/LED.elf.dir/Core/Src/stm32f4xx_it.c.obj
LOAD CMakeFiles/LED.elf.dir/Core/Src/syscalls.c.obj
LOAD CMakeFiles/LED.elf.dir/Core/Src/sysmem.c.obj
LOAD CMakeFiles/LED.elf.dir/Core/Src/system_stm32f4xx.c.obj
LOAD CMakeFiles/LED.elf.dir/Core/Src/usart.c.obj
LOAD CMakeFiles/LED.elf.dir/Core/Startup/startup_stm32f407ighx.s.obj
LOAD CMakeFiles/LED.elf.dir/Drivers/STM32F4xx_HAL_Driver/Src/stm32f4xx_hal.c.obj
LOAD CMakeFiles/LED.elf.dir/Drivers/STM32F4xx_HAL_Driver/Src/stm32f4xx_hal_can.c.obj
LOAD CMakeFiles/LED.elf.dir/Drivers/STM32F4xx_HAL_Driver/Src/stm32f4xx_hal_cortex.c.obj
LOAD CMakeFiles/LED.elf.dir/Drivers/STM32F4xx_HAL_Driver/Src/stm32f4xx_hal_dma.c.obj
LOAD CMakeFiles/LED.elf.dir/Drivers/STM32F4xx_HAL_Driver/Src/stm32f4xx_hal_dma_ex.c.obj
LOAD CMakeFiles/LED.elf.dir/Drivers/STM32F4xx_HAL_Driver/Src/stm32f4xx_hal_exti.c.obj
LOAD CMakeFiles/LED.elf.dir/Drivers/STM32F4xx_HAL_Driver/Src/stm32f4xx_hal_flash.c.obj
LOAD CMakeFiles/LED.elf.dir/Drivers/STM32F4xx_HAL_Driver/Src/stm32f4xx_hal_flash_ex.c.obj
LOAD CMakeFiles/LED.elf.dir/Drivers/STM32F4xx_HAL_Driver/Src/stm32f4xx_hal_flash_ramfunc.c.obj
LOAD CMakeFiles/LED.elf.dir/Drivers/STM32F4xx_HAL_Driver/Src/stm32f4xx_hal_gpio.c.obj
LOAD CMakeFiles/LED.elf.dir/Drivers/STM32F4xx_HAL_Driver/Src/stm32f4xx_hal_pwr.c.obj
LOAD CMakeFiles/LED.elf.dir/Drivers/STM32F4xx_HAL_Driver/Src/stm32f4xx_hal_pwr_ex.c.obj
LOAD CMakeFiles/LED.elf.dir/Drivers/STM32F4xx_HAL_Driver/Src/stm32f4xx_hal_rcc.c.obj
LOAD CMakeFiles/LED.elf.dir/Drivers/STM32F4xx_HAL_Driver/Src/stm32f4xx_hal_rcc_ex.c.obj
LOAD CMakeFiles/LED.elf.dir/Drivers/STM32F4xx_HAL_Driver/Src/stm32f4xx_hal_tim.c.obj
LOAD CMakeFiles/LED.elf.dir/Drivers/STM32F4xx_HAL_Driver/Src/stm32f4xx_hal_tim_ex.c.obj
LOAD CMakeFiles/LED.elf.dir/Drivers/STM32F4xx_HAL_Driver/Src/stm32f4xx_hal_uart.c.obj
START GROUP
LOAD D:/STM32/arm-none-eabi-gcc/bin/../lib/gcc/arm-none-eabi/14.2.1/thumb/v7e-m/nofp\libgcc.a
LOAD D:/STM32/arm-none-eabi-gcc/bin/../lib/gcc/arm-none-eabi/14.2.1/thumb/v7e-m/nofp\libg.a
LOAD D:/STM32/arm-none-eabi-gcc/bin/../lib/gcc/arm-none-eabi/14.2.1/thumb/v7e-m/nofp\libc.a
END GROUP
LOAD D:/STM32/arm-none-eabi-gcc/bin/../lib/gcc/arm-none-eabi/14.2.1/thumb/v7e-m/nofp/crtend.o
LOAD D:/STM32/arm-none-eabi-gcc/bin/../lib/gcc/arm-none-eabi/14.2.1/thumb/v7e-m/nofp/crtn.o
                0x20020000                        _estack = (ORIGIN (RAM) + LENGTH (RAM))
                0x00000200                        _Min_Heap_Size = 0x200
                0x00000400                        _Min_Stack_Size = 0x400

.isr_vector     0x08000000      0x188
                0x08000000                        . = ALIGN (0x4)
 *(.isr_vector)
 .isr_vector    0x08000000      0x188 CMakeFiles/LED.elf.dir/Core/Startup/startup_stm32f407ighx.s.obj
                0x08000000                g_pfnVectors
                0x08000188                        . = ALIGN (0x4)

.text           0x08000188     0x22dc
                0x08000188                        . = ALIGN (0x4)
 *(.text)
 .text          0x08000188       0x30 D:/STM32/arm-none-eabi-gcc/bin/../lib/gcc/arm-none-eabi/14.2.1/thumb/v7e-m/nofp\libgcc.a(_aeabi_uldivmod.o)
                0x08000188                __aeabi_uldivmod
 .text          0x080001b8        0x4 D:/STM32/arm-none-eabi-gcc/bin/../lib/gcc/arm-none-eabi/14.2.1/thumb/v7e-m/nofp\libgcc.a(_dvmd_tls.o)
                0x080001b8                __aeabi_idiv0
                0x080001b8                __aeabi_ldiv0
 *(.text*)
 .text.deregister_tm_clones
                0x080001bc       0x1c D:/STM32/arm-none-eabi-gcc/bin/../lib/gcc/arm-none-eabi/14.2.1/thumb/v7e-m/nofp/crtbegin.o
 .text.register_tm_clones
                0x080001d8       0x24 D:/STM32/arm-none-eabi-gcc/bin/../lib/gcc/arm-none-eabi/14.2.1/thumb/v7e-m/nofp/crtbegin.o
 .text.__do_global_dtors_aux
                0x080001fc       0x28 D:/STM32/arm-none-eabi-gcc/bin/../lib/gcc/arm-none-eabi/14.2.1/thumb/v7e-m/nofp/crtbegin.o
 .text.frame_dummy
                0x08000224       0x24 D:/STM32/arm-none-eabi-gcc/bin/../lib/gcc/arm-none-eabi/14.2.1/thumb/v7e-m/nofp/crtbegin.o
 .text.can_filter_init
                0x08000248       0x58 CMakeFiles/LED.elf.dir/Core/Src/bsp_can.c.obj
                0x08000248                can_filter_init
 .text.HAL_CAN_RxFifo0MsgPendingCallback
                0x080002a0       0x64 CMakeFiles/LED.elf.dir/Core/Src/bsp_can.c.obj
                0x080002a0                HAL_CAN_RxFifo0MsgPendingCallback
 .text.set_GM6020_motor_voltage
                0x08000304       0x3c CMakeFiles/LED.elf.dir/Core/Src/bsp_can.c.obj
                0x08000304                set_GM6020_motor_voltage
 .text.MX_CAN1_Init
                0x08000340       0x40 CMakeFiles/LED.elf.dir/Core/Src/can.c.obj
                0x08000340                MX_CAN1_Init
 .text.HAL_CAN_MspInit
                0x08000380       0x7c CMakeFiles/LED.elf.dir/Core/Src/can.c.obj
                0x08000380                HAL_CAN_MspInit
 .text.MX_DMA_Init
                0x080003fc       0x34 CMakeFiles/LED.elf.dir/Core/Src/dma.c.obj
                0x080003fc                MX_DMA_Init
 .text.MX_GPIO_Init
                0x08000430       0xa8 CMakeFiles/LED.elf.dir/Core/Src/gpio.c.obj
                0x08000430                MX_GPIO_Init
 .text.Error_Handler
                0x080004d8        0x4 CMakeFiles/LED.elf.dir/Core/Src/main.c.obj
                0x080004d8                Error_Handler
 .text.SystemClock_Config
                0x080004dc       0xbc CMakeFiles/LED.elf.dir/Core/Src/main.c.obj
                0x080004dc                SystemClock_Config
 .text.main     0x08000598       0x6c CMakeFiles/LED.elf.dir/Core/Src/main.c.obj
                0x08000598                main
 .text.pid_init
                0x08000604       0x10 CMakeFiles/LED.elf.dir/Core/Src/pid.c.obj
                0x08000604                pid_init
 .text.gimbal_PID_init
                0x08000614       0x48 CMakeFiles/LED.elf.dir/Core/Src/pid.c.obj
                0x08000614                gimbal_PID_init
 .text.HAL_MspInit
                0x0800065c       0x38 CMakeFiles/LED.elf.dir/Core/Src/stm32f4xx_hal_msp.c.obj
                0x0800065c                HAL_MspInit
 .text.NMI_Handler
                0x08000694        0x2 CMakeFiles/LED.elf.dir/Core/Src/stm32f4xx_it.c.obj
                0x08000694                NMI_Handler
 .text.HardFault_Handler
                0x08000696        0x2 CMakeFiles/LED.elf.dir/Core/Src/stm32f4xx_it.c.obj
                0x08000696                HardFault_Handler
 .text.MemManage_Handler
                0x08000698        0x2 CMakeFiles/LED.elf.dir/Core/Src/stm32f4xx_it.c.obj
                0x08000698                MemManage_Handler
 .text.BusFault_Handler
                0x0800069a        0x2 CMakeFiles/LED.elf.dir/Core/Src/stm32f4xx_it.c.obj
                0x0800069a                BusFault_Handler
 .text.UsageFault_Handler
                0x0800069c        0x2 CMakeFiles/LED.elf.dir/Core/Src/stm32f4xx_it.c.obj
                0x0800069c                UsageFault_Handler
 .text.SVC_Handler
                0x0800069e        0x2 CMakeFiles/LED.elf.dir/Core/Src/stm32f4xx_it.c.obj
                0x0800069e                SVC_Handler
 .text.DebugMon_Handler
                0x080006a0        0x2 CMakeFiles/LED.elf.dir/Core/Src/stm32f4xx_it.c.obj
                0x080006a0                DebugMon_Handler
 .text.PendSV_Handler
                0x080006a2        0x2 CMakeFiles/LED.elf.dir/Core/Src/stm32f4xx_it.c.obj
                0x080006a2                PendSV_Handler
 .text.SysTick_Handler
                0x080006a4        0x8 CMakeFiles/LED.elf.dir/Core/Src/stm32f4xx_it.c.obj
                0x080006a4                SysTick_Handler
 .text.DMA1_Stream1_IRQHandler
                0x080006ac       0x10 CMakeFiles/LED.elf.dir/Core/Src/stm32f4xx_it.c.obj
                0x080006ac                DMA1_Stream1_IRQHandler
 .text.CAN1_RX0_IRQHandler
                0x080006bc       0x10 CMakeFiles/LED.elf.dir/Core/Src/stm32f4xx_it.c.obj
                0x080006bc                CAN1_RX0_IRQHandler
 .text.SystemInit
                0x080006cc        0x2 CMakeFiles/LED.elf.dir/Core/Src/system_stm32f4xx.c.obj
                0x080006cc                SystemInit
 *fill*         0x080006ce        0x2 
 .text.MX_USART1_UART_Init
                0x080006d0       0x34 CMakeFiles/LED.elf.dir/Core/Src/usart.c.obj
                0x080006d0                MX_USART1_UART_Init
 .text.MX_USART3_UART_Init
                0x08000704       0x38 CMakeFiles/LED.elf.dir/Core/Src/usart.c.obj
                0x08000704                MX_USART3_UART_Init
 .text.HAL_UART_MspInit
                0x0800073c      0x140 CMakeFiles/LED.elf.dir/Core/Src/usart.c.obj
                0x0800073c                HAL_UART_MspInit
 .text.Reset_Handler
                0x0800087c       0x50 CMakeFiles/LED.elf.dir/Core/Startup/startup_stm32f407ighx.s.obj
                0x0800087c                Reset_Handler
 .text.Default_Handler
                0x080008cc        0x2 CMakeFiles/LED.elf.dir/Core/Startup/startup_stm32f407ighx.s.obj
                0x080008cc                RTC_Alarm_IRQHandler
                0x080008cc                HASH_RNG_IRQHandler
                0x080008cc                EXTI2_IRQHandler
                0x080008cc                TIM8_CC_IRQHandler
                0x080008cc                TIM1_CC_IRQHandler
                0x080008cc                DMA2_Stream5_IRQHandler
                0x080008cc                DMA1_Stream5_IRQHandler
                0x080008cc                PVD_IRQHandler
                0x080008cc                SDIO_IRQHandler
                0x080008cc                TAMP_STAMP_IRQHandler
                0x080008cc                CAN2_RX1_IRQHandler
                0x080008cc                EXTI3_IRQHandler
                0x080008cc                TIM8_TRG_COM_TIM14_IRQHandler
                0x080008cc                TIM1_UP_TIM10_IRQHandler
                0x080008cc                TIM8_UP_TIM13_IRQHandler
                0x080008cc                I2C3_ER_IRQHandler
                0x080008cc                EXTI0_IRQHandler
                0x080008cc                I2C2_EV_IRQHandler
                0x080008cc                DMA1_Stream2_IRQHandler
                0x080008cc                FPU_IRQHandler
                0x080008cc                OTG_HS_WKUP_IRQHandler
                0x080008cc                CAN2_SCE_IRQHandler
                0x080008cc                DMA2_Stream2_IRQHandler
                0x080008cc                SPI1_IRQHandler
                0x080008cc                TIM6_DAC_IRQHandler
                0x080008cc                TIM1_BRK_TIM9_IRQHandler
                0x080008cc                DCMI_IRQHandler
                0x080008cc                CAN2_RX0_IRQHandler
                0x080008cc                DMA2_Stream3_IRQHandler
                0x080008cc                USART6_IRQHandler
                0x080008cc                USART3_IRQHandler
                0x080008cc                CAN1_RX1_IRQHandler
                0x080008cc                UART5_IRQHandler
                0x080008cc                DMA2_Stream0_IRQHandler
                0x080008cc                TIM4_IRQHandler
                0x080008cc                I2C1_EV_IRQHandler
                0x080008cc                DMA1_Stream6_IRQHandler
                0x080008cc                UART4_IRQHandler
                0x080008cc                TIM3_IRQHandler
                0x080008cc                RCC_IRQHandler
                0x080008cc                TIM8_BRK_TIM12_IRQHandler
                0x080008cc                Default_Handler
                0x080008cc                EXTI15_10_IRQHandler
                0x080008cc                ADC_IRQHandler
                0x080008cc                DMA1_Stream7_IRQHandler
                0x080008cc                TIM7_IRQHandler
                0x080008cc                CAN2_TX_IRQHandler
                0x080008cc                TIM5_IRQHandler
                0x080008cc                DMA2_Stream7_IRQHandler
                0x080008cc                I2C3_EV_IRQHandler
                0x080008cc                EXTI9_5_IRQHandler
                0x080008cc                RTC_WKUP_IRQHandler
                0x080008cc                ETH_WKUP_IRQHandler
                0x080008cc                SPI2_IRQHandler
                0x080008cc                OTG_HS_EP1_IN_IRQHandler
                0x080008cc                DMA1_Stream0_IRQHandler
                0x080008cc                CAN1_TX_IRQHandler
                0x080008cc                EXTI4_IRQHandler
                0x080008cc                FSMC_IRQHandler
                0x080008cc                ETH_IRQHandler
                0x080008cc                OTG_HS_EP1_OUT_IRQHandler
                0x080008cc                WWDG_IRQHandler
                0x080008cc                TIM2_IRQHandler
                0x080008cc                OTG_FS_WKUP_IRQHandler
                0x080008cc                TIM1_TRG_COM_TIM11_IRQHandler
                0x080008cc                OTG_HS_IRQHandler
                0x080008cc                EXTI1_IRQHandler
                0x080008cc                USART2_IRQHandler
                0x080008cc                I2C2_ER_IRQHandler
                0x080008cc                DMA2_Stream1_IRQHandler
                0x080008cc                CAN1_SCE_IRQHandler
                0x080008cc                FLASH_IRQHandler
                0x080008cc                DMA2_Stream4_IRQHandler
                0x080008cc                USART1_IRQHandler
                0x080008cc                OTG_FS_IRQHandler
                0x080008cc                SPI3_IRQHandler
                0x080008cc                DMA1_Stream4_IRQHandler
                0x080008cc                I2C1_ER_IRQHandler
                0x080008cc                DMA2_Stream6_IRQHandler
                0x080008cc                DMA1_Stream3_IRQHandler
 *fill*         0x080008ce        0x2 
 .text.HAL_InitTick
                0x080008d0       0x4c CMakeFiles/LED.elf.dir/Drivers/STM32F4xx_HAL_Driver/Src/stm32f4xx_hal.c.obj
                0x080008d0                HAL_InitTick
 .text.HAL_Init
                0x0800091c       0x34 CMakeFiles/LED.elf.dir/Drivers/STM32F4xx_HAL_Driver/Src/stm32f4xx_hal.c.obj
                0x0800091c                HAL_Init
 .text.HAL_IncTick
                0x08000950       0x18 CMakeFiles/LED.elf.dir/Drivers/STM32F4xx_HAL_Driver/Src/stm32f4xx_hal.c.obj
                0x08000950                HAL_IncTick
 .text.HAL_GetTick
                0x08000968        0xc CMakeFiles/LED.elf.dir/Drivers/STM32F4xx_HAL_Driver/Src/stm32f4xx_hal.c.obj
                0x08000968                HAL_GetTick
 .text.HAL_Delay
                0x08000974       0x28 CMakeFiles/LED.elf.dir/Drivers/STM32F4xx_HAL_Driver/Src/stm32f4xx_hal.c.obj
                0x08000974                HAL_Delay
 .text.HAL_CAN_Init
                0x0800099c      0x14c CMakeFiles/LED.elf.dir/Drivers/STM32F4xx_HAL_Driver/Src/stm32f4xx_hal_can.c.obj
                0x0800099c                HAL_CAN_Init
 .text.HAL_CAN_ConfigFilter
                0x08000ae8      0x13c CMakeFiles/LED.elf.dir/Drivers/STM32F4xx_HAL_Driver/Src/stm32f4xx_hal_can.c.obj
                0x08000ae8                HAL_CAN_ConfigFilter
 .text.HAL_CAN_Start
                0x08000c24       0x5c CMakeFiles/LED.elf.dir/Drivers/STM32F4xx_HAL_Driver/Src/stm32f4xx_hal_can.c.obj
                0x08000c24                HAL_CAN_Start
 .text.HAL_CAN_AddTxMessage
                0x08000c80       0xea CMakeFiles/LED.elf.dir/Drivers/STM32F4xx_HAL_Driver/Src/stm32f4xx_hal_can.c.obj
                0x08000c80                HAL_CAN_AddTxMessage
 .text.HAL_CAN_GetRxMessage
                0x08000d6a      0x16a CMakeFiles/LED.elf.dir/Drivers/STM32F4xx_HAL_Driver/Src/stm32f4xx_hal_can.c.obj
                0x08000d6a                HAL_CAN_GetRxMessage
 .text.HAL_CAN_ActivateNotification
                0x08000ed4       0x24 CMakeFiles/LED.elf.dir/Drivers/STM32F4xx_HAL_Driver/Src/stm32f4xx_hal_can.c.obj
                0x08000ed4                HAL_CAN_ActivateNotification
 .text.HAL_CAN_TxMailbox0CompleteCallback
                0x08000ef8        0x2 CMakeFiles/LED.elf.dir/Drivers/STM32F4xx_HAL_Driver/Src/stm32f4xx_hal_can.c.obj
                0x08000ef8                HAL_CAN_TxMailbox0CompleteCallback
 .text.HAL_CAN_TxMailbox1CompleteCallback
                0x08000efa        0x2 CMakeFiles/LED.elf.dir/Drivers/STM32F4xx_HAL_Driver/Src/stm32f4xx_hal_can.c.obj
                0x08000efa                HAL_CAN_TxMailbox1CompleteCallback
 .text.HAL_CAN_TxMailbox2CompleteCallback
                0x08000efc        0x2 CMakeFiles/LED.elf.dir/Drivers/STM32F4xx_HAL_Driver/Src/stm32f4xx_hal_can.c.obj
                0x08000efc                HAL_CAN_TxMailbox2CompleteCallback
 .text.HAL_CAN_TxMailbox0AbortCallback
                0x08000efe        0x2 CMakeFiles/LED.elf.dir/Drivers/STM32F4xx_HAL_Driver/Src/stm32f4xx_hal_can.c.obj
                0x08000efe                HAL_CAN_TxMailbox0AbortCallback
 .text.HAL_CAN_TxMailbox1AbortCallback
                0x08000f00        0x2 CMakeFiles/LED.elf.dir/Drivers/STM32F4xx_HAL_Driver/Src/stm32f4xx_hal_can.c.obj
                0x08000f00                HAL_CAN_TxMailbox1AbortCallback
 .text.HAL_CAN_TxMailbox2AbortCallback
                0x08000f02        0x2 CMakeFiles/LED.elf.dir/Drivers/STM32F4xx_HAL_Driver/Src/stm32f4xx_hal_can.c.obj
                0x08000f02                HAL_CAN_TxMailbox2AbortCallback
 .text.HAL_CAN_RxFifo0FullCallback
                0x08000f04        0x2 CMakeFiles/LED.elf.dir/Drivers/STM32F4xx_HAL_Driver/Src/stm32f4xx_hal_can.c.obj
                0x08000f04                HAL_CAN_RxFifo0FullCallback
 .text.HAL_CAN_RxFifo1MsgPendingCallback
                0x08000f06        0x2 CMakeFiles/LED.elf.dir/Drivers/STM32F4xx_HAL_Driver/Src/stm32f4xx_hal_can.c.obj
                0x08000f06                HAL_CAN_RxFifo1MsgPendingCallback
 .text.HAL_CAN_RxFifo1FullCallback
                0x08000f08        0x2 CMakeFiles/LED.elf.dir/Drivers/STM32F4xx_HAL_Driver/Src/stm32f4xx_hal_can.c.obj
                0x08000f08                HAL_CAN_RxFifo1FullCallback
 .text.HAL_CAN_SleepCallback
                0x08000f0a        0x2 CMakeFiles/LED.elf.dir/Drivers/STM32F4xx_HAL_Driver/Src/stm32f4xx_hal_can.c.obj
                0x08000f0a                HAL_CAN_SleepCallback
 .text.HAL_CAN_WakeUpFromRxMsgCallback
                0x08000f0c        0x2 CMakeFiles/LED.elf.dir/Drivers/STM32F4xx_HAL_Driver/Src/stm32f4xx_hal_can.c.obj
                0x08000f0c                HAL_CAN_WakeUpFromRxMsgCallback
 .text.HAL_CAN_ErrorCallback
                0x08000f0e        0x2 CMakeFiles/LED.elf.dir/Drivers/STM32F4xx_HAL_Driver/Src/stm32f4xx_hal_can.c.obj
                0x08000f0e                HAL_CAN_ErrorCallback
 .text.HAL_CAN_IRQHandler
                0x08000f10      0x250 CMakeFiles/LED.elf.dir/Drivers/STM32F4xx_HAL_Driver/Src/stm32f4xx_hal_can.c.obj
                0x08000f10                HAL_CAN_IRQHandler
 .text.__NVIC_EnableIRQ
                0x08001160       0x1c CMakeFiles/LED.elf.dir/Drivers/STM32F4xx_HAL_Driver/Src/stm32f4xx_hal_cortex.c.obj
 .text.__NVIC_SetPriority
                0x0800117c       0x28 CMakeFiles/LED.elf.dir/Drivers/STM32F4xx_HAL_Driver/Src/stm32f4xx_hal_cortex.c.obj
 .text.NVIC_EncodePriority
                0x080011a4       0x3e CMakeFiles/LED.elf.dir/Drivers/STM32F4xx_HAL_Driver/Src/stm32f4xx_hal_cortex.c.obj
 *fill*         0x080011e2        0x2 
 .text.HAL_NVIC_SetPriorityGrouping
                0x080011e4       0x24 CMakeFiles/LED.elf.dir/Drivers/STM32F4xx_HAL_Driver/Src/stm32f4xx_hal_cortex.c.obj
                0x080011e4                HAL_NVIC_SetPriorityGrouping
 .text.HAL_NVIC_SetPriority
                0x08001208       0x20 CMakeFiles/LED.elf.dir/Drivers/STM32F4xx_HAL_Driver/Src/stm32f4xx_hal_cortex.c.obj
                0x08001208                HAL_NVIC_SetPriority
 .text.HAL_NVIC_EnableIRQ
                0x08001228        0x8 CMakeFiles/LED.elf.dir/Drivers/STM32F4xx_HAL_Driver/Src/stm32f4xx_hal_cortex.c.obj
                0x08001228                HAL_NVIC_EnableIRQ
 .text.HAL_SYSTICK_Config
                0x08001230       0x28 CMakeFiles/LED.elf.dir/Drivers/STM32F4xx_HAL_Driver/Src/stm32f4xx_hal_cortex.c.obj
                0x08001230                HAL_SYSTICK_Config
 .text.DMA_CalcBaseAndBitshift
                0x08001258       0x38 CMakeFiles/LED.elf.dir/Drivers/STM32F4xx_HAL_Driver/Src/stm32f4xx_hal_dma.c.obj
 .text.DMA_CheckFifoParam
                0x08001290       0x8e CMakeFiles/LED.elf.dir/Drivers/STM32F4xx_HAL_Driver/Src/stm32f4xx_hal_dma.c.obj
 *fill*         0x0800131e        0x2 
 .text.HAL_DMA_Init
                0x08001320       0xcc CMakeFiles/LED.elf.dir/Drivers/STM32F4xx_HAL_Driver/Src/stm32f4xx_hal_dma.c.obj
                0x08001320                HAL_DMA_Init
 .text.HAL_DMA_IRQHandler
                0x080013ec      0x1dc CMakeFiles/LED.elf.dir/Drivers/STM32F4xx_HAL_Driver/Src/stm32f4xx_hal_dma.c.obj
                0x080013ec                HAL_DMA_IRQHandler
 .text.HAL_GPIO_Init
                0x080015c8      0x1f4 CMakeFiles/LED.elf.dir/Drivers/STM32F4xx_HAL_Driver/Src/stm32f4xx_hal_gpio.c.obj
                0x080015c8                HAL_GPIO_Init
 .text.HAL_GPIO_WritePin
                0x080017bc        0xc CMakeFiles/LED.elf.dir/Drivers/STM32F4xx_HAL_Driver/Src/stm32f4xx_hal_gpio.c.obj
                0x080017bc                HAL_GPIO_WritePin
 .text.HAL_GPIO_TogglePin
                0x080017c8       0x12 CMakeFiles/LED.elf.dir/Drivers/STM32F4xx_HAL_Driver/Src/stm32f4xx_hal_gpio.c.obj
                0x080017c8                HAL_GPIO_TogglePin
 *fill*         0x080017da        0x2 
 .text.HAL_RCC_OscConfig
                0x080017dc      0x3f8 CMakeFiles/LED.elf.dir/Drivers/STM32F4xx_HAL_Driver/Src/stm32f4xx_hal_rcc.c.obj
                0x080017dc                HAL_RCC_OscConfig
 .text.HAL_RCC_GetSysClockFreq
                0x08001bd4       0xa8 CMakeFiles/LED.elf.dir/Drivers/STM32F4xx_HAL_Driver/Src/stm32f4xx_hal_rcc.c.obj
                0x08001bd4                HAL_RCC_GetSysClockFreq
 .text.HAL_RCC_ClockConfig
                0x08001c7c      0x160 CMakeFiles/LED.elf.dir/Drivers/STM32F4xx_HAL_Driver/Src/stm32f4xx_hal_rcc.c.obj
                0x08001c7c                HAL_RCC_ClockConfig
 .text.HAL_RCC_GetHCLKFreq
                0x08001ddc        0xc CMakeFiles/LED.elf.dir/Drivers/STM32F4xx_HAL_Driver/Src/stm32f4xx_hal_rcc.c.obj
                0x08001ddc                HAL_RCC_GetHCLKFreq
 .text.HAL_RCC_GetPCLK1Freq
                0x08001de8       0x20 CMakeFiles/LED.elf.dir/Drivers/STM32F4xx_HAL_Driver/Src/stm32f4xx_hal_rcc.c.obj
                0x08001de8                HAL_RCC_GetPCLK1Freq
 .text.HAL_RCC_GetPCLK2Freq
                0x08001e08       0x20 CMakeFiles/LED.elf.dir/Drivers/STM32F4xx_HAL_Driver/Src/stm32f4xx_hal_rcc.c.obj
                0x08001e08                HAL_RCC_GetPCLK2Freq
 .text.UART_SetConfig
                0x08001e28      0x110 CMakeFiles/LED.elf.dir/Drivers/STM32F4xx_HAL_Driver/Src/stm32f4xx_hal_uart.c.obj
 .text.HAL_UART_Init
                0x08001f38       0x60 CMakeFiles/LED.elf.dir/Drivers/STM32F4xx_HAL_Driver/Src/stm32f4xx_hal_uart.c.obj
                0x08001f38                HAL_UART_Init
 .text.__udivmoddi4
                0x08001f98      0x2f8 D:/STM32/arm-none-eabi-gcc/bin/../lib/gcc/arm-none-eabi/14.2.1/thumb/v7e-m/nofp\libgcc.a(_udivmoddi4.o)
                0x08001f98                __udivmoddi4
 .text.memset   0x08002290       0x9c D:/STM32/arm-none-eabi-gcc/bin/../lib/gcc/arm-none-eabi/14.2.1/thumb/v7e-m/nofp\libg.a(libc_a-memset.o)
                0x08002290                memset
 .text.__libc_init_array
                0x0800232c       0x50 D:/STM32/arm-none-eabi-gcc/bin/../lib/gcc/arm-none-eabi/14.2.1/thumb/v7e-m/nofp\libg.a(libc_a-init.o)
                0x0800232c                __libc_init_array
 .text.__retarget_lock_acquire_recursive
                0x0800237c        0x4 D:/STM32/arm-none-eabi-gcc/bin/../lib/gcc/arm-none-eabi/14.2.1/thumb/v7e-m/nofp\libg.a(libc_a-lock.o)
                0x0800237c                __retarget_lock_acquire_recursive
 .text.__retarget_lock_release_recursive
                0x08002380        0x4 D:/STM32/arm-none-eabi-gcc/bin/../lib/gcc/arm-none-eabi/14.2.1/thumb/v7e-m/nofp\libg.a(libc_a-lock.o)
                0x08002380                __retarget_lock_release_recursive
 .text.startup.register_fini
                0x08002384       0x14 D:/STM32/arm-none-eabi-gcc/bin/../lib/gcc/arm-none-eabi/14.2.1/thumb/v7e-m/nofp\libg.a(libc_a-__call_atexit.o)
 .text.atexit   0x08002398        0xc D:/STM32/arm-none-eabi-gcc/bin/../lib/gcc/arm-none-eabi/14.2.1/thumb/v7e-m/nofp\libg.a(libc_a-atexit.o)
                0x08002398                atexit
 .text.__libc_fini_array
                0x080023a4       0x28 D:/STM32/arm-none-eabi-gcc/bin/../lib/gcc/arm-none-eabi/14.2.1/thumb/v7e-m/nofp\libg.a(libc_a-fini.o)
                0x080023a4                __libc_fini_array
 .text.__register_exitproc
                0x080023cc       0x80 D:/STM32/arm-none-eabi-gcc/bin/../lib/gcc/arm-none-eabi/14.2.1/thumb/v7e-m/nofp\libg.a(libc_a-__atexit.o)
                0x080023cc                __register_exitproc
 *(.glue_7)
 .glue_7        0x0800244c        0x0 linker stubs
 *(.glue_7t)
 .glue_7t       0x0800244c        0x0 linker stubs
 *(.eh_frame)
 .eh_frame      0x0800244c        0x0 D:/STM32/arm-none-eabi-gcc/bin/../lib/gcc/arm-none-eabi/14.2.1/thumb/v7e-m/nofp/crtbegin.o
 *(.init)
 .init          0x0800244c        0x4 D:/STM32/arm-none-eabi-gcc/bin/../lib/gcc/arm-none-eabi/14.2.1/thumb/v7e-m/nofp/crti.o
                0x0800244c                _init
 .init          0x08002450        0x8 D:/STM32/arm-none-eabi-gcc/bin/../lib/gcc/arm-none-eabi/14.2.1/thumb/v7e-m/nofp/crtn.o
 *(.fini)
 .fini          0x08002458        0x4 D:/STM32/arm-none-eabi-gcc/bin/../lib/gcc/arm-none-eabi/14.2.1/thumb/v7e-m/nofp/crti.o
                0x08002458                _fini
 .fini          0x0800245c        0x8 D:/STM32/arm-none-eabi-gcc/bin/../lib/gcc/arm-none-eabi/14.2.1/thumb/v7e-m/nofp/crtn.o
                0x08002464                        . = ALIGN (0x4)
                0x08002464                        _etext = .

.vfp11_veneer   0x08002464        0x0
 .vfp11_veneer  0x08002464        0x0 linker stubs

.v4_bx          0x08002464        0x0
 .v4_bx         0x08002464        0x0 linker stubs

.iplt           0x08002464        0x0
 .iplt          0x08002464        0x0 D:/STM32/arm-none-eabi-gcc/bin/../lib/gcc/arm-none-eabi/14.2.1/thumb/v7e-m/nofp/crtbegin.o

.rodata         0x08002464       0x20
                0x08002464                        . = ALIGN (0x4)
 *(.rodata)
 *(.rodata*)
 .rodata.APBPrescTable
                0x08002464        0x8 CMakeFiles/LED.elf.dir/Core/Src/system_stm32f4xx.c.obj
                0x08002464                APBPrescTable
 .rodata.AHBPrescTable
                0x0800246c       0x10 CMakeFiles/LED.elf.dir/Core/Src/system_stm32f4xx.c.obj
                0x0800246c                AHBPrescTable
 .rodata.flagBitshiftOffset.0
                0x0800247c        0x8 CMakeFiles/LED.elf.dir/Drivers/STM32F4xx_HAL_Driver/Src/stm32f4xx_hal_dma.c.obj
                0x08002484                        . = ALIGN (0x4)

.ARM.extab      0x08002484        0x0
                0x08002484                        . = ALIGN (0x4)
 *(.ARM.extab* .gnu.linkonce.armextab.*)
                0x08002484                        . = ALIGN (0x4)

.ARM            0x08002484        0x8
                0x08002484                        . = ALIGN (0x4)
                0x08002484                        __exidx_start = .
 *(.ARM.exidx*)
 .ARM.exidx.text.__udivmoddi4
                0x08002484        0x8 D:/STM32/arm-none-eabi-gcc/bin/../lib/gcc/arm-none-eabi/14.2.1/thumb/v7e-m/nofp\libgcc.a(_udivmoddi4.o)
                0x0800248c                        __exidx_end = .
                0x0800248c                        . = ALIGN (0x4)

.preinit_array  0x0800248c        0x0
                0x0800248c                        . = ALIGN (0x4)
                0x0800248c                        PROVIDE (__preinit_array_start = .)
 *(.preinit_array*)
                0x0800248c                        PROVIDE (__preinit_array_end = .)
                0x0800248c                        . = ALIGN (0x4)

.init_array     0x0800248c        0x8
                0x0800248c                        . = ALIGN (0x4)
                0x0800248c                        PROVIDE (__init_array_start = .)
 *(SORT_BY_NAME(.init_array.*))
 .init_array.00000
                0x0800248c        0x4 D:/STM32/arm-none-eabi-gcc/bin/../lib/gcc/arm-none-eabi/14.2.1/thumb/v7e-m/nofp\libg.a(libc_a-__call_atexit.o)
 *(.init_array*)
 .init_array    0x08002490        0x4 D:/STM32/arm-none-eabi-gcc/bin/../lib/gcc/arm-none-eabi/14.2.1/thumb/v7e-m/nofp/crtbegin.o
                0x08002494                        PROVIDE (__init_array_end = .)
                0x08002494                        . = ALIGN (0x4)

.fini_array     0x08002494        0x4
                0x08002494                        . = ALIGN (0x4)
                0x08002494                        PROVIDE (__fini_array_start = .)
 *(SORT_BY_NAME(.fini_array.*))
 *(.fini_array*)
 .fini_array    0x08002494        0x4 D:/STM32/arm-none-eabi-gcc/bin/../lib/gcc/arm-none-eabi/14.2.1/thumb/v7e-m/nofp/crtbegin.o
                0x08002498                        PROVIDE (__fini_array_end = .)
                0x08002498                        . = ALIGN (0x4)
                0x08002498                        _sidata = LOADADDR (.data)

.rel.dyn        0x08002498        0x0
 .rel.iplt      0x08002498        0x0 D:/STM32/arm-none-eabi-gcc/bin/../lib/gcc/arm-none-eabi/14.2.1/thumb/v7e-m/nofp/crtbegin.o

.data           0x20000000       0x10 load address 0x08002498
                0x20000000                        . = ALIGN (0x4)
                0x20000000                        _sdata = .
 *(.data)
 *(.data*)
 .data.SystemCoreClock
                0x20000000        0x4 CMakeFiles/LED.elf.dir/Core/Src/system_stm32f4xx.c.obj
                0x20000000                SystemCoreClock
 .data.uwTickFreq
                0x20000004        0x1 CMakeFiles/LED.elf.dir/Drivers/STM32F4xx_HAL_Driver/Src/stm32f4xx_hal.c.obj
                0x20000004                uwTickFreq
 *fill*         0x20000005        0x3 
 .data.uwTickPrio
                0x20000008        0x4 CMakeFiles/LED.elf.dir/Drivers/STM32F4xx_HAL_Driver/Src/stm32f4xx_hal.c.obj
                0x20000008                uwTickPrio
 .data.__atexit_recursive_mutex
                0x2000000c        0x4 D:/STM32/arm-none-eabi-gcc/bin/../lib/gcc/arm-none-eabi/14.2.1/thumb/v7e-m/nofp\libg.a(libc_a-__call_atexit.o)
                0x2000000c                __atexit_recursive_mutex
 *(.RamFunc)
 *(.RamFunc*)
                0x20000010                        . = ALIGN (0x4)
                0x20000010                        _edata = .
                0x080024a8                        _siccmram = LOADADDR (.ccmram)

.tm_clone_table
                0x20000010        0x0 load address 0x080024a8
 .tm_clone_table
                0x20000010        0x0 D:/STM32/arm-none-eabi-gcc/bin/../lib/gcc/arm-none-eabi/14.2.1/thumb/v7e-m/nofp/crtbegin.o
 .tm_clone_table
                0x20000010        0x0 D:/STM32/arm-none-eabi-gcc/bin/../lib/gcc/arm-none-eabi/14.2.1/thumb/v7e-m/nofp/crtend.o

.igot.plt       0x20000010        0x0 load address 0x080024a8
 .igot.plt      0x20000010        0x0 D:/STM32/arm-none-eabi-gcc/bin/../lib/gcc/arm-none-eabi/14.2.1/thumb/v7e-m/nofp/crtbegin.o

.ccmram         0x10000000        0x0 load address 0x080024a8
                0x10000000                        . = ALIGN (0x4)
                0x10000000                        _sccmram = .
 *(.ccmram)
 *(.ccmram*)
                0x10000000                        . = ALIGN (0x4)
                0x10000000                        _eccmram = .
                0x10000000                        . = ALIGN (0x4)

.bss            0x20000010      0x348
                0x20000010                        _sbss = .
                0x20000010                        __bss_start__ = _sbss
 *(.bss)
 *(.bss*)
 .bss.completed.1
                0x20000010        0x1 D:/STM32/arm-none-eabi-gcc/bin/../lib/gcc/arm-none-eabi/14.2.1/thumb/v7e-m/nofp/crtbegin.o
 *fill*         0x20000011        0x3 
 .bss.object.0  0x20000014       0x18 D:/STM32/arm-none-eabi-gcc/bin/../lib/gcc/arm-none-eabi/14.2.1/thumb/v7e-m/nofp/crtbegin.o
 .bss.motor_yaw_info
                0x2000002c        0xc CMakeFiles/LED.elf.dir/Core/Src/bsp_can.c.obj
                0x2000002c                motor_yaw_info
 .bss.hcan1     0x20000038       0x28 CMakeFiles/LED.elf.dir/Core/Src/can.c.obj
                0x20000038                hcan1
 .bss.led_cnt   0x20000060        0x2 CMakeFiles/LED.elf.dir/Core/Src/main.c.obj
                0x20000060                led_cnt
 *fill*         0x20000062        0x2 
 .bss.gimbal_yaw_angle_pid
                0x20000064       0x34 CMakeFiles/LED.elf.dir/Core/Src/pid.c.obj
                0x20000064                gimbal_yaw_angle_pid
 .bss.gimbal_yaw_speed_pid
                0x20000098       0x34 CMakeFiles/LED.elf.dir/Core/Src/pid.c.obj
                0x20000098                gimbal_yaw_speed_pid
 .bss.hdma_usart3_rx
                0x200000cc       0x60 CMakeFiles/LED.elf.dir/Core/Src/usart.c.obj
                0x200000cc                hdma_usart3_rx
 .bss.huart3    0x2000012c       0x48 CMakeFiles/LED.elf.dir/Core/Src/usart.c.obj
                0x2000012c                huart3
 .bss.huart1    0x20000174       0x48 CMakeFiles/LED.elf.dir/Core/Src/usart.c.obj
                0x20000174                huart1
 .bss.uwTick    0x200001bc        0x4 CMakeFiles/LED.elf.dir/Drivers/STM32F4xx_HAL_Driver/Src/stm32f4xx_hal.c.obj
                0x200001bc                uwTick
 .bss.__lock___atexit_recursive_mutex
                0x200001c0        0x1 D:/STM32/arm-none-eabi-gcc/bin/../lib/gcc/arm-none-eabi/14.2.1/thumb/v7e-m/nofp\libg.a(libc_a-lock.o)
                0x200001c0                __lock___atexit_recursive_mutex
 *fill*         0x200001c1        0x3 
 .bss.__atexit  0x200001c4        0x4 D:/STM32/arm-none-eabi-gcc/bin/../lib/gcc/arm-none-eabi/14.2.1/thumb/v7e-m/nofp\libg.a(libc_a-__call_atexit.o)
                0x200001c4                __atexit
 .bss.__atexit0
                0x200001c8      0x190 D:/STM32/arm-none-eabi-gcc/bin/../lib/gcc/arm-none-eabi/14.2.1/thumb/v7e-m/nofp\libg.a(libc_a-__atexit.o)
                0x200001c8                __atexit0
 *(COMMON)
                0x20000358                        . = ALIGN (0x4)
                0x20000358                        _ebss = .
                0x20000358                        __bss_end__ = _ebss

._user_heap_stack
                0x20000358      0x600
                0x20000358                        . = ALIGN (0x8)
                [!provide]                        PROVIDE (end = .)
                0x20000358                        PROVIDE (_end = .)
                0x20000558                        . = (. + _Min_Heap_Size)
 *fill*         0x20000358      0x200 
                0x20000958                        . = (. + _Min_Stack_Size)
 *fill*         0x20000558      0x400 
                0x20000958                        . = ALIGN (0x8)

/DISCARD/
 libc.a(*)
 libm.a(*)
 libgcc.a(*)

.ARM.attributes
                0x00000000       0x2a
 *(.ARM.attributes)
 .ARM.attributes
                0x00000000       0x1e D:/STM32/arm-none-eabi-gcc/bin/../lib/gcc/arm-none-eabi/14.2.1/thumb/v7e-m/nofp/crti.o
 .ARM.attributes
                0x0000001e       0x2e D:/STM32/arm-none-eabi-gcc/bin/../lib/gcc/arm-none-eabi/14.2.1/thumb/v7e-m/nofp/crtbegin.o
 .ARM.attributes
                0x0000004c       0x2e CMakeFiles/LED.elf.dir/Core/Src/bsp_can.c.obj
 .ARM.attributes
                0x0000007a       0x2e CMakeFiles/LED.elf.dir/Core/Src/can.c.obj
 .ARM.attributes
                0x000000a8       0x2e CMakeFiles/LED.elf.dir/Core/Src/dma.c.obj
 .ARM.attributes
                0x000000d6       0x2e CMakeFiles/LED.elf.dir/Core/Src/gpio.c.obj
 .ARM.attributes
                0x00000104       0x2e CMakeFiles/LED.elf.dir/Core/Src/main.c.obj
 .ARM.attributes
                0x00000132       0x2e CMakeFiles/LED.elf.dir/Core/Src/pid.c.obj
 .ARM.attributes
                0x00000160       0x2e CMakeFiles/LED.elf.dir/Core/Src/stm32f4xx_hal_msp.c.obj
 .ARM.attributes
                0x0000018e       0x2e CMakeFiles/LED.elf.dir/Core/Src/stm32f4xx_it.c.obj
 .ARM.attributes
                0x000001bc       0x2e CMakeFiles/LED.elf.dir/Core/Src/system_stm32f4xx.c.obj
 .ARM.attributes
                0x000001ea       0x2e CMakeFiles/LED.elf.dir/Core/Src/usart.c.obj
 .ARM.attributes
                0x00000218       0x21 CMakeFiles/LED.elf.dir/Core/Startup/startup_stm32f407ighx.s.obj
 .ARM.attributes
                0x00000239       0x2e CMakeFiles/LED.elf.dir/Drivers/STM32F4xx_HAL_Driver/Src/stm32f4xx_hal.c.obj
 .ARM.attributes
                0x00000267       0x2e CMakeFiles/LED.elf.dir/Drivers/STM32F4xx_HAL_Driver/Src/stm32f4xx_hal_can.c.obj
 .ARM.attributes
                0x00000295       0x2e CMakeFiles/LED.elf.dir/Drivers/STM32F4xx_HAL_Driver/Src/stm32f4xx_hal_cortex.c.obj
 .ARM.attributes
                0x000002c3       0x2e CMakeFiles/LED.elf.dir/Drivers/STM32F4xx_HAL_Driver/Src/stm32f4xx_hal_dma.c.obj
 .ARM.attributes
                0x000002f1       0x2e CMakeFiles/LED.elf.dir/Drivers/STM32F4xx_HAL_Driver/Src/stm32f4xx_hal_gpio.c.obj
 .ARM.attributes
                0x0000031f       0x2e CMakeFiles/LED.elf.dir/Drivers/STM32F4xx_HAL_Driver/Src/stm32f4xx_hal_rcc.c.obj
 .ARM.attributes
                0x0000034d       0x2e CMakeFiles/LED.elf.dir/Drivers/STM32F4xx_HAL_Driver/Src/stm32f4xx_hal_uart.c.obj
 .ARM.attributes
                0x0000037b       0x1e D:/STM32/arm-none-eabi-gcc/bin/../lib/gcc/arm-none-eabi/14.2.1/thumb/v7e-m/nofp\libgcc.a(_aeabi_uldivmod.o)
 .ARM.attributes
                0x00000399       0x2e D:/STM32/arm-none-eabi-gcc/bin/../lib/gcc/arm-none-eabi/14.2.1/thumb/v7e-m/nofp\libgcc.a(_udivmoddi4.o)
 .ARM.attributes
                0x000003c7       0x1e D:/STM32/arm-none-eabi-gcc/bin/../lib/gcc/arm-none-eabi/14.2.1/thumb/v7e-m/nofp\libgcc.a(_dvmd_tls.o)
 .ARM.attributes
                0x000003e5       0x2e D:/STM32/arm-none-eabi-gcc/bin/../lib/gcc/arm-none-eabi/14.2.1/thumb/v7e-m/nofp\libg.a(libc_a-memset.o)
 .ARM.attributes
                0x00000413       0x2e D:/STM32/arm-none-eabi-gcc/bin/../lib/gcc/arm-none-eabi/14.2.1/thumb/v7e-m/nofp\libg.a(libc_a-init.o)
 .ARM.attributes
                0x00000441       0x2e D:/STM32/arm-none-eabi-gcc/bin/../lib/gcc/arm-none-eabi/14.2.1/thumb/v7e-m/nofp\libg.a(libc_a-lock.o)
 .ARM.attributes
                0x0000046f       0x2e D:/STM32/arm-none-eabi-gcc/bin/../lib/gcc/arm-none-eabi/14.2.1/thumb/v7e-m/nofp\libg.a(libc_a-__call_atexit.o)
 .ARM.attributes
                0x0000049d       0x2e D:/STM32/arm-none-eabi-gcc/bin/../lib/gcc/arm-none-eabi/14.2.1/thumb/v7e-m/nofp\libg.a(libc_a-atexit.o)
 .ARM.attributes
                0x000004cb       0x2e D:/STM32/arm-none-eabi-gcc/bin/../lib/gcc/arm-none-eabi/14.2.1/thumb/v7e-m/nofp\libg.a(libc_a-fini.o)
 .ARM.attributes
                0x000004f9       0x2e D:/STM32/arm-none-eabi-gcc/bin/../lib/gcc/arm-none-eabi/14.2.1/thumb/v7e-m/nofp\libg.a(libc_a-__atexit.o)
 .ARM.attributes
                0x00000527       0x2e D:/STM32/arm-none-eabi-gcc/bin/../lib/gcc/arm-none-eabi/14.2.1/thumb/v7e-m/nofp/crtend.o
 .ARM.attributes
                0x00000555       0x1e D:/STM32/arm-none-eabi-gcc/bin/../lib/gcc/arm-none-eabi/14.2.1/thumb/v7e-m/nofp/crtn.o
OUTPUT(LED.elf elf32-littlearm)
LOAD linker stubs
LOAD D:/STM32/arm-none-eabi-gcc/bin/../lib/gcc/arm-none-eabi/14.2.1/thumb/v7e-m/nofp\libc.a
LOAD D:/STM32/arm-none-eabi-gcc/bin/../lib/gcc/arm-none-eabi/14.2.1/thumb/v7e-m/nofp\libm.a
LOAD D:/STM32/arm-none-eabi-gcc/bin/../lib/gcc/arm-none-eabi/14.2.1/thumb/v7e-m/nofp\libgcc.a

.debug_info     0x00000000     0xcd6a
 .debug_info    0x00000000      0x901 CMakeFiles/LED.elf.dir/Core/Src/bsp_can.c.obj
 .debug_info    0x00000901      0xb5c CMakeFiles/LED.elf.dir/Core/Src/can.c.obj
 .debug_info    0x0000145d      0x4d9 CMakeFiles/LED.elf.dir/Core/Src/dma.c.obj
 .debug_info    0x00001936      0x45c CMakeFiles/LED.elf.dir/Core/Src/gpio.c.obj
 .debug_info    0x00001d92      0xc39 CMakeFiles/LED.elf.dir/Core/Src/main.c.obj
 .debug_info    0x000029cb      0x302 CMakeFiles/LED.elf.dir/Core/Src/pid.c.obj
 .debug_info    0x00002ccd      0x265 CMakeFiles/LED.elf.dir/Core/Src/stm32f4xx_hal_msp.c.obj
 .debug_info    0x00002f32      0x7c3 CMakeFiles/LED.elf.dir/Core/Src/stm32f4xx_it.c.obj
 .debug_info    0x000036f5      0x334 CMakeFiles/LED.elf.dir/Core/Src/system_stm32f4xx.c.obj
 .debug_info    0x00003a29      0xaf9 CMakeFiles/LED.elf.dir/Core/Src/usart.c.obj
 .debug_info    0x00004522       0x30 CMakeFiles/LED.elf.dir/Core/Startup/startup_stm32f407ighx.s.obj
 .debug_info    0x00004552      0x9e2 CMakeFiles/LED.elf.dir/Drivers/STM32F4xx_HAL_Driver/Src/stm32f4xx_hal.c.obj
 .debug_info    0x00004f34     0x11f7 CMakeFiles/LED.elf.dir/Drivers/STM32F4xx_HAL_Driver/Src/stm32f4xx_hal_can.c.obj
 .debug_info    0x0000612b      0xff5 CMakeFiles/LED.elf.dir/Drivers/STM32F4xx_HAL_Driver/Src/stm32f4xx_hal_cortex.c.obj
 .debug_info    0x00007120      0xad9 CMakeFiles/LED.elf.dir/Drivers/STM32F4xx_HAL_Driver/Src/stm32f4xx_hal_dma.c.obj
 .debug_info    0x00007bf9      0x704 CMakeFiles/LED.elf.dir/Drivers/STM32F4xx_HAL_Driver/Src/stm32f4xx_hal_gpio.c.obj
 .debug_info    0x000082fd      0xa6d CMakeFiles/LED.elf.dir/Drivers/STM32F4xx_HAL_Driver/Src/stm32f4xx_hal_rcc.c.obj
 .debug_info    0x00008d6a     0x4000 CMakeFiles/LED.elf.dir/Drivers/STM32F4xx_HAL_Driver/Src/stm32f4xx_hal_uart.c.obj

.debug_abbrev   0x00000000     0x23d8
 .debug_abbrev  0x00000000      0x1ef CMakeFiles/LED.elf.dir/Core/Src/bsp_can.c.obj
 .debug_abbrev  0x000001ef      0x23d CMakeFiles/LED.elf.dir/Core/Src/can.c.obj
 .debug_abbrev  0x0000042c      0x12b CMakeFiles/LED.elf.dir/Core/Src/dma.c.obj
 .debug_abbrev  0x00000557      0x164 CMakeFiles/LED.elf.dir/Core/Src/gpio.c.obj
 .debug_abbrev  0x000006bb      0x2c7 CMakeFiles/LED.elf.dir/Core/Src/main.c.obj
 .debug_abbrev  0x00000982      0x147 CMakeFiles/LED.elf.dir/Core/Src/pid.c.obj
 .debug_abbrev  0x00000ac9       0xd6 CMakeFiles/LED.elf.dir/Core/Src/stm32f4xx_hal_msp.c.obj
 .debug_abbrev  0x00000b9f      0x1cb CMakeFiles/LED.elf.dir/Core/Src/stm32f4xx_it.c.obj
 .debug_abbrev  0x00000d6a      0x120 CMakeFiles/LED.elf.dir/Core/Src/system_stm32f4xx.c.obj
 .debug_abbrev  0x00000e8a      0x226 CMakeFiles/LED.elf.dir/Core/Src/usart.c.obj
 .debug_abbrev  0x000010b0       0x24 CMakeFiles/LED.elf.dir/Core/Startup/startup_stm32f407ighx.s.obj
 .debug_abbrev  0x000010d4      0x240 CMakeFiles/LED.elf.dir/Drivers/STM32F4xx_HAL_Driver/Src/stm32f4xx_hal.c.obj
 .debug_abbrev  0x00001314      0x27b CMakeFiles/LED.elf.dir/Drivers/STM32F4xx_HAL_Driver/Src/stm32f4xx_hal_can.c.obj
 .debug_abbrev  0x0000158f      0x391 CMakeFiles/LED.elf.dir/Drivers/STM32F4xx_HAL_Driver/Src/stm32f4xx_hal_cortex.c.obj
 .debug_abbrev  0x00001920      0x2c0 CMakeFiles/LED.elf.dir/Drivers/STM32F4xx_HAL_Driver/Src/stm32f4xx_hal_dma.c.obj
 .debug_abbrev  0x00001be0      0x202 CMakeFiles/LED.elf.dir/Drivers/STM32F4xx_HAL_Driver/Src/stm32f4xx_hal_gpio.c.obj
 .debug_abbrev  0x00001de2      0x2c7 CMakeFiles/LED.elf.dir/Drivers/STM32F4xx_HAL_Driver/Src/stm32f4xx_hal_rcc.c.obj
 .debug_abbrev  0x000020a9      0x32f CMakeFiles/LED.elf.dir/Drivers/STM32F4xx_HAL_Driver/Src/stm32f4xx_hal_uart.c.obj

.debug_loclists
                0x00000000     0x5056
 .debug_loclists
                0x00000000       0x63 CMakeFiles/LED.elf.dir/Core/Src/bsp_can.c.obj
 .debug_loclists
                0x00000063       0x74 CMakeFiles/LED.elf.dir/Core/Src/can.c.obj
 .debug_loclists
                0x000000d7       0x48 CMakeFiles/LED.elf.dir/Core/Src/main.c.obj
 .debug_loclists
                0x0000011f       0x71 CMakeFiles/LED.elf.dir/Core/Src/pid.c.obj
 .debug_loclists
                0x00000190       0xe7 CMakeFiles/LED.elf.dir/Core/Src/system_stm32f4xx.c.obj
 .debug_loclists
                0x00000277       0x97 CMakeFiles/LED.elf.dir/Core/Src/usart.c.obj
 .debug_loclists
                0x0000030e       0xe1 CMakeFiles/LED.elf.dir/Drivers/STM32F4xx_HAL_Driver/Src/stm32f4xx_hal.c.obj
 .debug_loclists
                0x000003ef      0xa57 CMakeFiles/LED.elf.dir/Drivers/STM32F4xx_HAL_Driver/Src/stm32f4xx_hal_can.c.obj
 .debug_loclists
                0x00000e46      0x54d CMakeFiles/LED.elf.dir/Drivers/STM32F4xx_HAL_Driver/Src/stm32f4xx_hal_cortex.c.obj
 .debug_loclists
                0x00001393      0x88a CMakeFiles/LED.elf.dir/Drivers/STM32F4xx_HAL_Driver/Src/stm32f4xx_hal_dma.c.obj
 .debug_loclists
                0x00001c1d      0x386 CMakeFiles/LED.elf.dir/Drivers/STM32F4xx_HAL_Driver/Src/stm32f4xx_hal_gpio.c.obj
 .debug_loclists
                0x00001fa3      0x3db CMakeFiles/LED.elf.dir/Drivers/STM32F4xx_HAL_Driver/Src/stm32f4xx_hal_rcc.c.obj
 .debug_loclists
                0x0000237e     0x2cd8 CMakeFiles/LED.elf.dir/Drivers/STM32F4xx_HAL_Driver/Src/stm32f4xx_hal_uart.c.obj

.debug_aranges  0x00000000      0x8b8
 .debug_aranges
                0x00000000       0x30 CMakeFiles/LED.elf.dir/Core/Src/bsp_can.c.obj
 .debug_aranges
                0x00000030       0x30 CMakeFiles/LED.elf.dir/Core/Src/can.c.obj
 .debug_aranges
                0x00000060       0x20 CMakeFiles/LED.elf.dir/Core/Src/dma.c.obj
 .debug_aranges
                0x00000080       0x20 CMakeFiles/LED.elf.dir/Core/Src/gpio.c.obj
 .debug_aranges
                0x000000a0       0x38 CMakeFiles/LED.elf.dir/Core/Src/main.c.obj
 .debug_aranges
                0x000000d8       0x30 CMakeFiles/LED.elf.dir/Core/Src/pid.c.obj
 .debug_aranges
                0x00000108       0x20 CMakeFiles/LED.elf.dir/Core/Src/stm32f4xx_hal_msp.c.obj
 .debug_aranges
                0x00000128       0x70 CMakeFiles/LED.elf.dir/Core/Src/stm32f4xx_it.c.obj
 .debug_aranges
                0x00000198       0x28 CMakeFiles/LED.elf.dir/Core/Src/system_stm32f4xx.c.obj
 .debug_aranges
                0x000001c0       0x38 CMakeFiles/LED.elf.dir/Core/Src/usart.c.obj
 .debug_aranges
                0x000001f8       0x28 CMakeFiles/LED.elf.dir/Core/Startup/startup_stm32f407ighx.s.obj
 .debug_aranges
                0x00000220       0xf0 CMakeFiles/LED.elf.dir/Drivers/STM32F4xx_HAL_Driver/Src/stm32f4xx_hal.c.obj
 .debug_aranges
                0x00000310      0x138 CMakeFiles/LED.elf.dir/Drivers/STM32F4xx_HAL_Driver/Src/stm32f4xx_hal_can.c.obj
 .debug_aranges
                0x00000448       0xf8 CMakeFiles/LED.elf.dir/Drivers/STM32F4xx_HAL_Driver/Src/stm32f4xx_hal_cortex.c.obj
 .debug_aranges
                0x00000540       0x90 CMakeFiles/LED.elf.dir/Drivers/STM32F4xx_HAL_Driver/Src/stm32f4xx_hal_dma.c.obj
 .debug_aranges
                0x000005d0       0x58 CMakeFiles/LED.elf.dir/Drivers/STM32F4xx_HAL_Driver/Src/stm32f4xx_hal_gpio.c.obj
 .debug_aranges
                0x00000628       0x88 CMakeFiles/LED.elf.dir/Drivers/STM32F4xx_HAL_Driver/Src/stm32f4xx_hal_rcc.c.obj
 .debug_aranges
                0x000006b0      0x208 CMakeFiles/LED.elf.dir/Drivers/STM32F4xx_HAL_Driver/Src/stm32f4xx_hal_uart.c.obj

.debug_rnglists
                0x00000000      0x681
 .debug_rnglists
                0x00000000       0x1f CMakeFiles/LED.elf.dir/Core/Src/bsp_can.c.obj
 .debug_rnglists
                0x0000001f       0x1f CMakeFiles/LED.elf.dir/Core/Src/can.c.obj
 .debug_rnglists
                0x0000003e       0x13 CMakeFiles/LED.elf.dir/Core/Src/dma.c.obj
 .debug_rnglists
                0x00000051       0x14 CMakeFiles/LED.elf.dir/Core/Src/gpio.c.obj
 .debug_rnglists
                0x00000065       0x26 CMakeFiles/LED.elf.dir/Core/Src/main.c.obj
 .debug_rnglists
                0x0000008b       0x20 CMakeFiles/LED.elf.dir/Core/Src/pid.c.obj
 .debug_rnglists
                0x000000ab       0x13 CMakeFiles/LED.elf.dir/Core/Src/stm32f4xx_hal_msp.c.obj
 .debug_rnglists
                0x000000be       0x4f CMakeFiles/LED.elf.dir/Core/Src/stm32f4xx_it.c.obj
 .debug_rnglists
                0x0000010d       0x1a CMakeFiles/LED.elf.dir/Core/Src/system_stm32f4xx.c.obj
 .debug_rnglists
                0x00000127       0x26 CMakeFiles/LED.elf.dir/Core/Src/usart.c.obj
 .debug_rnglists
                0x0000014d       0x19 CMakeFiles/LED.elf.dir/Core/Startup/startup_stm32f407ighx.s.obj
 .debug_rnglists
                0x00000166       0xaf CMakeFiles/LED.elf.dir/Drivers/STM32F4xx_HAL_Driver/Src/stm32f4xx_hal.c.obj
 .debug_rnglists
                0x00000215       0xf6 CMakeFiles/LED.elf.dir/Drivers/STM32F4xx_HAL_Driver/Src/stm32f4xx_hal_can.c.obj
 .debug_rnglists
                0x0000030b       0xb5 CMakeFiles/LED.elf.dir/Drivers/STM32F4xx_HAL_Driver/Src/stm32f4xx_hal_cortex.c.obj
 .debug_rnglists
                0x000003c0       0x6c CMakeFiles/LED.elf.dir/Drivers/STM32F4xx_HAL_Driver/Src/stm32f4xx_hal_dma.c.obj
 .debug_rnglists
                0x0000042c       0x3f CMakeFiles/LED.elf.dir/Drivers/STM32F4xx_HAL_Driver/Src/stm32f4xx_hal_gpio.c.obj
 .debug_rnglists
                0x0000046b       0x75 CMakeFiles/LED.elf.dir/Drivers/STM32F4xx_HAL_Driver/Src/stm32f4xx_hal_rcc.c.obj
 .debug_rnglists
                0x000004e0      0x1a1 CMakeFiles/LED.elf.dir/Drivers/STM32F4xx_HAL_Driver/Src/stm32f4xx_hal_uart.c.obj

.debug_line     0x00000000     0x900c
 .debug_line    0x00000000      0x31a CMakeFiles/LED.elf.dir/Core/Src/bsp_can.c.obj
 .debug_line    0x0000031a      0x32d CMakeFiles/LED.elf.dir/Core/Src/can.c.obj
 .debug_line    0x00000647      0x19b CMakeFiles/LED.elf.dir/Core/Src/dma.c.obj
 .debug_line    0x000007e2      0x1da CMakeFiles/LED.elf.dir/Core/Src/gpio.c.obj
 .debug_line    0x000009bc      0x42f CMakeFiles/LED.elf.dir/Core/Src/main.c.obj
 .debug_line    0x00000deb      0x176 CMakeFiles/LED.elf.dir/Core/Src/pid.c.obj
 .debug_line    0x00000f61      0x15b CMakeFiles/LED.elf.dir/Core/Src/stm32f4xx_hal_msp.c.obj
 .debug_line    0x000010bc      0x2d5 CMakeFiles/LED.elf.dir/Core/Src/stm32f4xx_it.c.obj
 .debug_line    0x00001391      0x221 CMakeFiles/LED.elf.dir/Core/Src/system_stm32f4xx.c.obj
 .debug_line    0x000015b2      0x459 CMakeFiles/LED.elf.dir/Core/Src/usart.c.obj
 .debug_line    0x00001a0b       0x7a CMakeFiles/LED.elf.dir/Core/Startup/startup_stm32f407ighx.s.obj
 .debug_line    0x00001a85      0x59b CMakeFiles/LED.elf.dir/Drivers/STM32F4xx_HAL_Driver/Src/stm32f4xx_hal.c.obj
 .debug_line    0x00002020     0x1180 CMakeFiles/LED.elf.dir/Drivers/STM32F4xx_HAL_Driver/Src/stm32f4xx_hal_can.c.obj
 .debug_line    0x000031a0      0x85e CMakeFiles/LED.elf.dir/Drivers/STM32F4xx_HAL_Driver/Src/stm32f4xx_hal_cortex.c.obj
 .debug_line    0x000039fe      0xe3c CMakeFiles/LED.elf.dir/Drivers/STM32F4xx_HAL_Driver/Src/stm32f4xx_hal_dma.c.obj
 .debug_line    0x0000483a      0x711 CMakeFiles/LED.elf.dir/Drivers/STM32F4xx_HAL_Driver/Src/stm32f4xx_hal_gpio.c.obj
 .debug_line    0x00004f4b      0xbe5 CMakeFiles/LED.elf.dir/Drivers/STM32F4xx_HAL_Driver/Src/stm32f4xx_hal_rcc.c.obj
 .debug_line    0x00005b30     0x34dc CMakeFiles/LED.elf.dir/Drivers/STM32F4xx_HAL_Driver/Src/stm32f4xx_hal_uart.c.obj

.debug_str      0x00000000     0x3060
 .debug_str     0x00000000     0x3060 CMakeFiles/LED.elf.dir/Core/Src/bsp_can.c.obj
                                0x709 (size before relaxing)
 .debug_str     0x00003060      0xb6f CMakeFiles/LED.elf.dir/Core/Src/can.c.obj
 .debug_str     0x00003060      0x7df CMakeFiles/LED.elf.dir/Core/Src/dma.c.obj
 .debug_str     0x00003060      0x38c CMakeFiles/LED.elf.dir/Core/Src/gpio.c.obj
 .debug_str     0x00003060      0x886 CMakeFiles/LED.elf.dir/Core/Src/main.c.obj
 .debug_str     0x00003060      0x275 CMakeFiles/LED.elf.dir/Core/Src/pid.c.obj
 .debug_str     0x00003060      0x2cd CMakeFiles/LED.elf.dir/Core/Src/stm32f4xx_hal_msp.c.obj
 .debug_str     0x00003060      0x76b CMakeFiles/LED.elf.dir/Core/Src/stm32f4xx_it.c.obj
 .debug_str     0x00003060      0x333 CMakeFiles/LED.elf.dir/Core/Src/system_stm32f4xx.c.obj
 .debug_str     0x00003060      0x88e CMakeFiles/LED.elf.dir/Core/Src/usart.c.obj
 .debug_str     0x00003060       0x83 CMakeFiles/LED.elf.dir/Core/Startup/startup_stm32f407ighx.s.obj
 .debug_str     0x00003060      0xb76 CMakeFiles/LED.elf.dir/Drivers/STM32F4xx_HAL_Driver/Src/stm32f4xx_hal.c.obj
 .debug_str     0x00003060      0xa47 CMakeFiles/LED.elf.dir/Drivers/STM32F4xx_HAL_Driver/Src/stm32f4xx_hal_can.c.obj
 .debug_str     0x00003060      0xc87 CMakeFiles/LED.elf.dir/Drivers/STM32F4xx_HAL_Driver/Src/stm32f4xx_hal_cortex.c.obj
 .debug_str     0x00003060      0x788 CMakeFiles/LED.elf.dir/Drivers/STM32F4xx_HAL_Driver/Src/stm32f4xx_hal_dma.c.obj
 .debug_str     0x00003060      0x4f2 CMakeFiles/LED.elf.dir/Drivers/STM32F4xx_HAL_Driver/Src/stm32f4xx_hal_gpio.c.obj
 .debug_str     0x00003060      0x718 CMakeFiles/LED.elf.dir/Drivers/STM32F4xx_HAL_Driver/Src/stm32f4xx_hal_rcc.c.obj
 .debug_str     0x00003060      0xdad CMakeFiles/LED.elf.dir/Drivers/STM32F4xx_HAL_Driver/Src/stm32f4xx_hal_uart.c.obj

.comment        0x00000000       0x45
 .comment       0x00000000       0x45 CMakeFiles/LED.elf.dir/Core/Src/bsp_can.c.obj
                                 0x46 (size before relaxing)
 .comment       0x00000045       0x46 CMakeFiles/LED.elf.dir/Core/Src/can.c.obj
 .comment       0x00000045       0x46 CMakeFiles/LED.elf.dir/Core/Src/dma.c.obj
 .comment       0x00000045       0x46 CMakeFiles/LED.elf.dir/Core/Src/gpio.c.obj
 .comment       0x00000045       0x46 CMakeFiles/LED.elf.dir/Core/Src/main.c.obj
 .comment       0x00000045       0x46 CMakeFiles/LED.elf.dir/Core/Src/pid.c.obj
 .comment       0x00000045       0x46 CMakeFiles/LED.elf.dir/Core/Src/stm32f4xx_hal_msp.c.obj
 .comment       0x00000045       0x46 CMakeFiles/LED.elf.dir/Core/Src/stm32f4xx_it.c.obj
 .comment       0x00000045       0x46 CMakeFiles/LED.elf.dir/Core/Src/system_stm32f4xx.c.obj
 .comment       0x00000045       0x46 CMakeFiles/LED.elf.dir/Core/Src/usart.c.obj
 .comment       0x00000045       0x46 CMakeFiles/LED.elf.dir/Drivers/STM32F4xx_HAL_Driver/Src/stm32f4xx_hal.c.obj
 .comment       0x00000045       0x46 CMakeFiles/LED.elf.dir/Drivers/STM32F4xx_HAL_Driver/Src/stm32f4xx_hal_can.c.obj
 .comment       0x00000045       0x46 CMakeFiles/LED.elf.dir/Drivers/STM32F4xx_HAL_Driver/Src/stm32f4xx_hal_cortex.c.obj
 .comment       0x00000045       0x46 CMakeFiles/LED.elf.dir/Drivers/STM32F4xx_HAL_Driver/Src/stm32f4xx_hal_dma.c.obj
 .comment       0x00000045       0x46 CMakeFiles/LED.elf.dir/Drivers/STM32F4xx_HAL_Driver/Src/stm32f4xx_hal_gpio.c.obj
 .comment       0x00000045       0x46 CMakeFiles/LED.elf.dir/Drivers/STM32F4xx_HAL_Driver/Src/stm32f4xx_hal_rcc.c.obj
 .comment       0x00000045       0x46 CMakeFiles/LED.elf.dir/Drivers/STM32F4xx_HAL_Driver/Src/stm32f4xx_hal_uart.c.obj

.debug_frame    0x00000000     0x1680
 .debug_frame   0x00000000       0x6c CMakeFiles/LED.elf.dir/Core/Src/bsp_can.c.obj
 .debug_frame   0x0000006c       0x60 CMakeFiles/LED.elf.dir/Core/Src/can.c.obj
 .debug_frame   0x000000cc       0x2c CMakeFiles/LED.elf.dir/Core/Src/dma.c.obj
 .debug_frame   0x000000f8       0x34 CMakeFiles/LED.elf.dir/Core/Src/gpio.c.obj
 .debug_frame   0x0000012c       0x7c CMakeFiles/LED.elf.dir/Core/Src/main.c.obj
 .debug_frame   0x000001a8       0x64 CMakeFiles/LED.elf.dir/Core/Src/pid.c.obj
 .debug_frame   0x0000020c       0x28 CMakeFiles/LED.elf.dir/Core/Src/stm32f4xx_hal_msp.c.obj
 .debug_frame   0x00000234       0xd8 CMakeFiles/LED.elf.dir/Core/Src/stm32f4xx_it.c.obj
 .debug_frame   0x0000030c       0x30 CMakeFiles/LED.elf.dir/Core/Src/system_stm32f4xx.c.obj
 .debug_frame   0x0000033c       0x80 CMakeFiles/LED.elf.dir/Core/Src/usart.c.obj
 .debug_frame   0x000003bc      0x1ec CMakeFiles/LED.elf.dir/Drivers/STM32F4xx_HAL_Driver/Src/stm32f4xx_hal.c.obj
 .debug_frame   0x000005a8      0x2d4 CMakeFiles/LED.elf.dir/Drivers/STM32F4xx_HAL_Driver/Src/stm32f4xx_hal_can.c.obj
 .debug_frame   0x0000087c      0x214 CMakeFiles/LED.elf.dir/Drivers/STM32F4xx_HAL_Driver/Src/stm32f4xx_hal_cortex.c.obj
 .debug_frame   0x00000a90      0x188 CMakeFiles/LED.elf.dir/Drivers/STM32F4xx_HAL_Driver/Src/stm32f4xx_hal_dma.c.obj
 .debug_frame   0x00000c18       0xd4 CMakeFiles/LED.elf.dir/Drivers/STM32F4xx_HAL_Driver/Src/stm32f4xx_hal_gpio.c.obj
 .debug_frame   0x00000cec      0x16c CMakeFiles/LED.elf.dir/Drivers/STM32F4xx_HAL_Driver/Src/stm32f4xx_hal_rcc.c.obj
 .debug_frame   0x00000e58      0x5dc CMakeFiles/LED.elf.dir/Drivers/STM32F4xx_HAL_Driver/Src/stm32f4xx_hal_uart.c.obj
 .debug_frame   0x00001434       0x2c D:/STM32/arm-none-eabi-gcc/bin/../lib/gcc/arm-none-eabi/14.2.1/thumb/v7e-m/nofp\libgcc.a(_aeabi_uldivmod.o)
 .debug_frame   0x00001460       0x34 D:/STM32/arm-none-eabi-gcc/bin/../lib/gcc/arm-none-eabi/14.2.1/thumb/v7e-m/nofp\libgcc.a(_udivmoddi4.o)
 .debug_frame   0x00001494       0x2c D:/STM32/arm-none-eabi-gcc/bin/../lib/gcc/arm-none-eabi/14.2.1/thumb/v7e-m/nofp\libg.a(libc_a-memset.o)
 .debug_frame   0x000014c0       0x2c D:/STM32/arm-none-eabi-gcc/bin/../lib/gcc/arm-none-eabi/14.2.1/thumb/v7e-m/nofp\libg.a(libc_a-init.o)
 .debug_frame   0x000014ec       0xb0 D:/STM32/arm-none-eabi-gcc/bin/../lib/gcc/arm-none-eabi/14.2.1/thumb/v7e-m/nofp\libg.a(libc_a-lock.o)
 .debug_frame   0x0000159c       0x5c D:/STM32/arm-none-eabi-gcc/bin/../lib/gcc/arm-none-eabi/14.2.1/thumb/v7e-m/nofp\libg.a(libc_a-__call_atexit.o)
 .debug_frame   0x000015f8       0x20 D:/STM32/arm-none-eabi-gcc/bin/../lib/gcc/arm-none-eabi/14.2.1/thumb/v7e-m/nofp\libg.a(libc_a-atexit.o)
 .debug_frame   0x00001618       0x34 D:/STM32/arm-none-eabi-gcc/bin/../lib/gcc/arm-none-eabi/14.2.1/thumb/v7e-m/nofp\libg.a(libc_a-fini.o)
 .debug_frame   0x0000164c       0x34 D:/STM32/arm-none-eabi-gcc/bin/../lib/gcc/arm-none-eabi/14.2.1/thumb/v7e-m/nofp\libg.a(libc_a-__atexit.o)

.debug_line_str
                0x00000000      0x139
 .debug_line_str
                0x00000000      0x139 CMakeFiles/LED.elf.dir/Core/Startup/startup_stm32f407ighx.s.obj
                                 0x67 (size before relaxing)
 .debug_line_str
                0x00000139       0xc6 D:/STM32/arm-none-eabi-gcc/bin/../lib/gcc/arm-none-eabi/14.2.1/thumb/v7e-m/nofp\libgcc.a(_aeabi_uldivmod.o)
 .debug_line_str
                0x00000139       0xca D:/STM32/arm-none-eabi-gcc/bin/../lib/gcc/arm-none-eabi/14.2.1/thumb/v7e-m/nofp\libgcc.a(_dvmd_tls.o)
