Archive member included to satisfy reference by file (symbol)

D:/STM32/arm-none-eabi-gcc/bin/../lib/gcc/arm-none-eabi/14.2.1/thumb/v7e-m/nofp\libgcc.a(_arm_muldf3.o)
                              CMakeFiles/LED.elf.dir/Core/Src/main.c.obj (__aeabi_dmul)
D:/STM32/arm-none-eabi-gcc/bin/../lib/gcc/arm-none-eabi/14.2.1/thumb/v7e-m/nofp\libgcc.a(_arm_mulsf3.o)
                              CMakeFiles/LED.elf.dir/Core/Src/pid.c.obj (__aeabi_fmul)
D:/STM32/arm-none-eabi-gcc/bin/../lib/gcc/arm-none-eabi/14.2.1/thumb/v7e-m/nofp\libgcc.a(_arm_addsubdf3.o)
                              CMakeFiles/LED.elf.dir/Core/Src/main.c.obj (__aeabi_dsub)
D:/STM32/arm-none-eabi-gcc/bin/../lib/gcc/arm-none-eabi/14.2.1/thumb/v7e-m/nofp\libgcc.a(_arm_muldivdf3.o)
                              CMakeFiles/LED.elf.dir/Core/Src/main.c.obj (__aeabi_ddiv)
D:/STM32/arm-none-eabi-gcc/bin/../lib/gcc/arm-none-eabi/14.2.1/thumb/v7e-m/nofp\libgcc.a(_arm_addsubsf3.o)
                              CMakeFiles/LED.elf.dir/Core/Src/pid.c.obj (__aeabi_fsub)
D:/STM32/arm-none-eabi-gcc/bin/../lib/gcc/arm-none-eabi/14.2.1/thumb/v7e-m/nofp\libgcc.a(_arm_cmpsf2.o)
                              CMakeFiles/LED.elf.dir/Core/Src/pid.c.obj (__aeabi_fcmplt)
D:/STM32/arm-none-eabi-gcc/bin/../lib/gcc/arm-none-eabi/14.2.1/thumb/v7e-m/nofp\libgcc.a(_arm_fixsfsi.o)
                              CMakeFiles/LED.elf.dir/Core/Src/main.c.obj (__aeabi_f2iz)
D:/STM32/arm-none-eabi-gcc/bin/../lib/gcc/arm-none-eabi/14.2.1/thumb/v7e-m/nofp\libgcc.a(_aeabi_uldivmod.o)
                              CMakeFiles/LED.elf.dir/Drivers/STM32F4xx_HAL_Driver/Src/stm32f4xx_hal_rcc.c.obj (__aeabi_uldivmod)
D:/STM32/arm-none-eabi-gcc/bin/../lib/gcc/arm-none-eabi/14.2.1/thumb/v7e-m/nofp\libgcc.a(_udivmoddi4.o)
                              D:/STM32/arm-none-eabi-gcc/bin/../lib/gcc/arm-none-eabi/14.2.1/thumb/v7e-m/nofp\libgcc.a(_aeabi_uldivmod.o) (__udivmoddi4)
D:/STM32/arm-none-eabi-gcc/bin/../lib/gcc/arm-none-eabi/14.2.1/thumb/v7e-m/nofp\libgcc.a(_dvmd_tls.o)
                              D:/STM32/arm-none-eabi-gcc/bin/../lib/gcc/arm-none-eabi/14.2.1/thumb/v7e-m/nofp\libgcc.a(_aeabi_uldivmod.o) (__aeabi_ldiv0)
D:/STM32/arm-none-eabi-gcc/bin/../lib/gcc/arm-none-eabi/14.2.1/thumb/v7e-m/nofp\libg.a(libc_a-exit.o)
                              D:/STM32/arm-none-eabi-gcc/bin/../lib/gcc/arm-none-eabi/14.2.1/thumb/v7e-m/nofp/crt0.o (exit)
D:/STM32/arm-none-eabi-gcc/bin/../lib/gcc/arm-none-eabi/14.2.1/thumb/v7e-m/nofp\libg.a(libc_a-findfp.o)
                              D:/STM32/arm-none-eabi-gcc/bin/../lib/gcc/arm-none-eabi/14.2.1/thumb/v7e-m/nofp\libg.a(libc_a-exit.o) (__stdio_exit_handler)
D:/STM32/arm-none-eabi-gcc/bin/../lib/gcc/arm-none-eabi/14.2.1/thumb/v7e-m/nofp\libg.a(libc_a-fwalk.o)
                              D:/STM32/arm-none-eabi-gcc/bin/../lib/gcc/arm-none-eabi/14.2.1/thumb/v7e-m/nofp\libg.a(libc_a-findfp.o) (_fwalk_sglue)
D:/STM32/arm-none-eabi-gcc/bin/../lib/gcc/arm-none-eabi/14.2.1/thumb/v7e-m/nofp\libg.a(libc_a-stdio.o)
                              D:/STM32/arm-none-eabi-gcc/bin/../lib/gcc/arm-none-eabi/14.2.1/thumb/v7e-m/nofp\libg.a(libc_a-findfp.o) (__sread)
D:/STM32/arm-none-eabi-gcc/bin/../lib/gcc/arm-none-eabi/14.2.1/thumb/v7e-m/nofp\libg.a(libc_a-memset.o)
                              D:/STM32/arm-none-eabi-gcc/bin/../lib/gcc/arm-none-eabi/14.2.1/thumb/v7e-m/nofp/crt0.o (memset)
D:/STM32/arm-none-eabi-gcc/bin/../lib/gcc/arm-none-eabi/14.2.1/thumb/v7e-m/nofp\libg.a(libc_a-closer.o)
                              D:/STM32/arm-none-eabi-gcc/bin/../lib/gcc/arm-none-eabi/14.2.1/thumb/v7e-m/nofp\libg.a(libc_a-stdio.o) (_close_r)
D:/STM32/arm-none-eabi-gcc/bin/../lib/gcc/arm-none-eabi/14.2.1/thumb/v7e-m/nofp\libg.a(libc_a-reent.o)
                              D:/STM32/arm-none-eabi-gcc/bin/../lib/gcc/arm-none-eabi/14.2.1/thumb/v7e-m/nofp\libg.a(libc_a-closer.o) (errno)
D:/STM32/arm-none-eabi-gcc/bin/../lib/gcc/arm-none-eabi/14.2.1/thumb/v7e-m/nofp\libg.a(libc_a-impure.o)
                              D:/STM32/arm-none-eabi-gcc/bin/../lib/gcc/arm-none-eabi/14.2.1/thumb/v7e-m/nofp\libg.a(libc_a-reent.o) (_impure_ptr)
D:/STM32/arm-none-eabi-gcc/bin/../lib/gcc/arm-none-eabi/14.2.1/thumb/v7e-m/nofp\libg.a(libc_a-lseekr.o)
                              D:/STM32/arm-none-eabi-gcc/bin/../lib/gcc/arm-none-eabi/14.2.1/thumb/v7e-m/nofp\libg.a(libc_a-stdio.o) (_lseek_r)
D:/STM32/arm-none-eabi-gcc/bin/../lib/gcc/arm-none-eabi/14.2.1/thumb/v7e-m/nofp\libg.a(libc_a-readr.o)
                              D:/STM32/arm-none-eabi-gcc/bin/../lib/gcc/arm-none-eabi/14.2.1/thumb/v7e-m/nofp\libg.a(libc_a-stdio.o) (_read_r)
D:/STM32/arm-none-eabi-gcc/bin/../lib/gcc/arm-none-eabi/14.2.1/thumb/v7e-m/nofp\libg.a(libc_a-writer.o)
                              D:/STM32/arm-none-eabi-gcc/bin/../lib/gcc/arm-none-eabi/14.2.1/thumb/v7e-m/nofp\libg.a(libc_a-stdio.o) (_write_r)
D:/STM32/arm-none-eabi-gcc/bin/../lib/gcc/arm-none-eabi/14.2.1/thumb/v7e-m/nofp\libg.a(libc_a-errno.o)
[...]
Memory Configuration

Name             Origin             Length             Attributes
CCMRAM           0x10000000         0x00010000         xrw
RAM              0x20000000         0x00020000         xrw
FLASH            0x08000000         0x00100000         xr
*default*        0x00000000         0xffffffff

Linker script and memory map

LOAD D:/STM32/arm-none-eabi-gcc/bin/../lib/gcc/arm-none-eabi/14.2.1/thumb/v7e-m/nofp/crti.o
LOAD D:/STM32/arm-none-eabi-gcc/bin/../lib/gcc/arm-none-eabi/14.2.1/thumb/v7e-m/nofp/crtbegin.o
LOAD D:/STM32/arm-none-eabi-gcc/bin/../lib/gcc/arm-none-eabi/14.2.1/thumb/v7e-m/nofp/crt0.o
LOAD CMakeFiles/LED.elf.dir/Core/Src/bsp_can.c.obj
LOAD CMakeFiles/LED.elf.dir/Core/Src/can.c.obj
LOAD CMakeFiles/LED.elf.dir/Core/Src/dma.c.obj
LOAD CMakeFiles/LED.elf.dir/Core/Src/gpio.c.obj
LOAD CMakeFiles/LED.elf.dir/Core/Src/main.c.obj
LOAD CMakeFiles/LED.elf.dir/Core/Src/pid.c.obj
LOAD CMakeFiles/LED.elf.dir/Core/Src/stm32f4xx_hal_msp.c.obj
LOAD CMakeFiles/LED.elf.dir/Core/Src/stm32f4xx_it.c.obj
LOAD CMakeFiles/LED.elf.dir/Core/Src/syscalls.c.obj
LOAD CMakeFiles/LED.elf.dir/Core/Src/sysmem.c.obj
LOAD CMakeFiles/LED.elf.dir/Core/Src/system_stm32f4xx.c.obj
LOAD CMakeFiles/LED.elf.dir/Core/Src/usart.c.obj
LOAD CMakeFiles/LED.elf.dir/Core/Startup/startup_stm32f407ighx.s.obj
LOAD CMakeFiles/LED.elf.dir/Core/application/CAN_receive.c.obj
LOAD CMakeFiles/LED.elf.dir/Core/application/bsp_rc.c.obj
LOAD CMakeFiles/LED.elf.dir/Core/application/remote_control.c.obj
LOAD CMakeFiles/LED.elf.dir/Drivers/STM32F4xx_HAL_Driver/Src/stm32f4xx_hal.c.obj
LOAD CMakeFiles/LED.elf.dir/Drivers/STM32F4xx_HAL_Driver/Src/stm32f4xx_hal_can.c.obj
LOAD CMakeFiles/LED.elf.dir/Drivers/STM32F4xx_HAL_Driver/Src/stm32f4xx_hal_cortex.c.obj
LOAD CMakeFiles/LED.elf.dir/Drivers/STM32F4xx_HAL_Driver/Src/stm32f4xx_hal_dma.c.obj
LOAD CMakeFiles/LED.elf.dir/Drivers/STM32F4xx_HAL_Driver/Src/stm32f4xx_hal_dma_ex.c.obj
LOAD CMakeFiles/LED.elf.dir/Drivers/STM32F4xx_HAL_Driver/Src/stm32f4xx_hal_exti.c.obj
LOAD CMakeFiles/LED.elf.dir/Drivers/STM32F4xx_HAL_Driver/Src/stm32f4xx_hal_flash.c.obj
LOAD CMakeFiles/LED.elf.dir/Drivers/STM32F4xx_HAL_Driver/Src/stm32f4xx_hal_flash_ex.c.obj
LOAD CMakeFiles/LED.elf.dir/Drivers/STM32F4xx_HAL_Driver/Src/stm32f4xx_hal_flash_ramfunc.c.obj
LOAD CMakeFiles/LED.elf.dir/Drivers/STM32F4xx_HAL_Driver/Src/stm32f4xx_hal_gpio.c.obj
LOAD CMakeFiles/LED.elf.dir/Drivers/STM32F4xx_HAL_Driver/Src/stm32f4xx_hal_pwr.c.obj
LOAD CMakeFiles/LED.elf.dir/Drivers/STM32F4xx_HAL_Driver/Src/stm32f4xx_hal_pwr_ex.c.obj
LOAD CMakeFiles/LED.elf.dir/Drivers/STM32F4xx_HAL_Driver/Src/stm32f4xx_hal_rcc.c.obj
LOAD CMakeFiles/LED.elf.dir/Drivers/STM32F4xx_HAL_Driver/Src/stm32f4xx_hal_rcc_ex.c.obj
LOAD CMakeFiles/LED.elf.dir/Drivers/STM32F4xx_HAL_Driver/Src/stm32f4xx_hal_tim.c.obj
LOAD CMakeFiles/LED.elf.dir/Drivers/STM32F4xx_HAL_Driver/Src/stm32f4xx_hal_tim_ex.c.obj
LOAD CMakeFiles/LED.elf.dir/Drivers/STM32F4xx_HAL_Driver/Src/stm32f4xx_hal_uart.c.obj
START GROUP
LOAD D:/STM32/arm-none-eabi-gcc/bin/../lib/gcc/arm-none-eabi/14.2.1/thumb/v7e-m/nofp\libgcc.a
LOAD D:/STM32/arm-none-eabi-gcc/bin/../lib/gcc/arm-none-eabi/14.2.1/thumb/v7e-m/nofp\libg.a
LOAD D:/STM32/arm-none-eabi-gcc/bin/../lib/gcc/arm-none-eabi/14.2.1/thumb/v7e-m/nofp\libc.a
END GROUP
LOAD D:/STM32/arm-none-eabi-gcc/bin/../lib/gcc/arm-none-eabi/14.2.1/thumb/v7e-m/nofp/crtend.o
LOAD D:/STM32/arm-none-eabi-gcc/bin/../lib/gcc/arm-none-eabi/14.2.1/thumb/v7e-m/nofp/crtn.o
                0x20020000                        _estack = (ORIGIN (RAM) + LENGTH (RAM))
                0x00000200                        _Min_Heap_Size = 0x200
                0x00000400                        _Min_Stack_Size = 0x400

.isr_vector     0x08000000      0x188
                0x08000000                        . = ALIGN (0x4)
 *(.isr_vector)
 .isr_vector    0x08000000      0x188 CMakeFiles/LED.elf.dir/Core/Startup/startup_stm32f407ighx.s.obj
                0x08000000                g_pfnVectors
                0x08000188                        . = ALIGN (0x4)

.text           0x08000188     0x30f0
                0x08000188                        . = ALIGN (0x4)
 *(.text)
 .text          0x08000188      0x168 D:/STM32/arm-none-eabi-gcc/bin/../lib/gcc/arm-none-eabi/14.2.1/thumb/v7e-m/nofp\libgcc.a(_arm_mulsf3.o)
                0x08000188                __aeabi_fmul
                0x08000188                __mulsf3
 .text          0x080002f0      0x21c D:/STM32/arm-none-eabi-gcc/bin/../lib/gcc/arm-none-eabi/14.2.1/thumb/v7e-m/nofp\libgcc.a(_arm_addsubsf3.o)
                0x080002f0                __aeabi_frsub
                0x080002f8                __subsf3
                0x080002f8                __aeabi_fsub
                0x080002fc                __aeabi_fadd
                0x080002fc                __addsf3
                0x0800045c                __aeabi_ui2f
                0x0800045c                __floatunsisf
                0x08000464                __aeabi_i2f
                0x08000464                __floatsisf
                0x08000480                __aeabi_ul2f
                0x08000480                __floatundisf
                0x08000490                __aeabi_l2f
                0x08000490                __floatdisf
 .text          0x0800050c       0xec D:/STM32/arm-none-eabi-gcc/bin/../lib/gcc/arm-none-eabi/14.2.1/thumb/v7e-m/nofp\libgcc.a(_arm_cmpsf2.o)
                0x0800050c                __gesf2
                0x0800050c                __gtsf2
                0x08000514                __lesf2
                0x08000514                __ltsf2
                0x0800051c                __nesf2
                0x0800051c                __eqsf2
                0x0800051c                __cmpsf2
                0x0800057c                __aeabi_cfrcmple
                0x08000584                __aeabi_cfcmpeq
                0x08000584                __aeabi_cfcmple
                0x08000594                __aeabi_fcmpeq
                0x080005a8                __aeabi_fcmplt
                0x080005bc                __aeabi_fcmple
                0x080005d0                __aeabi_fcmpge
                0x080005e4                __aeabi_fcmpgt
 .text          0x080005f8       0x4c D:/STM32/arm-none-eabi-gcc/bin/../lib/gcc/arm-none-eabi/14.2.1/thumb/v7e-m/nofp\libgcc.a(_arm_fixsfsi.o)
                0x080005f8                __aeabi_f2iz
                0x080005f8                __fixsfsi
 .text          0x08000644       0x30 D:/STM32/arm-none-eabi-gcc/bin/../lib/gcc/arm-none-eabi/14.2.1/thumb/v7e-m/nofp\libgcc.a(_aeabi_uldivmod.o)
                0x08000644                __aeabi_uldivmod
 .text          0x08000674        0x4 D:/STM32/arm-none-eabi-gcc/bin/../lib/gcc/arm-none-eabi/14.2.1/thumb/v7e-m/nofp\libgcc.a(_dvmd_tls.o)
                0x08000674                __aeabi_idiv0
                0x08000674                __aeabi_ldiv0
 *(.text*)
 .text.deregister_tm_clones
                0x08000678       0x1c D:/STM32/arm-none-eabi-gcc/bin/../lib/gcc/arm-none-eabi/14.2.1/thumb/v7e-m/nofp/crtbegin.o
 .text.register_tm_clones
                0x08000694       0x24 D:/STM32/arm-none-eabi-gcc/bin/../lib/gcc/arm-none-eabi/14.2.1/thumb/v7e-m/nofp/crtbegin.o
 .text.__do_global_dtors_aux
                0x080006b8       0x28 D:/STM32/arm-none-eabi-gcc/bin/../lib/gcc/arm-none-eabi/14.2.1/thumb/v7e-m/nofp/crtbegin.o
 .text.frame_dummy
                0x080006e0       0x24 D:/STM32/arm-none-eabi-gcc/bin/../lib/gcc/arm-none-eabi/14.2.1/thumb/v7e-m/nofp/crtbegin.o
 .text.can_filter_init
                0x08000704       0x58 CMakeFiles/LED.elf.dir/Core/Src/bsp_can.c.obj
                0x08000704                can_filter_init
 .text.MX_CAN1_Init
                0x0800075c       0x40 CMakeFiles/LED.elf.dir/Core/Src/can.c.obj
                0x0800075c                MX_CAN1_Init
 .text.HAL_CAN_MspInit
                0x0800079c       0x7c CMakeFiles/LED.elf.dir/Core/Src/can.c.obj
                0x0800079c                HAL_CAN_MspInit
 .text.MX_DMA_Init
                0x08000818       0x34 CMakeFiles/LED.elf.dir/Core/Src/dma.c.obj
                0x08000818                MX_DMA_Init
 .text.MX_GPIO_Init
                0x0800084c       0xa8 CMakeFiles/LED.elf.dir/Core/Src/gpio.c.obj
                0x0800084c                MX_GPIO_Init
 .text.Error_Handler
                0x080008f4        0x4 CMakeFiles/LED.elf.dir/Core/Src/main.c.obj
                0x080008f4                Error_Handler
 .text.SystemClock_Config
                0x080008f8       0xbc CMakeFiles/LED.elf.dir/Core/Src/main.c.obj
                0x080008f8                SystemClock_Config
 .text.main     0x080009b4      0x148 CMakeFiles/LED.elf.dir/Core/Src/main.c.obj
                0x080009b4                main
 .text.pid_init
                0x08000afc       0x10 CMakeFiles/LED.elf.dir/Core/Src/pid.c.obj
                0x08000afc                pid_init
 .text.pid_calc
                0x08000b0c       0xb8 CMakeFiles/LED.elf.dir/Core/Src/pid.c.obj
                0x08000b0c                pid_calc
 .text.gimbal_PID_init
                0x08000bc4       0x48 CMakeFiles/LED.elf.dir/Core/Src/pid.c.obj
                0x08000bc4                gimbal_PID_init
 .text.HAL_MspInit
                0x08000c0c       0x38 CMakeFiles/LED.elf.dir/Core/Src/stm32f4xx_hal_msp.c.obj
                0x08000c0c                HAL_MspInit
 .text.NMI_Handler
                0x08000c44        0x2 CMakeFiles/LED.elf.dir/Core/Src/stm32f4xx_it.c.obj
                0x08000c44                NMI_Handler
 .text.HardFault_Handler
                0x08000c46        0x2 CMakeFiles/LED.elf.dir/Core/Src/stm32f4xx_it.c.obj
                0x08000c46                HardFault_Handler
 .text.MemManage_Handler
                0x08000c48        0x2 CMakeFiles/LED.elf.dir/Core/Src/stm32f4xx_it.c.obj
                0x08000c48                MemManage_Handler
 .text.BusFault_Handler
                0x08000c4a        0x2 CMakeFiles/LED.elf.dir/Core/Src/stm32f4xx_it.c.obj
                0x08000c4a                BusFault_Handler
 .text.UsageFault_Handler
                0x08000c4c        0x2 CMakeFiles/LED.elf.dir/Core/Src/stm32f4xx_it.c.obj
                0x08000c4c                UsageFault_Handler
 .text.SVC_Handler
                0x08000c4e        0x2 CMakeFiles/LED.elf.dir/Core/Src/stm32f4xx_it.c.obj
                0x08000c4e                SVC_Handler
 .text.DebugMon_Handler
                0x08000c50        0x2 CMakeFiles/LED.elf.dir/Core/Src/stm32f4xx_it.c.obj
                0x08000c50                DebugMon_Handler
 .text.PendSV_Handler
                0x08000c52        0x2 CMakeFiles/LED.elf.dir/Core/Src/stm32f4xx_it.c.obj
                0x08000c52                PendSV_Handler
 .text.SysTick_Handler
                0x08000c54        0x8 CMakeFiles/LED.elf.dir/Core/Src/stm32f4xx_it.c.obj
                0x08000c54                SysTick_Handler
 .text.DMA1_Stream1_IRQHandler
                0x08000c5c       0x10 CMakeFiles/LED.elf.dir/Core/Src/stm32f4xx_it.c.obj
                0x08000c5c                DMA1_Stream1_IRQHandler
 .text.CAN1_RX0_IRQHandler
                0x08000c6c       0x10 CMakeFiles/LED.elf.dir/Core/Src/stm32f4xx_it.c.obj
                0x08000c6c                CAN1_RX0_IRQHandler
 .text.USART3_IRQHandler
                0x08000c7c       0x14 CMakeFiles/LED.elf.dir/Core/Src/stm32f4xx_it.c.obj
                0x08000c7c                USART3_IRQHandler
 .text.SystemInit
                0x08000c90        0x2 CMakeFiles/LED.elf.dir/Core/Src/system_stm32f4xx.c.obj
                0x08000c90                SystemInit
 *fill*         0x08000c92        0x2 
 .text.MX_USART1_UART_Init
                0x08000c94       0x34 CMakeFiles/LED.elf.dir/Core/Src/usart.c.obj
                0x08000c94                MX_USART1_UART_Init
 .text.MX_USART3_UART_Init
                0x08000cc8       0x38 CMakeFiles/LED.elf.dir/Core/Src/usart.c.obj
                0x08000cc8                MX_USART3_UART_Init
 .text.HAL_UART_MspInit
                0x08000d00      0x154 CMakeFiles/LED.elf.dir/Core/Src/usart.c.obj
                0x08000d00                HAL_UART_MspInit
 .text.Reset_Handler
                0x08000e54       0x50 CMakeFiles/LED.elf.dir/Core/Startup/startup_stm32f407ighx.s.obj
                0x08000e54                Reset_Handler
 .text.Default_Handler
                0x08000ea4        0x2 CMakeFiles/LED.elf.dir/Core/Startup/startup_stm32f407ighx.s.obj
                0x08000ea4                RTC_Alarm_IRQHandler
                0x08000ea4                HASH_RNG_IRQHandler
                0x08000ea4                EXTI2_IRQHandler
                0x08000ea4                TIM8_CC_IRQHandler
                0x08000ea4                TIM1_CC_IRQHandler
                0x08000ea4                DMA2_Stream5_IRQHandler
                0x08000ea4                DMA1_Stream5_IRQHandler
                0x08000ea4                PVD_IRQHandler
                0x08000ea4                SDIO_IRQHandler
                0x08000ea4                TAMP_STAMP_IRQHandler
                0x08000ea4                CAN2_RX1_IRQHandler
                0x08000ea4                EXTI3_IRQHandler
                0x08000ea4                TIM8_TRG_COM_TIM14_IRQHandler
                0x08000ea4                TIM1_UP_TIM10_IRQHandler
                0x08000ea4                TIM8_UP_TIM13_IRQHandler
                0x08000ea4                I2C3_ER_IRQHandler
                0x08000ea4                EXTI0_IRQHandler
                0x08000ea4                I2C2_EV_IRQHandler
                0x08000ea4                DMA1_Stream2_IRQHandler
                0x08000ea4                FPU_IRQHandler
                0x08000ea4                OTG_HS_WKUP_IRQHandler
                0x08000ea4                CAN2_SCE_IRQHandler
                0x08000ea4                DMA2_Stream2_IRQHandler
                0x08000ea4                SPI1_IRQHandler
                0x08000ea4                TIM6_DAC_IRQHandler
                0x08000ea4                TIM1_BRK_TIM9_IRQHandler
                0x08000ea4                DCMI_IRQHandler
                0x08000ea4                CAN2_RX0_IRQHandler
                0x08000ea4                DMA2_Stream3_IRQHandler
                0x08000ea4                USART6_IRQHandler
                0x08000ea4                CAN1_RX1_IRQHandler
                0x08000ea4                UART5_IRQHandler
                0x08000ea4                DMA2_Stream0_IRQHandler
                0x08000ea4                TIM4_IRQHandler
                0x08000ea4                I2C1_EV_IRQHandler
                0x08000ea4                DMA1_Stream6_IRQHandler
                0x08000ea4                UART4_IRQHandler
                0x08000ea4                TIM3_IRQHandler
                0x08000ea4                RCC_IRQHandler
                0x08000ea4                TIM8_BRK_TIM12_IRQHandler
                0x08000ea4                Default_Handler
                0x08000ea4                EXTI15_10_IRQHandler
                0x08000ea4                ADC_IRQHandler
                0x08000ea4                DMA1_Stream7_IRQHandler
                0x08000ea4                TIM7_IRQHandler
                0x08000ea4                CAN2_TX_IRQHandler
                0x08000ea4                TIM5_IRQHandler
                0x08000ea4                DMA2_Stream7_IRQHandler
                0x08000ea4                I2C3_EV_IRQHandler
                0x08000ea4                EXTI9_5_IRQHandler
                0x08000ea4                RTC_WKUP_IRQHandler
                0x08000ea4                ETH_WKUP_IRQHandler
                0x08000ea4                SPI2_IRQHandler
                0x08000ea4                OTG_HS_EP1_IN_IRQHandler
                0x08000ea4                DMA1_Stream0_IRQHandler
                0x08000ea4                CAN1_TX_IRQHandler
                0x08000ea4                EXTI4_IRQHandler
                0x08000ea4                FSMC_IRQHandler
                0x08000ea4                ETH_IRQHandler
                0x08000ea4                OTG_HS_EP1_OUT_IRQHandler
                0x08000ea4                WWDG_IRQHandler
                0x08000ea4                TIM2_IRQHandler
                0x08000ea4                OTG_FS_WKUP_IRQHandler
                0x08000ea4                TIM1_TRG_COM_TIM11_IRQHandler
                0x08000ea4                OTG_HS_IRQHandler
                0x08000ea4                EXTI1_IRQHandler
                0x08000ea4                USART2_IRQHandler
                0x08000ea4                I2C2_ER_IRQHandler
                0x08000ea4                DMA2_Stream1_IRQHandler
                0x08000ea4                CAN1_SCE_IRQHandler
                0x08000ea4                FLASH_IRQHandler
                0x08000ea4                DMA2_Stream4_IRQHandler
                0x08000ea4                USART1_IRQHandler
                0x08000ea4                OTG_FS_IRQHandler
                0x08000ea4                SPI3_IRQHandler
                0x08000ea4                DMA1_Stream4_IRQHandler
                0x08000ea4                I2C1_ER_IRQHandler
                0x08000ea4                DMA2_Stream6_IRQHandler
                0x08000ea4                DMA1_Stream3_IRQHandler
 *fill*         0x08000ea6        0x2 
 .text.HAL_CAN_RxFifo0MsgPendingCallback
                0x08000ea8       0x84 CMakeFiles/LED.elf.dir/Core/application/CAN_receive.c.obj
                0x08000ea8                HAL_CAN_RxFifo0MsgPendingCallback
 .text.CAN_cmd_chassis
                0x08000f2c       0x54 CMakeFiles/LED.elf.dir/Core/application/CAN_receive.c.obj
                0x08000f2c                CAN_cmd_chassis
 .text.get_chassis_motor_measure_point
                0x08000f80       0x14 CMakeFiles/LED.elf.dir/Core/application/CAN_receive.c.obj
                0x08000f80                get_chassis_motor_measure_point
 .text.RC_init  0x08000f94       0x68 CMakeFiles/LED.elf.dir/Core/application/bsp_rc.c.obj
                0x08000f94                RC_init
 .text.sbus_to_rc
                0x08000ffc       0xde CMakeFiles/LED.elf.dir/Core/application/remote_control.c.obj
 *fill*         0x080010da        0x2 
 .text.remote_control_init
                0x080010dc       0x14 CMakeFiles/LED.elf.dir/Core/application/remote_control.c.obj
                0x080010dc                remote_control_init
 .text.remote_control_uart3_handler
                0x080010f0       0xe4 CMakeFiles/LED.elf.dir/Core/application/remote_control.c.obj
                0x080010f0                remote_control_uart3_handler
 .text.HAL_InitTick
                0x080011d4       0x4c CMakeFiles/LED.elf.dir/Drivers/STM32F4xx_HAL_Driver/Src/stm32f4xx_hal.c.obj
                0x080011d4                HAL_InitTick
 .text.HAL_Init
                0x08001220       0x34 CMakeFiles/LED.elf.dir/Drivers/STM32F4xx_HAL_Driver/Src/stm32f4xx_hal.c.obj
                0x08001220                HAL_Init
 .text.HAL_IncTick
                0x08001254       0x18 CMakeFiles/LED.elf.dir/Drivers/STM32F4xx_HAL_Driver/Src/stm32f4xx_hal.c.obj
                0x08001254                HAL_IncTick
 .text.HAL_GetTick
                0x0800126c        0xc CMakeFiles/LED.elf.dir/Drivers/STM32F4xx_HAL_Driver/Src/stm32f4xx_hal.c.obj
                0x0800126c                HAL_GetTick
 .text.HAL_Delay
                0x08001278       0x28 CMakeFiles/LED.elf.dir/Drivers/STM32F4xx_HAL_Driver/Src/stm32f4xx_hal.c.obj
                0x08001278                HAL_Delay
 .text.HAL_CAN_Init
                0x080012a0      0x14c CMakeFiles/LED.elf.dir/Drivers/STM32F4xx_HAL_Driver/Src/stm32f4xx_hal_can.c.obj
                0x080012a0                HAL_CAN_Init
 .text.HAL_CAN_ConfigFilter
                0x080013ec      0x13c CMakeFiles/LED.elf.dir/Drivers/STM32F4xx_HAL_Driver/Src/stm32f4xx_hal_can.c.obj
                0x080013ec                HAL_CAN_ConfigFilter
 .text.HAL_CAN_Start
                0x08001528       0x5c CMakeFiles/LED.elf.dir/Drivers/STM32F4xx_HAL_Driver/Src/stm32f4xx_hal_can.c.obj
                0x08001528                HAL_CAN_Start
 .text.HAL_CAN_AddTxMessage
                0x08001584       0xea CMakeFiles/LED.elf.dir/Drivers/STM32F4xx_HAL_Driver/Src/stm32f4xx_hal_can.c.obj
                0x08001584                HAL_CAN_AddTxMessage
 .text.HAL_CAN_GetRxMessage
                0x0800166e      0x16a CMakeFiles/LED.elf.dir/Drivers/STM32F4xx_HAL_Driver/Src/stm32f4xx_hal_can.c.obj
                0x0800166e                HAL_CAN_GetRxMessage
 .text.HAL_CAN_ActivateNotification
                0x080017d8       0x24 CMakeFiles/LED.elf.dir/Drivers/STM32F4xx_HAL_Driver/Src/stm32f4xx_hal_can.c.obj
                0x080017d8                HAL_CAN_ActivateNotification
 .text.HAL_CAN_TxMailbox0CompleteCallback
                0x080017fc        0x2 CMakeFiles/LED.elf.dir/Drivers/STM32F4xx_HAL_Driver/Src/stm32f4xx_hal_can.c.obj
                0x080017fc                HAL_CAN_TxMailbox0CompleteCallback
 .text.HAL_CAN_TxMailbox1CompleteCallback
                0x080017fe        0x2 CMakeFiles/LED.elf.dir/Drivers/STM32F4xx_HAL_Driver/Src/stm32f4xx_hal_can.c.obj
                0x080017fe                HAL_CAN_TxMailbox1CompleteCallback
 .text.HAL_CAN_TxMailbox2CompleteCallback
                0x08001800        0x2 CMakeFiles/LED.elf.dir/Drivers/STM32F4xx_HAL_Driver/Src/stm32f4xx_hal_can.c.obj
                0x08001800                HAL_CAN_TxMailbox2CompleteCallback
 .text.HAL_CAN_TxMailbox0AbortCallback
                0x08001802        0x2 CMakeFiles/LED.elf.dir/Drivers/STM32F4xx_HAL_Driver/Src/stm32f4xx_hal_can.c.obj
                0x08001802                HAL_CAN_TxMailbox0AbortCallback
 .text.HAL_CAN_TxMailbox1AbortCallback
                0x08001804        0x2 CMakeFiles/LED.elf.dir/Drivers/STM32F4xx_HAL_Driver/Src/stm32f4xx_hal_can.c.obj
                0x08001804                HAL_CAN_TxMailbox1AbortCallback
 .text.HAL_CAN_TxMailbox2AbortCallback
                0x08001806        0x2 CMakeFiles/LED.elf.dir/Drivers/STM32F4xx_HAL_Driver/Src/stm32f4xx_hal_can.c.obj
                0x08001806                HAL_CAN_TxMailbox2AbortCallback
 .text.HAL_CAN_RxFifo0FullCallback
                0x08001808        0x2 CMakeFiles/LED.elf.dir/Drivers/STM32F4xx_HAL_Driver/Src/stm32f4xx_hal_can.c.obj
                0x08001808                HAL_CAN_RxFifo0FullCallback
 .text.HAL_CAN_RxFifo1MsgPendingCallback
                0x0800180a        0x2 CMakeFiles/LED.elf.dir/Drivers/STM32F4xx_HAL_Driver/Src/stm32f4xx_hal_can.c.obj
                0x0800180a                HAL_CAN_RxFifo1MsgPendingCallback
 .text.HAL_CAN_RxFifo1FullCallback
                0x0800180c        0x2 CMakeFiles/LED.elf.dir/Drivers/STM32F4xx_HAL_Driver/Src/stm32f4xx_hal_can.c.obj
                0x0800180c                HAL_CAN_RxFifo1FullCallback
 .text.HAL_CAN_SleepCallback
                0x0800180e        0x2 CMakeFiles/LED.elf.dir/Drivers/STM32F4xx_HAL_Driver/Src/stm32f4xx_hal_can.c.obj
                0x0800180e                HAL_CAN_SleepCallback
 .text.HAL_CAN_WakeUpFromRxMsgCallback
                0x08001810        0x2 CMakeFiles/LED.elf.dir/Drivers/STM32F4xx_HAL_Driver/Src/stm32f4xx_hal_can.c.obj
                0x08001810                HAL_CAN_WakeUpFromRxMsgCallback
 .text.HAL_CAN_ErrorCallback
                0x08001812        0x2 CMakeFiles/LED.elf.dir/Drivers/STM32F4xx_HAL_Driver/Src/stm32f4xx_hal_can.c.obj
                0x08001812                HAL_CAN_ErrorCallback
 .text.HAL_CAN_IRQHandler
                0x08001814      0x250 CMakeFiles/LED.elf.dir/Drivers/STM32F4xx_HAL_Driver/Src/stm32f4xx_hal_can.c.obj
                0x08001814                HAL_CAN_IRQHandler
 .text.__NVIC_EnableIRQ
                0x08001a64       0x1c CMakeFiles/LED.elf.dir/Drivers/STM32F4xx_HAL_Driver/Src/stm32f4xx_hal_cortex.c.obj
 .text.__NVIC_SetPriority
                0x08001a80       0x28 CMakeFiles/LED.elf.dir/Drivers/STM32F4xx_HAL_Driver/Src/stm32f4xx_hal_cortex.c.obj
 .text.NVIC_EncodePriority
                0x08001aa8       0x3e CMakeFiles/LED.elf.dir/Drivers/STM32F4xx_HAL_Driver/Src/stm32f4xx_hal_cortex.c.obj
 *fill*         0x08001ae6        0x2 
 .text.HAL_NVIC_SetPriorityGrouping
                0x08001ae8       0x24 CMakeFiles/LED.elf.dir/Drivers/STM32F4xx_HAL_Driver/Src/stm32f4xx_hal_cortex.c.obj
                0x08001ae8                HAL_NVIC_SetPriorityGrouping
 .text.HAL_NVIC_SetPriority
                0x08001b0c       0x20 CMakeFiles/LED.elf.dir/Drivers/STM32F4xx_HAL_Driver/Src/stm32f4xx_hal_cortex.c.obj
                0x08001b0c                HAL_NVIC_SetPriority
 .text.HAL_NVIC_EnableIRQ
                0x08001b2c        0x8 CMakeFiles/LED.elf.dir/Drivers/STM32F4xx_HAL_Driver/Src/stm32f4xx_hal_cortex.c.obj
                0x08001b2c                HAL_NVIC_EnableIRQ
 .text.HAL_SYSTICK_Config
                0x08001b34       0x28 CMakeFiles/LED.elf.dir/Drivers/STM32F4xx_HAL_Driver/Src/stm32f4xx_hal_cortex.c.obj
                0x08001b34                HAL_SYSTICK_Config
 .text.DMA_CalcBaseAndBitshift
                0x08001b5c       0x38 CMakeFiles/LED.elf.dir/Drivers/STM32F4xx_HAL_Driver/Src/stm32f4xx_hal_dma.c.obj
 .text.DMA_CheckFifoParam
                0x08001b94       0x8e CMakeFiles/LED.elf.dir/Drivers/STM32F4xx_HAL_Driver/Src/stm32f4xx_hal_dma.c.obj
 *fill*         0x08001c22        0x2 
 .text.HAL_DMA_Init
                0x08001c24       0xcc CMakeFiles/LED.elf.dir/Drivers/STM32F4xx_HAL_Driver/Src/stm32f4xx_hal_dma.c.obj
                0x08001c24                HAL_DMA_Init
 .text.HAL_DMA_Abort
                0x08001cf0       0x92 CMakeFiles/LED.elf.dir/Drivers/STM32F4xx_HAL_Driver/Src/stm32f4xx_hal_dma.c.obj
                0x08001cf0                HAL_DMA_Abort
 .text.HAL_DMA_Abort_IT
                0x08001d82       0x24 CMakeFiles/LED.elf.dir/Drivers/STM32F4xx_HAL_Driver/Src/stm32f4xx_hal_dma.c.obj
                0x08001d82                HAL_DMA_Abort_IT
 *fill*         0x08001da6        0x2 
 .text.HAL_DMA_IRQHandler
                0x08001da8      0x1dc CMakeFiles/LED.elf.dir/Drivers/STM32F4xx_HAL_Driver/Src/stm32f4xx_hal_dma.c.obj
                0x08001da8                HAL_DMA_IRQHandler
 .text.HAL_GPIO_Init
                0x08001f84      0x1f4 CMakeFiles/LED.elf.dir/Drivers/STM32F4xx_HAL_Driver/Src/stm32f4xx_hal_gpio.c.obj
                0x08001f84                HAL_GPIO_Init
 .text.HAL_GPIO_WritePin
                0x08002178        0xc CMakeFiles/LED.elf.dir/Drivers/STM32F4xx_HAL_Driver/Src/stm32f4xx_hal_gpio.c.obj
                0x08002178                HAL_GPIO_WritePin
 .text.HAL_GPIO_TogglePin
                0x08002184       0x12 CMakeFiles/LED.elf.dir/Drivers/STM32F4xx_HAL_Driver/Src/stm32f4xx_hal_gpio.c.obj
                0x08002184                HAL_GPIO_TogglePin
 *fill*         0x08002196        0x2 
 .text.HAL_RCC_OscConfig
                0x08002198      0x3f8 CMakeFiles/LED.elf.dir/Drivers/STM32F4xx_HAL_Driver/Src/stm32f4xx_hal_rcc.c.obj
                0x08002198                HAL_RCC_OscConfig
 .text.HAL_RCC_GetSysClockFreq
                0x08002590       0xa8 CMakeFiles/LED.elf.dir/Drivers/STM32F4xx_HAL_Driver/Src/stm32f4xx_hal_rcc.c.obj
                0x08002590                HAL_RCC_GetSysClockFreq
 .text.HAL_RCC_ClockConfig
                0x08002638      0x160 CMakeFiles/LED.elf.dir/Drivers/STM32F4xx_HAL_Driver/Src/stm32f4xx_hal_rcc.c.obj
                0x08002638                HAL_RCC_ClockConfig
 .text.HAL_RCC_GetHCLKFreq
                0x08002798        0xc CMakeFiles/LED.elf.dir/Drivers/STM32F4xx_HAL_Driver/Src/stm32f4xx_hal_rcc.c.obj
                0x08002798                HAL_RCC_GetHCLKFreq
 .text.HAL_RCC_GetPCLK1Freq
                0x080027a4       0x20 CMakeFiles/LED.elf.dir/Drivers/STM32F4xx_HAL_Driver/Src/stm32f4xx_hal_rcc.c.obj
                0x080027a4                HAL_RCC_GetPCLK1Freq
 .text.HAL_RCC_GetPCLK2Freq
                0x080027c4       0x20 CMakeFiles/LED.elf.dir/Drivers/STM32F4xx_HAL_Driver/Src/stm32f4xx_hal_rcc.c.obj
                0x080027c4                HAL_RCC_GetPCLK2Freq
 .text.UART_EndRxTransfer
                0x080027e4       0x5c CMakeFiles/LED.elf.dir/Drivers/STM32F4xx_HAL_Driver/Src/stm32f4xx_hal_uart.c.obj
 .text.UART_Transmit_IT
                0x08002840       0x5e CMakeFiles/LED.elf.dir/Drivers/STM32F4xx_HAL_Driver/Src/stm32f4xx_hal_uart.c.obj
 *fill*         0x0800289e        0x2 
 .text.UART_SetConfig
                0x080028a0      0x110 CMakeFiles/LED.elf.dir/Drivers/STM32F4xx_HAL_Driver/Src/stm32f4xx_hal_uart.c.obj
 .text.HAL_UART_Init
                0x080029b0       0x60 CMakeFiles/LED.elf.dir/Drivers/STM32F4xx_HAL_Driver/Src/stm32f4xx_hal_uart.c.obj
                0x080029b0                HAL_UART_Init
 .text.HAL_UART_TxCpltCallback
                0x08002a10        0x2 CMakeFiles/LED.elf.dir/Drivers/STM32F4xx_HAL_Driver/Src/stm32f4xx_hal_uart.c.obj
                0x08002a10                HAL_UART_TxCpltCallback
 .text.UART_EndTransmit_IT
                0x08002a12       0x1a CMakeFiles/LED.elf.dir/Drivers/STM32F4xx_HAL_Driver/Src/stm32f4xx_hal_uart.c.obj
 .text.HAL_UART_RxCpltCallback
                0x08002a2c        0x2 CMakeFiles/LED.elf.dir/Drivers/STM32F4xx_HAL_Driver/Src/stm32f4xx_hal_uart.c.obj
                0x08002a2c                HAL_UART_RxCpltCallback
 .text.HAL_UART_ErrorCallback
                0x08002a2e        0x2 CMakeFiles/LED.elf.dir/Drivers/STM32F4xx_HAL_Driver/Src/stm32f4xx_hal_uart.c.obj
                0x08002a2e                HAL_UART_ErrorCallback
 .text.UART_DMAAbortOnError
                0x08002a30       0x10 CMakeFiles/LED.elf.dir/Drivers/STM32F4xx_HAL_Driver/Src/stm32f4xx_hal_uart.c.obj
 .text.HAL_UARTEx_RxEventCallback
                0x08002a40        0x2 CMakeFiles/LED.elf.dir/Drivers/STM32F4xx_HAL_Driver/Src/stm32f4xx_hal_uart.c.obj
                0x08002a40                HAL_UARTEx_RxEventCallback
 .text.UART_Receive_IT
                0x08002a42       0xe4 CMakeFiles/LED.elf.dir/Drivers/STM32F4xx_HAL_Driver/Src/stm32f4xx_hal_uart.c.obj
 *fill*         0x08002b26        0x2 
 .text.HAL_UART_IRQHandler
                0x08002b28      0x284 CMakeFiles/LED.elf.dir/Drivers/STM32F4xx_HAL_Driver/Src/stm32f4xx_hal_uart.c.obj
                0x08002b28                HAL_UART_IRQHandler
 .text.__udivmoddi4
                0x08002dac      0x2f8 D:/STM32/arm-none-eabi-gcc/bin/../lib/gcc/arm-none-eabi/14.2.1/thumb/v7e-m/nofp\libgcc.a(_udivmoddi4.o)
                0x08002dac                __udivmoddi4
 .text.memset   0x080030a4       0x9c D:/STM32/arm-none-eabi-gcc/bin/../lib/gcc/arm-none-eabi/14.2.1/thumb/v7e-m/nofp\libg.a(libc_a-memset.o)
                0x080030a4                memset
 .text.__libc_init_array
                0x08003140       0x50 D:/STM32/arm-none-eabi-gcc/bin/../lib/gcc/arm-none-eabi/14.2.1/thumb/v7e-m/nofp\libg.a(libc_a-init.o)
                0x08003140                __libc_init_array
 .text.__retarget_lock_acquire_recursive
                0x08003190        0x4 D:/STM32/arm-none-eabi-gcc/bin/../lib/gcc/arm-none-eabi/14.2.1/thumb/v7e-m/nofp\libg.a(libc_a-lock.o)
                0x08003190                __retarget_lock_acquire_recursive
 .text.__retarget_lock_release_recursive
                0x08003194        0x4 D:/STM32/arm-none-eabi-gcc/bin/../lib/gcc/arm-none-eabi/14.2.1/thumb/v7e-m/nofp\libg.a(libc_a-lock.o)
                0x08003194                __retarget_lock_release_recursive
 .text.startup.register_fini
                0x08003198       0x14 D:/STM32/arm-none-eabi-gcc/bin/../lib/gcc/arm-none-eabi/14.2.1/thumb/v7e-m/nofp\libg.a(libc_a-__call_atexit.o)
 .text.atexit   0x080031ac        0xc D:/STM32/arm-none-eabi-gcc/bin/../lib/gcc/arm-none-eabi/14.2.1/thumb/v7e-m/nofp\libg.a(libc_a-atexit.o)
                0x080031ac                atexit
 .text.__libc_fini_array
                0x080031b8       0x28 D:/STM32/arm-none-eabi-gcc/bin/../lib/gcc/arm-none-eabi/14.2.1/thumb/v7e-m/nofp\libg.a(libc_a-fini.o)
                0x080031b8                __libc_fini_array
 .text.__register_exitproc
                0x080031e0       0x80 D:/STM32/arm-none-eabi-gcc/bin/../lib/gcc/arm-none-eabi/14.2.1/thumb/v7e-m/nofp\libg.a(libc_a-__atexit.o)
                0x080031e0                __register_exitproc
 *(.glue_7)
 .glue_7        0x08003260        0x0 linker stubs
 *(.glue_7t)
 .glue_7t       0x08003260        0x0 linker stubs
 *(.eh_frame)
 .eh_frame      0x08003260        0x0 D:/STM32/arm-none-eabi-gcc/bin/../lib/gcc/arm-none-eabi/14.2.1/thumb/v7e-m/nofp/crtbegin.o
 *(.init)
 .init          0x08003260        0x4 D:/STM32/arm-none-eabi-gcc/bin/../lib/gcc/arm-none-eabi/14.2.1/thumb/v7e-m/nofp/crti.o
                0x08003260                _init
 .init          0x08003264        0x8 D:/STM32/arm-none-eabi-gcc/bin/../lib/gcc/arm-none-eabi/14.2.1/thumb/v7e-m/nofp/crtn.o
 *(.fini)
 .fini          0x0800326c        0x4 D:/STM32/arm-none-eabi-gcc/bin/../lib/gcc/arm-none-eabi/14.2.1/thumb/v7e-m/nofp/crti.o
                0x0800326c                _fini
 .fini          0x08003270        0x8 D:/STM32/arm-none-eabi-gcc/bin/../lib/gcc/arm-none-eabi/14.2.1/thumb/v7e-m/nofp/crtn.o
                0x08003278                        . = ALIGN (0x4)
                0x08003278                        _etext = .

.vfp11_veneer   0x08003278        0x0
 .vfp11_veneer  0x08003278        0x0 linker stubs

.v4_bx          0x08003278        0x0
 .v4_bx         0x08003278        0x0 linker stubs

.iplt           0x08003278        0x0
 .iplt          0x08003278        0x0 D:/STM32/arm-none-eabi-gcc/bin/../lib/gcc/arm-none-eabi/14.2.1/thumb/v7e-m/nofp/crtbegin.o

.rodata         0x08003278       0x20
                0x08003278                        . = ALIGN (0x4)
 *(.rodata)
 *(.rodata*)
 .rodata.APBPrescTable
                0x08003278        0x8 CMakeFiles/LED.elf.dir/Core/Src/system_stm32f4xx.c.obj
                0x08003278                APBPrescTable
 .rodata.AHBPrescTable
                0x08003280       0x10 CMakeFiles/LED.elf.dir/Core/Src/system_stm32f4xx.c.obj
                0x08003280                AHBPrescTable
 .rodata.flagBitshiftOffset.0
                0x08003290        0x8 CMakeFiles/LED.elf.dir/Drivers/STM32F4xx_HAL_Driver/Src/stm32f4xx_hal_dma.c.obj
                0x08003298                        . = ALIGN (0x4)

.ARM.extab      0x08003298        0x0
                0x08003298                        . = ALIGN (0x4)
 *(.ARM.extab* .gnu.linkonce.armextab.*)
                0x08003298                        . = ALIGN (0x4)

.ARM            0x08003298        0x8
                0x08003298                        . = ALIGN (0x4)
                0x08003298                        __exidx_start = .
 *(.ARM.exidx*)
 .ARM.exidx.text.__udivmoddi4
                0x08003298        0x8 D:/STM32/arm-none-eabi-gcc/bin/../lib/gcc/arm-none-eabi/14.2.1/thumb/v7e-m/nofp\libgcc.a(_udivmoddi4.o)
                0x080032a0                        __exidx_end = .
                0x080032a0                        . = ALIGN (0x4)

.preinit_array  0x080032a0        0x0
                0x080032a0                        . = ALIGN (0x4)
                0x080032a0                        PROVIDE (__preinit_array_start = .)
 *(.preinit_array*)
                0x080032a0                        PROVIDE (__preinit_array_end = .)
                0x080032a0                        . = ALIGN (0x4)

.init_array     0x080032a0        0x8
                0x080032a0                        . = ALIGN (0x4)
                0x080032a0                        PROVIDE (__init_array_start = .)
 *(SORT_BY_NAME(.init_array.*))
 .init_array.00000
                0x080032a0        0x4 D:/STM32/arm-none-eabi-gcc/bin/../lib/gcc/arm-none-eabi/14.2.1/thumb/v7e-m/nofp\libg.a(libc_a-__call_atexit.o)
 *(.init_array*)
 .init_array    0x080032a4        0x4 D:/STM32/arm-none-eabi-gcc/bin/../lib/gcc/arm-none-eabi/14.2.1/thumb/v7e-m/nofp/crtbegin.o
                0x080032a8                        PROVIDE (__init_array_end = .)
                0x080032a8                        . = ALIGN (0x4)

.fini_array     0x080032a8        0x4
                0x080032a8                        . = ALIGN (0x4)
                0x080032a8                        PROVIDE (__fini_array_start = .)
 *(SORT_BY_NAME(.fini_array.*))
 *(.fini_array*)
 .fini_array    0x080032a8        0x4 D:/STM32/arm-none-eabi-gcc/bin/../lib/gcc/arm-none-eabi/14.2.1/thumb/v7e-m/nofp/crtbegin.o
                0x080032ac                        PROVIDE (__fini_array_end = .)
                0x080032ac                        . = ALIGN (0x4)
                0x080032ac                        _sidata = LOADADDR (.data)

.rel.dyn        0x080032ac        0x0
 .rel.iplt      0x080032ac        0x0 D:/STM32/arm-none-eabi-gcc/bin/../lib/gcc/arm-none-eabi/14.2.1/thumb/v7e-m/nofp/crtbegin.o

.data           0x20000000       0x10 load address 0x080032ac
                0x20000000                        . = ALIGN (0x4)
                0x20000000                        _sdata = .
 *(.data)
 *(.data*)
 .data.SystemCoreClock
                0x20000000        0x4 CMakeFiles/LED.elf.dir/Core/Src/system_stm32f4xx.c.obj
                0x20000000                SystemCoreClock
 .data.uwTickFreq
                0x20000004        0x1 CMakeFiles/LED.elf.dir/Drivers/STM32F4xx_HAL_Driver/Src/stm32f4xx_hal.c.obj
                0x20000004                uwTickFreq
 *fill*         0x20000005        0x3 
 .data.uwTickPrio
                0x20000008        0x4 CMakeFiles/LED.elf.dir/Drivers/STM32F4xx_HAL_Driver/Src/stm32f4xx_hal.c.obj
                0x20000008                uwTickPrio
 .data.__atexit_recursive_mutex
                0x2000000c        0x4 D:/STM32/arm-none-eabi-gcc/bin/../lib/gcc/arm-none-eabi/14.2.1/thumb/v7e-m/nofp\libg.a(libc_a-__call_atexit.o)
                0x2000000c                __atexit_recursive_mutex
 *(.RamFunc)
 *(.RamFunc*)
                0x20000010                        . = ALIGN (0x4)
                0x20000010                        _edata = .
                0x080032bc                        _siccmram = LOADADDR (.ccmram)

.tm_clone_table
                0x20000010        0x0 load address 0x080032bc
 .tm_clone_table
                0x20000010        0x0 D:/STM32/arm-none-eabi-gcc/bin/../lib/gcc/arm-none-eabi/14.2.1/thumb/v7e-m/nofp/crtbegin.o
 .tm_clone_table
                0x20000010        0x0 D:/STM32/arm-none-eabi-gcc/bin/../lib/gcc/arm-none-eabi/14.2.1/thumb/v7e-m/nofp/crtend.o

.igot.plt       0x20000010        0x0 load address 0x080032bc
 .igot.plt      0x20000010        0x0 D:/STM32/arm-none-eabi-gcc/bin/../lib/gcc/arm-none-eabi/14.2.1/thumb/v7e-m/nofp/crtbegin.o

.ccmram         0x10000000        0x0 load address 0x080032bc
                0x10000000                        . = ALIGN (0x4)
                0x10000000                        _sccmram = .
 *(.ccmram)
 *(.ccmram*)
                0x10000000                        . = ALIGN (0x4)
                0x10000000                        _eccmram = .
                0x10000000                        . = ALIGN (0x4)

.bss            0x20000010      0x408
                0x20000010                        _sbss = .
                0x20000010                        __bss_start__ = _sbss
 *(.bss)
 *(.bss*)
 .bss.completed.1
                0x20000010        0x1 D:/STM32/arm-none-eabi-gcc/bin/../lib/gcc/arm-none-eabi/14.2.1/thumb/v7e-m/nofp/crtbegin.o
 *fill*         0x20000011        0x3 
 .bss.object.0  0x20000014       0x18 D:/STM32/arm-none-eabi-gcc/bin/../lib/gcc/arm-none-eabi/14.2.1/thumb/v7e-m/nofp/crtbegin.o
 .bss.hcan1     0x2000002c       0x28 CMakeFiles/LED.elf.dir/Core/Src/can.c.obj
                0x2000002c                hcan1
 .bss.led_cnt   0x20000054        0x2 CMakeFiles/LED.elf.dir/Core/Src/main.c.obj
                0x20000054                led_cnt
 *fill*         0x20000056        0x2 
 .bss.gimbal_yaw_angle_pid
                0x20000058       0x34 CMakeFiles/LED.elf.dir/Core/Src/pid.c.obj
                0x20000058                gimbal_yaw_angle_pid
 .bss.gimbal_yaw_speed_pid
                0x2000008c       0x34 CMakeFiles/LED.elf.dir/Core/Src/pid.c.obj
                0x2000008c                gimbal_yaw_speed_pid
 .bss.hdma_usart3_rx
                0x200000c0       0x60 CMakeFiles/LED.elf.dir/Core/Src/usart.c.obj
                0x200000c0                hdma_usart3_rx
 .bss.huart3    0x20000120       0x48 CMakeFiles/LED.elf.dir/Core/Src/usart.c.obj
                0x20000120                huart3
 .bss.huart1    0x20000168       0x48 CMakeFiles/LED.elf.dir/Core/Src/usart.c.obj
                0x20000168                huart1
 .bss.i.0       0x200001b0        0x1 CMakeFiles/LED.elf.dir/Core/application/CAN_receive.c.obj
 *fill*         0x200001b1        0x3 
 .bss.chassis_can_send_data
                0x200001b4        0x8 CMakeFiles/LED.elf.dir/Core/application/CAN_receive.c.obj
 .bss.chassis_tx_message
                0x200001bc       0x18 CMakeFiles/LED.elf.dir/Core/application/CAN_receive.c.obj
 .bss.motor_chassis
                0x200001d4       0x46 CMakeFiles/LED.elf.dir/Core/application/CAN_receive.c.obj
 .bss.this_time_rx_len.0
                0x2000021a        0x2 CMakeFiles/LED.elf.dir/Core/application/remote_control.c.obj
 .bss.sbus_rx_buf
                0x2000021c       0x48 CMakeFiles/LED.elf.dir/Core/application/remote_control.c.obj
 .bss.rc_ctrl   0x20000264       0x16 CMakeFiles/LED.elf.dir/Core/application/remote_control.c.obj
                0x20000264                rc_ctrl
 *fill*         0x2000027a        0x2 
 .bss.uwTick    0x2000027c        0x4 CMakeFiles/LED.elf.dir/Drivers/STM32F4xx_HAL_Driver/Src/stm32f4xx_hal.c.obj
                0x2000027c                uwTick
 .bss.__lock___atexit_recursive_mutex
                0x20000280        0x1 D:/STM32/arm-none-eabi-gcc/bin/../lib/gcc/arm-none-eabi/14.2.1/thumb/v7e-m/nofp\libg.a(libc_a-lock.o)
                0x20000280                __lock___atexit_recursive_mutex
 *fill*         0x20000281        0x3 
 .bss.__atexit  0x20000284        0x4 D:/STM32/arm-none-eabi-gcc/bin/../lib/gcc/arm-none-eabi/14.2.1/thumb/v7e-m/nofp\libg.a(libc_a-__call_atexit.o)
                0x20000284                __atexit
 .bss.__atexit0
                0x20000288      0x190 D:/STM32/arm-none-eabi-gcc/bin/../lib/gcc/arm-none-eabi/14.2.1/thumb/v7e-m/nofp\libg.a(libc_a-__atexit.o)
                0x20000288                __atexit0
 *(COMMON)
                0x20000418                        . = ALIGN (0x4)
                0x20000418                        _ebss = .
                0x20000418                        __bss_end__ = _ebss

._user_heap_stack
                0x20000418      0x600
                0x20000418                        . = ALIGN (0x8)
                [!provide]                        PROVIDE (end = .)
                0x20000418                        PROVIDE (_end = .)
                0x20000618                        . = (. + _Min_Heap_Size)
 *fill*         0x20000418      0x200 
                0x20000a18                        . = (. + _Min_Stack_Size)
 *fill*         0x20000618      0x400 
                0x20000a18                        . = ALIGN (0x8)

/DISCARD/
 libc.a(*)
 libm.a(*)
 libgcc.a(*)

.ARM.attributes
                0x00000000       0x2a
 *(.ARM.attributes)
 .ARM.attributes
                0x00000000       0x1e D:/STM32/arm-none-eabi-gcc/bin/../lib/gcc/arm-none-eabi/14.2.1/thumb/v7e-m/nofp/crti.o
 .ARM.attributes
                0x0000001e       0x2e D:/STM32/arm-none-eabi-gcc/bin/../lib/gcc/arm-none-eabi/14.2.1/thumb/v7e-m/nofp/crtbegin.o
 .ARM.attributes
                0x0000004c       0x2e CMakeFiles/LED.elf.dir/Core/Src/bsp_can.c.obj
 .ARM.attributes
                0x0000007a       0x2e CMakeFiles/LED.elf.dir/Core/Src/can.c.obj
 .ARM.attributes
                0x000000a8       0x2e CMakeFiles/LED.elf.dir/Core/Src/dma.c.obj
 .ARM.attributes
                0x000000d6       0x2e CMakeFiles/LED.elf.dir/Core/Src/gpio.c.obj
 .ARM.attributes
                0x00000104       0x2e CMakeFiles/LED.elf.dir/Core/Src/main.c.obj
 .ARM.attributes
                0x00000132       0x2e CMakeFiles/LED.elf.dir/Core/Src/pid.c.obj
 .ARM.attributes
                0x00000160       0x2e CMakeFiles/LED.elf.dir/Core/Src/stm32f4xx_hal_msp.c.obj
 .ARM.attributes
                0x0000018e       0x2e CMakeFiles/LED.elf.dir/Core/Src/stm32f4xx_it.c.obj
 .ARM.attributes
                0x000001bc       0x2e CMakeFiles/LED.elf.dir/Core/Src/system_stm32f4xx.c.obj
 .ARM.attributes
                0x000001ea       0x2e CMakeFiles/LED.elf.dir/Core/Src/usart.c.obj
 .ARM.attributes
                0x00000218       0x21 CMakeFiles/LED.elf.dir/Core/Startup/startup_stm32f407ighx.s.obj
 .ARM.attributes
                0x00000239       0x2e CMakeFiles/LED.elf.dir/Core/application/CAN_receive.c.obj
 .ARM.attributes
                0x00000267       0x2e CMakeFiles/LED.elf.dir/Core/application/bsp_rc.c.obj
 .ARM.attributes
                0x00000295       0x2e CMakeFiles/LED.elf.dir/Core/application/remote_control.c.obj
 .ARM.attributes
                0x000002c3       0x2e CMakeFiles/LED.elf.dir/Drivers/STM32F4xx_HAL_Driver/Src/stm32f4xx_hal.c.obj
 .ARM.attributes
                0x000002f1       0x2e CMakeFiles/LED.elf.dir/Drivers/STM32F4xx_HAL_Driver/Src/stm32f4xx_hal_can.c.obj
 .ARM.attributes
                0x0000031f       0x2e CMakeFiles/LED.elf.dir/Drivers/STM32F4xx_HAL_Driver/Src/stm32f4xx_hal_cortex.c.obj
 .ARM.attributes
                0x0000034d       0x2e CMakeFiles/LED.elf.dir/Drivers/STM32F4xx_HAL_Driver/Src/stm32f4xx_hal_dma.c.obj
 .ARM.attributes
                0x0000037b       0x2e CMakeFiles/LED.elf.dir/Drivers/STM32F4xx_HAL_Driver/Src/stm32f4xx_hal_gpio.c.obj
 .ARM.attributes
                0x000003a9       0x2e CMakeFiles/LED.elf.dir/Drivers/STM32F4xx_HAL_Driver/Src/stm32f4xx_hal_rcc.c.obj
 .ARM.attributes
                0x000003d7       0x2e CMakeFiles/LED.elf.dir/Drivers/STM32F4xx_HAL_Driver/Src/stm32f4xx_hal_uart.c.obj
 .ARM.attributes
                0x00000405       0x1e D:/STM32/arm-none-eabi-gcc/bin/../lib/gcc/arm-none-eabi/14.2.1/thumb/v7e-m/nofp\libgcc.a(_arm_mulsf3.o)
 .ARM.attributes
                0x00000423       0x1e D:/STM32/arm-none-eabi-gcc/bin/../lib/gcc/arm-none-eabi/14.2.1/thumb/v7e-m/nofp\libgcc.a(_arm_addsubsf3.o)
 .ARM.attributes
                0x00000441       0x1e D:/STM32/arm-none-eabi-gcc/bin/../lib/gcc/arm-none-eabi/14.2.1/thumb/v7e-m/nofp\libgcc.a(_arm_cmpsf2.o)
 .ARM.attributes
                0x0000045f       0x1e D:/STM32/arm-none-eabi-gcc/bin/../lib/gcc/arm-none-eabi/14.2.1/thumb/v7e-m/nofp\libgcc.a(_arm_fixsfsi.o)
 .ARM.attributes
                0x0000047d       0x1e D:/STM32/arm-none-eabi-gcc/bin/../lib/gcc/arm-none-eabi/14.2.1/thumb/v7e-m/nofp\libgcc.a(_aeabi_uldivmod.o)
 .ARM.attributes
                0x0000049b       0x2e D:/STM32/arm-none-eabi-gcc/bin/../lib/gcc/arm-none-eabi/14.2.1/thumb/v7e-m/nofp\libgcc.a(_udivmoddi4.o)
 .ARM.attributes
                0x000004c9       0x1e D:/STM32/arm-none-eabi-gcc/bin/../lib/gcc/arm-none-eabi/14.2.1/thumb/v7e-m/nofp\libgcc.a(_dvmd_tls.o)
 .ARM.attributes
                0x000004e7       0x2e D:/STM32/arm-none-eabi-gcc/bin/../lib/gcc/arm-none-eabi/14.2.1/thumb/v7e-m/nofp\libg.a(libc_a-memset.o)
 .ARM.attributes
                0x00000515       0x2e D:/STM32/arm-none-eabi-gcc/bin/../lib/gcc/arm-none-eabi/14.2.1/thumb/v7e-m/nofp\libg.a(libc_a-init.o)
 .ARM.attributes
                0x00000543       0x2e D:/STM32/arm-none-eabi-gcc/bin/../lib/gcc/arm-none-eabi/14.2.1/thumb/v7e-m/nofp\libg.a(libc_a-lock.o)
 .ARM.attributes
                0x00000571       0x2e D:/STM32/arm-none-eabi-gcc/bin/../lib/gcc/arm-none-eabi/14.2.1/thumb/v7e-m/nofp\libg.a(libc_a-__call_atexit.o)
 .ARM.attributes
                0x0000059f       0x2e D:/STM32/arm-none-eabi-gcc/bin/../lib/gcc/arm-none-eabi/14.2.1/thumb/v7e-m/nofp\libg.a(libc_a-atexit.o)
 .ARM.attributes
                0x000005cd       0x2e D:/STM32/arm-none-eabi-gcc/bin/../lib/gcc/arm-none-eabi/14.2.1/thumb/v7e-m/nofp\libg.a(libc_a-fini.o)
 .ARM.attributes
                0x000005fb       0x2e D:/STM32/arm-none-eabi-gcc/bin/../lib/gcc/arm-none-eabi/14.2.1/thumb/v7e-m/nofp\libg.a(libc_a-__atexit.o)
 .ARM.attributes
                0x00000629       0x2e D:/STM32/arm-none-eabi-gcc/bin/../lib/gcc/arm-none-eabi/14.2.1/thumb/v7e-m/nofp/crtend.o
 .ARM.attributes
                0x00000657       0x1e D:/STM32/arm-none-eabi-gcc/bin/../lib/gcc/arm-none-eabi/14.2.1/thumb/v7e-m/nofp/crtn.o
OUTPUT(LED.elf elf32-littlearm)
LOAD linker stubs
LOAD D:/STM32/arm-none-eabi-gcc/bin/../lib/gcc/arm-none-eabi/14.2.1/thumb/v7e-m/nofp\libc.a
LOAD D:/STM32/arm-none-eabi-gcc/bin/../lib/gcc/arm-none-eabi/14.2.1/thumb/v7e-m/nofp\libm.a
LOAD D:/STM32/arm-none-eabi-gcc/bin/../lib/gcc/arm-none-eabi/14.2.1/thumb/v7e-m/nofp\libgcc.a

.debug_info     0x00000000     0xe8cf
 .debug_info    0x00000000      0x60f CMakeFiles/LED.elf.dir/Core/Src/bsp_can.c.obj
 .debug_info    0x0000060f      0xb5c CMakeFiles/LED.elf.dir/Core/Src/can.c.obj
 .debug_info    0x0000116b      0x4d9 CMakeFiles/LED.elf.dir/Core/Src/dma.c.obj
 .debug_info    0x00001644      0x45c CMakeFiles/LED.elf.dir/Core/Src/gpio.c.obj
 .debug_info    0x00001aa0      0xdc4 CMakeFiles/LED.elf.dir/Core/Src/main.c.obj
 .debug_info    0x00002864      0x302 CMakeFiles/LED.elf.dir/Core/Src/pid.c.obj
 .debug_info    0x00002b66      0x265 CMakeFiles/LED.elf.dir/Core/Src/stm32f4xx_hal_msp.c.obj
 .debug_info    0x00002dcb      0xaa5 CMakeFiles/LED.elf.dir/Core/Src/stm32f4xx_it.c.obj
 .debug_info    0x00003870      0x334 CMakeFiles/LED.elf.dir/Core/Src/system_stm32f4xx.c.obj
 .debug_info    0x00003ba4      0xdad CMakeFiles/LED.elf.dir/Core/Src/usart.c.obj
 .debug_info    0x00004951       0x30 CMakeFiles/LED.elf.dir/Core/Startup/startup_stm32f407ighx.s.obj
 .debug_info    0x00004981      0x973 CMakeFiles/LED.elf.dir/Core/application/CAN_receive.c.obj
 .debug_info    0x000052f4      0x5b4 CMakeFiles/LED.elf.dir/Core/application/bsp_rc.c.obj
 .debug_info    0x000058a8      0x80f CMakeFiles/LED.elf.dir/Core/application/remote_control.c.obj
 .debug_info    0x000060b7      0x9e2 CMakeFiles/LED.elf.dir/Drivers/STM32F4xx_HAL_Driver/Src/stm32f4xx_hal.c.obj
 .debug_info    0x00006a99     0x11f7 CMakeFiles/LED.elf.dir/Drivers/STM32F4xx_HAL_Driver/Src/stm32f4xx_hal_can.c.obj
 .debug_info    0x00007c90      0xff5 CMakeFiles/LED.elf.dir/Drivers/STM32F4xx_HAL_Driver/Src/stm32f4xx_hal_cortex.c.obj
 .debug_info    0x00008c85      0xad9 CMakeFiles/LED.elf.dir/Drivers/STM32F4xx_HAL_Driver/Src/stm32f4xx_hal_dma.c.obj
 .debug_info    0x0000975e      0x704 CMakeFiles/LED.elf.dir/Drivers/STM32F4xx_HAL_Driver/Src/stm32f4xx_hal_gpio.c.obj
 .debug_info    0x00009e62      0xa6d CMakeFiles/LED.elf.dir/Drivers/STM32F4xx_HAL_Driver/Src/stm32f4xx_hal_rcc.c.obj
 .debug_info    0x0000a8cf     0x4000 CMakeFiles/LED.elf.dir/Drivers/STM32F4xx_HAL_Driver/Src/stm32f4xx_hal_uart.c.obj

.debug_abbrev   0x00000000     0x299b
 .debug_abbrev  0x00000000      0x195 CMakeFiles/LED.elf.dir/Core/Src/bsp_can.c.obj
 .debug_abbrev  0x00000195      0x23d CMakeFiles/LED.elf.dir/Core/Src/can.c.obj
 .debug_abbrev  0x000003d2      0x12b CMakeFiles/LED.elf.dir/Core/Src/dma.c.obj
 .debug_abbrev  0x000004fd      0x164 CMakeFiles/LED.elf.dir/Core/Src/gpio.c.obj
 .debug_abbrev  0x00000661      0x2f2 CMakeFiles/LED.elf.dir/Core/Src/main.c.obj
 .debug_abbrev  0x00000953      0x147 CMakeFiles/LED.elf.dir/Core/Src/pid.c.obj
 .debug_abbrev  0x00000a9a       0xd6 CMakeFiles/LED.elf.dir/Core/Src/stm32f4xx_hal_msp.c.obj
 .debug_abbrev  0x00000b70      0x1d5 CMakeFiles/LED.elf.dir/Core/Src/stm32f4xx_it.c.obj
 .debug_abbrev  0x00000d45      0x120 CMakeFiles/LED.elf.dir/Core/Src/system_stm32f4xx.c.obj
 .debug_abbrev  0x00000e65      0x24e CMakeFiles/LED.elf.dir/Core/Src/usart.c.obj
 .debug_abbrev  0x000010b3       0x24 CMakeFiles/LED.elf.dir/Core/Startup/startup_stm32f407ighx.s.obj
 .debug_abbrev  0x000010d7      0x231 CMakeFiles/LED.elf.dir/Core/application/CAN_receive.c.obj
 .debug_abbrev  0x00001308      0x156 CMakeFiles/LED.elf.dir/Core/application/bsp_rc.c.obj
 .debug_abbrev  0x0000145e      0x239 CMakeFiles/LED.elf.dir/Core/application/remote_control.c.obj
 .debug_abbrev  0x00001697      0x240 CMakeFiles/LED.elf.dir/Drivers/STM32F4xx_HAL_Driver/Src/stm32f4xx_hal.c.obj
 .debug_abbrev  0x000018d7      0x27b CMakeFiles/LED.elf.dir/Drivers/STM32F4xx_HAL_Driver/Src/stm32f4xx_hal_can.c.obj
 .debug_abbrev  0x00001b52      0x391 CMakeFiles/LED.elf.dir/Drivers/STM32F4xx_HAL_Driver/Src/stm32f4xx_hal_cortex.c.obj
 .debug_abbrev  0x00001ee3      0x2c0 CMakeFiles/LED.elf.dir/Drivers/STM32F4xx_HAL_Driver/Src/stm32f4xx_hal_dma.c.obj
 .debug_abbrev  0x000021a3      0x202 CMakeFiles/LED.elf.dir/Drivers/STM32F4xx_HAL_Driver/Src/stm32f4xx_hal_gpio.c.obj
 .debug_abbrev  0x000023a5      0x2c7 CMakeFiles/LED.elf.dir/Drivers/STM32F4xx_HAL_Driver/Src/stm32f4xx_hal_rcc.c.obj
 .debug_abbrev  0x0000266c      0x32f CMakeFiles/LED.elf.dir/Drivers/STM32F4xx_HAL_Driver/Src/stm32f4xx_hal_uart.c.obj

.debug_aranges  0x00000000      0x960
 .debug_aranges
                0x00000000       0x20 CMakeFiles/LED.elf.dir/Core/Src/bsp_can.c.obj
 .debug_aranges
                0x00000020       0x30 CMakeFiles/LED.elf.dir/Core/Src/can.c.obj
 .debug_aranges
                0x00000050       0x20 CMakeFiles/LED.elf.dir/Core/Src/dma.c.obj
 .debug_aranges
                0x00000070       0x20 CMakeFiles/LED.elf.dir/Core/Src/gpio.c.obj
 .debug_aranges
                0x00000090       0x38 CMakeFiles/LED.elf.dir/Core/Src/main.c.obj
 .debug_aranges
                0x000000c8       0x30 CMakeFiles/LED.elf.dir/Core/Src/pid.c.obj
 .debug_aranges
                0x000000f8       0x20 CMakeFiles/LED.elf.dir/Core/Src/stm32f4xx_hal_msp.c.obj
 .debug_aranges
                0x00000118       0x78 CMakeFiles/LED.elf.dir/Core/Src/stm32f4xx_it.c.obj
 .debug_aranges
                0x00000190       0x28 CMakeFiles/LED.elf.dir/Core/Src/system_stm32f4xx.c.obj
 .debug_aranges
                0x000001b8       0x38 CMakeFiles/LED.elf.dir/Core/Src/usart.c.obj
 .debug_aranges
                0x000001f0       0x28 CMakeFiles/LED.elf.dir/Core/Startup/startup_stm32f407ighx.s.obj
 .debug_aranges
                0x00000218       0x58 CMakeFiles/LED.elf.dir/Core/application/CAN_receive.c.obj
 .debug_aranges
                0x00000270       0x20 CMakeFiles/LED.elf.dir/Core/application/bsp_rc.c.obj
 .debug_aranges
                0x00000290       0x38 CMakeFiles/LED.elf.dir/Core/application/remote_control.c.obj
 .debug_aranges
                0x000002c8       0xf0 CMakeFiles/LED.elf.dir/Drivers/STM32F4xx_HAL_Driver/Src/stm32f4xx_hal.c.obj
 .debug_aranges
                0x000003b8      0x138 CMakeFiles/LED.elf.dir/Drivers/STM32F4xx_HAL_Driver/Src/stm32f4xx_hal_can.c.obj
 .debug_aranges
                0x000004f0       0xf8 CMakeFiles/LED.elf.dir/Drivers/STM32F4xx_HAL_Driver/Src/stm32f4xx_hal_cortex.c.obj
 .debug_aranges
                0x000005e8       0x90 CMakeFiles/LED.elf.dir/Drivers/STM32F4xx_HAL_Driver/Src/stm32f4xx_hal_dma.c.obj
 .debug_aranges
                0x00000678       0x58 CMakeFiles/LED.elf.dir/Drivers/STM32F4xx_HAL_Driver/Src/stm32f4xx_hal_gpio.c.obj
 .debug_aranges
                0x000006d0       0x88 CMakeFiles/LED.elf.dir/Drivers/STM32F4xx_HAL_Driver/Src/stm32f4xx_hal_rcc.c.obj
 .debug_aranges
                0x00000758      0x208 CMakeFiles/LED.elf.dir/Drivers/STM32F4xx_HAL_Driver/Src/stm32f4xx_hal_uart.c.obj

.debug_rnglists
                0x00000000      0x701
 .debug_rnglists
                0x00000000       0x13 CMakeFiles/LED.elf.dir/Core/Src/bsp_can.c.obj
 .debug_rnglists
                0x00000013       0x1f CMakeFiles/LED.elf.dir/Core/Src/can.c.obj
 .debug_rnglists
                0x00000032       0x13 CMakeFiles/LED.elf.dir/Core/Src/dma.c.obj
 .debug_rnglists
                0x00000045       0x14 CMakeFiles/LED.elf.dir/Core/Src/gpio.c.obj
 .debug_rnglists
                0x00000059       0x34 CMakeFiles/LED.elf.dir/Core/Src/main.c.obj
 .debug_rnglists
                0x0000008d       0x20 CMakeFiles/LED.elf.dir/Core/Src/pid.c.obj
 .debug_rnglists
                0x000000ad       0x13 CMakeFiles/LED.elf.dir/Core/Src/stm32f4xx_hal_msp.c.obj
 .debug_rnglists
                0x000000c0       0x55 CMakeFiles/LED.elf.dir/Core/Src/stm32f4xx_it.c.obj
 .debug_rnglists
                0x00000115       0x1a CMakeFiles/LED.elf.dir/Core/Src/system_stm32f4xx.c.obj
 .debug_rnglists
                0x0000012f       0x26 CMakeFiles/LED.elf.dir/Core/Src/usart.c.obj
 .debug_rnglists
                0x00000155       0x19 CMakeFiles/LED.elf.dir/Core/Startup/startup_stm32f407ighx.s.obj
 .debug_rnglists
                0x0000016e       0x3e CMakeFiles/LED.elf.dir/Core/application/CAN_receive.c.obj
 .debug_rnglists
                0x000001ac       0x13 CMakeFiles/LED.elf.dir/Core/application/bsp_rc.c.obj
 .debug_rnglists
                0x000001bf       0x27 CMakeFiles/LED.elf.dir/Core/application/remote_control.c.obj
 .debug_rnglists
                0x000001e6       0xaf CMakeFiles/LED.elf.dir/Drivers/STM32F4xx_HAL_Driver/Src/stm32f4xx_hal.c.obj
 .debug_rnglists
                0x00000295       0xf6 CMakeFiles/LED.elf.dir/Drivers/STM32F4xx_HAL_Driver/Src/stm32f4xx_hal_can.c.obj
 .debug_rnglists
                0x0000038b       0xb5 CMakeFiles/LED.elf.dir/Drivers/STM32F4xx_HAL_Driver/Src/stm32f4xx_hal_cortex.c.obj
 .debug_rnglists
                0x00000440       0x6c CMakeFiles/LED.elf.dir/Drivers/STM32F4xx_HAL_Driver/Src/stm32f4xx_hal_dma.c.obj
 .debug_rnglists
                0x000004ac       0x3f CMakeFiles/LED.elf.dir/Drivers/STM32F4xx_HAL_Driver/Src/stm32f4xx_hal_gpio.c.obj
 .debug_rnglists
                0x000004eb       0x75 CMakeFiles/LED.elf.dir/Drivers/STM32F4xx_HAL_Driver/Src/stm32f4xx_hal_rcc.c.obj
 .debug_rnglists
                0x00000560      0x1a1 CMakeFiles/LED.elf.dir/Drivers/STM32F4xx_HAL_Driver/Src/stm32f4xx_hal_uart.c.obj

.debug_line     0x00000000     0x9aae
 .debug_line    0x00000000      0x248 CMakeFiles/LED.elf.dir/Core/Src/bsp_can.c.obj
 .debug_line    0x00000248      0x331 CMakeFiles/LED.elf.dir/Core/Src/can.c.obj
 .debug_line    0x00000579      0x19e CMakeFiles/LED.elf.dir/Core/Src/dma.c.obj
 .debug_line    0x00000717      0x1dd CMakeFiles/LED.elf.dir/Core/Src/gpio.c.obj
 .debug_line    0x000008f4      0x4b0 CMakeFiles/LED.elf.dir/Core/Src/main.c.obj
 .debug_line    0x00000da4      0x178 CMakeFiles/LED.elf.dir/Core/Src/pid.c.obj
 .debug_line    0x00000f1c      0x15d CMakeFiles/LED.elf.dir/Core/Src/stm32f4xx_hal_msp.c.obj
 .debug_line    0x00001079      0x34a CMakeFiles/LED.elf.dir/Core/Src/stm32f4xx_it.c.obj
 .debug_line    0x000013c3      0x223 CMakeFiles/LED.elf.dir/Core/Src/system_stm32f4xx.c.obj
 .debug_line    0x000015e6      0x476 CMakeFiles/LED.elf.dir/Core/Src/usart.c.obj
 .debug_line    0x00001a5c       0x7a CMakeFiles/LED.elf.dir/Core/Startup/startup_stm32f407ighx.s.obj
 .debug_line    0x00001ad6      0x3fe CMakeFiles/LED.elf.dir/Core/application/CAN_receive.c.obj
 .debug_line    0x00001ed4      0x223 CMakeFiles/LED.elf.dir/Core/application/bsp_rc.c.obj
 .debug_line    0x000020f7      0x417 CMakeFiles/LED.elf.dir/Core/application/remote_control.c.obj
 .debug_line    0x0000250e      0x59f CMakeFiles/LED.elf.dir/Drivers/STM32F4xx_HAL_Driver/Src/stm32f4xx_hal.c.obj
 .debug_line    0x00002aad     0x1184 CMakeFiles/LED.elf.dir/Drivers/STM32F4xx_HAL_Driver/Src/stm32f4xx_hal_can.c.obj
 .debug_line    0x00003c31      0x862 CMakeFiles/LED.elf.dir/Drivers/STM32F4xx_HAL_Driver/Src/stm32f4xx_hal_cortex.c.obj
 .debug_line    0x00004493      0xe3f CMakeFiles/LED.elf.dir/Drivers/STM32F4xx_HAL_Driver/Src/stm32f4xx_hal_dma.c.obj
 .debug_line    0x000052d2      0x714 CMakeFiles/LED.elf.dir/Drivers/STM32F4xx_HAL_Driver/Src/stm32f4xx_hal_gpio.c.obj
 .debug_line    0x000059e6      0xbe8 CMakeFiles/LED.elf.dir/Drivers/STM32F4xx_HAL_Driver/Src/stm32f4xx_hal_rcc.c.obj
 .debug_line    0x000065ce     0x34e0 CMakeFiles/LED.elf.dir/Drivers/STM32F4xx_HAL_Driver/Src/stm32f4xx_hal_uart.c.obj

.debug_str      0x00000000     0x3413
 .debug_str     0x00000000     0x3413 CMakeFiles/LED.elf.dir/Core/Src/bsp_can.c.obj
                                0x581 (size before relaxing)
 .debug_str     0x00003413      0xb71 CMakeFiles/LED.elf.dir/Core/Src/can.c.obj
 .debug_str     0x00003413      0x7e1 CMakeFiles/LED.elf.dir/Core/Src/dma.c.obj
 .debug_str     0x00003413      0x38e CMakeFiles/LED.elf.dir/Core/Src/gpio.c.obj
 .debug_str     0x00003413      0x7a2 CMakeFiles/LED.elf.dir/Core/Src/main.c.obj
 .debug_str     0x00003413      0x277 CMakeFiles/LED.elf.dir/Core/Src/pid.c.obj
 .debug_str     0x00003413      0x2cf CMakeFiles/LED.elf.dir/Core/Src/stm32f4xx_hal_msp.c.obj
 .debug_str     0x00003413      0x9ec CMakeFiles/LED.elf.dir/Core/Src/stm32f4xx_it.c.obj
 .debug_str     0x00003413      0x335 CMakeFiles/LED.elf.dir/Core/Src/system_stm32f4xx.c.obj
 .debug_str     0x00003413      0xdc4 CMakeFiles/LED.elf.dir/Core/Src/usart.c.obj
 .debug_str     0x00003413       0x85 CMakeFiles/LED.elf.dir/Core/Startup/startup_stm32f407ighx.s.obj
 .debug_str     0x00003413      0x79e CMakeFiles/LED.elf.dir/Core/application/CAN_receive.c.obj
 .debug_str     0x00003413      0x65e CMakeFiles/LED.elf.dir/Core/application/bsp_rc.c.obj
 .debug_str     0x00003413      0x707 CMakeFiles/LED.elf.dir/Core/application/remote_control.c.obj
 .debug_str     0x00003413      0xb78 CMakeFiles/LED.elf.dir/Drivers/STM32F4xx_HAL_Driver/Src/stm32f4xx_hal.c.obj
 .debug_str     0x00003413      0xa49 CMakeFiles/LED.elf.dir/Drivers/STM32F4xx_HAL_Driver/Src/stm32f4xx_hal_can.c.obj
 .debug_str     0x00003413      0xc89 CMakeFiles/LED.elf.dir/Drivers/STM32F4xx_HAL_Driver/Src/stm32f4xx_hal_cortex.c.obj
 .debug_str     0x00003413      0x78a CMakeFiles/LED.elf.dir/Drivers/STM32F4xx_HAL_Driver/Src/stm32f4xx_hal_dma.c.obj
 .debug_str     0x00003413      0x4f4 CMakeFiles/LED.elf.dir/Drivers/STM32F4xx_HAL_Driver/Src/stm32f4xx_hal_gpio.c.obj
 .debug_str     0x00003413      0x71a CMakeFiles/LED.elf.dir/Drivers/STM32F4xx_HAL_Driver/Src/stm32f4xx_hal_rcc.c.obj
 .debug_str     0x00003413      0xdaf CMakeFiles/LED.elf.dir/Drivers/STM32F4xx_HAL_Driver/Src/stm32f4xx_hal_uart.c.obj

.comment        0x00000000       0x45
 .comment       0x00000000       0x45 CMakeFiles/LED.elf.dir/Core/Src/bsp_can.c.obj
                                 0x46 (size before relaxing)
 .comment       0x00000045       0x46 CMakeFiles/LED.elf.dir/Core/Src/can.c.obj
 .comment       0x00000045       0x46 CMakeFiles/LED.elf.dir/Core/Src/dma.c.obj
 .comment       0x00000045       0x46 CMakeFiles/LED.elf.dir/Core/Src/gpio.c.obj
 .comment       0x00000045       0x46 CMakeFiles/LED.elf.dir/Core/Src/main.c.obj
 .comment       0x00000045       0x46 CMakeFiles/LED.elf.dir/Core/Src/pid.c.obj
 .comment       0x00000045       0x46 CMakeFiles/LED.elf.dir/Core/Src/stm32f4xx_hal_msp.c.obj
 .comment       0x00000045       0x46 CMakeFiles/LED.elf.dir/Core/Src/stm32f4xx_it.c.obj
 .comment       0x00000045       0x46 CMakeFiles/LED.elf.dir/Core/Src/system_stm32f4xx.c.obj
 .comment       0x00000045       0x46 CMakeFiles/LED.elf.dir/Core/Src/usart.c.obj
 .comment       0x00000045       0x46 CMakeFiles/LED.elf.dir/Core/application/CAN_receive.c.obj
 .comment       0x00000045       0x46 CMakeFiles/LED.elf.dir/Core/application/bsp_rc.c.obj
 .comment       0x00000045       0x46 CMakeFiles/LED.elf.dir/Core/application/remote_control.c.obj
 .comment       0x00000045       0x46 CMakeFiles/LED.elf.dir/Drivers/STM32F4xx_HAL_Driver/Src/stm32f4xx_hal.c.obj
 .comment       0x00000045       0x46 CMakeFiles/LED.elf.dir/Drivers/STM32F4xx_HAL_Driver/Src/stm32f4xx_hal_can.c.obj
 .comment       0x00000045       0x46 CMakeFiles/LED.elf.dir/Drivers/STM32F4xx_HAL_Driver/Src/stm32f4xx_hal_cortex.c.obj
 .comment       0x00000045       0x46 CMakeFiles/LED.elf.dir/Drivers/STM32F4xx_HAL_Driver/Src/stm32f4xx_hal_dma.c.obj
 .comment       0x00000045       0x46 CMakeFiles/LED.elf.dir/Drivers/STM32F4xx_HAL_Driver/Src/stm32f4xx_hal_gpio.c.obj
 .comment       0x00000045       0x46 CMakeFiles/LED.elf.dir/Drivers/STM32F4xx_HAL_Driver/Src/stm32f4xx_hal_rcc.c.obj
 .comment       0x00000045       0x46 CMakeFiles/LED.elf.dir/Drivers/STM32F4xx_HAL_Driver/Src/stm32f4xx_hal_uart.c.obj

.debug_frame    0x00000000     0x1934
 .debug_frame   0x00000000       0x30 CMakeFiles/LED.elf.dir/Core/Src/bsp_can.c.obj
 .debug_frame   0x00000030       0x60 CMakeFiles/LED.elf.dir/Core/Src/can.c.obj
 .debug_frame   0x00000090       0x2c CMakeFiles/LED.elf.dir/Core/Src/dma.c.obj
 .debug_frame   0x000000bc       0x34 CMakeFiles/LED.elf.dir/Core/Src/gpio.c.obj
 .debug_frame   0x000000f0       0x8c CMakeFiles/LED.elf.dir/Core/Src/main.c.obj
 .debug_frame   0x0000017c       0x64 CMakeFiles/LED.elf.dir/Core/Src/pid.c.obj
 .debug_frame   0x000001e0       0x28 CMakeFiles/LED.elf.dir/Core/Src/stm32f4xx_hal_msp.c.obj
 .debug_frame   0x00000208       0xf0 CMakeFiles/LED.elf.dir/Core/Src/stm32f4xx_it.c.obj
 .debug_frame   0x000002f8       0x30 CMakeFiles/LED.elf.dir/Core/Src/system_stm32f4xx.c.obj
 .debug_frame   0x00000328       0x80 CMakeFiles/LED.elf.dir/Core/Src/usart.c.obj
 .debug_frame   0x000003a8       0xc8 CMakeFiles/LED.elf.dir/Core/application/CAN_receive.c.obj
 .debug_frame   0x00000470       0x2c CMakeFiles/LED.elf.dir/Core/application/bsp_rc.c.obj
 .debug_frame   0x0000049c       0x78 CMakeFiles/LED.elf.dir/Core/application/remote_control.c.obj
 .debug_frame   0x00000514      0x1ec CMakeFiles/LED.elf.dir/Drivers/STM32F4xx_HAL_Driver/Src/stm32f4xx_hal.c.obj
 .debug_frame   0x00000700      0x2d4 CMakeFiles/LED.elf.dir/Drivers/STM32F4xx_HAL_Driver/Src/stm32f4xx_hal_can.c.obj
 .debug_frame   0x000009d4      0x214 CMakeFiles/LED.elf.dir/Drivers/STM32F4xx_HAL_Driver/Src/stm32f4xx_hal_cortex.c.obj
 .debug_frame   0x00000be8      0x188 CMakeFiles/LED.elf.dir/Drivers/STM32F4xx_HAL_Driver/Src/stm32f4xx_hal_dma.c.obj
 .debug_frame   0x00000d70       0xd4 CMakeFiles/LED.elf.dir/Drivers/STM32F4xx_HAL_Driver/Src/stm32f4xx_hal_gpio.c.obj
 .debug_frame   0x00000e44      0x16c CMakeFiles/LED.elf.dir/Drivers/STM32F4xx_HAL_Driver/Src/stm32f4xx_hal_rcc.c.obj
 .debug_frame   0x00000fb0      0x5dc CMakeFiles/LED.elf.dir/Drivers/STM32F4xx_HAL_Driver/Src/stm32f4xx_hal_uart.c.obj
 .debug_frame   0x0000158c       0x24 D:/STM32/arm-none-eabi-gcc/bin/../lib/gcc/arm-none-eabi/14.2.1/thumb/v7e-m/nofp\libgcc.a(_arm_mulsf3.o)
 .debug_frame   0x000015b0       0x4c D:/STM32/arm-none-eabi-gcc/bin/../lib/gcc/arm-none-eabi/14.2.1/thumb/v7e-m/nofp\libgcc.a(_arm_addsubsf3.o)
 .debug_frame   0x000015fc       0xc8 D:/STM32/arm-none-eabi-gcc/bin/../lib/gcc/arm-none-eabi/14.2.1/thumb/v7e-m/nofp\libgcc.a(_arm_cmpsf2.o)
 .debug_frame   0x000016c4       0x24 D:/STM32/arm-none-eabi-gcc/bin/../lib/gcc/arm-none-eabi/14.2.1/thumb/v7e-m/nofp\libgcc.a(_arm_fixsfsi.o)
 .debug_frame   0x000016e8       0x2c D:/STM32/arm-none-eabi-gcc/bin/../lib/gcc/arm-none-eabi/14.2.1/thumb/v7e-m/nofp\libgcc.a(_aeabi_uldivmod.o)
 .debug_frame   0x00001714       0x34 D:/STM32/arm-none-eabi-gcc/bin/../lib/gcc/arm-none-eabi/14.2.1/thumb/v7e-m/nofp\libgcc.a(_udivmoddi4.o)
 .debug_frame   0x00001748       0x2c D:/STM32/arm-none-eabi-gcc/bin/../lib/gcc/arm-none-eabi/14.2.1/thumb/v7e-m/nofp\libg.a(libc_a-memset.o)
 .debug_frame   0x00001774       0x2c D:/STM32/arm-none-eabi-gcc/bin/../lib/gcc/arm-none-eabi/14.2.1/thumb/v7e-m/nofp\libg.a(libc_a-init.o)
 .debug_frame   0x000017a0       0xb0 D:/STM32/arm-none-eabi-gcc/bin/../lib/gcc/arm-none-eabi/14.2.1/thumb/v7e-m/nofp\libg.a(libc_a-lock.o)
 .debug_frame   0x00001850       0x5c D:/STM32/arm-none-eabi-gcc/bin/../lib/gcc/arm-none-eabi/14.2.1/thumb/v7e-m/nofp\libg.a(libc_a-__call_atexit.o)
 .debug_frame   0x000018ac       0x20 D:/STM32/arm-none-eabi-gcc/bin/../lib/gcc/arm-none-eabi/14.2.1/thumb/v7e-m/nofp\libg.a(libc_a-atexit.o)
 .debug_frame   0x000018cc       0x34 D:/STM32/arm-none-eabi-gcc/bin/../lib/gcc/arm-none-eabi/14.2.1/thumb/v7e-m/nofp\libg.a(libc_a-fini.o)
 .debug_frame   0x00001900       0x34 D:/STM32/arm-none-eabi-gcc/bin/../lib/gcc/arm-none-eabi/14.2.1/thumb/v7e-m/nofp\libg.a(libc_a-__atexit.o)

.debug_loclists
                0x00000000     0x52af
 .debug_loclists
                0x00000000       0x74 CMakeFiles/LED.elf.dir/Core/Src/can.c.obj
 .debug_loclists
                0x00000074      0x154 CMakeFiles/LED.elf.dir/Core/Src/main.c.obj
 .debug_loclists
                0x000001c8       0x71 CMakeFiles/LED.elf.dir/Core/Src/pid.c.obj
 .debug_loclists
                0x00000239       0xe7 CMakeFiles/LED.elf.dir/Core/Src/system_stm32f4xx.c.obj
 .debug_loclists
                0x00000320       0x97 CMakeFiles/LED.elf.dir/Core/Src/usart.c.obj
 .debug_loclists
                0x000003b7      0x14b CMakeFiles/LED.elf.dir/Core/application/CAN_receive.c.obj
 .debug_loclists
                0x00000502       0x29 CMakeFiles/LED.elf.dir/Core/application/bsp_rc.c.obj
 .debug_loclists
                0x0000052b       0x3c CMakeFiles/LED.elf.dir/Core/application/remote_control.c.obj
 .debug_loclists
                0x00000567       0xe1 CMakeFiles/LED.elf.dir/Drivers/STM32F4xx_HAL_Driver/Src/stm32f4xx_hal.c.obj
 .debug_loclists
                0x00000648      0xa57 CMakeFiles/LED.elf.dir/Drivers/STM32F4xx_HAL_Driver/Src/stm32f4xx_hal_can.c.obj
 .debug_loclists
                0x0000109f      0x54d CMakeFiles/LED.elf.dir/Drivers/STM32F4xx_HAL_Driver/Src/stm32f4xx_hal_cortex.c.obj
 .debug_loclists
                0x000015ec      0x88a CMakeFiles/LED.elf.dir/Drivers/STM32F4xx_HAL_Driver/Src/stm32f4xx_hal_dma.c.obj
 .debug_loclists
                0x00001e76      0x386 CMakeFiles/LED.elf.dir/Drivers/STM32F4xx_HAL_Driver/Src/stm32f4xx_hal_gpio.c.obj
 .debug_loclists
                0x000021fc      0x3db CMakeFiles/LED.elf.dir/Drivers/STM32F4xx_HAL_Driver/Src/stm32f4xx_hal_rcc.c.obj
 .debug_loclists
                0x000025d7     0x2cd8 CMakeFiles/LED.elf.dir/Drivers/STM32F4xx_HAL_Driver/Src/stm32f4xx_hal_uart.c.obj

.debug_line_str
                0x00000000      0x148
 .debug_line_str
                0x00000000      0x148 CMakeFiles/LED.elf.dir/Core/Startup/startup_stm32f407ighx.s.obj
                                 0x69 (size before relaxing)
 .debug_line_str
                0x00000148       0xcb D:/STM32/arm-none-eabi-gcc/bin/../lib/gcc/arm-none-eabi/14.2.1/thumb/v7e-m/nofp\libgcc.a(_arm_mulsf3.o)
 .debug_line_str
                0x00000148       0xcb D:/STM32/arm-none-eabi-gcc/bin/../lib/gcc/arm-none-eabi/14.2.1/thumb/v7e-m/nofp\libgcc.a(_arm_addsubsf3.o)
 .debug_line_str
                0x00000148       0xcb D:/STM32/arm-none-eabi-gcc/bin/../lib/gcc/arm-none-eabi/14.2.1/thumb/v7e-m/nofp\libgcc.a(_arm_cmpsf2.o)
 .debug_line_str
                0x00000148       0xcb D:/STM32/arm-none-eabi-gcc/bin/../lib/gcc/arm-none-eabi/14.2.1/thumb/v7e-m/nofp\libgcc.a(_arm_fixsfsi.o)
 .debug_line_str
                0x00000148       0xc6 D:/STM32/arm-none-eabi-gcc/bin/../lib/gcc/arm-none-eabi/14.2.1/thumb/v7e-m/nofp\libgcc.a(_aeabi_uldivmod.o)
 .debug_line_str
                0x00000148       0xca D:/STM32/arm-none-eabi-gcc/bin/../lib/gcc/arm-none-eabi/14.2.1/thumb/v7e-m/nofp\libgcc.a(_dvmd_tls.o)
