Archive member included to satisfy reference by file (symbol)

D:/STM32/arm-none-eabi-gcc/bin/../lib/gcc/arm-none-eabi/14.2.1/thumb/v7e-m/nofp\libgcc.a(_arm_muldf3.o)
                              CMakeFiles/LED.elf.dir/Core/Src/main.c.obj (__aeabi_dmul)
D:/STM32/arm-none-eabi-gcc/bin/../lib/gcc/arm-none-eabi/14.2.1/thumb/v7e-m/nofp\libgcc.a(_arm_mulsf3.o)
                              CMakeFiles/LED.elf.dir/Core/Src/main.c.obj (__aeabi_fmul)
D:/STM32/arm-none-eabi-gcc/bin/../lib/gcc/arm-none-eabi/14.2.1/thumb/v7e-m/nofp\libgcc.a(_arm_addsubdf3.o)
                              CMakeFiles/LED.elf.dir/Core/Src/main.c.obj (__aeabi_dsub)
D:/STM32/arm-none-eabi-gcc/bin/../lib/gcc/arm-none-eabi/14.2.1/thumb/v7e-m/nofp\libgcc.a(_arm_muldivdf3.o)
                              CMakeFiles/LED.elf.dir/Core/Src/main.c.obj (__aeabi_ddiv)
D:/STM32/arm-none-eabi-gcc/bin/../lib/gcc/arm-none-eabi/14.2.1/thumb/v7e-m/nofp\libgcc.a(_arm_addsubsf3.o)
                              CMakeFiles/LED.elf.dir/Core/Src/main.c.obj (__aeabi_fsub)
D:/STM32/arm-none-eabi-gcc/bin/../lib/gcc/arm-none-eabi/14.2.1/thumb/v7e-m/nofp\libgcc.a(_arm_muldivsf3.o)
                              CMakeFiles/LED.elf.dir/Core/Src/main.c.obj (__aeabi_fdiv)
D:/STM32/arm-none-eabi-gcc/bin/../lib/gcc/arm-none-eabi/14.2.1/thumb/v7e-m/nofp\libgcc.a(_arm_cmpsf2.o)
                              CMakeFiles/LED.elf.dir/Core/Src/main.c.obj (__aeabi_fcmplt)
D:/STM32/arm-none-eabi-gcc/bin/../lib/gcc/arm-none-eabi/14.2.1/thumb/v7e-m/nofp\libgcc.a(_arm_fixsfsi.o)
                              CMakeFiles/LED.elf.dir/Core/Src/main.c.obj (__aeabi_f2iz)
D:/STM32/arm-none-eabi-gcc/bin/../lib/gcc/arm-none-eabi/14.2.1/thumb/v7e-m/nofp\libgcc.a(_aeabi_uldivmod.o)
                              CMakeFiles/LED.elf.dir/Drivers/STM32F4xx_HAL_Driver/Src/stm32f4xx_hal_rcc.c.obj (__aeabi_uldivmod)
D:/STM32/arm-none-eabi-gcc/bin/../lib/gcc/arm-none-eabi/14.2.1/thumb/v7e-m/nofp\libgcc.a(_udivmoddi4.o)
                              D:/STM32/arm-none-eabi-gcc/bin/../lib/gcc/arm-none-eabi/14.2.1/thumb/v7e-m/nofp\libgcc.a(_aeabi_uldivmod.o) (__udivmoddi4)
D:/STM32/arm-none-eabi-gcc/bin/../lib/gcc/arm-none-eabi/14.2.1/thumb/v7e-m/nofp\libgcc.a(_dvmd_tls.o)
                              D:/STM32/arm-none-eabi-gcc/bin/../lib/gcc/arm-none-eabi/14.2.1/thumb/v7e-m/nofp\libgcc.a(_aeabi_uldivmod.o) (__aeabi_ldiv0)
D:/STM32/arm-none-eabi-gcc/bin/../lib/gcc/arm-none-eabi/14.2.1/thumb/v7e-m/nofp\libg.a(libc_a-exit.o)
                              D:/STM32/arm-none-eabi-gcc/bin/../lib/gcc/arm-none-eabi/14.2.1/thumb/v7e-m/nofp/crt0.o (exit)
D:/STM32/arm-none-eabi-gcc/bin/../lib/gcc/arm-none-eabi/14.2.1/thumb/v7e-m/nofp\libg.a(libc_a-findfp.o)
                              D:/STM32/arm-none-eabi-gcc/bin/../lib/gcc/arm-none-eabi/14.2.1/thumb/v7e-m/nofp\libg.a(libc_a-exit.o) (__stdio_exit_handler)
D:/STM32/arm-none-eabi-gcc/bin/../lib/gcc/arm-none-eabi/14.2.1/thumb/v7e-m/nofp\libg.a(libc_a-fwalk.o)
                              D:/STM32/arm-none-eabi-gcc/bin/../lib/gcc/arm-none-eabi/14.2.1/thumb/v7e-m/nofp\libg.a(libc_a-findfp.o) (_fwalk_sglue)
D:/STM32/arm-none-eabi-gcc/bin/../lib/gcc/arm-none-eabi/14.2.1/thumb/v7e-m/nofp\libg.a(libc_a-snprintf.o)
                              CMakeFiles/LED.elf.dir/Core/Src/main.c.obj (snprintf)
D:/STM32/arm-none-eabi-gcc/bin/../lib/gcc/arm-none-eabi/14.2.1/thumb/v7e-m/nofp\libg.a(libc_a-sprintf.o)
                              CMakeFiles/LED.elf.dir/Core/Src/main.c.obj (sprintf)
D:/STM32/arm-none-eabi-gcc/bin/../lib/gcc/arm-none-eabi/14.2.1/thumb/v7e-m/nofp\libg.a(libc_a-stdio.o)
                              D:/STM32/arm-none-eabi-gcc/bin/../lib/gcc/arm-none-eabi/14.2.1/thumb/v7e-m/nofp\libg.a(libc_a-findfp.o) (__sread)
D:/STM32/arm-none-eabi-gcc/bin/../lib/gcc/arm-none-eabi/14.2.1/thumb/v7e-m/nofp\libg.a(libc_a-memset.o)
                              D:/STM32/arm-none-eabi-gcc/bin/../lib/gcc/arm-none-eabi/14.2.1/thumb/v7e-m/nofp/crt0.o (memset)
D:/STM32/arm-none-eabi-gcc/bin/../lib/gcc/arm-none-eabi/14.2.1/thumb/v7e-m/nofp\libg.a(libc_a-strncpy.o)
                              CMakeFiles/LED.elf.dir/Core/Src/main.c.obj (strncpy)
D:/STM32/arm-none-eabi-gcc/bin/../lib/gcc/arm-none-eabi/14.2.1/thumb/v7e-m/nofp\libg.a(libc_a-closer.o)
                              D:/STM32/arm-none-eabi-gcc/bin/../lib/gcc/arm-none-eabi/14.2.1/thumb/v7e-m/nofp\libg.a(libc_a-stdio.o) (_close_r)
D:/STM32/arm-none-eabi-gcc/bin/../lib/gcc/arm-none-eabi/14.2.1/thumb/v7e-m/nofp\libg.a(libc_a-reent.o)
                              D:/STM32/arm-none-eabi-gcc/bin/../lib/gcc/arm-none-eabi/14.2.1/thumb/v7e-m/nofp\libg.a(libc_a-closer.o) (errno)
D:/STM32/arm-none-eabi-gcc/bin/../lib/gcc/arm-none-eabi/14.2.1/thumb/v7e-m/nofp\libg.a(libc_a-impure.o)
                              D:/STM32/arm-none-eabi-gcc/bin/../lib/gcc/arm-none-eabi/14.2.1/thumb/v7e-m/nofp\libg.a(libc_a-snprintf.o) (_impure_ptr)
D:/STM32/arm-none-eabi-gcc/bin/../lib/gcc/arm-none-eabi/14.2.1/thumb/v7e-m/nofp\libg.a(libc_a-lseekr.o)
[...]
Memory Configuration

Name             Origin             Length             Attributes
CCMRAM           0x10000000         0x00010000         xrw
RAM              0x20000000         0x00020000         xrw
FLASH            0x08000000         0x00100000         xr
*default*        0x00000000         0xffffffff

Linker script and memory map

LOAD D:/STM32/arm-none-eabi-gcc/bin/../lib/gcc/arm-none-eabi/14.2.1/thumb/v7e-m/nofp/crti.o
LOAD D:/STM32/arm-none-eabi-gcc/bin/../lib/gcc/arm-none-eabi/14.2.1/thumb/v7e-m/nofp/crtbegin.o
LOAD D:/STM32/arm-none-eabi-gcc/bin/../lib/gcc/arm-none-eabi/14.2.1/thumb/v7e-m/nofp/crt0.o
LOAD CMakeFiles/LED.elf.dir/Core/Src/bsp_can.c.obj
LOAD CMakeFiles/LED.elf.dir/Core/Src/can.c.obj
LOAD CMakeFiles/LED.elf.dir/Core/Src/dma.c.obj
LOAD CMakeFiles/LED.elf.dir/Core/Src/gpio.c.obj
LOAD CMakeFiles/LED.elf.dir/Core/Src/main.c.obj
LOAD CMakeFiles/LED.elf.dir/Core/Src/pid.c.obj
LOAD CMakeFiles/LED.elf.dir/Core/Src/spi.c.obj
LOAD CMakeFiles/LED.elf.dir/Core/Src/stm32f4xx_hal_msp.c.obj
LOAD CMakeFiles/LED.elf.dir/Core/Src/stm32f4xx_it.c.obj
LOAD CMakeFiles/LED.elf.dir/Core/Src/syscalls.c.obj
LOAD CMakeFiles/LED.elf.dir/Core/Src/sysmem.c.obj
LOAD CMakeFiles/LED.elf.dir/Core/Src/system_stm32f4xx.c.obj
LOAD CMakeFiles/LED.elf.dir/Core/Src/tim.c.obj
LOAD CMakeFiles/LED.elf.dir/Core/Src/usart.c.obj
LOAD CMakeFiles/LED.elf.dir/Core/Startup/startup_stm32f407ighx.s.obj
LOAD CMakeFiles/LED.elf.dir/Core/application/BMI088Middleware.c.obj
LOAD CMakeFiles/LED.elf.dir/Core/application/BMI088driver.c.obj
LOAD CMakeFiles/LED.elf.dir/Core/application/CAN_receive.c.obj
LOAD CMakeFiles/LED.elf.dir/Core/application/bsp_rc.c.obj
LOAD CMakeFiles/LED.elf.dir/Core/application/remote_control.c.obj
LOAD CMakeFiles/LED.elf.dir/Drivers/STM32F4xx_HAL_Driver/Src/stm32f4xx_hal.c.obj
LOAD CMakeFiles/LED.elf.dir/Drivers/STM32F4xx_HAL_Driver/Src/stm32f4xx_hal_can.c.obj
LOAD CMakeFiles/LED.elf.dir/Drivers/STM32F4xx_HAL_Driver/Src/stm32f4xx_hal_cortex.c.obj
LOAD CMakeFiles/LED.elf.dir/Drivers/STM32F4xx_HAL_Driver/Src/stm32f4xx_hal_dma.c.obj
LOAD CMakeFiles/LED.elf.dir/Drivers/STM32F4xx_HAL_Driver/Src/stm32f4xx_hal_dma_ex.c.obj
LOAD CMakeFiles/LED.elf.dir/Drivers/STM32F4xx_HAL_Driver/Src/stm32f4xx_hal_exti.c.obj
LOAD CMakeFiles/LED.elf.dir/Drivers/STM32F4xx_HAL_Driver/Src/stm32f4xx_hal_flash.c.obj
LOAD CMakeFiles/LED.elf.dir/Drivers/STM32F4xx_HAL_Driver/Src/stm32f4xx_hal_flash_ex.c.obj
LOAD CMakeFiles/LED.elf.dir/Drivers/STM32F4xx_HAL_Driver/Src/stm32f4xx_hal_flash_ramfunc.c.obj
LOAD CMakeFiles/LED.elf.dir/Drivers/STM32F4xx_HAL_Driver/Src/stm32f4xx_hal_gpio.c.obj
LOAD CMakeFiles/LED.elf.dir/Drivers/STM32F4xx_HAL_Driver/Src/stm32f4xx_hal_pwr.c.obj
LOAD CMakeFiles/LED.elf.dir/Drivers/STM32F4xx_HAL_Driver/Src/stm32f4xx_hal_pwr_ex.c.obj
LOAD CMakeFiles/LED.elf.dir/Drivers/STM32F4xx_HAL_Driver/Src/stm32f4xx_hal_rcc.c.obj
LOAD CMakeFiles/LED.elf.dir/Drivers/STM32F4xx_HAL_Driver/Src/stm32f4xx_hal_rcc_ex.c.obj
LOAD CMakeFiles/LED.elf.dir/Drivers/STM32F4xx_HAL_Driver/Src/stm32f4xx_hal_spi.c.obj
LOAD CMakeFiles/LED.elf.dir/Drivers/STM32F4xx_HAL_Driver/Src/stm32f4xx_hal_tim.c.obj
LOAD CMakeFiles/LED.elf.dir/Drivers/STM32F4xx_HAL_Driver/Src/stm32f4xx_hal_tim_ex.c.obj
LOAD CMakeFiles/LED.elf.dir/Drivers/STM32F4xx_HAL_Driver/Src/stm32f4xx_hal_uart.c.obj
START GROUP
LOAD D:/STM32/arm-none-eabi-gcc/bin/../lib/gcc/arm-none-eabi/14.2.1/thumb/v7e-m/nofp\libgcc.a
LOAD D:/STM32/arm-none-eabi-gcc/bin/../lib/gcc/arm-none-eabi/14.2.1/thumb/v7e-m/nofp\libg.a
LOAD D:/STM32/arm-none-eabi-gcc/bin/../lib/gcc/arm-none-eabi/14.2.1/thumb/v7e-m/nofp\libc.a
END GROUP
LOAD D:/STM32/arm-none-eabi-gcc/bin/../lib/gcc/arm-none-eabi/14.2.1/thumb/v7e-m/nofp/crtend.o
LOAD D:/STM32/arm-none-eabi-gcc/bin/../lib/gcc/arm-none-eabi/14.2.1/thumb/v7e-m/nofp/crtn.o
                0x20020000                        _estack = (ORIGIN (RAM) + LENGTH (RAM))
                0x00000200                        _Min_Heap_Size = 0x200
                0x00000400                        _Min_Stack_Size = 0x400

.isr_vector     0x08000000      0x188
                0x08000000                        . = ALIGN (0x4)
 *(.isr_vector)
 .isr_vector    0x08000000      0x188 CMakeFiles/LED.elf.dir/Core/Startup/startup_stm32f407ighx.s.obj
                0x08000000                g_pfnVectors
                0x08000188                        . = ALIGN (0x4)

.text           0x080001c0     0xc6a0
                0x080001c0                        . = ALIGN (0x4)
 *(.text)
 .text          0x080001c0      0x378 D:/STM32/arm-none-eabi-gcc/bin/../lib/gcc/arm-none-eabi/14.2.1/thumb/v7e-m/nofp\libgcc.a(_arm_addsubdf3.o)
                0x080001c0                __aeabi_drsub
                0x080001c8                __aeabi_dsub
                0x080001c8                __subdf3
                0x080001cc                __aeabi_dadd
                0x080001cc                __adddf3
                0x08000444                __floatunsidf
                0x08000444                __aeabi_ui2d
                0x08000464                __floatsidf
                0x08000464                __aeabi_i2d
                0x08000488                __aeabi_f2d
                0x08000488                __extendsfdf2
                0x080004cc                __floatundidf
                0x080004cc                __aeabi_ul2d
                0x080004dc                __floatdidf
                0x080004dc                __aeabi_l2d
 .text          0x08000538      0x424 D:/STM32/arm-none-eabi-gcc/bin/../lib/gcc/arm-none-eabi/14.2.1/thumb/v7e-m/nofp\libgcc.a(_arm_muldivdf3.o)
                0x08000538                __aeabi_dmul
                0x08000538                __muldf3
                0x0800078c                __divdf3
                0x0800078c                __aeabi_ddiv
 .text          0x0800095c      0x21c D:/STM32/arm-none-eabi-gcc/bin/../lib/gcc/arm-none-eabi/14.2.1/thumb/v7e-m/nofp\libgcc.a(_arm_addsubsf3.o)
                0x0800095c                __aeabi_frsub
                0x08000964                __subsf3
                0x08000964                __aeabi_fsub
                0x08000968                __aeabi_fadd
                0x08000968                __addsf3
                0x08000ac8                __aeabi_ui2f
                0x08000ac8                __floatunsisf
                0x08000ad0                __aeabi_i2f
                0x08000ad0                __floatsisf
                0x08000aec                __aeabi_ul2f
                0x08000aec                __floatundisf
                0x08000afc                __aeabi_l2f
                0x08000afc                __floatdisf
 .text          0x08000b78      0x2a0 D:/STM32/arm-none-eabi-gcc/bin/../lib/gcc/arm-none-eabi/14.2.1/thumb/v7e-m/nofp\libgcc.a(_arm_muldivsf3.o)
                0x08000b78                __mulsf3
                0x08000b78                __aeabi_fmul
                0x08000ce0                __aeabi_fdiv
                0x08000ce0                __divsf3
 .text          0x08000e18       0xec D:/STM32/arm-none-eabi-gcc/bin/../lib/gcc/arm-none-eabi/14.2.1/thumb/v7e-m/nofp\libgcc.a(_arm_cmpsf2.o)
                0x08000e18                __gesf2
                0x08000e18                __gtsf2
                0x08000e20                __lesf2
                0x08000e20                __ltsf2
                0x08000e28                __nesf2
                0x08000e28                __eqsf2
                0x08000e28                __cmpsf2
                0x08000e88                __aeabi_cfrcmple
                0x08000e90                __aeabi_cfcmpeq
                0x08000e90                __aeabi_cfcmple
                0x08000ea0                __aeabi_fcmpeq
                0x08000eb4                __aeabi_fcmplt
                0x08000ec8                __aeabi_fcmple
                0x08000edc                __aeabi_fcmpge
                0x08000ef0                __aeabi_fcmpgt
 .text          0x08000f04       0x4c D:/STM32/arm-none-eabi-gcc/bin/../lib/gcc/arm-none-eabi/14.2.1/thumb/v7e-m/nofp\libgcc.a(_arm_fixsfsi.o)
                0x08000f04                __aeabi_f2iz
                0x08000f04                __fixsfsi
 .text          0x08000f50       0x30 D:/STM32/arm-none-eabi-gcc/bin/../lib/gcc/arm-none-eabi/14.2.1/thumb/v7e-m/nofp\libgcc.a(_aeabi_uldivmod.o)
                0x08000f50                __aeabi_uldivmod
 .text          0x08000f80        0x4 D:/STM32/arm-none-eabi-gcc/bin/../lib/gcc/arm-none-eabi/14.2.1/thumb/v7e-m/nofp\libgcc.a(_dvmd_tls.o)
                0x08000f80                __aeabi_idiv0
                0x08000f80                __aeabi_ldiv0
 *fill*         0x08000f84       0x3c 
 .text          0x08000fc0       0xd8 D:/STM32/arm-none-eabi-gcc/bin/../lib/gcc/arm-none-eabi/14.2.1/thumb/v7e-m/nofp\libg.a(libc_a-strlen.o)
                0x08000fc0                strlen
 *fill*         0x08001098        0x8 
 .text          0x080010a0       0xa0 D:/STM32/arm-none-eabi-gcc/bin/../lib/gcc/arm-none-eabi/14.2.1/thumb/v7e-m/nofp\libg.a(libc_a-memchr.o)
                0x080010a0                memchr
 .text          0x08001140      0x134 D:/STM32/arm-none-eabi-gcc/bin/../lib/gcc/arm-none-eabi/14.2.1/thumb/v7e-m/nofp\libg.a(libc_a-memcpy.o)
                0x08001140                memcpy
 .text          0x08001274      0x110 D:/STM32/arm-none-eabi-gcc/bin/../lib/gcc/arm-none-eabi/14.2.1/thumb/v7e-m/nofp\libgcc.a(_arm_cmpdf2.o)
                0x08001274                __gtdf2
                0x08001274                __gedf2
                0x0800127c                __ltdf2
                0x0800127c                __ledf2
                0x08001284                __nedf2
                0x08001284                __eqdf2
                0x08001284                __cmpdf2
                0x08001300                __aeabi_cdrcmple
                0x08001310                __aeabi_cdcmpeq
                0x08001310                __aeabi_cdcmple
                0x08001320                __aeabi_dcmpeq
                0x08001334                __aeabi_dcmplt
                0x08001348                __aeabi_dcmple
                0x0800135c                __aeabi_dcmpge
                0x08001370                __aeabi_dcmpgt
 .text          0x08001384       0x2c D:/STM32/arm-none-eabi-gcc/bin/../lib/gcc/arm-none-eabi/14.2.1/thumb/v7e-m/nofp\libgcc.a(_arm_unorddf2.o)
                0x08001384                __unorddf2
                0x08001384                __aeabi_dcmpun
 .text          0x080013b0       0x50 D:/STM32/arm-none-eabi-gcc/bin/../lib/gcc/arm-none-eabi/14.2.1/thumb/v7e-m/nofp\libgcc.a(_arm_fixdfsi.o)
                0x080013b0                __aeabi_d2iz
                0x080013b0                __fixdfsi
 *(.text*)
 .text.deregister_tm_clones
                0x08001400       0x1c D:/STM32/arm-none-eabi-gcc/bin/../lib/gcc/arm-none-eabi/14.2.1/thumb/v7e-m/nofp/crtbegin.o
 .text.register_tm_clones
                0x0800141c       0x24 D:/STM32/arm-none-eabi-gcc/bin/../lib/gcc/arm-none-eabi/14.2.1/thumb/v7e-m/nofp/crtbegin.o
 .text.__do_global_dtors_aux
                0x08001440       0x28 D:/STM32/arm-none-eabi-gcc/bin/../lib/gcc/arm-none-eabi/14.2.1/thumb/v7e-m/nofp/crtbegin.o
 .text.frame_dummy
                0x08001468       0x24 D:/STM32/arm-none-eabi-gcc/bin/../lib/gcc/arm-none-eabi/14.2.1/thumb/v7e-m/nofp/crtbegin.o
 .text.can_filter_init
                0x0800148c       0xac CMakeFiles/LED.elf.dir/Core/Src/bsp_can.c.obj
                0x0800148c                can_filter_init
 .text.MX_CAN1_Init
                0x08001538       0x40 CMakeFiles/LED.elf.dir/Core/Src/can.c.obj
                0x08001538                MX_CAN1_Init
 .text.MX_CAN2_Init
                0x08001578       0x40 CMakeFiles/LED.elf.dir/Core/Src/can.c.obj
                0x08001578                MX_CAN2_Init
 .text.HAL_CAN_MspInit
                0x080015b8      0x120 CMakeFiles/LED.elf.dir/Core/Src/can.c.obj
                0x080015b8                HAL_CAN_MspInit
 .text.MX_DMA_Init
                0x080016d8       0x78 CMakeFiles/LED.elf.dir/Core/Src/dma.c.obj
                0x080016d8                MX_DMA_Init
 .text.MX_GPIO_Init
                0x08001750      0x14c CMakeFiles/LED.elf.dir/Core/Src/gpio.c.obj
                0x08001750                MX_GPIO_Init
 .text.uart_queue_send
                0x0800189c       0x58 CMakeFiles/LED.elf.dir/Core/Src/main.c.obj
                0x0800189c                uart_queue_send
 .text.process_uart_queue
                0x080018f4       0x60 CMakeFiles/LED.elf.dir/Core/Src/main.c.obj
                0x080018f4                process_uart_queue
 .text.kalman_filter_accel
                0x08001954      0x25c CMakeFiles/LED.elf.dir/Core/Src/main.c.obj
                0x08001954                kalman_filter_accel
 .text.HAL_UART_TxCpltCallback
                0x08001bb0       0x1c CMakeFiles/LED.elf.dir/Core/Src/main.c.obj
                0x08001bb0                HAL_UART_TxCpltCallback
 .text.HAL_GPIO_EXTI_Callback
                0x08001bcc       0x7c CMakeFiles/LED.elf.dir/Core/Src/main.c.obj
                0x08001bcc                HAL_GPIO_EXTI_Callback
 .text.Error_Handler
                0x08001c48        0x4 CMakeFiles/LED.elf.dir/Core/Src/main.c.obj
                0x08001c48                Error_Handler
 .text.SystemClock_Config
                0x08001c4c       0xbc CMakeFiles/LED.elf.dir/Core/Src/main.c.obj
                0x08001c4c                SystemClock_Config
 .text.main     0x08001d08      0x504 CMakeFiles/LED.elf.dir/Core/Src/main.c.obj
                0x08001d08                main
 .text.pid_init
                0x0800220c       0x18 CMakeFiles/LED.elf.dir/Core/Src/pid.c.obj
                0x0800220c                pid_init
 .text.pid_calc
                0x08002224       0xb8 CMakeFiles/LED.elf.dir/Core/Src/pid.c.obj
                0x08002224                pid_calc
 .text.MX_SPI1_Init
                0x080022dc       0x48 CMakeFiles/LED.elf.dir/Core/Src/spi.c.obj
                0x080022dc                MX_SPI1_Init
 .text.HAL_SPI_MspInit
                0x08002324      0x12c CMakeFiles/LED.elf.dir/Core/Src/spi.c.obj
                0x08002324                HAL_SPI_MspInit
 .text.HAL_MspInit
                0x08002450       0x38 CMakeFiles/LED.elf.dir/Core/Src/stm32f4xx_hal_msp.c.obj
                0x08002450                HAL_MspInit
 .text.NMI_Handler
                0x08002488        0x2 CMakeFiles/LED.elf.dir/Core/Src/stm32f4xx_it.c.obj
                0x08002488                NMI_Handler
 .text.HardFault_Handler
                0x0800248a        0x2 CMakeFiles/LED.elf.dir/Core/Src/stm32f4xx_it.c.obj
                0x0800248a                HardFault_Handler
 .text.MemManage_Handler
                0x0800248c        0x2 CMakeFiles/LED.elf.dir/Core/Src/stm32f4xx_it.c.obj
                0x0800248c                MemManage_Handler
 .text.BusFault_Handler
                0x0800248e        0x2 CMakeFiles/LED.elf.dir/Core/Src/stm32f4xx_it.c.obj
                0x0800248e                BusFault_Handler
 .text.UsageFault_Handler
                0x08002490        0x2 CMakeFiles/LED.elf.dir/Core/Src/stm32f4xx_it.c.obj
                0x08002490                UsageFault_Handler
 .text.SVC_Handler
                0x08002492        0x2 CMakeFiles/LED.elf.dir/Core/Src/stm32f4xx_it.c.obj
                0x08002492                SVC_Handler
 .text.DebugMon_Handler
                0x08002494        0x2 CMakeFiles/LED.elf.dir/Core/Src/stm32f4xx_it.c.obj
                0x08002494                DebugMon_Handler
 .text.PendSV_Handler
                0x08002496        0x2 CMakeFiles/LED.elf.dir/Core/Src/stm32f4xx_it.c.obj
                0x08002496                PendSV_Handler
 .text.SysTick_Handler
                0x08002498        0x8 CMakeFiles/LED.elf.dir/Core/Src/stm32f4xx_it.c.obj
                0x08002498                SysTick_Handler
 .text.DMA1_Stream1_IRQHandler
                0x080024a0       0x10 CMakeFiles/LED.elf.dir/Core/Src/stm32f4xx_it.c.obj
                0x080024a0                DMA1_Stream1_IRQHandler
 .text.CAN1_RX0_IRQHandler
                0x080024b0       0x10 CMakeFiles/LED.elf.dir/Core/Src/stm32f4xx_it.c.obj
                0x080024b0                CAN1_RX0_IRQHandler
 .text.USART1_IRQHandler
                0x080024c0       0x10 CMakeFiles/LED.elf.dir/Core/Src/stm32f4xx_it.c.obj
                0x080024c0                USART1_IRQHandler
 .text.USART3_IRQHandler
                0x080024d0       0x14 CMakeFiles/LED.elf.dir/Core/Src/stm32f4xx_it.c.obj
                0x080024d0                USART3_IRQHandler
 .text.EXTI15_10_IRQHandler
                0x080024e4        0xc CMakeFiles/LED.elf.dir/Core/Src/stm32f4xx_it.c.obj
                0x080024e4                EXTI15_10_IRQHandler
 .text.DMA2_Stream2_IRQHandler
                0x080024f0       0x10 CMakeFiles/LED.elf.dir/Core/Src/stm32f4xx_it.c.obj
                0x080024f0                DMA2_Stream2_IRQHandler
 .text.DMA2_Stream3_IRQHandler
                0x08002500       0x10 CMakeFiles/LED.elf.dir/Core/Src/stm32f4xx_it.c.obj
                0x08002500                DMA2_Stream3_IRQHandler
 .text.CAN2_RX0_IRQHandler
                0x08002510       0x10 CMakeFiles/LED.elf.dir/Core/Src/stm32f4xx_it.c.obj
                0x08002510                CAN2_RX0_IRQHandler
 .text.DMA2_Stream7_IRQHandler
                0x08002520       0x10 CMakeFiles/LED.elf.dir/Core/Src/stm32f4xx_it.c.obj
                0x08002520                DMA2_Stream7_IRQHandler
 .text._getpid  0x08002530        0x4 CMakeFiles/LED.elf.dir/Core/Src/syscalls.c.obj
                0x08002530                _getpid
 .text._kill    0x08002534       0x10 CMakeFiles/LED.elf.dir/Core/Src/syscalls.c.obj
                0x08002534                _kill
 .text._exit    0x08002544        0xc CMakeFiles/LED.elf.dir/Core/Src/syscalls.c.obj
                0x08002544                _exit
 .text._read    0x08002550       0x20 CMakeFiles/LED.elf.dir/Core/Src/syscalls.c.obj
                0x08002550                _read
 .text._write   0x08002570       0x1c CMakeFiles/LED.elf.dir/Core/Src/syscalls.c.obj
                0x08002570                _write
 .text._close   0x0800258c        0x6 CMakeFiles/LED.elf.dir/Core/Src/syscalls.c.obj
                0x0800258c                _close
 .text._fstat   0x08002592        0xa CMakeFiles/LED.elf.dir/Core/Src/syscalls.c.obj
                0x08002592                _fstat
 .text._isatty  0x0800259c        0x4 CMakeFiles/LED.elf.dir/Core/Src/syscalls.c.obj
                0x0800259c                _isatty
 .text._lseek   0x080025a0        0x4 CMakeFiles/LED.elf.dir/Core/Src/syscalls.c.obj
                0x080025a0                _lseek
 .text._sbrk    0x080025a4       0x48 CMakeFiles/LED.elf.dir/Core/Src/sysmem.c.obj
                0x080025a4                _sbrk
 .text.SystemInit
                0x080025ec        0x2 CMakeFiles/LED.elf.dir/Core/Src/system_stm32f4xx.c.obj
                0x080025ec                SystemInit
 *fill*         0x080025ee        0x2 
 .text.HAL_TIM_Base_MspInit
                0x080025f0       0x30 CMakeFiles/LED.elf.dir/Core/Src/tim.c.obj
                0x080025f0                HAL_TIM_Base_MspInit
 .text.HAL_TIM_MspPostInit
                0x08002620       0x5c CMakeFiles/LED.elf.dir/Core/Src/tim.c.obj
                0x08002620                HAL_TIM_MspPostInit
 .text.MX_TIM10_Init
                0x0800267c       0x74 CMakeFiles/LED.elf.dir/Core/Src/tim.c.obj
                0x0800267c                MX_TIM10_Init
 .text.MX_USART1_UART_Init
                0x080026f0       0x34 CMakeFiles/LED.elf.dir/Core/Src/usart.c.obj
                0x080026f0                MX_USART1_UART_Init
 .text.MX_USART3_UART_Init
                0x08002724       0x38 CMakeFiles/LED.elf.dir/Core/Src/usart.c.obj
                0x08002724                MX_USART3_UART_Init
 .text.HAL_UART_MspInit
                0x0800275c      0x1a4 CMakeFiles/LED.elf.dir/Core/Src/usart.c.obj
                0x0800275c                HAL_UART_MspInit
 .text.Reset_Handler
                0x08002900       0x50 CMakeFiles/LED.elf.dir/Core/Startup/startup_stm32f407ighx.s.obj
                0x08002900                Reset_Handler
 .text.Default_Handler
                0x08002950        0x2 CMakeFiles/LED.elf.dir/Core/Startup/startup_stm32f407ighx.s.obj
                0x08002950                RTC_Alarm_IRQHandler
                0x08002950                HASH_RNG_IRQHandler
                0x08002950                EXTI2_IRQHandler
                0x08002950                TIM8_CC_IRQHandler
                0x08002950                TIM1_CC_IRQHandler
                0x08002950                DMA2_Stream5_IRQHandler
                0x08002950                DMA1_Stream5_IRQHandler
                0x08002950                PVD_IRQHandler
                0x08002950                SDIO_IRQHandler
                0x08002950                TAMP_STAMP_IRQHandler
                0x08002950                CAN2_RX1_IRQHandler
                0x08002950                EXTI3_IRQHandler
                0x08002950                TIM8_TRG_COM_TIM14_IRQHandler
                0x08002950                TIM1_UP_TIM10_IRQHandler
                0x08002950                TIM8_UP_TIM13_IRQHandler
                0x08002950                I2C3_ER_IRQHandler
                0x08002950                EXTI0_IRQHandler
                0x08002950                I2C2_EV_IRQHandler
                0x08002950                DMA1_Stream2_IRQHandler
                0x08002950                FPU_IRQHandler
                0x08002950                OTG_HS_WKUP_IRQHandler
                0x08002950                CAN2_SCE_IRQHandler
                0x08002950                SPI1_IRQHandler
                0x08002950                TIM6_DAC_IRQHandler
                0x08002950                TIM1_BRK_TIM9_IRQHandler
                0x08002950                DCMI_IRQHandler
                0x08002950                USART6_IRQHandler
                0x08002950                CAN1_RX1_IRQHandler
                0x08002950                UART5_IRQHandler
                0x08002950                DMA2_Stream0_IRQHandler
                0x08002950                TIM4_IRQHandler
                0x08002950                I2C1_EV_IRQHandler
                0x08002950                DMA1_Stream6_IRQHandler
                0x08002950                UART4_IRQHandler
                0x08002950                TIM3_IRQHandler
                0x08002950                RCC_IRQHandler
                0x08002950                TIM8_BRK_TIM12_IRQHandler
                0x08002950                Default_Handler
                0x08002950                ADC_IRQHandler
                0x08002950                DMA1_Stream7_IRQHandler
                0x08002950                TIM7_IRQHandler
                0x08002950                CAN2_TX_IRQHandler
                0x08002950                TIM5_IRQHandler
                0x08002950                I2C3_EV_IRQHandler
                0x08002950                EXTI9_5_IRQHandler
                0x08002950                RTC_WKUP_IRQHandler
                0x08002950                ETH_WKUP_IRQHandler
                0x08002950                SPI2_IRQHandler
                0x08002950                OTG_HS_EP1_IN_IRQHandler
                0x08002950                DMA1_Stream0_IRQHandler
                0x08002950                CAN1_TX_IRQHandler
                0x08002950                EXTI4_IRQHandler
                0x08002950                FSMC_IRQHandler
                0x08002950                ETH_IRQHandler
                0x08002950                OTG_HS_EP1_OUT_IRQHandler
                0x08002950                WWDG_IRQHandler
                0x08002950                TIM2_IRQHandler
                0x08002950                OTG_FS_WKUP_IRQHandler
                0x08002950                TIM1_TRG_COM_TIM11_IRQHandler
                0x08002950                OTG_HS_IRQHandler
                0x08002950                EXTI1_IRQHandler
                0x08002950                USART2_IRQHandler
                0x08002950                I2C2_ER_IRQHandler
                0x08002950                DMA2_Stream1_IRQHandler
                0x08002950                CAN1_SCE_IRQHandler
                0x08002950                FLASH_IRQHandler
                0x08002950                DMA2_Stream4_IRQHandler
                0x08002950                OTG_FS_IRQHandler
                0x08002950                SPI3_IRQHandler
                0x08002950                DMA1_Stream4_IRQHandler
                0x08002950                I2C1_ER_IRQHandler
                0x08002950                DMA2_Stream6_IRQHandler
                0x08002950                DMA1_Stream3_IRQHandler
 .text.BMI088_GPIO_init
                0x08002952        0x2 CMakeFiles/LED.elf.dir/Core/application/BMI088Middleware.c.obj
                0x08002952                BMI088_GPIO_init
 .text.BMI088_com_init
                0x08002954        0x2 CMakeFiles/LED.elf.dir/Core/application/BMI088Middleware.c.obj
                0x08002954                BMI088_com_init
 .text.BMI088_delay_us
                0x08002956       0x36 CMakeFiles/LED.elf.dir/Core/application/BMI088Middleware.c.obj
                0x08002956                BMI088_delay_us
 .text.BMI088_delay_ms
                0x0800298c       0x18 CMakeFiles/LED.elf.dir/Core/application/BMI088Middleware.c.obj
                0x0800298c                BMI088_delay_ms
 .text.BMI088_ACCEL_NS_L
                0x080029a4       0x14 CMakeFiles/LED.elf.dir/Core/application/BMI088Middleware.c.obj
                0x080029a4                BMI088_ACCEL_NS_L
 .text.BMI088_ACCEL_NS_H
                0x080029b8       0x14 CMakeFiles/LED.elf.dir/Core/application/BMI088Middleware.c.obj
                0x080029b8                BMI088_ACCEL_NS_H
 .text.BMI088_GYRO_NS_L
                0x080029cc       0x14 CMakeFiles/LED.elf.dir/Core/application/BMI088Middleware.c.obj
                0x080029cc                BMI088_GYRO_NS_L
 .text.BMI088_GYRO_NS_H
                0x080029e0       0x14 CMakeFiles/LED.elf.dir/Core/application/BMI088Middleware.c.obj
                0x080029e0                BMI088_GYRO_NS_H
 .text.BMI088_read_write_byte
                0x080029f4       0x2c CMakeFiles/LED.elf.dir/Core/application/BMI088Middleware.c.obj
                0x080029f4                BMI088_read_write_byte
 .text.BMI088_write_single_reg
                0x08002a20       0x10 CMakeFiles/LED.elf.dir/Core/application/BMI088driver.c.obj
 .text.BMI088_read_single_reg
                0x08002a30       0x16 CMakeFiles/LED.elf.dir/Core/application/BMI088driver.c.obj
 .text.BMI088_read_muli_reg
                0x08002a46       0x24 CMakeFiles/LED.elf.dir/Core/application/BMI088driver.c.obj
 *fill*         0x08002a6a        0x2 
 .text.bmi088_accel_init
                0x08002a6c      0x10c CMakeFiles/LED.elf.dir/Core/application/BMI088driver.c.obj
                0x08002a6c                bmi088_accel_init
 .text.bmi088_gyro_init
                0x08002b78       0xec CMakeFiles/LED.elf.dir/Core/application/BMI088driver.c.obj
                0x08002b78                bmi088_gyro_init
 .text.BMI088_init
                0x08002c64       0x1a CMakeFiles/LED.elf.dir/Core/application/BMI088driver.c.obj
                0x08002c64                BMI088_init
 *fill*         0x08002c7e        0x2 
 .text.BMI088_read
                0x08002c80      0x148 CMakeFiles/LED.elf.dir/Core/application/BMI088driver.c.obj
                0x08002c80                BMI088_read
 .text.uint_to_float
                0x08002dc8       0x36 CMakeFiles/LED.elf.dir/Core/application/CAN_receive.c.obj
 .text.dm_motor_fbdata
                0x08002dfe       0x78 CMakeFiles/LED.elf.dir/Core/application/CAN_receive.c.obj
                0x08002dfe                dm_motor_fbdata
 *fill*         0x08002e76        0x2 
 .text.HAL_CAN_RxFifo0MsgPendingCallback
                0x08002e78       0x94 CMakeFiles/LED.elf.dir/Core/application/CAN_receive.c.obj
                0x08002e78                HAL_CAN_RxFifo0MsgPendingCallback
 .text.CAN_cmd_chassis
                0x08002f0c       0x54 CMakeFiles/LED.elf.dir/Core/application/CAN_receive.c.obj
                0x08002f0c                CAN_cmd_chassis
 .text.get_chassis_motor_measure_point
                0x08002f60       0x14 CMakeFiles/LED.elf.dir/Core/application/CAN_receive.c.obj
                0x08002f60                get_chassis_motor_measure_point
 .text.CAN_cmd_motor_control
                0x08002f74       0x48 CMakeFiles/LED.elf.dir/Core/application/CAN_receive.c.obj
                0x08002f74                CAN_cmd_motor_control
 .text.RC_init  0x08002fbc       0x68 CMakeFiles/LED.elf.dir/Core/application/bsp_rc.c.obj
                0x08002fbc                RC_init
 .text.sbus_to_rc
                0x08003024       0xde CMakeFiles/LED.elf.dir/Core/application/remote_control.c.obj
 *fill*         0x08003102        0x2 
 .text.remote_control_init
                0x08003104       0x14 CMakeFiles/LED.elf.dir/Core/application/remote_control.c.obj
                0x08003104                remote_control_init
 .text.get_remote_control_point
                0x08003118        0x8 CMakeFiles/LED.elf.dir/Core/application/remote_control.c.obj
                0x08003118                get_remote_control_point
 .text.remote_control_uart3_handler
                0x08003120       0xe4 CMakeFiles/LED.elf.dir/Core/application/remote_control.c.obj
                0x08003120                remote_control_uart3_handler
 .text.HAL_InitTick
                0x08003204       0x4c CMakeFiles/LED.elf.dir/Drivers/STM32F4xx_HAL_Driver/Src/stm32f4xx_hal.c.obj
                0x08003204                HAL_InitTick
 .text.HAL_Init
                0x08003250       0x34 CMakeFiles/LED.elf.dir/Drivers/STM32F4xx_HAL_Driver/Src/stm32f4xx_hal.c.obj
                0x08003250                HAL_Init
 .text.HAL_IncTick
                0x08003284       0x18 CMakeFiles/LED.elf.dir/Drivers/STM32F4xx_HAL_Driver/Src/stm32f4xx_hal.c.obj
                0x08003284                HAL_IncTick
 .text.HAL_GetTick
                0x0800329c        0xc CMakeFiles/LED.elf.dir/Drivers/STM32F4xx_HAL_Driver/Src/stm32f4xx_hal.c.obj
                0x0800329c                HAL_GetTick
 .text.HAL_CAN_Init
                0x080032a8      0x14c CMakeFiles/LED.elf.dir/Drivers/STM32F4xx_HAL_Driver/Src/stm32f4xx_hal_can.c.obj
                0x080032a8                HAL_CAN_Init
 .text.HAL_CAN_ConfigFilter
                0x080033f4      0x13c CMakeFiles/LED.elf.dir/Drivers/STM32F4xx_HAL_Driver/Src/stm32f4xx_hal_can.c.obj
                0x080033f4                HAL_CAN_ConfigFilter
 .text.HAL_CAN_Start
                0x08003530       0x5c CMakeFiles/LED.elf.dir/Drivers/STM32F4xx_HAL_Driver/Src/stm32f4xx_hal_can.c.obj
                0x08003530                HAL_CAN_Start
 .text.HAL_CAN_AddTxMessage
                0x0800358c       0xea CMakeFiles/LED.elf.dir/Drivers/STM32F4xx_HAL_Driver/Src/stm32f4xx_hal_can.c.obj
                0x0800358c                HAL_CAN_AddTxMessage
 .text.HAL_CAN_GetRxMessage
                0x08003676      0x16a CMakeFiles/LED.elf.dir/Drivers/STM32F4xx_HAL_Driver/Src/stm32f4xx_hal_can.c.obj
                0x08003676                HAL_CAN_GetRxMessage
 .text.HAL_CAN_ActivateNotification
                0x080037e0       0x24 CMakeFiles/LED.elf.dir/Drivers/STM32F4xx_HAL_Driver/Src/stm32f4xx_hal_can.c.obj
                0x080037e0                HAL_CAN_ActivateNotification
 .text.HAL_CAN_TxMailbox0CompleteCallback
                0x08003804        0x2 CMakeFiles/LED.elf.dir/Drivers/STM32F4xx_HAL_Driver/Src/stm32f4xx_hal_can.c.obj
                0x08003804                HAL_CAN_TxMailbox0CompleteCallback
 .text.HAL_CAN_TxMailbox1CompleteCallback
                0x08003806        0x2 CMakeFiles/LED.elf.dir/Drivers/STM32F4xx_HAL_Driver/Src/stm32f4xx_hal_can.c.obj
                0x08003806                HAL_CAN_TxMailbox1CompleteCallback
 .text.HAL_CAN_TxMailbox2CompleteCallback
                0x08003808        0x2 CMakeFiles/LED.elf.dir/Drivers/STM32F4xx_HAL_Driver/Src/stm32f4xx_hal_can.c.obj
                0x08003808                HAL_CAN_TxMailbox2CompleteCallback
 .text.HAL_CAN_TxMailbox0AbortCallback
                0x0800380a        0x2 CMakeFiles/LED.elf.dir/Drivers/STM32F4xx_HAL_Driver/Src/stm32f4xx_hal_can.c.obj
                0x0800380a                HAL_CAN_TxMailbox0AbortCallback
 .text.HAL_CAN_TxMailbox1AbortCallback
                0x0800380c        0x2 CMakeFiles/LED.elf.dir/Drivers/STM32F4xx_HAL_Driver/Src/stm32f4xx_hal_can.c.obj
                0x0800380c                HAL_CAN_TxMailbox1AbortCallback
 .text.HAL_CAN_TxMailbox2AbortCallback
                0x0800380e        0x2 CMakeFiles/LED.elf.dir/Drivers/STM32F4xx_HAL_Driver/Src/stm32f4xx_hal_can.c.obj
                0x0800380e                HAL_CAN_TxMailbox2AbortCallback
 .text.HAL_CAN_RxFifo0FullCallback
                0x08003810        0x2 CMakeFiles/LED.elf.dir/Drivers/STM32F4xx_HAL_Driver/Src/stm32f4xx_hal_can.c.obj
                0x08003810                HAL_CAN_RxFifo0FullCallback
 .text.HAL_CAN_RxFifo1MsgPendingCallback
                0x08003812        0x2 CMakeFiles/LED.elf.dir/Drivers/STM32F4xx_HAL_Driver/Src/stm32f4xx_hal_can.c.obj
                0x08003812                HAL_CAN_RxFifo1MsgPendingCallback
 .text.HAL_CAN_RxFifo1FullCallback
                0x08003814        0x2 CMakeFiles/LED.elf.dir/Drivers/STM32F4xx_HAL_Driver/Src/stm32f4xx_hal_can.c.obj
                0x08003814                HAL_CAN_RxFifo1FullCallback
 .text.HAL_CAN_SleepCallback
                0x08003816        0x2 CMakeFiles/LED.elf.dir/Drivers/STM32F4xx_HAL_Driver/Src/stm32f4xx_hal_can.c.obj
                0x08003816                HAL_CAN_SleepCallback
 .text.HAL_CAN_WakeUpFromRxMsgCallback
                0x08003818        0x2 CMakeFiles/LED.elf.dir/Drivers/STM32F4xx_HAL_Driver/Src/stm32f4xx_hal_can.c.obj
                0x08003818                HAL_CAN_WakeUpFromRxMsgCallback
 .text.HAL_CAN_ErrorCallback
                0x0800381a        0x2 CMakeFiles/LED.elf.dir/Drivers/STM32F4xx_HAL_Driver/Src/stm32f4xx_hal_can.c.obj
                0x0800381a                HAL_CAN_ErrorCallback
 .text.HAL_CAN_IRQHandler
                0x0800381c      0x250 CMakeFiles/LED.elf.dir/Drivers/STM32F4xx_HAL_Driver/Src/stm32f4xx_hal_can.c.obj
                0x0800381c                HAL_CAN_IRQHandler
 .text.__NVIC_EnableIRQ
                0x08003a6c       0x1c CMakeFiles/LED.elf.dir/Drivers/STM32F4xx_HAL_Driver/Src/stm32f4xx_hal_cortex.c.obj
 .text.__NVIC_SetPriority
                0x08003a88       0x28 CMakeFiles/LED.elf.dir/Drivers/STM32F4xx_HAL_Driver/Src/stm32f4xx_hal_cortex.c.obj
 .text.NVIC_EncodePriority
                0x08003ab0       0x3e CMakeFiles/LED.elf.dir/Drivers/STM32F4xx_HAL_Driver/Src/stm32f4xx_hal_cortex.c.obj
 *fill*         0x08003aee        0x2 
 .text.HAL_NVIC_SetPriorityGrouping
                0x08003af0       0x24 CMakeFiles/LED.elf.dir/Drivers/STM32F4xx_HAL_Driver/Src/stm32f4xx_hal_cortex.c.obj
                0x08003af0                HAL_NVIC_SetPriorityGrouping
 .text.HAL_NVIC_SetPriority
                0x08003b14       0x20 CMakeFiles/LED.elf.dir/Drivers/STM32F4xx_HAL_Driver/Src/stm32f4xx_hal_cortex.c.obj
                0x08003b14                HAL_NVIC_SetPriority
 .text.HAL_NVIC_EnableIRQ
                0x08003b34        0x8 CMakeFiles/LED.elf.dir/Drivers/STM32F4xx_HAL_Driver/Src/stm32f4xx_hal_cortex.c.obj
                0x08003b34                HAL_NVIC_EnableIRQ
 .text.HAL_SYSTICK_Config
                0x08003b3c       0x28 CMakeFiles/LED.elf.dir/Drivers/STM32F4xx_HAL_Driver/Src/stm32f4xx_hal_cortex.c.obj
                0x08003b3c                HAL_SYSTICK_Config
 .text.DMA_SetConfig
                0x08003b64       0x2c CMakeFiles/LED.elf.dir/Drivers/STM32F4xx_HAL_Driver/Src/stm32f4xx_hal_dma.c.obj
 .text.DMA_CalcBaseAndBitshift
                0x08003b90       0x38 CMakeFiles/LED.elf.dir/Drivers/STM32F4xx_HAL_Driver/Src/stm32f4xx_hal_dma.c.obj
 .text.DMA_CheckFifoParam
                0x08003bc8       0x8e CMakeFiles/LED.elf.dir/Drivers/STM32F4xx_HAL_Driver/Src/stm32f4xx_hal_dma.c.obj
 *fill*         0x08003c56        0x2 
 .text.HAL_DMA_Init
                0x08003c58       0xcc CMakeFiles/LED.elf.dir/Drivers/STM32F4xx_HAL_Driver/Src/stm32f4xx_hal_dma.c.obj
                0x08003c58                HAL_DMA_Init
 .text.HAL_DMA_Start_IT
                0x08003d24       0x68 CMakeFiles/LED.elf.dir/Drivers/STM32F4xx_HAL_Driver/Src/stm32f4xx_hal_dma.c.obj
                0x08003d24                HAL_DMA_Start_IT
 .text.HAL_DMA_Abort
                0x08003d8c       0x92 CMakeFiles/LED.elf.dir/Drivers/STM32F4xx_HAL_Driver/Src/stm32f4xx_hal_dma.c.obj
                0x08003d8c                HAL_DMA_Abort
 .text.HAL_DMA_Abort_IT
                0x08003e1e       0x24 CMakeFiles/LED.elf.dir/Drivers/STM32F4xx_HAL_Driver/Src/stm32f4xx_hal_dma.c.obj
                0x08003e1e                HAL_DMA_Abort_IT
 *fill*         0x08003e42        0x2 
 .text.HAL_DMA_IRQHandler
                0x08003e44      0x1dc CMakeFiles/LED.elf.dir/Drivers/STM32F4xx_HAL_Driver/Src/stm32f4xx_hal_dma.c.obj
                0x08003e44                HAL_DMA_IRQHandler
 .text.HAL_GPIO_Init
                0x08004020      0x1f4 CMakeFiles/LED.elf.dir/Drivers/STM32F4xx_HAL_Driver/Src/stm32f4xx_hal_gpio.c.obj
                0x08004020                HAL_GPIO_Init
 .text.HAL_GPIO_ReadPin
                0x08004214        0xe CMakeFiles/LED.elf.dir/Drivers/STM32F4xx_HAL_Driver/Src/stm32f4xx_hal_gpio.c.obj
                0x08004214                HAL_GPIO_ReadPin
 .text.HAL_GPIO_WritePin
                0x08004222        0xc CMakeFiles/LED.elf.dir/Drivers/STM32F4xx_HAL_Driver/Src/stm32f4xx_hal_gpio.c.obj
                0x08004222                HAL_GPIO_WritePin
 .text.HAL_GPIO_TogglePin
                0x0800422e       0x12 CMakeFiles/LED.elf.dir/Drivers/STM32F4xx_HAL_Driver/Src/stm32f4xx_hal_gpio.c.obj
                0x0800422e                HAL_GPIO_TogglePin
 .text.HAL_GPIO_EXTI_IRQHandler
                0x08004240       0x1c CMakeFiles/LED.elf.dir/Drivers/STM32F4xx_HAL_Driver/Src/stm32f4xx_hal_gpio.c.obj
                0x08004240                HAL_GPIO_EXTI_IRQHandler
 .text.HAL_RCC_OscConfig
                0x0800425c      0x3f8 CMakeFiles/LED.elf.dir/Drivers/STM32F4xx_HAL_Driver/Src/stm32f4xx_hal_rcc.c.obj
                0x0800425c                HAL_RCC_OscConfig
 .text.HAL_RCC_GetSysClockFreq
                0x08004654       0xa8 CMakeFiles/LED.elf.dir/Drivers/STM32F4xx_HAL_Driver/Src/stm32f4xx_hal_rcc.c.obj
                0x08004654                HAL_RCC_GetSysClockFreq
 .text.HAL_RCC_ClockConfig
                0x080046fc      0x160 CMakeFiles/LED.elf.dir/Drivers/STM32F4xx_HAL_Driver/Src/stm32f4xx_hal_rcc.c.obj
                0x080046fc                HAL_RCC_ClockConfig
 .text.HAL_RCC_GetHCLKFreq
                0x0800485c        0xc CMakeFiles/LED.elf.dir/Drivers/STM32F4xx_HAL_Driver/Src/stm32f4xx_hal_rcc.c.obj
                0x0800485c                HAL_RCC_GetHCLKFreq
 .text.HAL_RCC_GetPCLK1Freq
                0x08004868       0x20 CMakeFiles/LED.elf.dir/Drivers/STM32F4xx_HAL_Driver/Src/stm32f4xx_hal_rcc.c.obj
                0x08004868                HAL_RCC_GetPCLK1Freq
 .text.HAL_RCC_GetPCLK2Freq
                0x08004888       0x20 CMakeFiles/LED.elf.dir/Drivers/STM32F4xx_HAL_Driver/Src/stm32f4xx_hal_rcc.c.obj
                0x08004888                HAL_RCC_GetPCLK2Freq
 .text.SPI_WaitFlagStateUntilTimeout
                0x080048a8       0xc8 CMakeFiles/LED.elf.dir/Drivers/STM32F4xx_HAL_Driver/Src/stm32f4xx_hal_spi.c.obj
 .text.SPI_EndRxTxTransaction
                0x08004970       0x80 CMakeFiles/LED.elf.dir/Drivers/STM32F4xx_HAL_Driver/Src/stm32f4xx_hal_spi.c.obj
 .text.HAL_SPI_Init
                0x080049f0       0xbe CMakeFiles/LED.elf.dir/Drivers/STM32F4xx_HAL_Driver/Src/stm32f4xx_hal_spi.c.obj
                0x080049f0                HAL_SPI_Init
 .text.HAL_SPI_TransmitReceive
                0x08004aae      0x252 CMakeFiles/LED.elf.dir/Drivers/STM32F4xx_HAL_Driver/Src/stm32f4xx_hal_spi.c.obj
                0x08004aae                HAL_SPI_TransmitReceive
 .text.TIM_OC1_SetConfig
                0x08004d00       0x70 CMakeFiles/LED.elf.dir/Drivers/STM32F4xx_HAL_Driver/Src/stm32f4xx_hal_tim.c.obj
 .text.TIM_OC3_SetConfig
                0x08004d70       0x70 CMakeFiles/LED.elf.dir/Drivers/STM32F4xx_HAL_Driver/Src/stm32f4xx_hal_tim.c.obj
 .text.TIM_OC4_SetConfig
                0x08004de0       0x50 CMakeFiles/LED.elf.dir/Drivers/STM32F4xx_HAL_Driver/Src/stm32f4xx_hal_tim.c.obj
 .text.HAL_TIM_PWM_MspInit
                0x08004e30        0x2 CMakeFiles/LED.elf.dir/Drivers/STM32F4xx_HAL_Driver/Src/stm32f4xx_hal_tim.c.obj
                0x08004e30                HAL_TIM_PWM_MspInit
 *fill*         0x08004e32        0x2 
 .text.TIM_Base_SetConfig
                0x08004e34       0xd8 CMakeFiles/LED.elf.dir/Drivers/STM32F4xx_HAL_Driver/Src/stm32f4xx_hal_tim.c.obj
                0x08004e34                TIM_Base_SetConfig
 .text.HAL_TIM_Base_Init
                0x08004f0c       0x58 CMakeFiles/LED.elf.dir/Drivers/STM32F4xx_HAL_Driver/Src/stm32f4xx_hal_tim.c.obj
                0x08004f0c                HAL_TIM_Base_Init
 .text.HAL_TIM_PWM_Init
                0x08004f64       0x58 CMakeFiles/LED.elf.dir/Drivers/STM32F4xx_HAL_Driver/Src/stm32f4xx_hal_tim.c.obj
                0x08004f64                HAL_TIM_PWM_Init
 .text.TIM_OC2_SetConfig
                0x08004fbc       0x70 CMakeFiles/LED.elf.dir/Drivers/STM32F4xx_HAL_Driver/Src/stm32f4xx_hal_tim.c.obj
                0x08004fbc                TIM_OC2_SetConfig
 .text.HAL_TIM_PWM_ConfigChannel
                0x0800502c       0xdc CMakeFiles/LED.elf.dir/Drivers/STM32F4xx_HAL_Driver/Src/stm32f4xx_hal_tim.c.obj
                0x0800502c                HAL_TIM_PWM_ConfigChannel
 .text.UART_EndTxTransfer
                0x08005108       0x20 CMakeFiles/LED.elf.dir/Drivers/STM32F4xx_HAL_Driver/Src/stm32f4xx_hal_uart.c.obj
 .text.UART_EndRxTransfer
                0x08005128       0x5c CMakeFiles/LED.elf.dir/Drivers/STM32F4xx_HAL_Driver/Src/stm32f4xx_hal_uart.c.obj
 .text.UART_Transmit_IT
                0x08005184       0x5e CMakeFiles/LED.elf.dir/Drivers/STM32F4xx_HAL_Driver/Src/stm32f4xx_hal_uart.c.obj
 *fill*         0x080051e2        0x2 
 .text.UART_SetConfig
                0x080051e4      0x110 CMakeFiles/LED.elf.dir/Drivers/STM32F4xx_HAL_Driver/Src/stm32f4xx_hal_uart.c.obj
 .text.HAL_UART_Init
                0x080052f4       0x60 CMakeFiles/LED.elf.dir/Drivers/STM32F4xx_HAL_Driver/Src/stm32f4xx_hal_uart.c.obj
                0x080052f4                HAL_UART_Init
 .text.HAL_UART_Transmit_DMA
                0x08005354       0x80 CMakeFiles/LED.elf.dir/Drivers/STM32F4xx_HAL_Driver/Src/stm32f4xx_hal_uart.c.obj
                0x08005354                HAL_UART_Transmit_DMA
 .text.UART_DMATransmitCplt
                0x080053d4       0x4c CMakeFiles/LED.elf.dir/Drivers/STM32F4xx_HAL_Driver/Src/stm32f4xx_hal_uart.c.obj
 .text.UART_EndTransmit_IT
                0x08005420       0x1a CMakeFiles/LED.elf.dir/Drivers/STM32F4xx_HAL_Driver/Src/stm32f4xx_hal_uart.c.obj
 .text.HAL_UART_TxHalfCpltCallback
                0x0800543a        0x2 CMakeFiles/LED.elf.dir/Drivers/STM32F4xx_HAL_Driver/Src/stm32f4xx_hal_uart.c.obj
                0x0800543a                HAL_UART_TxHalfCpltCallback
 .text.UART_DMATxHalfCplt
                0x0800543c        0xa CMakeFiles/LED.elf.dir/Drivers/STM32F4xx_HAL_Driver/Src/stm32f4xx_hal_uart.c.obj
 .text.HAL_UART_RxCpltCallback
                0x08005446        0x2 CMakeFiles/LED.elf.dir/Drivers/STM32F4xx_HAL_Driver/Src/stm32f4xx_hal_uart.c.obj
                0x08005446                HAL_UART_RxCpltCallback
 .text.HAL_UART_ErrorCallback
                0x08005448        0x2 CMakeFiles/LED.elf.dir/Drivers/STM32F4xx_HAL_Driver/Src/stm32f4xx_hal_uart.c.obj
                0x08005448                HAL_UART_ErrorCallback
 .text.UART_DMAError
                0x0800544a       0x54 CMakeFiles/LED.elf.dir/Drivers/STM32F4xx_HAL_Driver/Src/stm32f4xx_hal_uart.c.obj
 .text.UART_DMAAbortOnError
                0x0800549e       0x10 CMakeFiles/LED.elf.dir/Drivers/STM32F4xx_HAL_Driver/Src/stm32f4xx_hal_uart.c.obj
 .text.HAL_UARTEx_RxEventCallback
                0x080054ae        0x2 CMakeFiles/LED.elf.dir/Drivers/STM32F4xx_HAL_Driver/Src/stm32f4xx_hal_uart.c.obj
                0x080054ae                HAL_UARTEx_RxEventCallback
 .text.UART_Receive_IT
                0x080054b0       0xe4 CMakeFiles/LED.elf.dir/Drivers/STM32F4xx_HAL_Driver/Src/stm32f4xx_hal_uart.c.obj
 .text.HAL_UART_IRQHandler
                0x08005594      0x284 CMakeFiles/LED.elf.dir/Drivers/STM32F4xx_HAL_Driver/Src/stm32f4xx_hal_uart.c.obj
                0x08005594                HAL_UART_IRQHandler
 .text.__udivmoddi4
                0x08005818      0x2f8 D:/STM32/arm-none-eabi-gcc/bin/../lib/gcc/arm-none-eabi/14.2.1/thumb/v7e-m/nofp\libgcc.a(_udivmoddi4.o)
                0x08005818                __udivmoddi4
 .text.stdio_exit_handler
                0x08005b10       0x18 D:/STM32/arm-none-eabi-gcc/bin/../lib/gcc/arm-none-eabi/14.2.1/thumb/v7e-m/nofp\libg.a(libc_a-findfp.o)
 .text.cleanup_stdio
                0x08005b28       0x40 D:/STM32/arm-none-eabi-gcc/bin/../lib/gcc/arm-none-eabi/14.2.1/thumb/v7e-m/nofp\libg.a(libc_a-findfp.o)
 .text.global_stdio_init.part.0
                0x08005b68       0xf0 D:/STM32/arm-none-eabi-gcc/bin/../lib/gcc/arm-none-eabi/14.2.1/thumb/v7e-m/nofp\libg.a(libc_a-findfp.o)
 .text.__sinit  0x08005c58       0x3c D:/STM32/arm-none-eabi-gcc/bin/../lib/gcc/arm-none-eabi/14.2.1/thumb/v7e-m/nofp\libg.a(libc_a-findfp.o)
                0x08005c58                __sinit
 .text.__sfp_lock_acquire
                0x08005c94        0xc D:/STM32/arm-none-eabi-gcc/bin/../lib/gcc/arm-none-eabi/14.2.1/thumb/v7e-m/nofp\libg.a(libc_a-findfp.o)
                0x08005c94                __sfp_lock_acquire
 .text.__sfp_lock_release
                0x08005ca0        0xc D:/STM32/arm-none-eabi-gcc/bin/../lib/gcc/arm-none-eabi/14.2.1/thumb/v7e-m/nofp\libg.a(libc_a-findfp.o)
                0x08005ca0                __sfp_lock_release
 .text._fwalk_sglue
                0x08005cac       0x44 D:/STM32/arm-none-eabi-gcc/bin/../lib/gcc/arm-none-eabi/14.2.1/thumb/v7e-m/nofp\libg.a(libc_a-fwalk.o)
                0x08005cac                _fwalk_sglue
 .text.snprintf
                0x08005cf0       0x90 D:/STM32/arm-none-eabi-gcc/bin/../lib/gcc/arm-none-eabi/14.2.1/thumb/v7e-m/nofp\libg.a(libc_a-snprintf.o)
                0x08005cf0                snprintf
 .text.sprintf  0x08005d80       0x44 D:/STM32/arm-none-eabi-gcc/bin/../lib/gcc/arm-none-eabi/14.2.1/thumb/v7e-m/nofp\libg.a(libc_a-sprintf.o)
                0x08005d80                sprintf
 .text.__sread  0x08005dc4       0x24 D:/STM32/arm-none-eabi-gcc/bin/../lib/gcc/arm-none-eabi/14.2.1/thumb/v7e-m/nofp\libg.a(libc_a-stdio.o)
                0x08005dc4                __sread
 .text.__swrite
                0x08005de8       0x40 D:/STM32/arm-none-eabi-gcc/bin/../lib/gcc/arm-none-eabi/14.2.1/thumb/v7e-m/nofp\libg.a(libc_a-stdio.o)
                0x08005de8                __swrite
 .text.__sseek  0x08005e28       0x24 D:/STM32/arm-none-eabi-gcc/bin/../lib/gcc/arm-none-eabi/14.2.1/thumb/v7e-m/nofp\libg.a(libc_a-stdio.o)
                0x08005e28                __sseek
 .text.__sclose
                0x08005e4c        0x8 D:/STM32/arm-none-eabi-gcc/bin/../lib/gcc/arm-none-eabi/14.2.1/thumb/v7e-m/nofp\libg.a(libc_a-stdio.o)
                0x08005e4c                __sclose
 .text.memset   0x08005e54       0x9c D:/STM32/arm-none-eabi-gcc/bin/../lib/gcc/arm-none-eabi/14.2.1/thumb/v7e-m/nofp\libg.a(libc_a-memset.o)
                0x08005e54                memset
 .text.strncpy  0x08005ef0       0x68 D:/STM32/arm-none-eabi-gcc/bin/../lib/gcc/arm-none-eabi/14.2.1/thumb/v7e-m/nofp\libg.a(libc_a-strncpy.o)
                0x08005ef0                strncpy
 .text._close_r
                0x08005f58       0x24 D:/STM32/arm-none-eabi-gcc/bin/../lib/gcc/arm-none-eabi/14.2.1/thumb/v7e-m/nofp\libg.a(libc_a-closer.o)
                0x08005f58                _close_r
 .text._lseek_r
                0x08005f7c       0x2c D:/STM32/arm-none-eabi-gcc/bin/../lib/gcc/arm-none-eabi/14.2.1/thumb/v7e-m/nofp\libg.a(libc_a-lseekr.o)
                0x08005f7c                _lseek_r
 .text._read_r  0x08005fa8       0x2c D:/STM32/arm-none-eabi-gcc/bin/../lib/gcc/arm-none-eabi/14.2.1/thumb/v7e-m/nofp\libg.a(libc_a-readr.o)
                0x08005fa8                _read_r
 .text._write_r
                0x08005fd4       0x2c D:/STM32/arm-none-eabi-gcc/bin/../lib/gcc/arm-none-eabi/14.2.1/thumb/v7e-m/nofp\libg.a(libc_a-writer.o)
                0x08005fd4                _write_r
 .text.__errno  0x08006000        0xc D:/STM32/arm-none-eabi-gcc/bin/../lib/gcc/arm-none-eabi/14.2.1/thumb/v7e-m/nofp\libg.a(libc_a-errno.o)
                0x08006000                __errno
 .text.__libc_init_array
                0x0800600c       0x50 D:/STM32/arm-none-eabi-gcc/bin/../lib/gcc/arm-none-eabi/14.2.1/thumb/v7e-m/nofp\libg.a(libc_a-init.o)
                0x0800600c                __libc_init_array
 .text.__retarget_lock_init_recursive
                0x0800605c        0x4 D:/STM32/arm-none-eabi-gcc/bin/../lib/gcc/arm-none-eabi/14.2.1/thumb/v7e-m/nofp\libg.a(libc_a-lock.o)
                0x0800605c                __retarget_lock_init_recursive
 .text.__retarget_lock_close_recursive
                0x08006060        0x4 D:/STM32/arm-none-eabi-gcc/bin/../lib/gcc/arm-none-eabi/14.2.1/thumb/v7e-m/nofp\libg.a(libc_a-lock.o)
                0x08006060                __retarget_lock_close_recursive
 .text.__retarget_lock_acquire_recursive
                0x08006064        0x4 D:/STM32/arm-none-eabi-gcc/bin/../lib/gcc/arm-none-eabi/14.2.1/thumb/v7e-m/nofp\libg.a(libc_a-lock.o)
                0x08006064                __retarget_lock_acquire_recursive
 .text.__retarget_lock_release_recursive
                0x08006068        0x4 D:/STM32/arm-none-eabi-gcc/bin/../lib/gcc/arm-none-eabi/14.2.1/thumb/v7e-m/nofp\libg.a(libc_a-lock.o)
                0x08006068                __retarget_lock_release_recursive
 .text.startup.register_fini
                0x0800606c       0x14 D:/STM32/arm-none-eabi-gcc/bin/../lib/gcc/arm-none-eabi/14.2.1/thumb/v7e-m/nofp\libg.a(libc_a-__call_atexit.o)
 .text.atexit   0x08006080        0xc D:/STM32/arm-none-eabi-gcc/bin/../lib/gcc/arm-none-eabi/14.2.1/thumb/v7e-m/nofp\libg.a(libc_a-atexit.o)
                0x08006080                atexit
 .text._malloc_trim_r
                0x0800608c       0xb8 D:/STM32/arm-none-eabi-gcc/bin/../lib/gcc/arm-none-eabi/14.2.1/thumb/v7e-m/nofp\libg.a(libc_a-freer.o)
                0x0800608c                _malloc_trim_r
 .text._free_r  0x08006144      0x1f0 D:/STM32/arm-none-eabi-gcc/bin/../lib/gcc/arm-none-eabi/14.2.1/thumb/v7e-m/nofp\libg.a(libc_a-freer.o)
                0x08006144                _free_r
 .text._malloc_r
                0x08006334      0x598 D:/STM32/arm-none-eabi-gcc/bin/../lib/gcc/arm-none-eabi/14.2.1/thumb/v7e-m/nofp\libg.a(libc_a-mallocr.o)
                0x08006334                _malloc_r
 .text.__malloc_lock
                0x080068cc        0xc D:/STM32/arm-none-eabi-gcc/bin/../lib/gcc/arm-none-eabi/14.2.1/thumb/v7e-m/nofp\libg.a(libc_a-mlock.o)
                0x080068cc                __malloc_lock
 .text.__malloc_unlock
                0x080068d8        0xc D:/STM32/arm-none-eabi-gcc/bin/../lib/gcc/arm-none-eabi/14.2.1/thumb/v7e-m/nofp\libg.a(libc_a-mlock.o)
                0x080068d8                __malloc_unlock
 .text._svfprintf_r
                0x080068e4     0x2210 D:/STM32/arm-none-eabi-gcc/bin/../lib/gcc/arm-none-eabi/14.2.1/thumb/v7e-m/nofp\libg.a(libc_a-svfprintf.o)
                0x080068e4                _svfprintf_r
 .text.__ssprint_r
                0x08008af4       0x58 D:/STM32/arm-none-eabi-gcc/bin/../lib/gcc/arm-none-eabi/14.2.1/thumb/v7e-m/nofp\libg.a(libc_a-ssprint_r.o)
                0x08008af4                __ssprint_r
 .text._fclose_r
                0x08008b4c       0xc0 D:/STM32/arm-none-eabi-gcc/bin/../lib/gcc/arm-none-eabi/14.2.1/thumb/v7e-m/nofp\libg.a(libc_a-fclose.o)
                0x08008b4c                _fclose_r
 .text.__sflush_r
                0x08008c0c      0x124 D:/STM32/arm-none-eabi-gcc/bin/../lib/gcc/arm-none-eabi/14.2.1/thumb/v7e-m/nofp\libg.a(libc_a-fflush.o)
                0x08008c0c                __sflush_r
 .text._fflush_r
                0x08008d30       0x54 D:/STM32/arm-none-eabi-gcc/bin/../lib/gcc/arm-none-eabi/14.2.1/thumb/v7e-m/nofp\libg.a(libc_a-fflush.o)
                0x08008d30                _fflush_r
 .text.__locale_mb_cur_max
                0x08008d84        0xc D:/STM32/arm-none-eabi-gcc/bin/../lib/gcc/arm-none-eabi/14.2.1/thumb/v7e-m/nofp\libg.a(libc_a-locale.o)
                0x08008d84                __locale_mb_cur_max
 .text._localeconv_r
                0x08008d90        0x8 D:/STM32/arm-none-eabi-gcc/bin/../lib/gcc/arm-none-eabi/14.2.1/thumb/v7e-m/nofp\libg.a(libc_a-localeconv.o)
                0x08008d90                _localeconv_r
 .text._sbrk_r  0x08008d98       0x24 D:/STM32/arm-none-eabi-gcc/bin/../lib/gcc/arm-none-eabi/14.2.1/thumb/v7e-m/nofp\libg.a(libc_a-sbrkr.o)
                0x08008d98                _sbrk_r
 .text.__libc_fini_array
                0x08008dbc       0x28 D:/STM32/arm-none-eabi-gcc/bin/../lib/gcc/arm-none-eabi/14.2.1/thumb/v7e-m/nofp\libg.a(libc_a-fini.o)
                0x08008dbc                __libc_fini_array
 .text.sysconf  0x08008de4       0x1c D:/STM32/arm-none-eabi-gcc/bin/../lib/gcc/arm-none-eabi/14.2.1/thumb/v7e-m/nofp\libg.a(libc_a-sysconf.o)
                0x08008de4                sysconf
 .text.frexp    0x08008e00       0x6c D:/STM32/arm-none-eabi-gcc/bin/../lib/gcc/arm-none-eabi/14.2.1/thumb/v7e-m/nofp\libg.a(libm_a-s_frexp.o)
                0x08008e00                frexp
 .text.__register_exitproc
                0x08008e6c       0x80 D:/STM32/arm-none-eabi-gcc/bin/../lib/gcc/arm-none-eabi/14.2.1/thumb/v7e-m/nofp\libg.a(libc_a-__atexit.o)
                0x08008e6c                __register_exitproc
 .text.quorem   0x08008eec      0x12c D:/STM32/arm-none-eabi-gcc/bin/../lib/gcc/arm-none-eabi/14.2.1/thumb/v7e-m/nofp\libg.a(libc_a-dtoa.o)
 .text._dtoa_r  0x08009018     0x1044 D:/STM32/arm-none-eabi-gcc/bin/../lib/gcc/arm-none-eabi/14.2.1/thumb/v7e-m/nofp\libg.a(libc_a-dtoa.o)
                0x08009018                _dtoa_r
 .text.__ascii_mbtowc
                0x0800a05c       0x2c D:/STM32/arm-none-eabi-gcc/bin/../lib/gcc/arm-none-eabi/14.2.1/thumb/v7e-m/nofp\libg.a(libc_a-mbtowc_r.o)
                0x0800a05c                __ascii_mbtowc
 .text._Balloc  0x0800a088       0x4c D:/STM32/arm-none-eabi-gcc/bin/../lib/gcc/arm-none-eabi/14.2.1/thumb/v7e-m/nofp\libg.a(libc_a-mprec.o)
                0x0800a088                _Balloc
 .text._Bfree   0x0800a0d4       0x14 D:/STM32/arm-none-eabi-gcc/bin/../lib/gcc/arm-none-eabi/14.2.1/thumb/v7e-m/nofp\libg.a(libc_a-mprec.o)
                0x0800a0d4                _Bfree
 .text.__multadd
                0x0800a0e8       0xa0 D:/STM32/arm-none-eabi-gcc/bin/../lib/gcc/arm-none-eabi/14.2.1/thumb/v7e-m/nofp\libg.a(libc_a-mprec.o)
                0x0800a0e8                __multadd
 .text.__hi0bits
                0x0800a188       0x54 D:/STM32/arm-none-eabi-gcc/bin/../lib/gcc/arm-none-eabi/14.2.1/thumb/v7e-m/nofp\libg.a(libc_a-mprec.o)
                0x0800a188                __hi0bits
 .text.__lo0bits
                0x0800a1dc       0x80 D:/STM32/arm-none-eabi-gcc/bin/../lib/gcc/arm-none-eabi/14.2.1/thumb/v7e-m/nofp\libg.a(libc_a-mprec.o)
                0x0800a1dc                __lo0bits
 .text.__i2b    0x0800a25c       0x5c D:/STM32/arm-none-eabi-gcc/bin/../lib/gcc/arm-none-eabi/14.2.1/thumb/v7e-m/nofp\libg.a(libc_a-mprec.o)
                0x0800a25c                __i2b
 .text.__multiply
                0x0800a2b8      0x16c D:/STM32/arm-none-eabi-gcc/bin/../lib/gcc/arm-none-eabi/14.2.1/thumb/v7e-m/nofp\libg.a(libc_a-mprec.o)
                0x0800a2b8                __multiply
 .text.__pow5mult
                0x0800a424       0xc0 D:/STM32/arm-none-eabi-gcc/bin/../lib/gcc/arm-none-eabi/14.2.1/thumb/v7e-m/nofp\libg.a(libc_a-mprec.o)
                0x0800a424                __pow5mult
 .text.__lshift
                0x0800a4e4       0xe8 D:/STM32/arm-none-eabi-gcc/bin/../lib/gcc/arm-none-eabi/14.2.1/thumb/v7e-m/nofp\libg.a(libc_a-mprec.o)
                0x0800a4e4                __lshift
 .text.__mcmp   0x0800a5cc       0x40 D:/STM32/arm-none-eabi-gcc/bin/../lib/gcc/arm-none-eabi/14.2.1/thumb/v7e-m/nofp\libg.a(libc_a-mprec.o)
                0x0800a5cc                __mcmp
 .text.__mdiff  0x0800a60c      0x174 D:/STM32/arm-none-eabi-gcc/bin/../lib/gcc/arm-none-eabi/14.2.1/thumb/v7e-m/nofp\libg.a(libc_a-mprec.o)
                0x0800a60c                __mdiff
 .text.__d2b    0x0800a780       0xb8 D:/STM32/arm-none-eabi-gcc/bin/../lib/gcc/arm-none-eabi/14.2.1/thumb/v7e-m/nofp\libg.a(libc_a-mprec.o)
                0x0800a780                __d2b
 .text.__ascii_wctomb
                0x0800a838       0x1c D:/STM32/arm-none-eabi-gcc/bin/../lib/gcc/arm-none-eabi/14.2.1/thumb/v7e-m/nofp\libg.a(libc_a-wctomb_r.o)
                0x0800a838                __ascii_wctomb
 .text._wcrtomb_r
                0x0800a854       0x4c D:/STM32/arm-none-eabi-gcc/bin/../lib/gcc/arm-none-eabi/14.2.1/thumb/v7e-m/nofp\libg.a(libc_a-wcrtomb.o)
                0x0800a854                _wcrtomb_r
 .text._wcsrtombs_r
                0x0800a8a0       0x1c D:/STM32/arm-none-eabi-gcc/bin/../lib/gcc/arm-none-eabi/14.2.1/thumb/v7e-m/nofp\libg.a(libc_a-wcsrtombs.o)
                0x0800a8a0                _wcsrtombs_r
 .text.__ssputs_r
                0x0800a8bc       0xc0 D:/STM32/arm-none-eabi-gcc/bin/../lib/gcc/arm-none-eabi/14.2.1/thumb/v7e-m/nofp\libg.a(libc_a-ssputs_r.o)
                0x0800a8bc                __ssputs_r
 .text.memmove  0x0800a97c       0xf8 D:/STM32/arm-none-eabi-gcc/bin/../lib/gcc/arm-none-eabi/14.2.1/thumb/v7e-m/nofp\libg.a(libc_a-memmove.o)
                0x0800a97c                memmove
 .text.__assert_func
                0x0800aa74       0x40 D:/STM32/arm-none-eabi-gcc/bin/../lib/gcc/arm-none-eabi/14.2.1/thumb/v7e-m/nofp\libg.a(libc_a-assert.o)
                0x0800aa74                __assert_func
 .text._calloc_r
                0x0800aab4       0x6c D:/STM32/arm-none-eabi-gcc/bin/../lib/gcc/arm-none-eabi/14.2.1/thumb/v7e-m/nofp\libg.a(libc_a-callocr.o)
                0x0800aab4                _calloc_r
 .text._realloc_r
                0x0800ab20      0x348 D:/STM32/arm-none-eabi-gcc/bin/../lib/gcc/arm-none-eabi/14.2.1/thumb/v7e-m/nofp\libg.a(libc_a-reallocr.o)
                0x0800ab20                _realloc_r
 .text._wcsnrtombs_l
                0x0800ae68       0xec D:/STM32/arm-none-eabi-gcc/bin/../lib/gcc/arm-none-eabi/14.2.1/thumb/v7e-m/nofp\libg.a(libc_a-wcsnrtombs.o)
                0x0800ae68                _wcsnrtombs_l
 .text._wcsnrtombs_r
                0x0800af54       0x24 D:/STM32/arm-none-eabi-gcc/bin/../lib/gcc/arm-none-eabi/14.2.1/thumb/v7e-m/nofp\libg.a(libc_a-wcsnrtombs.o)
                0x0800af54                _wcsnrtombs_r
 .text.fiprintf
                0x0800af78       0x28 D:/STM32/arm-none-eabi-gcc/bin/../lib/gcc/arm-none-eabi/14.2.1/thumb/v7e-m/nofp\libg.a(libc_a-fiprintf.o)
                0x0800af78                fiprintf
 .text._vfiprintf_r
                0x0800afa0     0x1278 D:/STM32/arm-none-eabi-gcc/bin/../lib/gcc/arm-none-eabi/14.2.1/thumb/v7e-m/nofp\libg.a(libc_a-vfiprintf.o)
                0x0800afa0                _vfiprintf_r
 .text.__sbprintf
                0x0800c218       0x84 D:/STM32/arm-none-eabi-gcc/bin/../lib/gcc/arm-none-eabi/14.2.1/thumb/v7e-m/nofp\libg.a(libc_a-vfiprintf.o)
 .text.__sprint_r
                0x0800c29c       0x20 D:/STM32/arm-none-eabi-gcc/bin/../lib/gcc/arm-none-eabi/14.2.1/thumb/v7e-m/nofp\libg.a(libc_a-sprint_r.o)
                0x0800c29c                __sprint_r
 .text.__sfvwrite_r
                0x0800c2bc      0x2d8 D:/STM32/arm-none-eabi-gcc/bin/../lib/gcc/arm-none-eabi/14.2.1/thumb/v7e-m/nofp\libg.a(libc_a-fvwrite.o)
                0x0800c2bc                __sfvwrite_r
 .text.__swsetup_r
                0x0800c594       0xfc D:/STM32/arm-none-eabi-gcc/bin/../lib/gcc/arm-none-eabi/14.2.1/thumb/v7e-m/nofp\libg.a(libc_a-wsetup.o)
                0x0800c594                __swsetup_r
 .text.abort    0x0800c690       0x10 D:/STM32/arm-none-eabi-gcc/bin/../lib/gcc/arm-none-eabi/14.2.1/thumb/v7e-m/nofp\libg.a(libc_a-abort.o)
                0x0800c690                abort
 .text.__smakebuf_r
                0x0800c6a0       0xd0 D:/STM32/arm-none-eabi-gcc/bin/../lib/gcc/arm-none-eabi/14.2.1/thumb/v7e-m/nofp\libg.a(libc_a-makebuf.o)
                0x0800c6a0                __smakebuf_r
 .text.raise    0x0800c770       0x58 D:/STM32/arm-none-eabi-gcc/bin/../lib/gcc/arm-none-eabi/14.2.1/thumb/v7e-m/nofp\libg.a(libc_a-signal.o)
                0x0800c770                raise
 .text._fstat_r
                0x0800c7c8       0x2c D:/STM32/arm-none-eabi-gcc/bin/../lib/gcc/arm-none-eabi/14.2.1/thumb/v7e-m/nofp\libg.a(libc_a-fstatr.o)
                0x0800c7c8                _fstat_r
 .text._isatty_r
                0x0800c7f4       0x24 D:/STM32/arm-none-eabi-gcc/bin/../lib/gcc/arm-none-eabi/14.2.1/thumb/v7e-m/nofp\libg.a(libc_a-isattyr.o)
                0x0800c7f4                _isatty_r
 .text._kill_r  0x0800c818       0x2c D:/STM32/arm-none-eabi-gcc/bin/../lib/gcc/arm-none-eabi/14.2.1/thumb/v7e-m/nofp\libg.a(libc_a-signalr.o)
                0x0800c818                _kill_r
 .text._getpid_r
                0x0800c844        0x4 D:/STM32/arm-none-eabi-gcc/bin/../lib/gcc/arm-none-eabi/14.2.1/thumb/v7e-m/nofp\libg.a(libc_a-signalr.o)
                0x0800c844                _getpid_r
 *(.glue_7)
 .glue_7        0x0800c848        0x0 linker stubs
 *(.glue_7t)
 .glue_7t       0x0800c848        0x0 linker stubs
 *(.eh_frame)
 .eh_frame      0x0800c848        0x0 D:/STM32/arm-none-eabi-gcc/bin/../lib/gcc/arm-none-eabi/14.2.1/thumb/v7e-m/nofp/crtbegin.o
 *(.init)
 .init          0x0800c848        0x4 D:/STM32/arm-none-eabi-gcc/bin/../lib/gcc/arm-none-eabi/14.2.1/thumb/v7e-m/nofp/crti.o
                0x0800c848                _init
 .init          0x0800c84c        0x8 D:/STM32/arm-none-eabi-gcc/bin/../lib/gcc/arm-none-eabi/14.2.1/thumb/v7e-m/nofp/crtn.o
 *(.fini)
 .fini          0x0800c854        0x4 D:/STM32/arm-none-eabi-gcc/bin/../lib/gcc/arm-none-eabi/14.2.1/thumb/v7e-m/nofp/crti.o
                0x0800c854                _fini
 .fini          0x0800c858        0x8 D:/STM32/arm-none-eabi-gcc/bin/../lib/gcc/arm-none-eabi/14.2.1/thumb/v7e-m/nofp/crtn.o
                0x0800c860                        . = ALIGN (0x4)
                0x0800c860                        _etext = .

.vfp11_veneer   0x0800c860        0x0
 .vfp11_veneer  0x0800c860        0x0 linker stubs

.v4_bx          0x0800c860        0x0
 .v4_bx         0x0800c860        0x0 linker stubs

.iplt           0x0800c860        0x0
 .iplt          0x0800c860        0x0 D:/STM32/arm-none-eabi-gcc/bin/../lib/gcc/arm-none-eabi/14.2.1/thumb/v7e-m/nofp/crtbegin.o

.rodata         0x0800c860      0x4a4
                0x0800c860                        . = ALIGN (0x4)
 *(.rodata)
 .rodata        0x0800c860       0x18 CMakeFiles/LED.elf.dir/Core/Src/main.c.obj
 *(.rodata*)
 .rodata.HAL_GPIO_EXTI_Callback.str1.4
                0x0800c878      0x1ff CMakeFiles/LED.elf.dir/Core/Src/main.c.obj
                                 0x47 (size before relaxing)
 .rodata.main.str1.4
                0x0800ca77        0xe CMakeFiles/LED.elf.dir/Core/Src/main.c.obj
 *fill*         0x0800ca77        0x1 
 .rodata.APBPrescTable
                0x0800ca78        0x8 CMakeFiles/LED.elf.dir/Core/Src/system_stm32f4xx.c.obj
                0x0800ca78                APBPrescTable
 .rodata.AHBPrescTable
                0x0800ca80       0x10 CMakeFiles/LED.elf.dir/Core/Src/system_stm32f4xx.c.obj
                0x0800ca80                AHBPrescTable
 .rodata.write_BMI088_gyro_reg_data_error
                0x0800ca90       0x12 CMakeFiles/LED.elf.dir/Core/application/BMI088driver.c.obj
 *fill*         0x0800caa2        0x2 
 .rodata.write_BMI088_accel_reg_data_error
                0x0800caa4       0x12 CMakeFiles/LED.elf.dir/Core/application/BMI088driver.c.obj
 *fill*         0x0800cab6        0x2 
 .rodata.flagBitshiftOffset.0
                0x0800cab8        0x8 CMakeFiles/LED.elf.dir/Drivers/STM32F4xx_HAL_Driver/Src/stm32f4xx_hal_dma.c.obj
 .rodata._svfprintf_r.str1.4
                0x0800cac0       0x42 D:/STM32/arm-none-eabi-gcc/bin/../lib/gcc/arm-none-eabi/14.2.1/thumb/v7e-m/nofp\libg.a(libc_a-svfprintf.o)
 .rodata.zeroes.0
                0x0800cac0       0x10 D:/STM32/arm-none-eabi-gcc/bin/../lib/gcc/arm-none-eabi/14.2.1/thumb/v7e-m/nofp\libg.a(libc_a-svfprintf.o)
 .rodata.blanks.1
                0x0800cad0       0x10 D:/STM32/arm-none-eabi-gcc/bin/../lib/gcc/arm-none-eabi/14.2.1/thumb/v7e-m/nofp\libg.a(libc_a-svfprintf.o)
 .rodata.str1.4
                0x0800cae0       0x4c D:/STM32/arm-none-eabi-gcc/bin/../lib/gcc/arm-none-eabi/14.2.1/thumb/v7e-m/nofp\libg.a(libc_a-locale.o)
 .rodata._dtoa_r.str1.4
                0x0800cae0       0x81 D:/STM32/arm-none-eabi-gcc/bin/../lib/gcc/arm-none-eabi/14.2.1/thumb/v7e-m/nofp\libg.a(libc_a-dtoa.o)
 .rodata.__multadd.str1.4
                0x0800cae0       0x6e D:/STM32/arm-none-eabi-gcc/bin/../lib/gcc/arm-none-eabi/14.2.1/thumb/v7e-m/nofp\libg.a(libc_a-mprec.o)
 .rodata.p05.0  0x0800cae0        0xc D:/STM32/arm-none-eabi-gcc/bin/../lib/gcc/arm-none-eabi/14.2.1/thumb/v7e-m/nofp\libg.a(libc_a-mprec.o)
 *fill*         0x0800caec        0x4 
 .rodata.__mprec_bigtens
                0x0800caf0       0x28 D:/STM32/arm-none-eabi-gcc/bin/../lib/gcc/arm-none-eabi/14.2.1/thumb/v7e-m/nofp\libg.a(libc_a-mprec.o)
                0x0800caf0                __mprec_bigtens
 .rodata.__mprec_tens
                0x0800cb18       0xc8 D:/STM32/arm-none-eabi-gcc/bin/../lib/gcc/arm-none-eabi/14.2.1/thumb/v7e-m/nofp\libg.a(libc_a-mprec.o)
                0x0800cb18                __mprec_tens
 .rodata._ctype_
                0x0800cbe0      0x101 D:/STM32/arm-none-eabi-gcc/bin/../lib/gcc/arm-none-eabi/14.2.1/thumb/v7e-m/nofp\libg.a(libc_a-ctype_.o)
                0x0800cbe0                _ctype_
 .rodata.__assert_func.str1.4
                0x0800cce1       0x43 D:/STM32/arm-none-eabi-gcc/bin/../lib/gcc/arm-none-eabi/14.2.1/thumb/v7e-m/nofp\libg.a(libc_a-assert.o)
 .rodata._vfiprintf_r.str1.4
                0x0800cce1       0x2f D:/STM32/arm-none-eabi-gcc/bin/../lib/gcc/arm-none-eabi/14.2.1/thumb/v7e-m/nofp\libg.a(libc_a-vfiprintf.o)
 *fill*         0x0800cce1        0x3 
 .rodata.zeroes.0
                0x0800cce4       0x10 D:/STM32/arm-none-eabi-gcc/bin/../lib/gcc/arm-none-eabi/14.2.1/thumb/v7e-m/nofp\libg.a(libc_a-vfiprintf.o)
 .rodata.blanks.1
                0x0800ccf4       0x10 D:/STM32/arm-none-eabi-gcc/bin/../lib/gcc/arm-none-eabi/14.2.1/thumb/v7e-m/nofp\libg.a(libc_a-vfiprintf.o)
                0x0800cd04                        . = ALIGN (0x4)

.ARM.extab      0x0800cd04        0x0
                0x0800cd04                        . = ALIGN (0x4)
 *(.ARM.extab* .gnu.linkonce.armextab.*)
                0x0800cd04                        . = ALIGN (0x4)

.ARM            0x0800cd04        0x8
                0x0800cd04                        . = ALIGN (0x4)
                0x0800cd04                        __exidx_start = .
 *(.ARM.exidx*)
 .ARM.exidx     0x0800cd04        0x8 D:/STM32/arm-none-eabi-gcc/bin/../lib/gcc/arm-none-eabi/14.2.1/thumb/v7e-m/nofp\libg.a(libc_a-strlen.o)
 .ARM.exidx     0x0800cd0c        0x0 D:/STM32/arm-none-eabi-gcc/bin/../lib/gcc/arm-none-eabi/14.2.1/thumb/v7e-m/nofp\libg.a(libc_a-memchr.o)
                                  0x8 (size before relaxing)
 .ARM.exidx     0x0800cd0c        0x0 D:/STM32/arm-none-eabi-gcc/bin/../lib/gcc/arm-none-eabi/14.2.1/thumb/v7e-m/nofp\libg.a(libc_a-memcpy.o)
                                  0x8 (size before relaxing)
 .ARM.exidx.text.__udivmoddi4
                0x0800cd0c        0x0 D:/STM32/arm-none-eabi-gcc/bin/../lib/gcc/arm-none-eabi/14.2.1/thumb/v7e-m/nofp\libgcc.a(_udivmoddi4.o)
                                  0x8 (size before relaxing)
                0x0800cd0c                        __exidx_end = .
                0x0800cd0c                        . = ALIGN (0x4)

.preinit_array  0x0800cd0c        0x0
                0x0800cd0c                        . = ALIGN (0x4)
                0x0800cd0c                        PROVIDE (__preinit_array_start = .)
 *(.preinit_array*)
                0x0800cd0c                        PROVIDE (__preinit_array_end = .)
                0x0800cd0c                        . = ALIGN (0x4)

.init_array     0x0800cd0c        0x8
                0x0800cd0c                        . = ALIGN (0x4)
                0x0800cd0c                        PROVIDE (__init_array_start = .)
 *(SORT_BY_NAME(.init_array.*))
 .init_array.00000
                0x0800cd0c        0x4 D:/STM32/arm-none-eabi-gcc/bin/../lib/gcc/arm-none-eabi/14.2.1/thumb/v7e-m/nofp\libg.a(libc_a-__call_atexit.o)
 *(.init_array*)
 .init_array    0x0800cd10        0x4 D:/STM32/arm-none-eabi-gcc/bin/../lib/gcc/arm-none-eabi/14.2.1/thumb/v7e-m/nofp/crtbegin.o
                0x0800cd14                        PROVIDE (__init_array_end = .)
                0x0800cd14                        . = ALIGN (0x4)

.fini_array     0x0800cd14        0x4
                0x0800cd14                        . = ALIGN (0x4)
                0x0800cd14                        PROVIDE (__fini_array_start = .)
 *(SORT_BY_NAME(.fini_array.*))
 *(.fini_array*)
 .fini_array    0x0800cd14        0x4 D:/STM32/arm-none-eabi-gcc/bin/../lib/gcc/arm-none-eabi/14.2.1/thumb/v7e-m/nofp/crtbegin.o
                0x0800cd18                        PROVIDE (__fini_array_end = .)
                0x0800cd18                        . = ALIGN (0x4)
                0x0800cd18                        _sidata = LOADADDR (.data)

.rel.dyn        0x0800cd18        0x0
 .rel.iplt      0x0800cd18        0x0 D:/STM32/arm-none-eabi-gcc/bin/../lib/gcc/arm-none-eabi/14.2.1/thumb/v7e-m/nofp/crtbegin.o

.data           0x20000000      0x70c load address 0x0800cd18
                0x20000000                        . = ALIGN (0x4)
                0x20000000                        _sdata = .
 *(.data)
 *(.data*)
 .data.P        0x20000000       0x10 CMakeFiles/LED.elf.dir/Core/Src/main.c.obj
                0x20000000                P
 .data.R_accel_meas
                0x20000010        0x4 CMakeFiles/LED.elf.dir/Core/Src/main.c.obj
                0x20000010                R_accel_meas
 .data.Q_bias   0x20000014        0x4 CMakeFiles/LED.elf.dir/Core/Src/main.c.obj
                0x20000014                Q_bias
 .data.Q_accel  0x20000018        0x4 CMakeFiles/LED.elf.dir/Core/Src/main.c.obj
                0x20000018                Q_accel
 .data.type     0x2000001c        0x4 CMakeFiles/LED.elf.dir/Core/Src/main.c.obj
                0x2000001c                type
 .data.dma_tx_complete
                0x20000020        0x1 CMakeFiles/LED.elf.dir/Core/Src/main.c.obj
                0x20000020                dma_tx_complete
 *fill*         0x20000021        0x3 
 .data.SystemCoreClock
                0x20000024        0x4 CMakeFiles/LED.elf.dir/Core/Src/system_stm32f4xx.c.obj
                0x20000024                SystemCoreClock
 .data.BMI088_GYRO_SEN
                0x20000028        0x4 CMakeFiles/LED.elf.dir/Core/application/BMI088driver.c.obj
                0x20000028                BMI088_GYRO_SEN
 .data.BMI088_ACCEL_SEN
                0x2000002c        0x4 CMakeFiles/LED.elf.dir/Core/application/BMI088driver.c.obj
                0x2000002c                BMI088_ACCEL_SEN
 .data.uwTickFreq
                0x20000030        0x1 CMakeFiles/LED.elf.dir/Drivers/STM32F4xx_HAL_Driver/Src/stm32f4xx_hal.c.obj
                0x20000030                uwTickFreq
 *fill*         0x20000031        0x3 
 .data.uwTickPrio
                0x20000034        0x4 CMakeFiles/LED.elf.dir/Drivers/STM32F4xx_HAL_Driver/Src/stm32f4xx_hal.c.obj
                0x20000034                uwTickPrio
 .data.__sglue  0x20000038        0xc D:/STM32/arm-none-eabi-gcc/bin/../lib/gcc/arm-none-eabi/14.2.1/thumb/v7e-m/nofp\libg.a(libc_a-findfp.o)
                0x20000038                __sglue
 .data._impure_ptr
                0x20000044        0x4 D:/STM32/arm-none-eabi-gcc/bin/../lib/gcc/arm-none-eabi/14.2.1/thumb/v7e-m/nofp\libg.a(libc_a-impure.o)
                0x20000044                _impure_ptr
 .data._impure_data
                0x20000048      0x140 D:/STM32/arm-none-eabi-gcc/bin/../lib/gcc/arm-none-eabi/14.2.1/thumb/v7e-m/nofp\libg.a(libc_a-impure.o)
                0x20000048                _impure_data
 .data.__atexit_recursive_mutex
                0x20000188        0x4 D:/STM32/arm-none-eabi-gcc/bin/../lib/gcc/arm-none-eabi/14.2.1/thumb/v7e-m/nofp\libg.a(libc_a-__call_atexit.o)
                0x20000188                __atexit_recursive_mutex
 .data.__malloc_sbrk_base
                0x2000018c        0x4 D:/STM32/arm-none-eabi-gcc/bin/../lib/gcc/arm-none-eabi/14.2.1/thumb/v7e-m/nofp\libg.a(libc_a-mallocr.o)
                0x2000018c                __malloc_sbrk_base
 .data.__malloc_trim_threshold
                0x20000190        0x4 D:/STM32/arm-none-eabi-gcc/bin/../lib/gcc/arm-none-eabi/14.2.1/thumb/v7e-m/nofp\libg.a(libc_a-mallocr.o)
                0x20000190                __malloc_trim_threshold
 *fill*         0x20000194        0x4 
 .data.__malloc_av_
                0x20000198      0x408 D:/STM32/arm-none-eabi-gcc/bin/../lib/gcc/arm-none-eabi/14.2.1/thumb/v7e-m/nofp\libg.a(libc_a-mallocr.o)
                0x20000198                __malloc_av_
 .data.__global_locale
                0x200005a0      0x16c D:/STM32/arm-none-eabi-gcc/bin/../lib/gcc/arm-none-eabi/14.2.1/thumb/v7e-m/nofp\libg.a(libc_a-locale.o)
                0x200005a0                __global_locale
 *(.RamFunc)
 *(.RamFunc*)
                0x2000070c                        . = ALIGN (0x4)
                0x2000070c                        _edata = .
                0x0800d424                        _siccmram = LOADADDR (.ccmram)

.tm_clone_table
                0x2000070c        0x0 load address 0x0800d424
 .tm_clone_table
                0x2000070c        0x0 D:/STM32/arm-none-eabi-gcc/bin/../lib/gcc/arm-none-eabi/14.2.1/thumb/v7e-m/nofp/crtbegin.o
 .tm_clone_table
                0x2000070c        0x0 D:/STM32/arm-none-eabi-gcc/bin/../lib/gcc/arm-none-eabi/14.2.1/thumb/v7e-m/nofp/crtend.o

.igot.plt       0x2000070c        0x0 load address 0x0800d424
 .igot.plt      0x2000070c        0x0 D:/STM32/arm-none-eabi-gcc/bin/../lib/gcc/arm-none-eabi/14.2.1/thumb/v7e-m/nofp/crtbegin.o

.ccmram         0x10000000        0x0 load address 0x0800d424
                0x10000000                        . = ALIGN (0x4)
                0x10000000                        _sccmram = .
 *(.ccmram)
 *(.ccmram*)
                0x10000000                        . = ALIGN (0x4)
                0x10000000                        _eccmram = .
                0x10000000                        . = ALIGN (0x4)

.bss            0x2000070c     0x1848
                0x2000070c                        _sbss = .
                0x2000070c                        __bss_start__ = _sbss
 *(.bss)
 *(.bss*)
 .bss.completed.1
                0x2000070c        0x1 D:/STM32/arm-none-eabi-gcc/bin/../lib/gcc/arm-none-eabi/14.2.1/thumb/v7e-m/nofp/crtbegin.o
 *fill*         0x2000070d        0x3 
 .bss.object.0  0x20000710       0x18 D:/STM32/arm-none-eabi-gcc/bin/../lib/gcc/arm-none-eabi/14.2.1/thumb/v7e-m/nofp/crtbegin.o
 .bss.HAL_RCC_CAN1_CLK_ENABLED
                0x20000728        0x4 CMakeFiles/LED.elf.dir/Core/Src/can.c.obj
 .bss.hcan2     0x2000072c       0x28 CMakeFiles/LED.elf.dir/Core/Src/can.c.obj
                0x2000072c                hcan2
 .bss.hcan1     0x20000754       0x28 CMakeFiles/LED.elf.dir/Core/Src/can.c.obj
                0x20000754                hcan1
 .bss.last_interrupt_time.0
                0x2000077c        0x4 CMakeFiles/LED.elf.dir/Core/Src/main.c.obj
 .bss.target_wz
                0x20000780        0x4 CMakeFiles/LED.elf.dir/Core/Src/main.c.obj
                0x20000780                target_wz
 .bss.wz_pid    0x20000784       0x34 CMakeFiles/LED.elf.dir/Core/Src/main.c.obj
                0x20000784                wz_pid
 .bss.current_angle_err
                0x200007b8        0x4 CMakeFiles/LED.elf.dir/Core/Src/main.c.obj
                0x200007b8                current_angle_err
 .bss.current_angle
                0x200007bc        0x4 CMakeFiles/LED.elf.dir/Core/Src/main.c.obj
                0x200007bc                current_angle
 .bss.current_time_stamp
                0x200007c0        0x4 CMakeFiles/LED.elf.dir/Core/Src/main.c.obj
                0x200007c0                current_time_stamp
 .bss.previous_time_stamp
                0x200007c4        0x4 CMakeFiles/LED.elf.dir/Core/Src/main.c.obj
                0x200007c4                previous_time_stamp
 .bss.accel_z_bias
                0x200007c8        0x4 CMakeFiles/LED.elf.dir/Core/Src/main.c.obj
                0x200007c8                accel_z_bias
 .bss.accel_y_bias
                0x200007cc        0x4 CMakeFiles/LED.elf.dir/Core/Src/main.c.obj
                0x200007cc                accel_y_bias
 .bss.accel_x_bias
                0x200007d0        0x4 CMakeFiles/LED.elf.dir/Core/Src/main.c.obj
                0x200007d0                accel_x_bias
 .bss.accel_z_true
                0x200007d4        0x4 CMakeFiles/LED.elf.dir/Core/Src/main.c.obj
                0x200007d4                accel_z_true
 .bss.accel_y_true
                0x200007d8        0x4 CMakeFiles/LED.elf.dir/Core/Src/main.c.obj
                0x200007d8                accel_y_true
 .bss.accel_x_true
                0x200007dc        0x4 CMakeFiles/LED.elf.dir/Core/Src/main.c.obj
                0x200007dc                accel_x_true
 .bss.accel_z   0x200007e0        0x4 CMakeFiles/LED.elf.dir/Core/Src/main.c.obj
                0x200007e0                accel_z
 .bss.accel_y   0x200007e4        0x4 CMakeFiles/LED.elf.dir/Core/Src/main.c.obj
                0x200007e4                accel_y
 .bss.accel_x   0x200007e8        0x4 CMakeFiles/LED.elf.dir/Core/Src/main.c.obj
                0x200007e8                accel_x
 .bss.temp      0x200007ec        0x4 CMakeFiles/LED.elf.dir/Core/Src/main.c.obj
                0x200007ec                temp
 .bss.accel     0x200007f0        0xc CMakeFiles/LED.elf.dir/Core/Src/main.c.obj
                0x200007f0                accel
 .bss.gyro      0x200007fc        0xc CMakeFiles/LED.elf.dir/Core/Src/main.c.obj
                0x200007fc                gyro
 .bss.led_cnt   0x20000808        0x2 CMakeFiles/LED.elf.dir/Core/Src/main.c.obj
                0x20000808                led_cnt
 .bss.uart_queue_tail
                0x2000080a        0x2 CMakeFiles/LED.elf.dir/Core/Src/main.c.obj
                0x2000080a                uart_queue_tail
 .bss.uart_queue_head
                0x2000080c        0x2 CMakeFiles/LED.elf.dir/Core/Src/main.c.obj
                0x2000080c                uart_queue_head
 *fill*         0x2000080e        0x2 
 .bss.uart_queue
                0x20000810     0x1040 CMakeFiles/LED.elf.dir/Core/Src/main.c.obj
                0x20000810                uart_queue
 .bss.hdma_spi1_tx
                0x20001850       0x60 CMakeFiles/LED.elf.dir/Core/Src/spi.c.obj
                0x20001850                hdma_spi1_tx
 .bss.hdma_spi1_rx
                0x200018b0       0x60 CMakeFiles/LED.elf.dir/Core/Src/spi.c.obj
                0x200018b0                hdma_spi1_rx
 .bss.hspi1     0x20001910       0x58 CMakeFiles/LED.elf.dir/Core/Src/spi.c.obj
                0x20001910                hspi1
 .bss.__sbrk_heap_end
                0x20001968        0x4 CMakeFiles/LED.elf.dir/Core/Src/sysmem.c.obj
 .bss.htim10    0x2000196c       0x48 CMakeFiles/LED.elf.dir/Core/Src/tim.c.obj
                0x2000196c                htim10
 .bss.hdma_usart3_rx
                0x200019b4       0x60 CMakeFiles/LED.elf.dir/Core/Src/usart.c.obj
                0x200019b4                hdma_usart3_rx
 .bss.hdma_usart1_tx
                0x20001a14       0x60 CMakeFiles/LED.elf.dir/Core/Src/usart.c.obj
                0x20001a14                hdma_usart1_tx
 .bss.huart3    0x20001a74       0x48 CMakeFiles/LED.elf.dir/Core/Src/usart.c.obj
                0x20001a74                huart3
 .bss.huart1    0x20001abc       0x48 CMakeFiles/LED.elf.dir/Core/Src/usart.c.obj
                0x20001abc                huart1
 .bss.dm_motor.0
                0x20001b04       0x4c CMakeFiles/LED.elf.dir/Core/application/CAN_receive.c.obj
 .bss.i.1       0x20001b50        0x1 CMakeFiles/LED.elf.dir/Core/application/CAN_receive.c.obj
 *fill*         0x20001b51        0x3 
 .bss.chassis_can_send_data
                0x20001b54        0x8 CMakeFiles/LED.elf.dir/Core/application/CAN_receive.c.obj
 .bss.chassis_tx_message
                0x20001b5c       0x18 CMakeFiles/LED.elf.dir/Core/application/CAN_receive.c.obj
 .bss.gimbal_can_send_data
                0x20001b74        0x8 CMakeFiles/LED.elf.dir/Core/application/CAN_receive.c.obj
 .bss.gimbal_tx_message
                0x20001b7c       0x18 CMakeFiles/LED.elf.dir/Core/application/CAN_receive.c.obj
 .bss.motor_chassis
                0x20001b94       0x46 CMakeFiles/LED.elf.dir/Core/application/CAN_receive.c.obj
 .bss.this_time_rx_len.0
                0x20001bda        0x2 CMakeFiles/LED.elf.dir/Core/application/remote_control.c.obj
 .bss.sbus_rx_buf
                0x20001bdc       0x48 CMakeFiles/LED.elf.dir/Core/application/remote_control.c.obj
 .bss.rc_ctrl   0x20001c24       0x16 CMakeFiles/LED.elf.dir/Core/application/remote_control.c.obj
                0x20001c24                rc_ctrl
 *fill*         0x20001c3a        0x2 
 .bss.uwTick    0x20001c3c        0x4 CMakeFiles/LED.elf.dir/Drivers/STM32F4xx_HAL_Driver/Src/stm32f4xx_hal.c.obj
                0x20001c3c                uwTick
 .bss.__sf      0x20001c40      0x138 D:/STM32/arm-none-eabi-gcc/bin/../lib/gcc/arm-none-eabi/14.2.1/thumb/v7e-m/nofp\libg.a(libc_a-findfp.o)
                0x20001c40                __sf
 .bss.__stdio_exit_handler
                0x20001d78        0x4 D:/STM32/arm-none-eabi-gcc/bin/../lib/gcc/arm-none-eabi/14.2.1/thumb/v7e-m/nofp\libg.a(libc_a-findfp.o)
                0x20001d78                __stdio_exit_handler
 .bss.errno     0x20001d7c        0x4 D:/STM32/arm-none-eabi-gcc/bin/../lib/gcc/arm-none-eabi/14.2.1/thumb/v7e-m/nofp\libg.a(libc_a-reent.o)
                0x20001d7c                errno
 .bss.__lock___malloc_recursive_mutex
                0x20001d80        0x1 D:/STM32/arm-none-eabi-gcc/bin/../lib/gcc/arm-none-eabi/14.2.1/thumb/v7e-m/nofp\libg.a(libc_a-lock.o)
                0x20001d80                __lock___malloc_recursive_mutex
 *fill*         0x20001d81        0x3 
 .bss.__lock___atexit_recursive_mutex
                0x20001d84        0x1 D:/STM32/arm-none-eabi-gcc/bin/../lib/gcc/arm-none-eabi/14.2.1/thumb/v7e-m/nofp\libg.a(libc_a-lock.o)
                0x20001d84                __lock___atexit_recursive_mutex
 *fill*         0x20001d85        0x3 
 .bss.__lock___sfp_recursive_mutex
                0x20001d88        0x1 D:/STM32/arm-none-eabi-gcc/bin/../lib/gcc/arm-none-eabi/14.2.1/thumb/v7e-m/nofp\libg.a(libc_a-lock.o)
                0x20001d88                __lock___sfp_recursive_mutex
 *fill*         0x20001d89        0x3 
 .bss.__atexit  0x20001d8c        0x4 D:/STM32/arm-none-eabi-gcc/bin/../lib/gcc/arm-none-eabi/14.2.1/thumb/v7e-m/nofp\libg.a(libc_a-__call_atexit.o)
                0x20001d8c                __atexit
 .bss.__malloc_current_mallinfo
                0x20001d90       0x28 D:/STM32/arm-none-eabi-gcc/bin/../lib/gcc/arm-none-eabi/14.2.1/thumb/v7e-m/nofp\libg.a(libc_a-mallocr.o)
                0x20001d90                __malloc_current_mallinfo
 .bss.__malloc_max_total_mem
                0x20001db8        0x4 D:/STM32/arm-none-eabi-gcc/bin/../lib/gcc/arm-none-eabi/14.2.1/thumb/v7e-m/nofp\libg.a(libc_a-mallocr.o)
                0x20001db8                __malloc_max_total_mem
 .bss.__malloc_max_sbrked_mem
                0x20001dbc        0x4 D:/STM32/arm-none-eabi-gcc/bin/../lib/gcc/arm-none-eabi/14.2.1/thumb/v7e-m/nofp\libg.a(libc_a-mallocr.o)
                0x20001dbc                __malloc_max_sbrked_mem
 .bss.__malloc_top_pad
                0x20001dc0        0x4 D:/STM32/arm-none-eabi-gcc/bin/../lib/gcc/arm-none-eabi/14.2.1/thumb/v7e-m/nofp\libg.a(libc_a-mallocr.o)
                0x20001dc0                __malloc_top_pad
 .bss.__atexit0
                0x20001dc4      0x190 D:/STM32/arm-none-eabi-gcc/bin/../lib/gcc/arm-none-eabi/14.2.1/thumb/v7e-m/nofp\libg.a(libc_a-__atexit.o)
                0x20001dc4                __atexit0
 *(COMMON)
                0x20001f54                        . = ALIGN (0x4)
                0x20001f54                        _ebss = .
                0x20001f54                        __bss_end__ = _ebss

._user_heap_stack
                0x20001f54      0x604
                0x20001f58                        . = ALIGN (0x8)
 *fill*         0x20001f54        0x4 
                [!provide]                        PROVIDE (end = .)
                0x20001f58                        PROVIDE (_end = .)
                0x20002158                        . = (. + _Min_Heap_Size)
 *fill*         0x20001f58      0x200 
                0x20002558                        . = (. + _Min_Stack_Size)
 *fill*         0x20002158      0x400 
                0x20002558                        . = ALIGN (0x8)

/DISCARD/
 libc.a(*)
 libm.a(*)
 libgcc.a(*)

.ARM.attributes
                0x00000000       0x2a
 *(.ARM.attributes)
 .ARM.attributes
                0x00000000       0x1e D:/STM32/arm-none-eabi-gcc/bin/../lib/gcc/arm-none-eabi/14.2.1/thumb/v7e-m/nofp/crti.o
 .ARM.attributes
                0x0000001e       0x2e D:/STM32/arm-none-eabi-gcc/bin/../lib/gcc/arm-none-eabi/14.2.1/thumb/v7e-m/nofp/crtbegin.o
 .ARM.attributes
                0x0000004c       0x2e CMakeFiles/LED.elf.dir/Core/Src/bsp_can.c.obj
 .ARM.attributes
                0x0000007a       0x2e CMakeFiles/LED.elf.dir/Core/Src/can.c.obj
 .ARM.attributes
                0x000000a8       0x2e CMakeFiles/LED.elf.dir/Core/Src/dma.c.obj
 .ARM.attributes
                0x000000d6       0x2e CMakeFiles/LED.elf.dir/Core/Src/gpio.c.obj
 .ARM.attributes
                0x00000104       0x2e CMakeFiles/LED.elf.dir/Core/Src/main.c.obj
 .ARM.attributes
                0x00000132       0x2e CMakeFiles/LED.elf.dir/Core/Src/pid.c.obj
 .ARM.attributes
                0x00000160       0x2e CMakeFiles/LED.elf.dir/Core/Src/spi.c.obj
 .ARM.attributes
                0x0000018e       0x2e CMakeFiles/LED.elf.dir/Core/Src/stm32f4xx_hal_msp.c.obj
 .ARM.attributes
                0x000001bc       0x2e CMakeFiles/LED.elf.dir/Core/Src/stm32f4xx_it.c.obj
 .ARM.attributes
                0x000001ea       0x2e CMakeFiles/LED.elf.dir/Core/Src/syscalls.c.obj
 .ARM.attributes
                0x00000218       0x2e CMakeFiles/LED.elf.dir/Core/Src/sysmem.c.obj
 .ARM.attributes
                0x00000246       0x2e CMakeFiles/LED.elf.dir/Core/Src/system_stm32f4xx.c.obj
 .ARM.attributes
                0x00000274       0x2e CMakeFiles/LED.elf.dir/Core/Src/tim.c.obj
 .ARM.attributes
                0x000002a2       0x2e CMakeFiles/LED.elf.dir/Core/Src/usart.c.obj
 .ARM.attributes
                0x000002d0       0x21 CMakeFiles/LED.elf.dir/Core/Startup/startup_stm32f407ighx.s.obj
 .ARM.attributes
                0x000002f1       0x2e CMakeFiles/LED.elf.dir/Core/application/BMI088Middleware.c.obj
 .ARM.attributes
                0x0000031f       0x2e CMakeFiles/LED.elf.dir/Core/application/BMI088driver.c.obj
 .ARM.attributes
                0x0000034d       0x2e CMakeFiles/LED.elf.dir/Core/application/CAN_receive.c.obj
 .ARM.attributes
                0x0000037b       0x2e CMakeFiles/LED.elf.dir/Core/application/bsp_rc.c.obj
 .ARM.attributes
                0x000003a9       0x2e CMakeFiles/LED.elf.dir/Core/application/remote_control.c.obj
 .ARM.attributes
                0x000003d7       0x2e CMakeFiles/LED.elf.dir/Drivers/STM32F4xx_HAL_Driver/Src/stm32f4xx_hal.c.obj
 .ARM.attributes
                0x00000405       0x2e CMakeFiles/LED.elf.dir/Drivers/STM32F4xx_HAL_Driver/Src/stm32f4xx_hal_can.c.obj
 .ARM.attributes
                0x00000433       0x2e CMakeFiles/LED.elf.dir/Drivers/STM32F4xx_HAL_Driver/Src/stm32f4xx_hal_cortex.c.obj
 .ARM.attributes
                0x00000461       0x2e CMakeFiles/LED.elf.dir/Drivers/STM32F4xx_HAL_Driver/Src/stm32f4xx_hal_dma.c.obj
 .ARM.attributes
                0x0000048f       0x2e CMakeFiles/LED.elf.dir/Drivers/STM32F4xx_HAL_Driver/Src/stm32f4xx_hal_gpio.c.obj
 .ARM.attributes
                0x000004bd       0x2e CMakeFiles/LED.elf.dir/Drivers/STM32F4xx_HAL_Driver/Src/stm32f4xx_hal_rcc.c.obj
 .ARM.attributes
                0x000004eb       0x2e CMakeFiles/LED.elf.dir/Drivers/STM32F4xx_HAL_Driver/Src/stm32f4xx_hal_spi.c.obj
 .ARM.attributes
                0x00000519       0x2e CMakeFiles/LED.elf.dir/Drivers/STM32F4xx_HAL_Driver/Src/stm32f4xx_hal_tim.c.obj
 .ARM.attributes
                0x00000547       0x2e CMakeFiles/LED.elf.dir/Drivers/STM32F4xx_HAL_Driver/Src/stm32f4xx_hal_uart.c.obj
 .ARM.attributes
                0x00000575       0x1e D:/STM32/arm-none-eabi-gcc/bin/../lib/gcc/arm-none-eabi/14.2.1/thumb/v7e-m/nofp\libgcc.a(_arm_addsubdf3.o)
 .ARM.attributes
                0x00000593       0x1e D:/STM32/arm-none-eabi-gcc/bin/../lib/gcc/arm-none-eabi/14.2.1/thumb/v7e-m/nofp\libgcc.a(_arm_muldivdf3.o)
 .ARM.attributes
                0x000005b1       0x1e D:/STM32/arm-none-eabi-gcc/bin/../lib/gcc/arm-none-eabi/14.2.1/thumb/v7e-m/nofp\libgcc.a(_arm_addsubsf3.o)
 .ARM.attributes
                0x000005cf       0x1e D:/STM32/arm-none-eabi-gcc/bin/../lib/gcc/arm-none-eabi/14.2.1/thumb/v7e-m/nofp\libgcc.a(_arm_muldivsf3.o)
 .ARM.attributes
                0x000005ed       0x1e D:/STM32/arm-none-eabi-gcc/bin/../lib/gcc/arm-none-eabi/14.2.1/thumb/v7e-m/nofp\libgcc.a(_arm_cmpsf2.o)
 .ARM.attributes
                0x0000060b       0x1e D:/STM32/arm-none-eabi-gcc/bin/../lib/gcc/arm-none-eabi/14.2.1/thumb/v7e-m/nofp\libgcc.a(_arm_fixsfsi.o)
 .ARM.attributes
                0x00000629       0x1e D:/STM32/arm-none-eabi-gcc/bin/../lib/gcc/arm-none-eabi/14.2.1/thumb/v7e-m/nofp\libgcc.a(_aeabi_uldivmod.o)
 .ARM.attributes
                0x00000647       0x2e D:/STM32/arm-none-eabi-gcc/bin/../lib/gcc/arm-none-eabi/14.2.1/thumb/v7e-m/nofp\libgcc.a(_udivmoddi4.o)
 .ARM.attributes
                0x00000675       0x1e D:/STM32/arm-none-eabi-gcc/bin/../lib/gcc/arm-none-eabi/14.2.1/thumb/v7e-m/nofp\libgcc.a(_dvmd_tls.o)
 .ARM.attributes
                0x00000693       0x2e D:/STM32/arm-none-eabi-gcc/bin/../lib/gcc/arm-none-eabi/14.2.1/thumb/v7e-m/nofp\libg.a(libc_a-findfp.o)
 .ARM.attributes
                0x000006c1       0x2e D:/STM32/arm-none-eabi-gcc/bin/../lib/gcc/arm-none-eabi/14.2.1/thumb/v7e-m/nofp\libg.a(libc_a-fwalk.o)
 .ARM.attributes
                0x000006ef       0x2e D:/STM32/arm-none-eabi-gcc/bin/../lib/gcc/arm-none-eabi/14.2.1/thumb/v7e-m/nofp\libg.a(libc_a-snprintf.o)
 .ARM.attributes
                0x0000071d       0x2e D:/STM32/arm-none-eabi-gcc/bin/../lib/gcc/arm-none-eabi/14.2.1/thumb/v7e-m/nofp\libg.a(libc_a-sprintf.o)
 .ARM.attributes
                0x0000074b       0x2e D:/STM32/arm-none-eabi-gcc/bin/../lib/gcc/arm-none-eabi/14.2.1/thumb/v7e-m/nofp\libg.a(libc_a-stdio.o)
 .ARM.attributes
                0x00000779       0x2e D:/STM32/arm-none-eabi-gcc/bin/../lib/gcc/arm-none-eabi/14.2.1/thumb/v7e-m/nofp\libg.a(libc_a-memset.o)
 .ARM.attributes
                0x000007a7       0x2e D:/STM32/arm-none-eabi-gcc/bin/../lib/gcc/arm-none-eabi/14.2.1/thumb/v7e-m/nofp\libg.a(libc_a-strncpy.o)
 .ARM.attributes
                0x000007d5       0x2e D:/STM32/arm-none-eabi-gcc/bin/../lib/gcc/arm-none-eabi/14.2.1/thumb/v7e-m/nofp\libg.a(libc_a-closer.o)
 .ARM.attributes
                0x00000803       0x2e D:/STM32/arm-none-eabi-gcc/bin/../lib/gcc/arm-none-eabi/14.2.1/thumb/v7e-m/nofp\libg.a(libc_a-reent.o)
 .ARM.attributes
                0x00000831       0x2e D:/STM32/arm-none-eabi-gcc/bin/../lib/gcc/arm-none-eabi/14.2.1/thumb/v7e-m/nofp\libg.a(libc_a-impure.o)
 .ARM.attributes
                0x0000085f       0x2e D:/STM32/arm-none-eabi-gcc/bin/../lib/gcc/arm-none-eabi/14.2.1/thumb/v7e-m/nofp\libg.a(libc_a-lseekr.o)
 .ARM.attributes
                0x0000088d       0x2e D:/STM32/arm-none-eabi-gcc/bin/../lib/gcc/arm-none-eabi/14.2.1/thumb/v7e-m/nofp\libg.a(libc_a-readr.o)
 .ARM.attributes
                0x000008bb       0x2e D:/STM32/arm-none-eabi-gcc/bin/../lib/gcc/arm-none-eabi/14.2.1/thumb/v7e-m/nofp\libg.a(libc_a-writer.o)
 .ARM.attributes
                0x000008e9       0x2e D:/STM32/arm-none-eabi-gcc/bin/../lib/gcc/arm-none-eabi/14.2.1/thumb/v7e-m/nofp\libg.a(libc_a-errno.o)
 .ARM.attributes
                0x00000917       0x2e D:/STM32/arm-none-eabi-gcc/bin/../lib/gcc/arm-none-eabi/14.2.1/thumb/v7e-m/nofp\libg.a(libc_a-init.o)
 .ARM.attributes
                0x00000945       0x2e D:/STM32/arm-none-eabi-gcc/bin/../lib/gcc/arm-none-eabi/14.2.1/thumb/v7e-m/nofp\libg.a(libc_a-lock.o)
 .ARM.attributes
                0x00000973       0x1c D:/STM32/arm-none-eabi-gcc/bin/../lib/gcc/arm-none-eabi/14.2.1/thumb/v7e-m/nofp\libg.a(libc_a-strlen.o)
 .ARM.attributes
                0x0000098f       0x2e D:/STM32/arm-none-eabi-gcc/bin/../lib/gcc/arm-none-eabi/14.2.1/thumb/v7e-m/nofp\libg.a(libc_a-__call_atexit.o)
 .ARM.attributes
                0x000009bd       0x2e D:/STM32/arm-none-eabi-gcc/bin/../lib/gcc/arm-none-eabi/14.2.1/thumb/v7e-m/nofp\libg.a(libc_a-atexit.o)
 .ARM.attributes
                0x000009eb       0x2e D:/STM32/arm-none-eabi-gcc/bin/../lib/gcc/arm-none-eabi/14.2.1/thumb/v7e-m/nofp\libg.a(libc_a-freer.o)
 .ARM.attributes