Archive member included to satisfy reference by file (symbol)

D:/STM32/arm-none-eabi-gcc/bin/../lib/gcc/arm-none-eabi/14.2.1/thumb/v7e-m/nofp\libgcc.a(_arm_muldf3.o)
                              CMakeFiles/LED.elf.dir/Core/Src/main.c.obj (__aeabi_dmul)
D:/STM32/arm-none-eabi-gcc/bin/../lib/gcc/arm-none-eabi/14.2.1/thumb/v7e-m/nofp\libgcc.a(_arm_mulsf3.o)
                              CMakeFiles/LED.elf.dir/Core/Src/main.c.obj (__aeabi_fmul)
D:/STM32/arm-none-eabi-gcc/bin/../lib/gcc/arm-none-eabi/14.2.1/thumb/v7e-m/nofp\libgcc.a(_arm_addsubdf3.o)
                              CMakeFiles/LED.elf.dir/Core/Src/main.c.obj (__aeabi_dsub)
D:/STM32/arm-none-eabi-gcc/bin/../lib/gcc/arm-none-eabi/14.2.1/thumb/v7e-m/nofp\libgcc.a(_arm_muldivdf3.o)
                              CMakeFiles/LED.elf.dir/Core/Src/main.c.obj (__aeabi_ddiv)
D:/STM32/arm-none-eabi-gcc/bin/../lib/gcc/arm-none-eabi/14.2.1/thumb/v7e-m/nofp\libgcc.a(_arm_addsubsf3.o)
                              CMakeFiles/LED.elf.dir/Core/Src/main.c.obj (__aeabi_fsub)
D:/STM32/arm-none-eabi-gcc/bin/../lib/gcc/arm-none-eabi/14.2.1/thumb/v7e-m/nofp\libgcc.a(_arm_muldivsf3.o)
                              CMakeFiles/LED.elf.dir/Core/Src/main.c.obj (__aeabi_fdiv)
D:/STM32/arm-none-eabi-gcc/bin/../lib/gcc/arm-none-eabi/14.2.1/thumb/v7e-m/nofp\libgcc.a(_arm_cmpsf2.o)
                              CMakeFiles/LED.elf.dir/Core/Src/main.c.obj (__aeabi_fcmplt)
D:/STM32/arm-none-eabi-gcc/bin/../lib/gcc/arm-none-eabi/14.2.1/thumb/v7e-m/nofp\libgcc.a(_arm_fixsfsi.o)
                              CMakeFiles/LED.elf.dir/Core/Src/main.c.obj (__aeabi_f2iz)
D:/STM32/arm-none-eabi-gcc/bin/../lib/gcc/arm-none-eabi/14.2.1/thumb/v7e-m/nofp\libgcc.a(_aeabi_uldivmod.o)
                              CMakeFiles/LED.elf.dir/Drivers/STM32F4xx_HAL_Driver/Src/stm32f4xx_hal_rcc.c.obj (__aeabi_uldivmod)
D:/STM32/arm-none-eabi-gcc/bin/../lib/gcc/arm-none-eabi/14.2.1/thumb/v7e-m/nofp\libgcc.a(_udivmoddi4.o)
                              D:/STM32/arm-none-eabi-gcc/bin/../lib/gcc/arm-none-eabi/14.2.1/thumb/v7e-m/nofp\libgcc.a(_aeabi_uldivmod.o) (__udivmoddi4)
D:/STM32/arm-none-eabi-gcc/bin/../lib/gcc/arm-none-eabi/14.2.1/thumb/v7e-m/nofp\libgcc.a(_dvmd_tls.o)
                              D:/STM32/arm-none-eabi-gcc/bin/../lib/gcc/arm-none-eabi/14.2.1/thumb/v7e-m/nofp\libgcc.a(_aeabi_uldivmod.o) (__aeabi_ldiv0)
D:/STM32/arm-none-eabi-gcc/bin/../lib/gcc/arm-none-eabi/14.2.1/thumb/v7e-m/nofp\libg.a(libc_a-exit.o)
                              D:/STM32/arm-none-eabi-gcc/bin/../lib/gcc/arm-none-eabi/14.2.1/thumb/v7e-m/nofp/crt0.o (exit)
D:/STM32/arm-none-eabi-gcc/bin/../lib/gcc/arm-none-eabi/14.2.1/thumb/v7e-m/nofp\libg.a(libc_a-findfp.o)
                              D:/STM32/arm-none-eabi-gcc/bin/../lib/gcc/arm-none-eabi/14.2.1/thumb/v7e-m/nofp\libg.a(libc_a-exit.o) (__stdio_exit_handler)
D:/STM32/arm-none-eabi-gcc/bin/../lib/gcc/arm-none-eabi/14.2.1/thumb/v7e-m/nofp\libg.a(libc_a-fwalk.o)
                              D:/STM32/arm-none-eabi-gcc/bin/../lib/gcc/arm-none-eabi/14.2.1/thumb/v7e-m/nofp\libg.a(libc_a-findfp.o) (_fwalk_sglue)
D:/STM32/arm-none-eabi-gcc/bin/../lib/gcc/arm-none-eabi/14.2.1/thumb/v7e-m/nofp\libg.a(libc_a-sprintf.o)
                              CMakeFiles/LED.elf.dir/Core/Src/main.c.obj (sprintf)
D:/STM32/arm-none-eabi-gcc/bin/../lib/gcc/arm-none-eabi/14.2.1/thumb/v7e-m/nofp\libg.a(libc_a-stdio.o)
                              D:/STM32/arm-none-eabi-gcc/bin/../lib/gcc/arm-none-eabi/14.2.1/thumb/v7e-m/nofp\libg.a(libc_a-findfp.o) (__sread)
D:/STM32/arm-none-eabi-gcc/bin/../lib/gcc/arm-none-eabi/14.2.1/thumb/v7e-m/nofp\libg.a(libc_a-memset.o)
                              D:/STM32/arm-none-eabi-gcc/bin/../lib/gcc/arm-none-eabi/14.2.1/thumb/v7e-m/nofp/crt0.o (memset)
D:/STM32/arm-none-eabi-gcc/bin/../lib/gcc/arm-none-eabi/14.2.1/thumb/v7e-m/nofp\libg.a(libc_a-closer.o)
                              D:/STM32/arm-none-eabi-gcc/bin/../lib/gcc/arm-none-eabi/14.2.1/thumb/v7e-m/nofp\libg.a(libc_a-stdio.o) (_close_r)
D:/STM32/arm-none-eabi-gcc/bin/../lib/gcc/arm-none-eabi/14.2.1/thumb/v7e-m/nofp\libg.a(libc_a-reent.o)
                              D:/STM32/arm-none-eabi-gcc/bin/../lib/gcc/arm-none-eabi/14.2.1/thumb/v7e-m/nofp\libg.a(libc_a-closer.o) (errno)
D:/STM32/arm-none-eabi-gcc/bin/../lib/gcc/arm-none-eabi/14.2.1/thumb/v7e-m/nofp\libg.a(libc_a-impure.o)
                              D:/STM32/arm-none-eabi-gcc/bin/../lib/gcc/arm-none-eabi/14.2.1/thumb/v7e-m/nofp\libg.a(libc_a-sprintf.o) (_impure_ptr)
D:/STM32/arm-none-eabi-gcc/bin/../lib/gcc/arm-none-eabi/14.2.1/thumb/v7e-m/nofp\libg.a(libc_a-lseekr.o)
                              D:/STM32/arm-none-eabi-gcc/bin/../lib/gcc/arm-none-eabi/14.2.1/thumb/v7e-m/nofp\libg.a(libc_a-stdio.o) (_lseek_r)
D:/STM32/arm-none-eabi-gcc/bin/../lib/gcc/arm-none-eabi/14.2.1/thumb/v7e-m/nofp\libg.a(libc_a-readr.o)
[...]
Memory Configuration

Name             Origin             Length             Attributes
CCMRAM           0x10000000         0x00010000         xrw
RAM              0x20000000         0x00020000         xrw
FLASH            0x08000000         0x00100000         xr
*default*        0x00000000         0xffffffff

Linker script and memory map

LOAD D:/STM32/arm-none-eabi-gcc/bin/../lib/gcc/arm-none-eabi/14.2.1/thumb/v7e-m/nofp/crti.o
LOAD D:/STM32/arm-none-eabi-gcc/bin/../lib/gcc/arm-none-eabi/14.2.1/thumb/v7e-m/nofp/crtbegin.o
LOAD D:/STM32/arm-none-eabi-gcc/bin/../lib/gcc/arm-none-eabi/14.2.1/thumb/v7e-m/nofp/crt0.o
LOAD CMakeFiles/LED.elf.dir/Core/Src/bsp_can.c.obj
LOAD CMakeFiles/LED.elf.dir/Core/Src/can.c.obj
LOAD CMakeFiles/LED.elf.dir/Core/Src/dma.c.obj
LOAD CMakeFiles/LED.elf.dir/Core/Src/gpio.c.obj
LOAD CMakeFiles/LED.elf.dir/Core/Src/main.c.obj
LOAD CMakeFiles/LED.elf.dir/Core/Src/pid.c.obj
LOAD CMakeFiles/LED.elf.dir/Core/Src/stm32f4xx_hal_msp.c.obj
LOAD CMakeFiles/LED.elf.dir/Core/Src/stm32f4xx_it.c.obj
LOAD CMakeFiles/LED.elf.dir/Core/Src/syscalls.c.obj
LOAD CMakeFiles/LED.elf.dir/Core/Src/sysmem.c.obj
LOAD CMakeFiles/LED.elf.dir/Core/Src/system_stm32f4xx.c.obj
LOAD CMakeFiles/LED.elf.dir/Core/Src/usart.c.obj
LOAD CMakeFiles/LED.elf.dir/Core/Startup/startup_stm32f407ighx.s.obj
LOAD CMakeFiles/LED.elf.dir/Core/application/CAN_receive.c.obj
LOAD CMakeFiles/LED.elf.dir/Core/application/bsp_rc.c.obj
LOAD CMakeFiles/LED.elf.dir/Core/application/remote_control.c.obj
LOAD CMakeFiles/LED.elf.dir/Drivers/STM32F4xx_HAL_Driver/Src/stm32f4xx_hal.c.obj
LOAD CMakeFiles/LED.elf.dir/Drivers/STM32F4xx_HAL_Driver/Src/stm32f4xx_hal_can.c.obj
LOAD CMakeFiles/LED.elf.dir/Drivers/STM32F4xx_HAL_Driver/Src/stm32f4xx_hal_cortex.c.obj
LOAD CMakeFiles/LED.elf.dir/Drivers/STM32F4xx_HAL_Driver/Src/stm32f4xx_hal_dma.c.obj
LOAD CMakeFiles/LED.elf.dir/Drivers/STM32F4xx_HAL_Driver/Src/stm32f4xx_hal_dma_ex.c.obj
LOAD CMakeFiles/LED.elf.dir/Drivers/STM32F4xx_HAL_Driver/Src/stm32f4xx_hal_exti.c.obj
LOAD CMakeFiles/LED.elf.dir/Drivers/STM32F4xx_HAL_Driver/Src/stm32f4xx_hal_flash.c.obj
LOAD CMakeFiles/LED.elf.dir/Drivers/STM32F4xx_HAL_Driver/Src/stm32f4xx_hal_flash_ex.c.obj
LOAD CMakeFiles/LED.elf.dir/Drivers/STM32F4xx_HAL_Driver/Src/stm32f4xx_hal_flash_ramfunc.c.obj
LOAD CMakeFiles/LED.elf.dir/Drivers/STM32F4xx_HAL_Driver/Src/stm32f4xx_hal_gpio.c.obj
LOAD CMakeFiles/LED.elf.dir/Drivers/STM32F4xx_HAL_Driver/Src/stm32f4xx_hal_pwr.c.obj
LOAD CMakeFiles/LED.elf.dir/Drivers/STM32F4xx_HAL_Driver/Src/stm32f4xx_hal_pwr_ex.c.obj
LOAD CMakeFiles/LED.elf.dir/Drivers/STM32F4xx_HAL_Driver/Src/stm32f4xx_hal_rcc.c.obj
LOAD CMakeFiles/LED.elf.dir/Drivers/STM32F4xx_HAL_Driver/Src/stm32f4xx_hal_rcc_ex.c.obj
LOAD CMakeFiles/LED.elf.dir/Drivers/STM32F4xx_HAL_Driver/Src/stm32f4xx_hal_tim.c.obj
LOAD CMakeFiles/LED.elf.dir/Drivers/STM32F4xx_HAL_Driver/Src/stm32f4xx_hal_tim_ex.c.obj
LOAD CMakeFiles/LED.elf.dir/Drivers/STM32F4xx_HAL_Driver/Src/stm32f4xx_hal_uart.c.obj
START GROUP
LOAD D:/STM32/arm-none-eabi-gcc/bin/../lib/gcc/arm-none-eabi/14.2.1/thumb/v7e-m/nofp\libgcc.a
LOAD D:/STM32/arm-none-eabi-gcc/bin/../lib/gcc/arm-none-eabi/14.2.1/thumb/v7e-m/nofp\libg.a
LOAD D:/STM32/arm-none-eabi-gcc/bin/../lib/gcc/arm-none-eabi/14.2.1/thumb/v7e-m/nofp\libc.a
END GROUP
LOAD D:/STM32/arm-none-eabi-gcc/bin/../lib/gcc/arm-none-eabi/14.2.1/thumb/v7e-m/nofp/crtend.o
LOAD D:/STM32/arm-none-eabi-gcc/bin/../lib/gcc/arm-none-eabi/14.2.1/thumb/v7e-m/nofp/crtn.o
                0x20020000                        _estack = (ORIGIN (RAM) + LENGTH (RAM))
                0x00000200                        _Min_Heap_Size = 0x200
                0x00000400                        _Min_Stack_Size = 0x400

.isr_vector     0x08000000      0x188
                0x08000000                        . = ALIGN (0x4)
 *(.isr_vector)
 .isr_vector    0x08000000      0x188 CMakeFiles/LED.elf.dir/Core/Startup/startup_stm32f407ighx.s.obj
                0x08000000                g_pfnVectors
                0x08000188                        . = ALIGN (0x4)

.text           0x080001c0     0xaf50
                0x080001c0                        . = ALIGN (0x4)
 *(.text)
 .text          0x080001c0      0x378 D:/STM32/arm-none-eabi-gcc/bin/../lib/gcc/arm-none-eabi/14.2.1/thumb/v7e-m/nofp\libgcc.a(_arm_addsubdf3.o)
                0x080001c0                __aeabi_drsub
                0x080001c8                __aeabi_dsub
                0x080001c8                __subdf3
                0x080001cc                __aeabi_dadd
                0x080001cc                __adddf3
                0x08000444                __floatunsidf
                0x08000444                __aeabi_ui2d
                0x08000464                __floatsidf
                0x08000464                __aeabi_i2d
                0x08000488                __aeabi_f2d
                0x08000488                __extendsfdf2
                0x080004cc                __floatundidf
                0x080004cc                __aeabi_ul2d
                0x080004dc                __floatdidf
                0x080004dc                __aeabi_l2d
 .text          0x08000538      0x424 D:/STM32/arm-none-eabi-gcc/bin/../lib/gcc/arm-none-eabi/14.2.1/thumb/v7e-m/nofp\libgcc.a(_arm_muldivdf3.o)
                0x08000538                __aeabi_dmul
                0x08000538                __muldf3
                0x0800078c                __divdf3
                0x0800078c                __aeabi_ddiv
 .text          0x0800095c      0x21c D:/STM32/arm-none-eabi-gcc/bin/../lib/gcc/arm-none-eabi/14.2.1/thumb/v7e-m/nofp\libgcc.a(_arm_addsubsf3.o)
                0x0800095c                __aeabi_frsub
                0x08000964                __subsf3
                0x08000964                __aeabi_fsub
                0x08000968                __aeabi_fadd
                0x08000968                __addsf3
                0x08000ac8                __aeabi_ui2f
                0x08000ac8                __floatunsisf
                0x08000ad0                __aeabi_i2f
                0x08000ad0                __floatsisf
                0x08000aec                __aeabi_ul2f
                0x08000aec                __floatundisf
                0x08000afc                __aeabi_l2f
                0x08000afc                __floatdisf
 .text          0x08000b78      0x2a0 D:/STM32/arm-none-eabi-gcc/bin/../lib/gcc/arm-none-eabi/14.2.1/thumb/v7e-m/nofp\libgcc.a(_arm_muldivsf3.o)
                0x08000b78                __mulsf3
                0x08000b78                __aeabi_fmul
                0x08000ce0                __aeabi_fdiv
                0x08000ce0                __divsf3
 .text          0x08000e18       0xec D:/STM32/arm-none-eabi-gcc/bin/../lib/gcc/arm-none-eabi/14.2.1/thumb/v7e-m/nofp\libgcc.a(_arm_cmpsf2.o)
                0x08000e18                __gesf2
                0x08000e18                __gtsf2
                0x08000e20                __lesf2
                0x08000e20                __ltsf2
                0x08000e28                __nesf2
                0x08000e28                __eqsf2
                0x08000e28                __cmpsf2
                0x08000e88                __aeabi_cfrcmple
                0x08000e90                __aeabi_cfcmpeq
                0x08000e90                __aeabi_cfcmple
                0x08000ea0                __aeabi_fcmpeq
                0x08000eb4                __aeabi_fcmplt
                0x08000ec8                __aeabi_fcmple
                0x08000edc                __aeabi_fcmpge
                0x08000ef0                __aeabi_fcmpgt
 .text          0x08000f04       0x4c D:/STM32/arm-none-eabi-gcc/bin/../lib/gcc/arm-none-eabi/14.2.1/thumb/v7e-m/nofp\libgcc.a(_arm_fixsfsi.o)
                0x08000f04                __aeabi_f2iz
                0x08000f04                __fixsfsi
 .text          0x08000f50       0x30 D:/STM32/arm-none-eabi-gcc/bin/../lib/gcc/arm-none-eabi/14.2.1/thumb/v7e-m/nofp\libgcc.a(_aeabi_uldivmod.o)
                0x08000f50                __aeabi_uldivmod
 .text          0x08000f80        0x4 D:/STM32/arm-none-eabi-gcc/bin/../lib/gcc/arm-none-eabi/14.2.1/thumb/v7e-m/nofp\libgcc.a(_dvmd_tls.o)
                0x08000f80                __aeabi_idiv0
                0x08000f80                __aeabi_ldiv0
 *fill*         0x08000f84       0x3c 
 .text          0x08000fc0       0xd8 D:/STM32/arm-none-eabi-gcc/bin/../lib/gcc/arm-none-eabi/14.2.1/thumb/v7e-m/nofp\libg.a(libc_a-strlen.o)
                0x08000fc0                strlen
 *fill*         0x08001098        0x8 
 .text          0x080010a0       0xa0 D:/STM32/arm-none-eabi-gcc/bin/../lib/gcc/arm-none-eabi/14.2.1/thumb/v7e-m/nofp\libg.a(libc_a-memchr.o)
                0x080010a0                memchr
 .text          0x08001140      0x134 D:/STM32/arm-none-eabi-gcc/bin/../lib/gcc/arm-none-eabi/14.2.1/thumb/v7e-m/nofp\libg.a(libc_a-memcpy.o)
                0x08001140                memcpy
 .text          0x08001274      0x110 D:/STM32/arm-none-eabi-gcc/bin/../lib/gcc/arm-none-eabi/14.2.1/thumb/v7e-m/nofp\libgcc.a(_arm_cmpdf2.o)
                0x08001274                __gtdf2
                0x08001274                __gedf2
                0x0800127c                __ltdf2
                0x0800127c                __ledf2
                0x08001284                __nedf2
                0x08001284                __eqdf2
                0x08001284                __cmpdf2
                0x08001300                __aeabi_cdrcmple
                0x08001310                __aeabi_cdcmpeq
                0x08001310                __aeabi_cdcmple
                0x08001320                __aeabi_dcmpeq
                0x08001334                __aeabi_dcmplt
                0x08001348                __aeabi_dcmple
                0x0800135c                __aeabi_dcmpge
                0x08001370                __aeabi_dcmpgt
 .text          0x08001384       0x2c D:/STM32/arm-none-eabi-gcc/bin/../lib/gcc/arm-none-eabi/14.2.1/thumb/v7e-m/nofp\libgcc.a(_arm_unorddf2.o)
                0x08001384                __unorddf2
                0x08001384                __aeabi_dcmpun
 .text          0x080013b0       0x50 D:/STM32/arm-none-eabi-gcc/bin/../lib/gcc/arm-none-eabi/14.2.1/thumb/v7e-m/nofp\libgcc.a(_arm_fixdfsi.o)
                0x080013b0                __aeabi_d2iz
                0x080013b0                __fixdfsi
 *(.text*)
 .text.deregister_tm_clones
                0x08001400       0x1c D:/STM32/arm-none-eabi-gcc/bin/../lib/gcc/arm-none-eabi/14.2.1/thumb/v7e-m/nofp/crtbegin.o
 .text.register_tm_clones
                0x0800141c       0x24 D:/STM32/arm-none-eabi-gcc/bin/../lib/gcc/arm-none-eabi/14.2.1/thumb/v7e-m/nofp/crtbegin.o
 .text.__do_global_dtors_aux
                0x08001440       0x28 D:/STM32/arm-none-eabi-gcc/bin/../lib/gcc/arm-none-eabi/14.2.1/thumb/v7e-m/nofp/crtbegin.o
 .text.frame_dummy
                0x08001468       0x24 D:/STM32/arm-none-eabi-gcc/bin/../lib/gcc/arm-none-eabi/14.2.1/thumb/v7e-m/nofp/crtbegin.o
 .text.can_filter_init
                0x0800148c       0xac CMakeFiles/LED.elf.dir/Core/Src/bsp_can.c.obj
                0x0800148c                can_filter_init
 .text.MX_CAN1_Init
                0x08001538       0x40 CMakeFiles/LED.elf.dir/Core/Src/can.c.obj
                0x08001538                MX_CAN1_Init
 .text.MX_CAN2_Init
                0x08001578       0x40 CMakeFiles/LED.elf.dir/Core/Src/can.c.obj
                0x08001578                MX_CAN2_Init
 .text.HAL_CAN_MspInit
                0x080015b8      0x120 CMakeFiles/LED.elf.dir/Core/Src/can.c.obj
                0x080015b8                HAL_CAN_MspInit
 .text.MX_DMA_Init
                0x080016d8       0x58 CMakeFiles/LED.elf.dir/Core/Src/dma.c.obj
                0x080016d8                MX_DMA_Init
 .text.MX_GPIO_Init
                0x08001730       0xa8 CMakeFiles/LED.elf.dir/Core/Src/gpio.c.obj
                0x08001730                MX_GPIO_Init
 .text.HAL_UART_TxCpltCallback
                0x080017d8       0x1c CMakeFiles/LED.elf.dir/Core/Src/main.c.obj
                0x080017d8                HAL_UART_TxCpltCallback
 .text.Error_Handler
                0x080017f4        0x4 CMakeFiles/LED.elf.dir/Core/Src/main.c.obj
                0x080017f4                Error_Handler
 .text.SystemClock_Config
                0x080017f8       0xbc CMakeFiles/LED.elf.dir/Core/Src/main.c.obj
                0x080017f8                SystemClock_Config
 .text.main     0x080018b4      0x2e0 CMakeFiles/LED.elf.dir/Core/Src/main.c.obj
                0x080018b4                main
 .text.pid_init
                0x08001b94       0x18 CMakeFiles/LED.elf.dir/Core/Src/pid.c.obj
                0x08001b94                pid_init
 .text.pid_calc
                0x08001bac       0xb8 CMakeFiles/LED.elf.dir/Core/Src/pid.c.obj
                0x08001bac                pid_calc
 .text.HAL_MspInit
                0x08001c64       0x38 CMakeFiles/LED.elf.dir/Core/Src/stm32f4xx_hal_msp.c.obj
                0x08001c64                HAL_MspInit
 .text.NMI_Handler
                0x08001c9c        0x2 CMakeFiles/LED.elf.dir/Core/Src/stm32f4xx_it.c.obj
                0x08001c9c                NMI_Handler
 .text.HardFault_Handler
                0x08001c9e        0x2 CMakeFiles/LED.elf.dir/Core/Src/stm32f4xx_it.c.obj
                0x08001c9e                HardFault_Handler
 .text.MemManage_Handler
                0x08001ca0        0x2 CMakeFiles/LED.elf.dir/Core/Src/stm32f4xx_it.c.obj
                0x08001ca0                MemManage_Handler
 .text.BusFault_Handler
                0x08001ca2        0x2 CMakeFiles/LED.elf.dir/Core/Src/stm32f4xx_it.c.obj
                0x08001ca2                BusFault_Handler
 .text.UsageFault_Handler
                0x08001ca4        0x2 CMakeFiles/LED.elf.dir/Core/Src/stm32f4xx_it.c.obj
                0x08001ca4                UsageFault_Handler
 .text.SVC_Handler
                0x08001ca6        0x2 CMakeFiles/LED.elf.dir/Core/Src/stm32f4xx_it.c.obj
                0x08001ca6                SVC_Handler
 .text.DebugMon_Handler
                0x08001ca8        0x2 CMakeFiles/LED.elf.dir/Core/Src/stm32f4xx_it.c.obj
                0x08001ca8                DebugMon_Handler
 .text.PendSV_Handler
                0x08001caa        0x2 CMakeFiles/LED.elf.dir/Core/Src/stm32f4xx_it.c.obj
                0x08001caa                PendSV_Handler
 .text.SysTick_Handler
                0x08001cac        0x8 CMakeFiles/LED.elf.dir/Core/Src/stm32f4xx_it.c.obj
                0x08001cac                SysTick_Handler
 .text.DMA1_Stream1_IRQHandler
                0x08001cb4       0x10 CMakeFiles/LED.elf.dir/Core/Src/stm32f4xx_it.c.obj
                0x08001cb4                DMA1_Stream1_IRQHandler
 .text.CAN1_RX0_IRQHandler
                0x08001cc4       0x10 CMakeFiles/LED.elf.dir/Core/Src/stm32f4xx_it.c.obj
                0x08001cc4                CAN1_RX0_IRQHandler
 .text.USART1_IRQHandler
                0x08001cd4       0x10 CMakeFiles/LED.elf.dir/Core/Src/stm32f4xx_it.c.obj
                0x08001cd4                USART1_IRQHandler
 .text.USART3_IRQHandler
                0x08001ce4       0x14 CMakeFiles/LED.elf.dir/Core/Src/stm32f4xx_it.c.obj
                0x08001ce4                USART3_IRQHandler
 .text.CAN2_RX0_IRQHandler
                0x08001cf8       0x10 CMakeFiles/LED.elf.dir/Core/Src/stm32f4xx_it.c.obj
                0x08001cf8                CAN2_RX0_IRQHandler
 .text.DMA2_Stream7_IRQHandler
                0x08001d08       0x10 CMakeFiles/LED.elf.dir/Core/Src/stm32f4xx_it.c.obj
                0x08001d08                DMA2_Stream7_IRQHandler
 .text._getpid  0x08001d18        0x4 CMakeFiles/LED.elf.dir/Core/Src/syscalls.c.obj
                0x08001d18                _getpid
 .text._kill    0x08001d1c       0x10 CMakeFiles/LED.elf.dir/Core/Src/syscalls.c.obj
                0x08001d1c                _kill
 .text._exit    0x08001d2c        0xc CMakeFiles/LED.elf.dir/Core/Src/syscalls.c.obj
                0x08001d2c                _exit
 .text._read    0x08001d38       0x20 CMakeFiles/LED.elf.dir/Core/Src/syscalls.c.obj
                0x08001d38                _read
 .text._write   0x08001d58       0x1c CMakeFiles/LED.elf.dir/Core/Src/syscalls.c.obj
                0x08001d58                _write
 .text._close   0x08001d74        0x6 CMakeFiles/LED.elf.dir/Core/Src/syscalls.c.obj
                0x08001d74                _close
 .text._fstat   0x08001d7a        0xa CMakeFiles/LED.elf.dir/Core/Src/syscalls.c.obj
                0x08001d7a                _fstat
 .text._isatty  0x08001d84        0x4 CMakeFiles/LED.elf.dir/Core/Src/syscalls.c.obj
                0x08001d84                _isatty
 .text._lseek   0x08001d88        0x4 CMakeFiles/LED.elf.dir/Core/Src/syscalls.c.obj
                0x08001d88                _lseek
 .text._sbrk    0x08001d8c       0x48 CMakeFiles/LED.elf.dir/Core/Src/sysmem.c.obj
                0x08001d8c                _sbrk
 .text.SystemInit
                0x08001dd4        0x2 CMakeFiles/LED.elf.dir/Core/Src/system_stm32f4xx.c.obj
                0x08001dd4                SystemInit
 *fill*         0x08001dd6        0x2 
 .text.MX_USART1_UART_Init
                0x08001dd8       0x34 CMakeFiles/LED.elf.dir/Core/Src/usart.c.obj
                0x08001dd8                MX_USART1_UART_Init
 .text.MX_USART3_UART_Init
                0x08001e0c       0x38 CMakeFiles/LED.elf.dir/Core/Src/usart.c.obj
                0x08001e0c                MX_USART3_UART_Init
 .text.HAL_UART_MspInit
                0x08001e44      0x1a4 CMakeFiles/LED.elf.dir/Core/Src/usart.c.obj
                0x08001e44                HAL_UART_MspInit
 .text.Reset_Handler
                0x08001fe8       0x50 CMakeFiles/LED.elf.dir/Core/Startup/startup_stm32f407ighx.s.obj
                0x08001fe8                Reset_Handler
 .text.Default_Handler
                0x08002038        0x2 CMakeFiles/LED.elf.dir/Core/Startup/startup_stm32f407ighx.s.obj
                0x08002038                RTC_Alarm_IRQHandler
                0x08002038                HASH_RNG_IRQHandler
                0x08002038                EXTI2_IRQHandler
                0x08002038                TIM8_CC_IRQHandler
                0x08002038                TIM1_CC_IRQHandler
                0x08002038                DMA2_Stream5_IRQHandler
                0x08002038                DMA1_Stream5_IRQHandler
                0x08002038                PVD_IRQHandler
                0x08002038                SDIO_IRQHandler
                0x08002038                TAMP_STAMP_IRQHandler
                0x08002038                CAN2_RX1_IRQHandler
                0x08002038                EXTI3_IRQHandler
                0x08002038                TIM8_TRG_COM_TIM14_IRQHandler
                0x08002038                TIM1_UP_TIM10_IRQHandler
                0x08002038                TIM8_UP_TIM13_IRQHandler
                0x08002038                I2C3_ER_IRQHandler
                0x08002038                EXTI0_IRQHandler
                0x08002038                I2C2_EV_IRQHandler
                0x08002038                DMA1_Stream2_IRQHandler
                0x08002038                FPU_IRQHandler
                0x08002038                OTG_HS_WKUP_IRQHandler
                0x08002038                CAN2_SCE_IRQHandler
                0x08002038                DMA2_Stream2_IRQHandler
                0x08002038                SPI1_IRQHandler
                0x08002038                TIM6_DAC_IRQHandler
                0x08002038                TIM1_BRK_TIM9_IRQHandler
                0x08002038                DCMI_IRQHandler
                0x08002038                DMA2_Stream3_IRQHandler
                0x08002038                USART6_IRQHandler
                0x08002038                CAN1_RX1_IRQHandler
                0x08002038                UART5_IRQHandler
                0x08002038                DMA2_Stream0_IRQHandler
                0x08002038                TIM4_IRQHandler
                0x08002038                I2C1_EV_IRQHandler
                0x08002038                DMA1_Stream6_IRQHandler
                0x08002038                UART4_IRQHandler
                0x08002038                TIM3_IRQHandler
                0x08002038                RCC_IRQHandler
                0x08002038                TIM8_BRK_TIM12_IRQHandler
                0x08002038                Default_Handler
                0x08002038                EXTI15_10_IRQHandler
                0x08002038                ADC_IRQHandler
                0x08002038                DMA1_Stream7_IRQHandler
                0x08002038                TIM7_IRQHandler
                0x08002038                CAN2_TX_IRQHandler
                0x08002038                TIM5_IRQHandler
                0x08002038                I2C3_EV_IRQHandler
                0x08002038                EXTI9_5_IRQHandler
                0x08002038                RTC_WKUP_IRQHandler
                0x08002038                ETH_WKUP_IRQHandler
                0x08002038                SPI2_IRQHandler
                0x08002038                OTG_HS_EP1_IN_IRQHandler
                0x08002038                DMA1_Stream0_IRQHandler
                0x08002038                CAN1_TX_IRQHandler
                0x08002038                EXTI4_IRQHandler
                0x08002038                FSMC_IRQHandler
                0x08002038                ETH_IRQHandler
                0x08002038                OTG_HS_EP1_OUT_IRQHandler
                0x08002038                WWDG_IRQHandler
                0x08002038                TIM2_IRQHandler
                0x08002038                OTG_FS_WKUP_IRQHandler
                0x08002038                TIM1_TRG_COM_TIM11_IRQHandler
                0x08002038                OTG_HS_IRQHandler
                0x08002038                EXTI1_IRQHandler
                0x08002038                USART2_IRQHandler
                0x08002038                I2C2_ER_IRQHandler
                0x08002038                DMA2_Stream1_IRQHandler
                0x08002038                CAN1_SCE_IRQHandler
                0x08002038                FLASH_IRQHandler
                0x08002038                DMA2_Stream4_IRQHandler
                0x08002038                OTG_FS_IRQHandler
                0x08002038                SPI3_IRQHandler
                0x08002038                DMA1_Stream4_IRQHandler
                0x08002038                I2C1_ER_IRQHandler
                0x08002038                DMA2_Stream6_IRQHandler
                0x08002038                DMA1_Stream3_IRQHandler
 *fill*         0x0800203a        0x2 
 .text.HAL_CAN_RxFifo0MsgPendingCallback
                0x0800203c       0x84 CMakeFiles/LED.elf.dir/Core/application/CAN_receive.c.obj
                0x0800203c                HAL_CAN_RxFifo0MsgPendingCallback
 .text.CAN_cmd_chassis1
                0x080020c0       0x44 CMakeFiles/LED.elf.dir/Core/application/CAN_receive.c.obj
                0x080020c0                CAN_cmd_chassis1
 .text.CAN_cmd_chassis2
                0x08002104       0x44 CMakeFiles/LED.elf.dir/Core/application/CAN_receive.c.obj
                0x08002104                CAN_cmd_chassis2
 .text.get_chassis_motor_measure_point
                0x08002148       0x14 CMakeFiles/LED.elf.dir/Core/application/CAN_receive.c.obj
                0x08002148                get_chassis_motor_measure_point
 .text.RC_init  0x0800215c       0x68 CMakeFiles/LED.elf.dir/Core/application/bsp_rc.c.obj
                0x0800215c                RC_init
 .text.sbus_to_rc
                0x080021c4       0xde CMakeFiles/LED.elf.dir/Core/application/remote_control.c.obj
 *fill*         0x080022a2        0x2 
 .text.remote_control_init
                0x080022a4       0x14 CMakeFiles/LED.elf.dir/Core/application/remote_control.c.obj
                0x080022a4                remote_control_init
 .text.get_remote_control_point
                0x080022b8        0x8 CMakeFiles/LED.elf.dir/Core/application/remote_control.c.obj
                0x080022b8                get_remote_control_point
 .text.remote_control_uart3_handler
                0x080022c0       0xe4 CMakeFiles/LED.elf.dir/Core/application/remote_control.c.obj
                0x080022c0                remote_control_uart3_handler
 .text.HAL_InitTick
                0x080023a4       0x4c CMakeFiles/LED.elf.dir/Drivers/STM32F4xx_HAL_Driver/Src/stm32f4xx_hal.c.obj
                0x080023a4                HAL_InitTick
 .text.HAL_Init
                0x080023f0       0x34 CMakeFiles/LED.elf.dir/Drivers/STM32F4xx_HAL_Driver/Src/stm32f4xx_hal.c.obj
                0x080023f0                HAL_Init
 .text.HAL_IncTick
                0x08002424       0x18 CMakeFiles/LED.elf.dir/Drivers/STM32F4xx_HAL_Driver/Src/stm32f4xx_hal.c.obj
                0x08002424                HAL_IncTick
 .text.HAL_GetTick
                0x0800243c        0xc CMakeFiles/LED.elf.dir/Drivers/STM32F4xx_HAL_Driver/Src/stm32f4xx_hal.c.obj
                0x0800243c                HAL_GetTick
 .text.HAL_Delay
                0x08002448       0x28 CMakeFiles/LED.elf.dir/Drivers/STM32F4xx_HAL_Driver/Src/stm32f4xx_hal.c.obj
                0x08002448                HAL_Delay
 .text.HAL_CAN_Init
                0x08002470      0x14c CMakeFiles/LED.elf.dir/Drivers/STM32F4xx_HAL_Driver/Src/stm32f4xx_hal_can.c.obj
                0x08002470                HAL_CAN_Init
 .text.HAL_CAN_ConfigFilter
                0x080025bc      0x13c CMakeFiles/LED.elf.dir/Drivers/STM32F4xx_HAL_Driver/Src/stm32f4xx_hal_can.c.obj
                0x080025bc                HAL_CAN_ConfigFilter
 .text.HAL_CAN_Start
                0x080026f8       0x5c CMakeFiles/LED.elf.dir/Drivers/STM32F4xx_HAL_Driver/Src/stm32f4xx_hal_can.c.obj
                0x080026f8                HAL_CAN_Start
 .text.HAL_CAN_AddTxMessage
                0x08002754       0xea CMakeFiles/LED.elf.dir/Drivers/STM32F4xx_HAL_Driver/Src/stm32f4xx_hal_can.c.obj
                0x08002754                HAL_CAN_AddTxMessage
 .text.HAL_CAN_GetRxMessage
                0x0800283e      0x16a CMakeFiles/LED.elf.dir/Drivers/STM32F4xx_HAL_Driver/Src/stm32f4xx_hal_can.c.obj
                0x0800283e                HAL_CAN_GetRxMessage
 .text.HAL_CAN_ActivateNotification
                0x080029a8       0x24 CMakeFiles/LED.elf.dir/Drivers/STM32F4xx_HAL_Driver/Src/stm32f4xx_hal_can.c.obj
                0x080029a8                HAL_CAN_ActivateNotification
 .text.HAL_CAN_TxMailbox0CompleteCallback
                0x080029cc        0x2 CMakeFiles/LED.elf.dir/Drivers/STM32F4xx_HAL_Driver/Src/stm32f4xx_hal_can.c.obj
                0x080029cc                HAL_CAN_TxMailbox0CompleteCallback
 .text.HAL_CAN_TxMailbox1CompleteCallback
                0x080029ce        0x2 CMakeFiles/LED.elf.dir/Drivers/STM32F4xx_HAL_Driver/Src/stm32f4xx_hal_can.c.obj
                0x080029ce                HAL_CAN_TxMailbox1CompleteCallback
 .text.HAL_CAN_TxMailbox2CompleteCallback
                0x080029d0        0x2 CMakeFiles/LED.elf.dir/Drivers/STM32F4xx_HAL_Driver/Src/stm32f4xx_hal_can.c.obj
                0x080029d0                HAL_CAN_TxMailbox2CompleteCallback
 .text.HAL_CAN_TxMailbox0AbortCallback
                0x080029d2        0x2 CMakeFiles/LED.elf.dir/Drivers/STM32F4xx_HAL_Driver/Src/stm32f4xx_hal_can.c.obj
                0x080029d2                HAL_CAN_TxMailbox0AbortCallback
 .text.HAL_CAN_TxMailbox1AbortCallback
                0x080029d4        0x2 CMakeFiles/LED.elf.dir/Drivers/STM32F4xx_HAL_Driver/Src/stm32f4xx_hal_can.c.obj
                0x080029d4                HAL_CAN_TxMailbox1AbortCallback
 .text.HAL_CAN_TxMailbox2AbortCallback
                0x080029d6        0x2 CMakeFiles/LED.elf.dir/Drivers/STM32F4xx_HAL_Driver/Src/stm32f4xx_hal_can.c.obj
                0x080029d6                HAL_CAN_TxMailbox2AbortCallback
 .text.HAL_CAN_RxFifo0FullCallback
                0x080029d8        0x2 CMakeFiles/LED.elf.dir/Drivers/STM32F4xx_HAL_Driver/Src/stm32f4xx_hal_can.c.obj
                0x080029d8                HAL_CAN_RxFifo0FullCallback
 .text.HAL_CAN_RxFifo1MsgPendingCallback
                0x080029da        0x2 CMakeFiles/LED.elf.dir/Drivers/STM32F4xx_HAL_Driver/Src/stm32f4xx_hal_can.c.obj
                0x080029da                HAL_CAN_RxFifo1MsgPendingCallback
 .text.HAL_CAN_RxFifo1FullCallback
                0x080029dc        0x2 CMakeFiles/LED.elf.dir/Drivers/STM32F4xx_HAL_Driver/Src/stm32f4xx_hal_can.c.obj
                0x080029dc                HAL_CAN_RxFifo1FullCallback
 .text.HAL_CAN_SleepCallback
                0x080029de        0x2 CMakeFiles/LED.elf.dir/Drivers/STM32F4xx_HAL_Driver/Src/stm32f4xx_hal_can.c.obj
                0x080029de                HAL_CAN_SleepCallback
 .text.HAL_CAN_WakeUpFromRxMsgCallback
                0x080029e0        0x2 CMakeFiles/LED.elf.dir/Drivers/STM32F4xx_HAL_Driver/Src/stm32f4xx_hal_can.c.obj
                0x080029e0                HAL_CAN_WakeUpFromRxMsgCallback
 .text.HAL_CAN_ErrorCallback
                0x080029e2        0x2 CMakeFiles/LED.elf.dir/Drivers/STM32F4xx_HAL_Driver/Src/stm32f4xx_hal_can.c.obj
                0x080029e2                HAL_CAN_ErrorCallback
 .text.HAL_CAN_IRQHandler
                0x080029e4      0x250 CMakeFiles/LED.elf.dir/Drivers/STM32F4xx_HAL_Driver/Src/stm32f4xx_hal_can.c.obj
                0x080029e4                HAL_CAN_IRQHandler
 .text.__NVIC_EnableIRQ
                0x08002c34       0x1c CMakeFiles/LED.elf.dir/Drivers/STM32F4xx_HAL_Driver/Src/stm32f4xx_hal_cortex.c.obj
 .text.__NVIC_SetPriority
                0x08002c50       0x28 CMakeFiles/LED.elf.dir/Drivers/STM32F4xx_HAL_Driver/Src/stm32f4xx_hal_cortex.c.obj
 .text.NVIC_EncodePriority
                0x08002c78       0x3e CMakeFiles/LED.elf.dir/Drivers/STM32F4xx_HAL_Driver/Src/stm32f4xx_hal_cortex.c.obj
 *fill*         0x08002cb6        0x2 
 .text.HAL_NVIC_SetPriorityGrouping
                0x08002cb8       0x24 CMakeFiles/LED.elf.dir/Drivers/STM32F4xx_HAL_Driver/Src/stm32f4xx_hal_cortex.c.obj
                0x08002cb8                HAL_NVIC_SetPriorityGrouping
 .text.HAL_NVIC_SetPriority
                0x08002cdc       0x20 CMakeFiles/LED.elf.dir/Drivers/STM32F4xx_HAL_Driver/Src/stm32f4xx_hal_cortex.c.obj
                0x08002cdc                HAL_NVIC_SetPriority
 .text.HAL_NVIC_EnableIRQ
                0x08002cfc        0x8 CMakeFiles/LED.elf.dir/Drivers/STM32F4xx_HAL_Driver/Src/stm32f4xx_hal_cortex.c.obj
                0x08002cfc                HAL_NVIC_EnableIRQ
 .text.HAL_SYSTICK_Config
                0x08002d04       0x28 CMakeFiles/LED.elf.dir/Drivers/STM32F4xx_HAL_Driver/Src/stm32f4xx_hal_cortex.c.obj
                0x08002d04                HAL_SYSTICK_Config
 .text.DMA_SetConfig
                0x08002d2c       0x2c CMakeFiles/LED.elf.dir/Drivers/STM32F4xx_HAL_Driver/Src/stm32f4xx_hal_dma.c.obj
 .text.DMA_CalcBaseAndBitshift
                0x08002d58       0x38 CMakeFiles/LED.elf.dir/Drivers/STM32F4xx_HAL_Driver/Src/stm32f4xx_hal_dma.c.obj
 .text.DMA_CheckFifoParam
                0x08002d90       0x8e CMakeFiles/LED.elf.dir/Drivers/STM32F4xx_HAL_Driver/Src/stm32f4xx_hal_dma.c.obj
 *fill*         0x08002e1e        0x2 
 .text.HAL_DMA_Init
                0x08002e20       0xcc CMakeFiles/LED.elf.dir/Drivers/STM32F4xx_HAL_Driver/Src/stm32f4xx_hal_dma.c.obj
                0x08002e20                HAL_DMA_Init
 .text.HAL_DMA_Start_IT
                0x08002eec       0x68 CMakeFiles/LED.elf.dir/Drivers/STM32F4xx_HAL_Driver/Src/stm32f4xx_hal_dma.c.obj
                0x08002eec                HAL_DMA_Start_IT
 .text.HAL_DMA_Abort
                0x08002f54       0x92 CMakeFiles/LED.elf.dir/Drivers/STM32F4xx_HAL_Driver/Src/stm32f4xx_hal_dma.c.obj
                0x08002f54                HAL_DMA_Abort
 .text.HAL_DMA_Abort_IT
                0x08002fe6       0x24 CMakeFiles/LED.elf.dir/Drivers/STM32F4xx_HAL_Driver/Src/stm32f4xx_hal_dma.c.obj
                0x08002fe6                HAL_DMA_Abort_IT
 *fill*         0x0800300a        0x2 
 .text.HAL_DMA_IRQHandler
                0x0800300c      0x1dc CMakeFiles/LED.elf.dir/Drivers/STM32F4xx_HAL_Driver/Src/stm32f4xx_hal_dma.c.obj
                0x0800300c                HAL_DMA_IRQHandler
 .text.HAL_GPIO_Init
                0x080031e8      0x1f4 CMakeFiles/LED.elf.dir/Drivers/STM32F4xx_HAL_Driver/Src/stm32f4xx_hal_gpio.c.obj
                0x080031e8                HAL_GPIO_Init
 .text.HAL_GPIO_WritePin
                0x080033dc        0xc CMakeFiles/LED.elf.dir/Drivers/STM32F4xx_HAL_Driver/Src/stm32f4xx_hal_gpio.c.obj
                0x080033dc                HAL_GPIO_WritePin
 .text.HAL_GPIO_TogglePin
                0x080033e8       0x12 CMakeFiles/LED.elf.dir/Drivers/STM32F4xx_HAL_Driver/Src/stm32f4xx_hal_gpio.c.obj
                0x080033e8                HAL_GPIO_TogglePin
 *fill*         0x080033fa        0x2 
 .text.HAL_RCC_OscConfig
                0x080033fc      0x3f8 CMakeFiles/LED.elf.dir/Drivers/STM32F4xx_HAL_Driver/Src/stm32f4xx_hal_rcc.c.obj
                0x080033fc                HAL_RCC_OscConfig
 .text.HAL_RCC_GetSysClockFreq
                0x080037f4       0xa8 CMakeFiles/LED.elf.dir/Drivers/STM32F4xx_HAL_Driver/Src/stm32f4xx_hal_rcc.c.obj
                0x080037f4                HAL_RCC_GetSysClockFreq
 .text.HAL_RCC_ClockConfig
                0x0800389c      0x160 CMakeFiles/LED.elf.dir/Drivers/STM32F4xx_HAL_Driver/Src/stm32f4xx_hal_rcc.c.obj
                0x0800389c                HAL_RCC_ClockConfig
 .text.HAL_RCC_GetHCLKFreq
                0x080039fc        0xc CMakeFiles/LED.elf.dir/Drivers/STM32F4xx_HAL_Driver/Src/stm32f4xx_hal_rcc.c.obj
                0x080039fc                HAL_RCC_GetHCLKFreq
 .text.HAL_RCC_GetPCLK1Freq
                0x08003a08       0x20 CMakeFiles/LED.elf.dir/Drivers/STM32F4xx_HAL_Driver/Src/stm32f4xx_hal_rcc.c.obj
                0x08003a08                HAL_RCC_GetPCLK1Freq
 .text.HAL_RCC_GetPCLK2Freq
                0x08003a28       0x20 CMakeFiles/LED.elf.dir/Drivers/STM32F4xx_HAL_Driver/Src/stm32f4xx_hal_rcc.c.obj
                0x08003a28                HAL_RCC_GetPCLK2Freq
 .text.UART_EndTxTransfer
                0x08003a48       0x20 CMakeFiles/LED.elf.dir/Drivers/STM32F4xx_HAL_Driver/Src/stm32f4xx_hal_uart.c.obj
 .text.UART_EndRxTransfer
                0x08003a68       0x5c CMakeFiles/LED.elf.dir/Drivers/STM32F4xx_HAL_Driver/Src/stm32f4xx_hal_uart.c.obj
 .text.UART_Transmit_IT
                0x08003ac4       0x5e CMakeFiles/LED.elf.dir/Drivers/STM32F4xx_HAL_Driver/Src/stm32f4xx_hal_uart.c.obj
 *fill*         0x08003b22        0x2 
 .text.UART_SetConfig
                0x08003b24      0x110 CMakeFiles/LED.elf.dir/Drivers/STM32F4xx_HAL_Driver/Src/stm32f4xx_hal_uart.c.obj
 .text.HAL_UART_Init
                0x08003c34       0x60 CMakeFiles/LED.elf.dir/Drivers/STM32F4xx_HAL_Driver/Src/stm32f4xx_hal_uart.c.obj
                0x08003c34                HAL_UART_Init
 .text.HAL_UART_Transmit_DMA
                0x08003c94       0x80 CMakeFiles/LED.elf.dir/Drivers/STM32F4xx_HAL_Driver/Src/stm32f4xx_hal_uart.c.obj
                0x08003c94                HAL_UART_Transmit_DMA
 .text.UART_DMATransmitCplt
                0x08003d14       0x4c CMakeFiles/LED.elf.dir/Drivers/STM32F4xx_HAL_Driver/Src/stm32f4xx_hal_uart.c.obj
 .text.UART_EndTransmit_IT
                0x08003d60       0x1a CMakeFiles/LED.elf.dir/Drivers/STM32F4xx_HAL_Driver/Src/stm32f4xx_hal_uart.c.obj
 .text.HAL_UART_TxHalfCpltCallback
                0x08003d7a        0x2 CMakeFiles/LED.elf.dir/Drivers/STM32F4xx_HAL_Driver/Src/stm32f4xx_hal_uart.c.obj
                0x08003d7a                HAL_UART_TxHalfCpltCallback
 .text.UART_DMATxHalfCplt
                0x08003d7c        0xa CMakeFiles/LED.elf.dir/Drivers/STM32F4xx_HAL_Driver/Src/stm32f4xx_hal_uart.c.obj
 .text.HAL_UART_RxCpltCallback
                0x08003d86        0x2 CMakeFiles/LED.elf.dir/Drivers/STM32F4xx_HAL_Driver/Src/stm32f4xx_hal_uart.c.obj
                0x08003d86                HAL_UART_RxCpltCallback
 .text.HAL_UART_ErrorCallback
                0x08003d88        0x2 CMakeFiles/LED.elf.dir/Drivers/STM32F4xx_HAL_Driver/Src/stm32f4xx_hal_uart.c.obj
                0x08003d88                HAL_UART_ErrorCallback
 .text.UART_DMAError
                0x08003d8a       0x54 CMakeFiles/LED.elf.dir/Drivers/STM32F4xx_HAL_Driver/Src/stm32f4xx_hal_uart.c.obj
 .text.UART_DMAAbortOnError
                0x08003dde       0x10 CMakeFiles/LED.elf.dir/Drivers/STM32F4xx_HAL_Driver/Src/stm32f4xx_hal_uart.c.obj
 .text.HAL_UARTEx_RxEventCallback
                0x08003dee        0x2 CMakeFiles/LED.elf.dir/Drivers/STM32F4xx_HAL_Driver/Src/stm32f4xx_hal_uart.c.obj
                0x08003dee                HAL_UARTEx_RxEventCallback
 .text.UART_Receive_IT
                0x08003df0       0xe4 CMakeFiles/LED.elf.dir/Drivers/STM32F4xx_HAL_Driver/Src/stm32f4xx_hal_uart.c.obj
 .text.HAL_UART_IRQHandler
                0x08003ed4      0x284 CMakeFiles/LED.elf.dir/Drivers/STM32F4xx_HAL_Driver/Src/stm32f4xx_hal_uart.c.obj
                0x08003ed4                HAL_UART_IRQHandler
 .text.__udivmoddi4
                0x08004158      0x2f8 D:/STM32/arm-none-eabi-gcc/bin/../lib/gcc/arm-none-eabi/14.2.1/thumb/v7e-m/nofp\libgcc.a(_udivmoddi4.o)
                0x08004158                __udivmoddi4
 .text.stdio_exit_handler
                0x08004450       0x18 D:/STM32/arm-none-eabi-gcc/bin/../lib/gcc/arm-none-eabi/14.2.1/thumb/v7e-m/nofp\libg.a(libc_a-findfp.o)
 .text.cleanup_stdio
                0x08004468       0x40 D:/STM32/arm-none-eabi-gcc/bin/../lib/gcc/arm-none-eabi/14.2.1/thumb/v7e-m/nofp\libg.a(libc_a-findfp.o)
 .text.global_stdio_init.part.0
                0x080044a8       0xf0 D:/STM32/arm-none-eabi-gcc/bin/../lib/gcc/arm-none-eabi/14.2.1/thumb/v7e-m/nofp\libg.a(libc_a-findfp.o)
 .text.__sinit  0x08004598       0x3c D:/STM32/arm-none-eabi-gcc/bin/../lib/gcc/arm-none-eabi/14.2.1/thumb/v7e-m/nofp\libg.a(libc_a-findfp.o)
                0x08004598                __sinit
 .text.__sfp_lock_acquire
                0x080045d4        0xc D:/STM32/arm-none-eabi-gcc/bin/../lib/gcc/arm-none-eabi/14.2.1/thumb/v7e-m/nofp\libg.a(libc_a-findfp.o)
                0x080045d4                __sfp_lock_acquire
 .text.__sfp_lock_release
                0x080045e0        0xc D:/STM32/arm-none-eabi-gcc/bin/../lib/gcc/arm-none-eabi/14.2.1/thumb/v7e-m/nofp\libg.a(libc_a-findfp.o)
                0x080045e0                __sfp_lock_release
 .text._fwalk_sglue
                0x080045ec       0x44 D:/STM32/arm-none-eabi-gcc/bin/../lib/gcc/arm-none-eabi/14.2.1/thumb/v7e-m/nofp\libg.a(libc_a-fwalk.o)
                0x080045ec                _fwalk_sglue
 .text.sprintf  0x08004630       0x44 D:/STM32/arm-none-eabi-gcc/bin/../lib/gcc/arm-none-eabi/14.2.1/thumb/v7e-m/nofp\libg.a(libc_a-sprintf.o)
                0x08004630                sprintf
 .text.__sread  0x08004674       0x24 D:/STM32/arm-none-eabi-gcc/bin/../lib/gcc/arm-none-eabi/14.2.1/thumb/v7e-m/nofp\libg.a(libc_a-stdio.o)
                0x08004674                __sread
 .text.__swrite
                0x08004698       0x40 D:/STM32/arm-none-eabi-gcc/bin/../lib/gcc/arm-none-eabi/14.2.1/thumb/v7e-m/nofp\libg.a(libc_a-stdio.o)
                0x08004698                __swrite
 .text.__sseek  0x080046d8       0x24 D:/STM32/arm-none-eabi-gcc/bin/../lib/gcc/arm-none-eabi/14.2.1/thumb/v7e-m/nofp\libg.a(libc_a-stdio.o)
                0x080046d8                __sseek
 .text.__sclose
                0x080046fc        0x8 D:/STM32/arm-none-eabi-gcc/bin/../lib/gcc/arm-none-eabi/14.2.1/thumb/v7e-m/nofp\libg.a(libc_a-stdio.o)
                0x080046fc                __sclose
 .text.memset   0x08004704       0x9c D:/STM32/arm-none-eabi-gcc/bin/../lib/gcc/arm-none-eabi/14.2.1/thumb/v7e-m/nofp\libg.a(libc_a-memset.o)
                0x08004704                memset
 .text._close_r
                0x080047a0       0x24 D:/STM32/arm-none-eabi-gcc/bin/../lib/gcc/arm-none-eabi/14.2.1/thumb/v7e-m/nofp\libg.a(libc_a-closer.o)
                0x080047a0                _close_r
 .text._lseek_r
                0x080047c4       0x2c D:/STM32/arm-none-eabi-gcc/bin/../lib/gcc/arm-none-eabi/14.2.1/thumb/v7e-m/nofp\libg.a(libc_a-lseekr.o)
                0x080047c4                _lseek_r
 .text._read_r  0x080047f0       0x2c D:/STM32/arm-none-eabi-gcc/bin/../lib/gcc/arm-none-eabi/14.2.1/thumb/v7e-m/nofp\libg.a(libc_a-readr.o)
                0x080047f0                _read_r
 .text._write_r
                0x0800481c       0x2c D:/STM32/arm-none-eabi-gcc/bin/../lib/gcc/arm-none-eabi/14.2.1/thumb/v7e-m/nofp\libg.a(libc_a-writer.o)
                0x0800481c                _write_r
 .text.__errno  0x08004848        0xc D:/STM32/arm-none-eabi-gcc/bin/../lib/gcc/arm-none-eabi/14.2.1/thumb/v7e-m/nofp\libg.a(libc_a-errno.o)
                0x08004848                __errno
 .text.__libc_init_array
                0x08004854       0x50 D:/STM32/arm-none-eabi-gcc/bin/../lib/gcc/arm-none-eabi/14.2.1/thumb/v7e-m/nofp\libg.a(libc_a-init.o)
                0x08004854                __libc_init_array
 .text.__retarget_lock_init_recursive
                0x080048a4        0x4 D:/STM32/arm-none-eabi-gcc/bin/../lib/gcc/arm-none-eabi/14.2.1/thumb/v7e-m/nofp\libg.a(libc_a-lock.o)
                0x080048a4                __retarget_lock_init_recursive
 .text.__retarget_lock_close_recursive
                0x080048a8        0x4 D:/STM32/arm-none-eabi-gcc/bin/../lib/gcc/arm-none-eabi/14.2.1/thumb/v7e-m/nofp\libg.a(libc_a-lock.o)
                0x080048a8                __retarget_lock_close_recursive
 .text.__retarget_lock_acquire_recursive
                0x080048ac        0x4 D:/STM32/arm-none-eabi-gcc/bin/../lib/gcc/arm-none-eabi/14.2.1/thumb/v7e-m/nofp\libg.a(libc_a-lock.o)
                0x080048ac                __retarget_lock_acquire_recursive
 .text.__retarget_lock_release_recursive
                0x080048b0        0x4 D:/STM32/arm-none-eabi-gcc/bin/../lib/gcc/arm-none-eabi/14.2.1/thumb/v7e-m/nofp\libg.a(libc_a-lock.o)
                0x080048b0                __retarget_lock_release_recursive
 .text.startup.register_fini
                0x080048b4       0x14 D:/STM32/arm-none-eabi-gcc/bin/../lib/gcc/arm-none-eabi/14.2.1/thumb/v7e-m/nofp\libg.a(libc_a-__call_atexit.o)
 .text.atexit   0x080048c8        0xc D:/STM32/arm-none-eabi-gcc/bin/../lib/gcc/arm-none-eabi/14.2.1/thumb/v7e-m/nofp\libg.a(libc_a-atexit.o)
                0x080048c8                atexit
 .text._malloc_trim_r
                0x080048d4       0xb8 D:/STM32/arm-none-eabi-gcc/bin/../lib/gcc/arm-none-eabi/14.2.1/thumb/v7e-m/nofp\libg.a(libc_a-freer.o)
                0x080048d4                _malloc_trim_r
 .text._free_r  0x0800498c      0x1f0 D:/STM32/arm-none-eabi-gcc/bin/../lib/gcc/arm-none-eabi/14.2.1/thumb/v7e-m/nofp\libg.a(libc_a-freer.o)
                0x0800498c                _free_r
 .text._malloc_r
                0x08004b7c      0x598 D:/STM32/arm-none-eabi-gcc/bin/../lib/gcc/arm-none-eabi/14.2.1/thumb/v7e-m/nofp\libg.a(libc_a-mallocr.o)
                0x08004b7c                _malloc_r
 .text.__malloc_lock
                0x08005114        0xc D:/STM32/arm-none-eabi-gcc/bin/../lib/gcc/arm-none-eabi/14.2.1/thumb/v7e-m/nofp\libg.a(libc_a-mlock.o)
                0x08005114                __malloc_lock
 .text.__malloc_unlock
                0x08005120        0xc D:/STM32/arm-none-eabi-gcc/bin/../lib/gcc/arm-none-eabi/14.2.1/thumb/v7e-m/nofp\libg.a(libc_a-mlock.o)
                0x08005120                __malloc_unlock
 .text._svfprintf_r
                0x0800512c     0x2210 D:/STM32/arm-none-eabi-gcc/bin/../lib/gcc/arm-none-eabi/14.2.1/thumb/v7e-m/nofp\libg.a(libc_a-svfprintf.o)
                0x0800512c                _svfprintf_r
 .text.__ssprint_r
                0x0800733c       0x58 D:/STM32/arm-none-eabi-gcc/bin/../lib/gcc/arm-none-eabi/14.2.1/thumb/v7e-m/nofp\libg.a(libc_a-ssprint_r.o)
                0x0800733c                __ssprint_r
 .text._fclose_r
                0x08007394       0xc0 D:/STM32/arm-none-eabi-gcc/bin/../lib/gcc/arm-none-eabi/14.2.1/thumb/v7e-m/nofp\libg.a(libc_a-fclose.o)
                0x08007394                _fclose_r
 .text.__sflush_r
                0x08007454      0x124 D:/STM32/arm-none-eabi-gcc/bin/../lib/gcc/arm-none-eabi/14.2.1/thumb/v7e-m/nofp\libg.a(libc_a-fflush.o)
                0x08007454                __sflush_r
 .text._fflush_r
                0x08007578       0x54 D:/STM32/arm-none-eabi-gcc/bin/../lib/gcc/arm-none-eabi/14.2.1/thumb/v7e-m/nofp\libg.a(libc_a-fflush.o)
                0x08007578                _fflush_r
 .text.strncpy  0x080075cc       0x68 D:/STM32/arm-none-eabi-gcc/bin/../lib/gcc/arm-none-eabi/14.2.1/thumb/v7e-m/nofp\libg.a(libc_a-strncpy.o)
                0x080075cc                strncpy
 .text.__locale_mb_cur_max
                0x08007634        0xc D:/STM32/arm-none-eabi-gcc/bin/../lib/gcc/arm-none-eabi/14.2.1/thumb/v7e-m/nofp\libg.a(libc_a-locale.o)
                0x08007634                __locale_mb_cur_max
 .text._localeconv_r
                0x08007640        0x8 D:/STM32/arm-none-eabi-gcc/bin/../lib/gcc/arm-none-eabi/14.2.1/thumb/v7e-m/nofp\libg.a(libc_a-localeconv.o)
                0x08007640                _localeconv_r
 .text._sbrk_r  0x08007648       0x24 D:/STM32/arm-none-eabi-gcc/bin/../lib/gcc/arm-none-eabi/14.2.1/thumb/v7e-m/nofp\libg.a(libc_a-sbrkr.o)
                0x08007648                _sbrk_r
 .text.__libc_fini_array
                0x0800766c       0x28 D:/STM32/arm-none-eabi-gcc/bin/../lib/gcc/arm-none-eabi/14.2.1/thumb/v7e-m/nofp\libg.a(libc_a-fini.o)
                0x0800766c                __libc_fini_array
 .text.sysconf  0x08007694       0x1c D:/STM32/arm-none-eabi-gcc/bin/../lib/gcc/arm-none-eabi/14.2.1/thumb/v7e-m/nofp\libg.a(libc_a-sysconf.o)
                0x08007694                sysconf
 .text.frexp    0x080076b0       0x6c D:/STM32/arm-none-eabi-gcc/bin/../lib/gcc/arm-none-eabi/14.2.1/thumb/v7e-m/nofp\libg.a(libm_a-s_frexp.o)
                0x080076b0                frexp
 .text.__register_exitproc
                0x0800771c       0x80 D:/STM32/arm-none-eabi-gcc/bin/../lib/gcc/arm-none-eabi/14.2.1/thumb/v7e-m/nofp\libg.a(libc_a-__atexit.o)
                0x0800771c                __register_exitproc
 .text.quorem   0x0800779c      0x12c D:/STM32/arm-none-eabi-gcc/bin/../lib/gcc/arm-none-eabi/14.2.1/thumb/v7e-m/nofp\libg.a(libc_a-dtoa.o)
 .text._dtoa_r  0x080078c8     0x1044 D:/STM32/arm-none-eabi-gcc/bin/../lib/gcc/arm-none-eabi/14.2.1/thumb/v7e-m/nofp\libg.a(libc_a-dtoa.o)
                0x080078c8                _dtoa_r
 .text.__ascii_mbtowc
                0x0800890c       0x2c D:/STM32/arm-none-eabi-gcc/bin/../lib/gcc/arm-none-eabi/14.2.1/thumb/v7e-m/nofp\libg.a(libc_a-mbtowc_r.o)
                0x0800890c                __ascii_mbtowc
 .text._Balloc  0x08008938       0x4c D:/STM32/arm-none-eabi-gcc/bin/../lib/gcc/arm-none-eabi/14.2.1/thumb/v7e-m/nofp\libg.a(libc_a-mprec.o)
                0x08008938                _Balloc
 .text._Bfree   0x08008984       0x14 D:/STM32/arm-none-eabi-gcc/bin/../lib/gcc/arm-none-eabi/14.2.1/thumb/v7e-m/nofp\libg.a(libc_a-mprec.o)
                0x08008984                _Bfree
 .text.__multadd
                0x08008998       0xa0 D:/STM32/arm-none-eabi-gcc/bin/../lib/gcc/arm-none-eabi/14.2.1/thumb/v7e-m/nofp\libg.a(libc_a-mprec.o)
                0x08008998                __multadd
 .text.__hi0bits
                0x08008a38       0x54 D:/STM32/arm-none-eabi-gcc/bin/../lib/gcc/arm-none-eabi/14.2.1/thumb/v7e-m/nofp\libg.a(libc_a-mprec.o)
                0x08008a38                __hi0bits
 .text.__lo0bits
                0x08008a8c       0x80 D:/STM32/arm-none-eabi-gcc/bin/../lib/gcc/arm-none-eabi/14.2.1/thumb/v7e-m/nofp\libg.a(libc_a-mprec.o)
                0x08008a8c                __lo0bits
 .text.__i2b    0x08008b0c       0x5c D:/STM32/arm-none-eabi-gcc/bin/../lib/gcc/arm-none-eabi/14.2.1/thumb/v7e-m/nofp\libg.a(libc_a-mprec.o)
                0x08008b0c                __i2b
 .text.__multiply
                0x08008b68      0x16c D:/STM32/arm-none-eabi-gcc/bin/../lib/gcc/arm-none-eabi/14.2.1/thumb/v7e-m/nofp\libg.a(libc_a-mprec.o)
                0x08008b68                __multiply
 .text.__pow5mult
                0x08008cd4       0xc0 D:/STM32/arm-none-eabi-gcc/bin/../lib/gcc/arm-none-eabi/14.2.1/thumb/v7e-m/nofp\libg.a(libc_a-mprec.o)
                0x08008cd4                __pow5mult
 .text.__lshift
                0x08008d94       0xe8 D:/STM32/arm-none-eabi-gcc/bin/../lib/gcc/arm-none-eabi/14.2.1/thumb/v7e-m/nofp\libg.a(libc_a-mprec.o)
                0x08008d94                __lshift
 .text.__mcmp   0x08008e7c       0x40 D:/STM32/arm-none-eabi-gcc/bin/../lib/gcc/arm-none-eabi/14.2.1/thumb/v7e-m/nofp\libg.a(libc_a-mprec.o)
                0x08008e7c                __mcmp
 .text.__mdiff  0x08008ebc      0x174 D:/STM32/arm-none-eabi-gcc/bin/../lib/gcc/arm-none-eabi/14.2.1/thumb/v7e-m/nofp\libg.a(libc_a-mprec.o)
                0x08008ebc                __mdiff
 .text.__d2b    0x08009030       0xb8 D:/STM32/arm-none-eabi-gcc/bin/../lib/gcc/arm-none-eabi/14.2.1/thumb/v7e-m/nofp\libg.a(libc_a-mprec.o)
                0x08009030                __d2b
 .text.__ascii_wctomb
                0x080090e8       0x1c D:/STM32/arm-none-eabi-gcc/bin/../lib/gcc/arm-none-eabi/14.2.1/thumb/v7e-m/nofp\libg.a(libc_a-wctomb_r.o)
                0x080090e8                __ascii_wctomb
 .text._wcrtomb_r
                0x08009104       0x4c D:/STM32/arm-none-eabi-gcc/bin/../lib/gcc/arm-none-eabi/14.2.1/thumb/v7e-m/nofp\libg.a(libc_a-wcrtomb.o)
                0x08009104                _wcrtomb_r
 .text._wcsrtombs_r
                0x08009150       0x1c D:/STM32/arm-none-eabi-gcc/bin/../lib/gcc/arm-none-eabi/14.2.1/thumb/v7e-m/nofp\libg.a(libc_a-wcsrtombs.o)
                0x08009150                _wcsrtombs_r
 .text.__ssputs_r
                0x0800916c       0xc0 D:/STM32/arm-none-eabi-gcc/bin/../lib/gcc/arm-none-eabi/14.2.1/thumb/v7e-m/nofp\libg.a(libc_a-ssputs_r.o)
                0x0800916c                __ssputs_r
 .text.memmove  0x0800922c       0xf8 D:/STM32/arm-none-eabi-gcc/bin/../lib/gcc/arm-none-eabi/14.2.1/thumb/v7e-m/nofp\libg.a(libc_a-memmove.o)
                0x0800922c                memmove
 .text.__assert_func
                0x08009324       0x40 D:/STM32/arm-none-eabi-gcc/bin/../lib/gcc/arm-none-eabi/14.2.1/thumb/v7e-m/nofp\libg.a(libc_a-assert.o)
                0x08009324                __assert_func
 .text._calloc_r
                0x08009364       0x6c D:/STM32/arm-none-eabi-gcc/bin/../lib/gcc/arm-none-eabi/14.2.1/thumb/v7e-m/nofp\libg.a(libc_a-callocr.o)
                0x08009364                _calloc_r
 .text._realloc_r
                0x080093d0      0x348 D:/STM32/arm-none-eabi-gcc/bin/../lib/gcc/arm-none-eabi/14.2.1/thumb/v7e-m/nofp\libg.a(libc_a-reallocr.o)
                0x080093d0                _realloc_r
 .text._wcsnrtombs_l
                0x08009718       0xec D:/STM32/arm-none-eabi-gcc/bin/../lib/gcc/arm-none-eabi/14.2.1/thumb/v7e-m/nofp\libg.a(libc_a-wcsnrtombs.o)
                0x08009718                _wcsnrtombs_l
 .text._wcsnrtombs_r
                0x08009804       0x24 D:/STM32/arm-none-eabi-gcc/bin/../lib/gcc/arm-none-eabi/14.2.1/thumb/v7e-m/nofp\libg.a(libc_a-wcsnrtombs.o)
                0x08009804                _wcsnrtombs_r
 .text.fiprintf
                0x08009828       0x28 D:/STM32/arm-none-eabi-gcc/bin/../lib/gcc/arm-none-eabi/14.2.1/thumb/v7e-m/nofp\libg.a(libc_a-fiprintf.o)
                0x08009828                fiprintf
 .text._vfiprintf_r
                0x08009850     0x1278 D:/STM32/arm-none-eabi-gcc/bin/../lib/gcc/arm-none-eabi/14.2.1/thumb/v7e-m/nofp\libg.a(libc_a-vfiprintf.o)
                0x08009850                _vfiprintf_r
 .text.__sbprintf
                0x0800aac8       0x84 D:/STM32/arm-none-eabi-gcc/bin/../lib/gcc/arm-none-eabi/14.2.1/thumb/v7e-m/nofp\libg.a(libc_a-vfiprintf.o)
 .text.__sprint_r
                0x0800ab4c       0x20 D:/STM32/arm-none-eabi-gcc/bin/../lib/gcc/arm-none-eabi/14.2.1/thumb/v7e-m/nofp\libg.a(libc_a-sprint_r.o)
                0x0800ab4c                __sprint_r
 .text.__sfvwrite_r
                0x0800ab6c      0x2d8 D:/STM32/arm-none-eabi-gcc/bin/../lib/gcc/arm-none-eabi/14.2.1/thumb/v7e-m/nofp\libg.a(libc_a-fvwrite.o)
                0x0800ab6c                __sfvwrite_r
 .text.__swsetup_r
                0x0800ae44       0xfc D:/STM32/arm-none-eabi-gcc/bin/../lib/gcc/arm-none-eabi/14.2.1/thumb/v7e-m/nofp\libg.a(libc_a-wsetup.o)
                0x0800ae44                __swsetup_r
 .text.abort    0x0800af40       0x10 D:/STM32/arm-none-eabi-gcc/bin/../lib/gcc/arm-none-eabi/14.2.1/thumb/v7e-m/nofp\libg.a(libc_a-abort.o)
                0x0800af40                abort
 .text.__smakebuf_r
                0x0800af50       0xd0 D:/STM32/arm-none-eabi-gcc/bin/../lib/gcc/arm-none-eabi/14.2.1/thumb/v7e-m/nofp\libg.a(libc_a-makebuf.o)
                0x0800af50                __smakebuf_r
 .text.raise    0x0800b020       0x58 D:/STM32/arm-none-eabi-gcc/bin/../lib/gcc/arm-none-eabi/14.2.1/thumb/v7e-m/nofp\libg.a(libc_a-signal.o)
                0x0800b020                raise
 .text._fstat_r
                0x0800b078       0x2c D:/STM32/arm-none-eabi-gcc/bin/../lib/gcc/arm-none-eabi/14.2.1/thumb/v7e-m/nofp\libg.a(libc_a-fstatr.o)
                0x0800b078                _fstat_r
 .text._isatty_r
                0x0800b0a4       0x24 D:/STM32/arm-none-eabi-gcc/bin/../lib/gcc/arm-none-eabi/14.2.1/thumb/v7e-m/nofp\libg.a(libc_a-isattyr.o)
                0x0800b0a4                _isatty_r
 .text._kill_r  0x0800b0c8       0x2c D:/STM32/arm-none-eabi-gcc/bin/../lib/gcc/arm-none-eabi/14.2.1/thumb/v7e-m/nofp\libg.a(libc_a-signalr.o)
                0x0800b0c8                _kill_r
 .text._getpid_r
                0x0800b0f4        0x4 D:/STM32/arm-none-eabi-gcc/bin/../lib/gcc/arm-none-eabi/14.2.1/thumb/v7e-m/nofp\libg.a(libc_a-signalr.o)
                0x0800b0f4                _getpid_r
 *(.glue_7)
 .glue_7        0x0800b0f8        0x0 linker stubs
 *(.glue_7t)
 .glue_7t       0x0800b0f8        0x0 linker stubs
 *(.eh_frame)
 .eh_frame      0x0800b0f8        0x0 D:/STM32/arm-none-eabi-gcc/bin/../lib/gcc/arm-none-eabi/14.2.1/thumb/v7e-m/nofp/crtbegin.o
 *(.init)
 .init          0x0800b0f8        0x4 D:/STM32/arm-none-eabi-gcc/bin/../lib/gcc/arm-none-eabi/14.2.1/thumb/v7e-m/nofp/crti.o
                0x0800b0f8                _init
 .init          0x0800b0fc        0x8 D:/STM32/arm-none-eabi-gcc/bin/../lib/gcc/arm-none-eabi/14.2.1/thumb/v7e-m/nofp/crtn.o
 *(.fini)
 .fini          0x0800b104        0x4 D:/STM32/arm-none-eabi-gcc/bin/../lib/gcc/arm-none-eabi/14.2.1/thumb/v7e-m/nofp/crti.o
                0x0800b104                _fini
 .fini          0x0800b108        0x8 D:/STM32/arm-none-eabi-gcc/bin/../lib/gcc/arm-none-eabi/14.2.1/thumb/v7e-m/nofp/crtn.o
                0x0800b110                        . = ALIGN (0x4)
                0x0800b110                        _etext = .

.vfp11_veneer   0x0800b110        0x0
 .vfp11_veneer  0x0800b110        0x0 linker stubs

.v4_bx          0x0800b110        0x0
 .v4_bx         0x0800b110        0x0 linker stubs

.iplt           0x0800b110        0x0
 .iplt          0x0800b110        0x0 D:/STM32/arm-none-eabi-gcc/bin/../lib/gcc/arm-none-eabi/14.2.1/thumb/v7e-m/nofp/crtbegin.o

.rodata         0x0800b110      0x41c
                0x0800b110                        . = ALIGN (0x4)
 *(.rodata)
 *(.rodata*)
 .rodata.main.str1.4
                0x0800b110      0x1b7 CMakeFiles/LED.elf.dir/Core/Src/main.c.obj
                                  0xe (size before relaxing)
 *fill*         0x0800b2c7        0x1 
 .rodata.APBPrescTable
                0x0800b2c8        0x8 CMakeFiles/LED.elf.dir/Core/Src/system_stm32f4xx.c.obj
                0x0800b2c8                APBPrescTable
 .rodata.AHBPrescTable
                0x0800b2d0       0x10 CMakeFiles/LED.elf.dir/Core/Src/system_stm32f4xx.c.obj
                0x0800b2d0                AHBPrescTable
 .rodata.flagBitshiftOffset.0
                0x0800b2e0        0x8 CMakeFiles/LED.elf.dir/Drivers/STM32F4xx_HAL_Driver/Src/stm32f4xx_hal_dma.c.obj
 .rodata._svfprintf_r.str1.4
                0x0800b2e8       0x42 D:/STM32/arm-none-eabi-gcc/bin/../lib/gcc/arm-none-eabi/14.2.1/thumb/v7e-m/nofp\libg.a(libc_a-svfprintf.o)
 .rodata.zeroes.0
                0x0800b2e8       0x10 D:/STM32/arm-none-eabi-gcc/bin/../lib/gcc/arm-none-eabi/14.2.1/thumb/v7e-m/nofp\libg.a(libc_a-svfprintf.o)
 .rodata.blanks.1
                0x0800b2f8       0x10 D:/STM32/arm-none-eabi-gcc/bin/../lib/gcc/arm-none-eabi/14.2.1/thumb/v7e-m/nofp\libg.a(libc_a-svfprintf.o)
 .rodata.str1.4
                0x0800b308       0x4c D:/STM32/arm-none-eabi-gcc/bin/../lib/gcc/arm-none-eabi/14.2.1/thumb/v7e-m/nofp\libg.a(libc_a-locale.o)
 .rodata._dtoa_r.str1.4
                0x0800b308       0x81 D:/STM32/arm-none-eabi-gcc/bin/../lib/gcc/arm-none-eabi/14.2.1/thumb/v7e-m/nofp\libg.a(libc_a-dtoa.o)
 .rodata.__multadd.str1.4
                0x0800b308       0x6e D:/STM32/arm-none-eabi-gcc/bin/../lib/gcc/arm-none-eabi/14.2.1/thumb/v7e-m/nofp\libg.a(libc_a-mprec.o)
 .rodata.p05.0  0x0800b308        0xc D:/STM32/arm-none-eabi-gcc/bin/../lib/gcc/arm-none-eabi/14.2.1/thumb/v7e-m/nofp\libg.a(libc_a-mprec.o)
 *fill*         0x0800b314        0x4 
 .rodata.__mprec_bigtens
                0x0800b318       0x28 D:/STM32/arm-none-eabi-gcc/bin/../lib/gcc/arm-none-eabi/14.2.1/thumb/v7e-m/nofp\libg.a(libc_a-mprec.o)
                0x0800b318                __mprec_bigtens
 .rodata.__mprec_tens
                0x0800b340       0xc8 D:/STM32/arm-none-eabi-gcc/bin/../lib/gcc/arm-none-eabi/14.2.1/thumb/v7e-m/nofp\libg.a(libc_a-mprec.o)
                0x0800b340                __mprec_tens
 .rodata._ctype_
                0x0800b408      0x101 D:/STM32/arm-none-eabi-gcc/bin/../lib/gcc/arm-none-eabi/14.2.1/thumb/v7e-m/nofp\libg.a(libc_a-ctype_.o)
                0x0800b408                _ctype_
 .rodata.__assert_func.str1.4
                0x0800b509       0x43 D:/STM32/arm-none-eabi-gcc/bin/../lib/gcc/arm-none-eabi/14.2.1/thumb/v7e-m/nofp\libg.a(libc_a-assert.o)
 .rodata._vfiprintf_r.str1.4
                0x0800b509       0x2f D:/STM32/arm-none-eabi-gcc/bin/../lib/gcc/arm-none-eabi/14.2.1/thumb/v7e-m/nofp\libg.a(libc_a-vfiprintf.o)
 *fill*         0x0800b509        0x3 
 .rodata.zeroes.0
                0x0800b50c       0x10 D:/STM32/arm-none-eabi-gcc/bin/../lib/gcc/arm-none-eabi/14.2.1/thumb/v7e-m/nofp\libg.a(libc_a-vfiprintf.o)
 .rodata.blanks.1
                0x0800b51c       0x10 D:/STM32/arm-none-eabi-gcc/bin/../lib/gcc/arm-none-eabi/14.2.1/thumb/v7e-m/nofp\libg.a(libc_a-vfiprintf.o)
                0x0800b52c                        . = ALIGN (0x4)

.ARM.extab      0x0800b52c        0x0
                0x0800b52c                        . = ALIGN (0x4)
 *(.ARM.extab* .gnu.linkonce.armextab.*)
                0x0800b52c                        . = ALIGN (0x4)

.ARM            0x0800b52c        0x8
                0x0800b52c                        . = ALIGN (0x4)
                0x0800b52c                        __exidx_start = .
 *(.ARM.exidx*)
 .ARM.exidx     0x0800b52c        0x8 D:/STM32/arm-none-eabi-gcc/bin/../lib/gcc/arm-none-eabi/14.2.1/thumb/v7e-m/nofp\libg.a(libc_a-strlen.o)
 .ARM.exidx     0x0800b534        0x0 D:/STM32/arm-none-eabi-gcc/bin/../lib/gcc/arm-none-eabi/14.2.1/thumb/v7e-m/nofp\libg.a(libc_a-memchr.o)
                                  0x8 (size before relaxing)
 .ARM.exidx     0x0800b534        0x0 D:/STM32/arm-none-eabi-gcc/bin/../lib/gcc/arm-none-eabi/14.2.1/thumb/v7e-m/nofp\libg.a(libc_a-memcpy.o)
                                  0x8 (size before relaxing)
 .ARM.exidx.text.__udivmoddi4
                0x0800b534        0x0 D:/STM32/arm-none-eabi-gcc/bin/../lib/gcc/arm-none-eabi/14.2.1/thumb/v7e-m/nofp\libgcc.a(_udivmoddi4.o)
                                  0x8 (size before relaxing)
                0x0800b534                        __exidx_end = .
                0x0800b534                        . = ALIGN (0x4)

.preinit_array  0x0800b534        0x0
                0x0800b534                        . = ALIGN (0x4)
                0x0800b534                        PROVIDE (__preinit_array_start = .)
 *(.preinit_array*)
                0x0800b534                        PROVIDE (__preinit_array_end = .)
                0x0800b534                        . = ALIGN (0x4)

.init_array     0x0800b534        0x8
                0x0800b534                        . = ALIGN (0x4)
                0x0800b534                        PROVIDE (__init_array_start = .)
 *(SORT_BY_NAME(.init_array.*))
 .init_array.00000
                0x0800b534        0x4 D:/STM32/arm-none-eabi-gcc/bin/../lib/gcc/arm-none-eabi/14.2.1/thumb/v7e-m/nofp\libg.a(libc_a-__call_atexit.o)
 *(.init_array*)
 .init_array    0x0800b538        0x4 D:/STM32/arm-none-eabi-gcc/bin/../lib/gcc/arm-none-eabi/14.2.1/thumb/v7e-m/nofp/crtbegin.o
                0x0800b53c                        PROVIDE (__init_array_end = .)
                0x0800b53c                        . = ALIGN (0x4)

.fini_array     0x0800b53c        0x4
                0x0800b53c                        . = ALIGN (0x4)
                0x0800b53c                        PROVIDE (__fini_array_start = .)
 *(SORT_BY_NAME(.fini_array.*))
 *(.fini_array*)
 .fini_array    0x0800b53c        0x4 D:/STM32/arm-none-eabi-gcc/bin/../lib/gcc/arm-none-eabi/14.2.1/thumb/v7e-m/nofp/crtbegin.o
                0x0800b540                        PROVIDE (__fini_array_end = .)
                0x0800b540                        . = ALIGN (0x4)
                0x0800b540                        _sidata = LOADADDR (.data)

.rel.dyn        0x0800b540        0x0
 .rel.iplt      0x0800b540        0x0 D:/STM32/arm-none-eabi-gcc/bin/../lib/gcc/arm-none-eabi/14.2.1/thumb/v7e-m/nofp/crtbegin.o

.data           0x20000000      0x6e4 load address 0x0800b540
                0x20000000                        . = ALIGN (0x4)
                0x20000000                        _sdata = .
 *(.data)
 *(.data*)
 .data.dma_tx_complete
                0x20000000        0x1 CMakeFiles/LED.elf.dir/Core/Src/main.c.obj
                0x20000000                dma_tx_complete
 *fill*         0x20000001        0x3 
 .data.SystemCoreClock
                0x20000004        0x4 CMakeFiles/LED.elf.dir/Core/Src/system_stm32f4xx.c.obj
                0x20000004                SystemCoreClock
 .data.uwTickFreq
                0x20000008        0x1 CMakeFiles/LED.elf.dir/Drivers/STM32F4xx_HAL_Driver/Src/stm32f4xx_hal.c.obj
                0x20000008                uwTickFreq
 *fill*         0x20000009        0x3 
 .data.uwTickPrio
                0x2000000c        0x4 CMakeFiles/LED.elf.dir/Drivers/STM32F4xx_HAL_Driver/Src/stm32f4xx_hal.c.obj
                0x2000000c                uwTickPrio
 .data.__sglue  0x20000010        0xc D:/STM32/arm-none-eabi-gcc/bin/../lib/gcc/arm-none-eabi/14.2.1/thumb/v7e-m/nofp\libg.a(libc_a-findfp.o)
                0x20000010                __sglue
 .data._impure_ptr
                0x2000001c        0x4 D:/STM32/arm-none-eabi-gcc/bin/../lib/gcc/arm-none-eabi/14.2.1/thumb/v7e-m/nofp\libg.a(libc_a-impure.o)
                0x2000001c                _impure_ptr
 .data._impure_data
                0x20000020      0x140 D:/STM32/arm-none-eabi-gcc/bin/../lib/gcc/arm-none-eabi/14.2.1/thumb/v7e-m/nofp\libg.a(libc_a-impure.o)
                0x20000020                _impure_data
 .data.__atexit_recursive_mutex
                0x20000160        0x4 D:/STM32/arm-none-eabi-gcc/bin/../lib/gcc/arm-none-eabi/14.2.1/thumb/v7e-m/nofp\libg.a(libc_a-__call_atexit.o)
                0x20000160                __atexit_recursive_mutex
 .data.__malloc_sbrk_base
                0x20000164        0x4 D:/STM32/arm-none-eabi-gcc/bin/../lib/gcc/arm-none-eabi/14.2.1/thumb/v7e-m/nofp\libg.a(libc_a-mallocr.o)
                0x20000164                __malloc_sbrk_base
 .data.__malloc_trim_threshold
                0x20000168        0x4 D:/STM32/arm-none-eabi-gcc/bin/../lib/gcc/arm-none-eabi/14.2.1/thumb/v7e-m/nofp\libg.a(libc_a-mallocr.o)
                0x20000168                __malloc_trim_threshold
 *fill*         0x2000016c        0x4 
 .data.__malloc_av_
                0x20000170      0x408 D:/STM32/arm-none-eabi-gcc/bin/../lib/gcc/arm-none-eabi/14.2.1/thumb/v7e-m/nofp\libg.a(libc_a-mallocr.o)
                0x20000170                __malloc_av_
 .data.__global_locale
                0x20000578      0x16c D:/STM32/arm-none-eabi-gcc/bin/../lib/gcc/arm-none-eabi/14.2.1/thumb/v7e-m/nofp\libg.a(libc_a-locale.o)
                0x20000578                __global_locale
 *(.RamFunc)
 *(.RamFunc*)
                0x200006e4                        . = ALIGN (0x4)
                0x200006e4                        _edata = .
                0x0800bc24                        _siccmram = LOADADDR (.ccmram)

.tm_clone_table
                0x200006e4        0x0 load address 0x0800bc24
 .tm_clone_table
                0x200006e4        0x0 D:/STM32/arm-none-eabi-gcc/bin/../lib/gcc/arm-none-eabi/14.2.1/thumb/v7e-m/nofp/crtbegin.o
 .tm_clone_table
                0x200006e4        0x0 D:/STM32/arm-none-eabi-gcc/bin/../lib/gcc/arm-none-eabi/14.2.1/thumb/v7e-m/nofp/crtend.o

.igot.plt       0x200006e4        0x0 load address 0x0800bc24
 .igot.plt      0x200006e4        0x0 D:/STM32/arm-none-eabi-gcc/bin/../lib/gcc/arm-none-eabi/14.2.1/thumb/v7e-m/nofp/crtbegin.o

.ccmram         0x10000000        0x0 load address 0x0800bc24
                0x10000000                        . = ALIGN (0x4)
                0x10000000                        _sccmram = .
 *(.ccmram)
 *(.ccmram*)
                0x10000000                        . = ALIGN (0x4)
                0x10000000                        _eccmram = .
                0x10000000                        . = ALIGN (0x4)

.bss            0x200006e4      0x5ac
                0x200006e4                        _sbss = .
                0x200006e4                        __bss_start__ = _sbss
 *(.bss)
 *(.bss*)
 .bss.completed.1
                0x200006e4        0x1 D:/STM32/arm-none-eabi-gcc/bin/../lib/gcc/arm-none-eabi/14.2.1/thumb/v7e-m/nofp/crtbegin.o
 *fill*         0x200006e5        0x3 
 .bss.object.0  0x200006e8       0x18 D:/STM32/arm-none-eabi-gcc/bin/../lib/gcc/arm-none-eabi/14.2.1/thumb/v7e-m/nofp/crtbegin.o
 .bss.HAL_RCC_CAN1_CLK_ENABLED
                0x20000700        0x4 CMakeFiles/LED.elf.dir/Core/Src/can.c.obj
 .bss.hcan2     0x20000704       0x28 CMakeFiles/LED.elf.dir/Core/Src/can.c.obj
                0x20000704                hcan2
 .bss.hcan1     0x2000072c       0x28 CMakeFiles/LED.elf.dir/Core/Src/can.c.obj
                0x2000072c                hcan1
 .bss.led_cnt   0x20000754        0x2 CMakeFiles/LED.elf.dir/Core/Src/main.c.obj
                0x20000754                led_cnt
 *fill*         0x20000756        0x2 
 .bss.__sbrk_heap_end
                0x20000758        0x4 CMakeFiles/LED.elf.dir/Core/Src/sysmem.c.obj
 .bss.hdma_usart3_rx
                0x2000075c       0x60 CMakeFiles/LED.elf.dir/Core/Src/usart.c.obj
                0x2000075c                hdma_usart3_rx
 .bss.hdma_usart1_tx
                0x200007bc       0x60 CMakeFiles/LED.elf.dir/Core/Src/usart.c.obj
                0x200007bc                hdma_usart1_tx
 .bss.huart3    0x2000081c       0x48 CMakeFiles/LED.elf.dir/Core/Src/usart.c.obj
                0x2000081c                huart3
 .bss.huart1    0x20000864       0x48 CMakeFiles/LED.elf.dir/Core/Src/usart.c.obj
                0x20000864                huart1
 .bss.i.0       0x200008ac        0x1 CMakeFiles/LED.elf.dir/Core/application/CAN_receive.c.obj
 *fill*         0x200008ad        0x3 
 .bss.chassis_can_send_data
                0x200008b0        0x8 CMakeFiles/LED.elf.dir/Core/application/CAN_receive.c.obj
 .bss.chassis_tx_message
                0x200008b8       0x18 CMakeFiles/LED.elf.dir/Core/application/CAN_receive.c.obj
 .bss.motor_chassis
                0x200008d0       0x46 CMakeFiles/LED.elf.dir/Core/application/CAN_receive.c.obj
 .bss.this_time_rx_len.0
                0x20000916        0x2 CMakeFiles/LED.elf.dir/Core/application/remote_control.c.obj
 .bss.sbus_rx_buf
                0x20000918       0x48 CMakeFiles/LED.elf.dir/Core/application/remote_control.c.obj
 .bss.rc_ctrl   0x20000960       0x16 CMakeFiles/LED.elf.dir/Core/application/remote_control.c.obj
                0x20000960                rc_ctrl
 *fill*         0x20000976        0x2 
 .bss.uwTick    0x20000978        0x4 CMakeFiles/LED.elf.dir/Drivers/STM32F4xx_HAL_Driver/Src/stm32f4xx_hal.c.obj
                0x20000978                uwTick
 .bss.__sf      0x2000097c      0x138 D:/STM32/arm-none-eabi-gcc/bin/../lib/gcc/arm-none-eabi/14.2.1/thumb/v7e-m/nofp\libg.a(libc_a-findfp.o)
                0x2000097c                __sf
 .bss.__stdio_exit_handler
                0x20000ab4        0x4 D:/STM32/arm-none-eabi-gcc/bin/../lib/gcc/arm-none-eabi/14.2.1/thumb/v7e-m/nofp\libg.a(libc_a-findfp.o)
                0x20000ab4                __stdio_exit_handler
 .bss.errno     0x20000ab8        0x4 D:/STM32/arm-none-eabi-gcc/bin/../lib/gcc/arm-none-eabi/14.2.1/thumb/v7e-m/nofp\libg.a(libc_a-reent.o)
                0x20000ab8                errno
 .bss.__lock___malloc_recursive_mutex
                0x20000abc        0x1 D:/STM32/arm-none-eabi-gcc/bin/../lib/gcc/arm-none-eabi/14.2.1/thumb/v7e-m/nofp\libg.a(libc_a-lock.o)
                0x20000abc                __lock___malloc_recursive_mutex
 *fill*         0x20000abd        0x3 
 .bss.__lock___atexit_recursive_mutex
                0x20000ac0        0x1 D:/STM32/arm-none-eabi-gcc/bin/../lib/gcc/arm-none-eabi/14.2.1/thumb/v7e-m/nofp\libg.a(libc_a-lock.o)
                0x20000ac0                __lock___atexit_recursive_mutex
 *fill*         0x20000ac1        0x3 
 .bss.__lock___sfp_recursive_mutex
                0x20000ac4        0x1 D:/STM32/arm-none-eabi-gcc/bin/../lib/gcc/arm-none-eabi/14.2.1/thumb/v7e-m/nofp\libg.a(libc_a-lock.o)
                0x20000ac4                __lock___sfp_recursive_mutex
 *fill*         0x20000ac5        0x3 
 .bss.__atexit  0x20000ac8        0x4 D:/STM32/arm-none-eabi-gcc/bin/../lib/gcc/arm-none-eabi/14.2.1/thumb/v7e-m/nofp\libg.a(libc_a-__call_atexit.o)
                0x20000ac8                __atexit
 .bss.__malloc_current_mallinfo
                0x20000acc       0x28 D:/STM32/arm-none-eabi-gcc/bin/../lib/gcc/arm-none-eabi/14.2.1/thumb/v7e-m/nofp\libg.a(libc_a-mallocr.o)
                0x20000acc                __malloc_current_mallinfo
 .bss.__malloc_max_total_mem
                0x20000af4        0x4 D:/STM32/arm-none-eabi-gcc/bin/../lib/gcc/arm-none-eabi/14.2.1/thumb/v7e-m/nofp\libg.a(libc_a-mallocr.o)
                0x20000af4                __malloc_max_total_mem
 .bss.__malloc_max_sbrked_mem
                0x20000af8        0x4 D:/STM32/arm-none-eabi-gcc/bin/../lib/gcc/arm-none-eabi/14.2.1/thumb/v7e-m/nofp\libg.a(libc_a-mallocr.o)
                0x20000af8                __malloc_max_sbrked_mem
 .bss.__malloc_top_pad
                0x20000afc        0x4 D:/STM32/arm-none-eabi-gcc/bin/../lib/gcc/arm-none-eabi/14.2.1/thumb/v7e-m/nofp\libg.a(libc_a-mallocr.o)
                0x20000afc                __malloc_top_pad
 .bss.__atexit0
                0x20000b00      0x190 D:/STM32/arm-none-eabi-gcc/bin/../lib/gcc/arm-none-eabi/14.2.1/thumb/v7e-m/nofp\libg.a(libc_a-__atexit.o)
                0x20000b00                __atexit0
 *(COMMON)
                0x20000c90                        . = ALIGN (0x4)
                0x20000c90                        _ebss = .
                0x20000c90                        __bss_end__ = _ebss

._user_heap_stack
                0x20000c90      0x600
                0x20000c90                        . = ALIGN (0x8)
                [!provide]                        PROVIDE (end = .)
                0x20000c90                        PROVIDE (_end = .)
                0x20000e90                        . = (. + _Min_Heap_Size)
 *fill*         0x20000c90      0x200 
                0x20001290                        . = (. + _Min_Stack_Size)
 *fill*         0x20000e90      0x400 
                0x20001290                        . = ALIGN (0x8)

/DISCARD/
 libc.a(*)
 libm.a(*)
 libgcc.a(*)

.ARM.attributes
                0x00000000       0x2a
 *(.ARM.attributes)
 .ARM.attributes
                0x00000000       0x1e D:/STM32/arm-none-eabi-gcc/bin/../lib/gcc/arm-none-eabi/14.2.1/thumb/v7e-m/nofp/crti.o
 .ARM.attributes
                0x0000001e       0x2e D:/STM32/arm-none-eabi-gcc/bin/../lib/gcc/arm-none-eabi/14.2.1/thumb/v7e-m/nofp/crtbegin.o
 .ARM.attributes
                0x0000004c       0x2e CMakeFiles/LED.elf.dir/Core/Src/bsp_can.c.obj
 .ARM.attributes
                0x0000007a       0x2e CMakeFiles/LED.elf.dir/Core/Src/can.c.obj
 .ARM.attributes
                0x000000a8       0x2e CMakeFiles/LED.elf.dir/Core/Src/dma.c.obj
 .ARM.attributes
                0x000000d6       0x2e CMakeFiles/LED.elf.dir/Core/Src/gpio.c.obj
 .ARM.attributes
                0x00000104       0x2e CMakeFiles/LED.elf.dir/Core/Src/main.c.obj
 .ARM.attributes
                0x00000132       0x2e CMakeFiles/LED.elf.dir/Core/Src/pid.c.obj
 .ARM.attributes
                0x00000160       0x2e CMakeFiles/LED.elf.dir/Core/Src/stm32f4xx_hal_msp.c.obj
 .ARM.attributes
                0x0000018e       0x2e CMakeFiles/LED.elf.dir/Core/Src/stm32f4xx_it.c.obj
 .ARM.attributes
                0x000001bc       0x2e CMakeFiles/LED.elf.dir/Core/Src/syscalls.c.obj
 .ARM.attributes
                0x000001ea       0x2e CMakeFiles/LED.elf.dir/Core/Src/sysmem.c.obj
 .ARM.attributes
                0x00000218       0x2e CMakeFiles/LED.elf.dir/Core/Src/system_stm32f4xx.c.obj
 .ARM.attributes
                0x00000246       0x2e CMakeFiles/LED.elf.dir/Core/Src/usart.c.obj
 .ARM.attributes
                0x00000274       0x21 CMakeFiles/LED.elf.dir/Core/Startup/startup_stm32f407ighx.s.obj
 .ARM.attributes
                0x00000295       0x2e CMakeFiles/LED.elf.dir/Core/application/CAN_receive.c.obj
 .ARM.attributes
                0x000002c3       0x2e CMakeFiles/LED.elf.dir/Core/application/bsp_rc.c.obj
 .ARM.attributes
                0x000002f1       0x2e CMakeFiles/LED.elf.dir/Core/application/remote_control.c.obj
 .ARM.attributes
                0x0000031f       0x2e CMakeFiles/LED.elf.dir/Drivers/STM32F4xx_HAL_Driver/Src/stm32f4xx_hal.c.obj
 .ARM.attributes
                0x0000034d       0x2e CMakeFiles/LED.elf.dir/Drivers/STM32F4xx_HAL_Driver/Src/stm32f4xx_hal_can.c.obj
 .ARM.attributes
                0x0000037b       0x2e CMakeFiles/LED.elf.dir/Drivers/STM32F4xx_HAL_Driver/Src/stm32f4xx_hal_cortex.c.obj
 .ARM.attributes
                0x000003a9       0x2e CMakeFiles/LED.elf.dir/Drivers/STM32F4xx_HAL_Driver/Src/stm32f4xx_hal_dma.c.obj
 .ARM.attributes
                0x000003d7       0x2e CMakeFiles/LED.elf.dir/Drivers/STM32F4xx_HAL_Driver/Src/stm32f4xx_hal_gpio.c.obj
 .ARM.attributes
                0x00000405       0x2e CMakeFiles/LED.elf.dir/Drivers/STM32F4xx_HAL_Driver/Src/stm32f4xx_hal_rcc.c.obj
 .ARM.attributes
                0x00000433       0x2e CMakeFiles/LED.elf.dir/Drivers/STM32F4xx_HAL_Driver/Src/stm32f4xx_hal_uart.c.obj
 .ARM.attributes
                0x00000461       0x1e D:/STM32/arm-none-eabi-gcc/bin/../lib/gcc/arm-none-eabi/14.2.1/thumb/v7e-m/nofp\libgcc.a(_arm_addsubdf3.o)
 .ARM.attributes
                0x0000047f       0x1e D:/STM32/arm-none-eabi-gcc/bin/../lib/gcc/arm-none-eabi/14.2.1/thumb/v7e-m/nofp\libgcc.a(_arm_muldivdf3.o)
 .ARM.attributes
                0x0000049d       0x1e D:/STM32/arm-none-eabi-gcc/bin/../lib/gcc/arm-none-eabi/14.2.1/thumb/v7e-m/nofp\libgcc.a(_arm_addsubsf3.o)
 .ARM.attributes
                0x000004bb       0x1e D:/STM32/arm-none-eabi-gcc/bin/../lib/gcc/arm-none-eabi/14.2.1/thumb/v7e-m/nofp\libgcc.a(_arm_muldivsf3.o)
 .ARM.attributes
                0x000004d9       0x1e D:/STM32/arm-none-eabi-gcc/bin/../lib/gcc/arm-none-eabi/14.2.1/thumb/v7e-m/nofp\libgcc.a(_arm_cmpsf2.o)
 .ARM.attributes
                0x000004f7       0x1e D:/STM32/arm-none-eabi-gcc/bin/../lib/gcc/arm-none-eabi/14.2.1/thumb/v7e-m/nofp\libgcc.a(_arm_fixsfsi.o)
 .ARM.attributes
                0x00000515       0x1e D:/STM32/arm-none-eabi-gcc/bin/../lib/gcc/arm-none-eabi/14.2.1/thumb/v7e-m/nofp\libgcc.a(_aeabi_uldivmod.o)
 .ARM.attributes
                0x00000533       0x2e D:/STM32/arm-none-eabi-gcc/bin/../lib/gcc/arm-none-eabi/14.2.1/thumb/v7e-m/nofp\libgcc.a(_udivmoddi4.o)
 .ARM.attributes
                0x00000561       0x1e D:/STM32/arm-none-eabi-gcc/bin/../lib/gcc/arm-none-eabi/14.2.1/thumb/v7e-m/nofp\libgcc.a(_dvmd_tls.o)
 .ARM.attributes
                0x0000057f       0x2e D:/STM32/arm-none-eabi-gcc/bin/../lib/gcc/arm-none-eabi/14.2.1/thumb/v7e-m/nofp\libg.a(libc_a-findfp.o)
 .ARM.attributes
                0x000005ad       0x2e D:/STM32/arm-none-eabi-gcc/bin/../lib/gcc/arm-none-eabi/14.2.1/thumb/v7e-m/nofp\libg.a(libc_a-fwalk.o)
 .ARM.attributes
                0x000005db       0x2e D:/STM32/arm-none-eabi-gcc/bin/../lib/gcc/arm-none-eabi/14.2.1/thumb/v7e-m/nofp\libg.a(libc_a-sprintf.o)
 .ARM.attributes
                0x00000609       0x2e D:/STM32/arm-none-eabi-gcc/bin/../lib/gcc/arm-none-eabi/14.2.1/thumb/v7e-m/nofp\libg.a(libc_a-stdio.o)
 .ARM.attributes
                0x00000637       0x2e D:/STM32/arm-none-eabi-gcc/bin/../lib/gcc/arm-none-eabi/14.2.1/thumb/v7e-m/nofp\libg.a(libc_a-memset.o)
 .ARM.attributes
                0x00000665       0x2e D:/STM32/arm-none-eabi-gcc/bin/../lib/gcc/arm-none-eabi/14.2.1/thumb/v7e-m/nofp\libg.a(libc_a-closer.o)
 .ARM.attributes
                0x00000693       0x2e D:/STM32/arm-none-eabi-gcc/bin/../lib/gcc/arm-none-eabi/14.2.1/thumb/v7e-m/nofp\libg.a(libc_a-reent.o)
 .ARM.attributes
                0x000006c1       0x2e D:/STM32/arm-none-eabi-gcc/bin/../lib/gcc/arm-none-eabi/14.2.1/thumb/v7e-m/nofp\libg.a(libc_a-impure.o)
 .ARM.attributes
                0x000006ef       0x2e D:/STM32/arm-none-eabi-gcc/bin/../lib/gcc/arm-none-eabi/14.2.1/thumb/v7e-m/nofp\libg.a(libc_a-lseekr.o)
 .ARM.attributes
                0x0000071d       0x2e D:/STM32/arm-none-eabi-gcc/bin/../lib/gcc/arm-none-eabi/14.2.1/thumb/v7e-m/nofp\libg.a(libc_a-readr.o)
 .ARM.attributes
                0x0000074b       0x2e D:/STM32/arm-none-eabi-gcc/bin/../lib/gcc/arm-none-eabi/14.2.1/thumb/v7e-m/nofp\libg.a(libc_a-writer.o)
 .ARM.attributes
                0x00000779       0x2e D:/STM32/arm-none-eabi-gcc/bin/../lib/gcc/arm-none-eabi/14.2.1/thumb/v7e-m/nofp\libg.a(libc_a-errno.o)
 .ARM.attributes
                0x000007a7       0x2e D:/STM32/arm-none-eabi-gcc/bin/../lib/gcc/arm-none-eabi/14.2.1/thumb/v7e-m/nofp\libg.a(libc_a-init.o)
 .ARM.attributes
                0x000007d5       0x2e D:/STM32/arm-none-eabi-gcc/bin/../lib/gcc/arm-none-eabi/14.2.1/thumb/v7e-m/nofp\libg.a(libc_a-lock.o)
 .ARM.attributes
                0x00000803       0x1c D:/STM32/arm-none-eabi-gcc/bin/../lib/gcc/arm-none-eabi/14.2.1/thumb/v7e-m/nofp\libg.a(libc_a-strlen.o)
 .ARM.attributes
                0x0000081f       0x2e D:/STM32/arm-none-eabi-gcc/bin/../lib/gcc/arm-none-eabi/14.2.1/thumb/v7e-m/nofp\libg.a(libc_a-__call_atexit.o)
 .ARM.attributes
                0x0000084d       0x2e D:/STM32/arm-none-eabi-gcc/bin/../lib/gcc/arm-none-eabi/14.2.1/thumb/v7e-m/nofp\libg.a(libc_a-atexit.o)
 .ARM.attributes
                0x0000087b       0x2e D:/STM32/arm-none-eabi-gcc/bin/../lib/gcc/arm-none-eabi/14.2.1/thumb/v7e-m/nofp\libg.a(libc_a-freer.o)
 .ARM.attributes
                0x000008a9       0x2e D:/STM32/arm-none-eabi-gcc/bin/../lib/gcc/arm-none-eabi/14.2.1/thumb/v7e-m/nofp\libg.a(libc_a-mallocr.o)
 .ARM.attributes
                0x000008d7       0x2e D:/STM32/arm-none-eabi-gcc/bin/../lib/gcc/arm-none-eabi/14.2.1/thumb/v7e-m/nofp\libg.a(libc_a-mlock.o)
 .ARM.attributes
                0x00000905       0x2e D:/STM32/arm-none-eabi-gcc/bin/../lib/gcc/arm-none-eabi/14.2.1/thumb/v7e-m/nofp\libg.a(libc_a-svfprintf.o)
 .ARM.attributes
                0x00000933       0x2e D:/STM32/arm-none-eabi-gcc/bin/../lib/gcc/arm-none-eabi/14.2.1/thumb/v7e-m/nofp\libg.a(libc_a-ssprint_r.o)
 .ARM.attributes
                0x00000961       0x2e D:/STM32/arm-none-eabi-gcc/bin/../lib/gcc/arm-none-eabi/14.2.1/thumb/v7e-m/nofp\libg.a(libc_a-fclose.o)
 .ARM.attributes
                0x0000098f       0x2e D:/STM32/arm-none-eabi-gcc/bin/../lib/gcc/arm-none-eabi/14.2.1/thumb/v7e-m/nofp\libg.a(libc_a-fflush.o)
 .ARM.attributes
                0x000009bd       0x2e D:/STM32/arm-none-eabi-gcc/bin/../lib/gcc/arm-none-eabi/14.2.1/thumb/v7e-m/nofp\libg.a(libc_a-strncpy.o)
 .ARM.attributes
                0x000009eb       0x2e D:/STM32/arm-none-eabi-gcc/bin/../lib/gcc/arm-none-eabi/14.2.1/thumb/v7e-m/nofp\libg.a(libc_a-locale.o)
 .ARM.attributes
                0x00000a19       0x2e D:/STM32/arm-none-eabi-gcc/bin/../lib/gcc/arm-none-eabi/14.2.1/thumb/v7e-m/nofp\libg.a(libc_a-localeconv.o)
 .ARM.attributes
                0x00000a47       0x2e D:/STM32/arm-none-eabi-gcc/bin/../lib/gcc/arm-none-eabi/14.2.1/thumb/v7e-m/nofp\libg.a(libc_a-sbrkr.o)
 .ARM.attributes
                0x00000a75       0x2e D:/STM32/arm-none-eabi-gcc/bin/../lib/gcc/arm-none-eabi/14.2.1/thumb/v7e-m/nofp\libg.a(libc_a-fini.o)
 .ARM.attributes
                0x00000aa3       0x2e D:/STM32/arm-none-eabi-gcc/bin/../lib/gcc/arm-none-eabi/14.2.1/thumb/v7e-m/nofp\libg.a(libc_a-sysconf.o)
 .ARM.attributes
                0x00000ad1       0x1c D:/STM32/arm-none-eabi-gcc/bin/../lib/gcc/arm-none-eabi/14.2.1/thumb/v7e-m/nofp\libg.a(libc_a-memchr.o)
 .ARM.attributes
                0x00000aed       0x2e D:/STM32/arm-none-eabi-gcc/bin/../lib/gcc/arm-none-eabi/14.2.1/thumb/v7e-m/nofp\libg.a(libm_a-s_frexp.o)
 .ARM.attributes
                0x00000b1b       0x2e D:/STM32/arm-none-eabi-gcc/bin/../lib/gcc/arm-none-eabi/14.2.1/thumb/v7e-m/nofp\libg.a(libc_a-__atexit.o)
 .ARM.attributes
                0x00000b49       0x2e D:/STM32/arm-none-eabi-gcc/bin/../lib/gcc/arm-none-eabi/14.2.1/thumb/v7e-m/nofp\libg.a(libc_a-dtoa.o)
 .ARM.attributes
                0x00000b77       0x2e D:/STM32/arm-none-eabi-gcc/bin/../lib/gcc/arm-none-eabi/14.2.1/thumb/v7e-m/nofp\libg.a(libc_a-mbtowc_r.o)
 .ARM.attributes
                0x00000ba5       0x2e D:/STM32/arm-none-eabi-gcc/bin/../lib/gcc/arm-none-eabi/14.2.1/thumb/v7e-m/nofp\libg.a(libc_a-mprec.o)
 .ARM.attributes
                0x00000bd3       0x2e D:/STM32/arm-none-eabi-gcc/bin/../lib/gcc/arm-none-eabi/14.2.1/thumb/v7e-m/nofp\libg.a(libc_a-wctomb_r.o)
 .ARM.attributes
                0x00000c01       0x2e D:/STM32/arm-none-eabi-gcc/bin/../lib/gcc/arm-none-eabi/14.2.1/thumb/v7e-m/nofp\libg.a(libc_a-wcrtomb.o)
 .ARM.attributes
                0x00000c2f       0x2e D:/STM32/arm-none-eabi-gcc/bin/../lib/gcc/arm-none-eabi/14.2.1/thumb/v7e-m/nofp\libg.a(libc_a-wcsrtombs.o)
 .ARM.attributes
                0x00000c5d       0x2e D:/STM32/arm-none-eabi-gcc/bin/../lib/gcc/arm-none-eabi/14.2.1/thumb/v7e-m/nofp\libg.a(libc_a-ctype_.o)
 .ARM.attributes
                0x00000c8b       0x2e D:/STM32/arm-none-eabi-gcc/bin/../lib/gcc/arm-none-eabi/14.2.1/thumb/v7e-m/nofp\libg.a(libc_a-ssputs_r.o)
 .ARM.attributes
                0x00000cb9       0x2e D:/STM32/arm-none-eabi-gcc/bin/../lib/gcc/arm-none-eabi/14.2.1/thumb/v7e-m/nofp\libg.a(libc_a-memmove.o)
 .ARM.attributes
                0x00000ce7       0x1c D:/STM32/arm-none-eabi-gcc/bin/../lib/gcc/arm-none-eabi/14.2.1/thumb/v7e-m/nofp\libg.a(libc_a-memcpy.o)
 .ARM.attributes
                0x00000d03       0x2e D:/STM32/arm-none-eabi-gcc/bin/../lib/gcc/arm-none-eabi/14.2.1/thumb/v7e-m/nofp\libg.a(libc_a-assert.o)
 .ARM.attributes
                0x00000d31       0x2e D:/STM32/arm-none-eabi-gcc/bin/../lib/gcc/arm-none-eabi/14.2.1/thumb/v7e-m/nofp\libg.a(libc_a-callocr.o)
 .ARM.attributes
                0x00000d5f       0x2e D:/STM32/arm-none-eabi-gcc/bin/../lib/gcc/arm-none-eabi/14.2.1/thumb/v7e-m/nofp\libg.a(libc_a-reallocr.o)
 .ARM.attributes
                0x00000d8d       0x2e D:/STM32/arm-none-eabi-gcc/bin/../lib/gcc/arm-none-eabi/14.2.1/thumb/v7e-m/nofp\libg.a(libc_a-wcsnrtombs.o)
 .ARM.attributes
                0x00000dbb       0x2e D:/STM32/arm-none-eabi-gcc/bin/../lib/gcc/arm-none-eabi/14.2.1/thumb/v7e-m/nofp\libg.a(libc_a-fiprintf.o)
 .ARM.attributes
                0x00000de9       0x2e D:/STM32/arm-none-eabi-gcc/bin/../lib/gcc/arm-none-eabi/14.2.1/thumb/v7e-m/nofp\libg.a(libc_a-vfiprintf.o)
 .ARM.attributes
                0x00000e17       0x2e D:/STM32/arm-none-eabi-gcc/bin/../lib/gcc/arm-none-eabi/14.2.1/thumb/v7e-m/nofp\libg.a(libc_a-sprint_r.o)
 .ARM.attributes
                0x00000e45       0x2e D:/STM32/arm-none-eabi-gcc/bin/../lib/gcc/arm-none-eabi/14.2.1/thumb/v7e-m/nofp\libg.a(libc_a-fvwrite.o)
 .ARM.attributes
                0x00000e73       0x2e D:/STM32/arm-none-eabi-gcc/bin/../lib/gcc/arm-none-eabi/14.2.1/thumb/v7e-m/nofp\libg.a(libc_a-wsetup.o)
 .ARM.attributes
                0x00000ea1       0x2e D:/STM32/arm-none-eabi-gcc/bin/../lib/gcc/arm-none-eabi/14.2.1/thumb/v7e-m/nofp\libg.a(libc_a-abort.o)
 .ARM.attributes
                0x00000ecf       0x2e D:/STM32/arm-none-eabi-gcc/bin/../lib/gcc/arm-none-eabi/14.2.1/thumb/v7e-m/nofp\libg.a(libc_a-makebuf.o)
 .ARM.attributes
                0x00000efd       0x2e D:/STM32/arm-none-eabi-gcc/bin/../lib/gcc/arm-none-eabi/14.2.1/thumb/v7e-m/nofp\libg.a(libc_a-signal.o)
 .ARM.attributes
                0x00000f2b       0x2e D:/STM32/arm-none-eabi-gcc/bin/../lib/gcc/arm-none-eabi/14.2.1/thumb/v7e-m/nofp\libg.a(libc_a-fstatr.o)
 .ARM.attributes
                0x00000f59       0x2e D:/STM32/arm-none-eabi-gcc/bin/../lib/gcc/arm-none-eabi/14.2.1/thumb/v7e-m/nofp\libg.a(libc_a-isattyr.o)
 .ARM.attributes
                0x00000f87       0x2e D:/STM32/arm-none-eabi-gcc/bin/../lib/gcc/arm-none-eabi/14.2.1/thumb/v7e-m/nofp\libg.a(libc_a-signalr.o)
 .ARM.attributes
                0x00000fb5       0x1e D:/STM32/arm-none-eabi-gcc/bin/../lib/gcc/arm-none-eabi/14.2.1/thumb/v7e-m/nofp\libgcc.a(_arm_cmpdf2.o)
 .ARM.attributes
                0x00000fd3       0x1e D:/STM32/arm-none-eabi-gcc/bin/../lib/gcc/arm-none-eabi/14.2.1/thumb/v7e-m/nofp\libgcc.a(_arm_unorddf2.o)
 .ARM.attributes
                0x00000ff1       0x1e D:/STM32/arm-none-eabi-gcc/bin/../lib/gcc/arm-none-eabi/14.2.1/thumb/v7e-m/nofp\libgcc.a(_arm_fixdfsi.o)
 .ARM.attributes
                0x0000100f       0x2e D:/STM32/arm-none-eabi-gcc/bin/../lib/gcc/arm-none-eabi/14.2.1/thumb/v7e-m/nofp/crtend.o
 .ARM.attributes
                0x0000103d       0x1e D:/STM32/arm-none-eabi-gcc/bin/../lib/gcc/arm-none-eabi/14.2.1/thumb/v7e-m/nofp/crtn.o
OUTPUT(LED.elf elf32-littlearm)
LOAD linker stubs
LOAD D:/STM32/arm-none-eabi-gcc/bin/../lib/gcc/arm-none-eabi/14.2.1/thumb/v7e-m/nofp\libc.a
LOAD D:/STM32/arm-none-eabi-gcc/bin/../lib/gcc/arm-none-eabi/14.2.1/thumb/v7e-m/nofp\libm.a
LOAD D:/STM32/arm-none-eabi-gcc/bin/../lib/gcc/arm-none-eabi/14.2.1/thumb/v7e-m/nofp\libgcc.a

.debug_info     0x00000000     0xfd44
 .debug_info    0x00000000      0x6a5 CMakeFiles/LED.elf.dir/Core/Src/bsp_can.c.obj
 .debug_info    0x000006a5      0xc8a CMakeFiles/LED.elf.dir/Core/Src/can.c.obj
 .debug_info    0x0000132f      0x528 CMakeFiles/LED.elf.dir/Core/Src/dma.c.obj
 .debug_info    0x00001857      0x45c CMakeFiles/LED.elf.dir/Core/Src/gpio.c.obj
 .debug_info    0x00001cb3     0x15d3 CMakeFiles/LED.elf.dir/Core/Src/main.c.obj
 .debug_info    0x00003286      0x281 CMakeFiles/LED.elf.dir/Core/Src/pid.c.obj
 .debug_info    0x00003507      0x265 CMakeFiles/LED.elf.dir/Core/Src/stm32f4xx_hal_msp.c.obj
 .debug_info    0x0000376c      0xb22 CMakeFiles/LED.elf.dir/Core/Src/stm32f4xx_it.c.obj
 .debug_info    0x0000428e      0x789 CMakeFiles/LED.elf.dir/Core/Src/syscalls.c.obj
 .debug_info    0x00004a17      0x171 CMakeFiles/LED.elf.dir/Core/Src/sysmem.c.obj
 .debug_info    0x00004b88      0x334 CMakeFiles/LED.elf.dir/Core/Src/system_stm32f4xx.c.obj
 .debug_info    0x00004ebc      0xe2e CMakeFiles/LED.elf.dir/Core/Src/usart.c.obj
 .debug_info    0x00005cea       0x30 CMakeFiles/LED.elf.dir/Core/Startup/startup_stm32f407ighx.s.obj
 .debug_info    0x00005d1a      0xa4f CMakeFiles/LED.elf.dir/Core/application/CAN_receive.c.obj
 .debug_info    0x00006769      0x5b4 CMakeFiles/LED.elf.dir/Core/application/bsp_rc.c.obj
 .debug_info    0x00006d1d      0x80f CMakeFiles/LED.elf.dir/Core/application/remote_control.c.obj
 .debug_info    0x0000752c      0x9e2 CMakeFiles/LED.elf.dir/Drivers/STM32F4xx_HAL_Driver/Src/stm32f4xx_hal.c.obj
 .debug_info    0x00007f0e     0x11f7 CMakeFiles/LED.elf.dir/Drivers/STM32F4xx_HAL_Driver/Src/stm32f4xx_hal_can.c.obj
 .debug_info    0x00009105      0xff5 CMakeFiles/LED.elf.dir/Drivers/STM32F4xx_HAL_Driver/Src/stm32f4xx_hal_cortex.c.obj
 .debug_info    0x0000a0fa      0xad9 CMakeFiles/LED.elf.dir/Drivers/STM32F4xx_HAL_Driver/Src/stm32f4xx_hal_dma.c.obj
 .debug_info    0x0000abd3      0x704 CMakeFiles/LED.elf.dir/Drivers/STM32F4xx_HAL_Driver/Src/stm32f4xx_hal_gpio.c.obj
 .debug_info    0x0000b2d7      0xa6d CMakeFiles/LED.elf.dir/Drivers/STM32F4xx_HAL_Driver/Src/stm32f4xx_hal_rcc.c.obj
 .debug_info    0x0000bd44     0x4000 CMakeFiles/LED.elf.dir/Drivers/STM32F4xx_HAL_Driver/Src/stm32f4xx_hal_uart.c.obj

.debug_abbrev   0x00000000     0x2ca4
 .debug_abbrev  0x00000000      0x197 CMakeFiles/LED.elf.dir/Core/Src/bsp_can.c.obj
 .debug_abbrev  0x00000197      0x241 CMakeFiles/LED.elf.dir/Core/Src/can.c.obj
 .debug_abbrev  0x000003d8      0x12d CMakeFiles/LED.elf.dir/Core/Src/dma.c.obj
 .debug_abbrev  0x00000505      0x164 CMakeFiles/LED.elf.dir/Core/Src/gpio.c.obj
 .debug_abbrev  0x00000669      0x32e CMakeFiles/LED.elf.dir/Core/Src/main.c.obj
 .debug_abbrev  0x00000997      0x113 CMakeFiles/LED.elf.dir/Core/Src/pid.c.obj
 .debug_abbrev  0x00000aaa       0xd6 CMakeFiles/LED.elf.dir/Core/Src/stm32f4xx_hal_msp.c.obj
 .debug_abbrev  0x00000b80      0x1f2 CMakeFiles/LED.elf.dir/Core/Src/stm32f4xx_it.c.obj
 .debug_abbrev  0x00000d72      0x1c1 CMakeFiles/LED.elf.dir/Core/Src/syscalls.c.obj
 .debug_abbrev  0x00000f33       0xea CMakeFiles/LED.elf.dir/Core/Src/sysmem.c.obj
 .debug_abbrev  0x0000101d      0x120 CMakeFiles/LED.elf.dir/Core/Src/system_stm32f4xx.c.obj
 .debug_abbrev  0x0000113d      0x250 CMakeFiles/LED.elf.dir/Core/Src/usart.c.obj
 .debug_abbrev  0x0000138d       0x24 CMakeFiles/LED.elf.dir/Core/Startup/startup_stm32f407ighx.s.obj
 .debug_abbrev  0x000013b1      0x260 CMakeFiles/LED.elf.dir/Core/application/CAN_receive.c.obj
 .debug_abbrev  0x00001611      0x156 CMakeFiles/LED.elf.dir/Core/application/bsp_rc.c.obj
 .debug_abbrev  0x00001767      0x239 CMakeFiles/LED.elf.dir/Core/application/remote_control.c.obj
 .debug_abbrev  0x000019a0      0x240 CMakeFiles/LED.elf.dir/Drivers/STM32F4xx_HAL_Driver/Src/stm32f4xx_hal.c.obj
 .debug_abbrev  0x00001be0      0x27b CMakeFiles/LED.elf.dir/Drivers/STM32F4xx_HAL_Driver/Src/stm32f4xx_hal_can.c.obj
 .debug_abbrev  0x00001e5b      0x391 CMakeFiles/LED.elf.dir/Drivers/STM32F4xx_HAL_Driver/Src/stm32f4xx_hal_cortex.c.obj
 .debug_abbrev  0x000021ec      0x2c0 CMakeFiles/LED.elf.dir/Drivers/STM32F4xx_HAL_Driver/Src/stm32f4xx_hal_dma.c.obj
 .debug_abbrev  0x000024ac      0x202 CMakeFiles/LED.elf.dir/Drivers/STM32F4xx_HAL_Driver/Src/stm32f4xx_hal_gpio.c.obj
 .debug_abbrev  0x000026ae      0x2c7 CMakeFiles/LED.elf.dir/Drivers/STM32F4xx_HAL_Driver/Src/stm32f4xx_hal_rcc.c.obj
 .debug_abbrev  0x00002975      0x32f CMakeFiles/LED.elf.dir/Drivers/STM32F4xx_HAL_Driver/Src/stm32f4xx_hal_uart.c.obj

.debug_aranges  0x00000000      0xa58
 .debug_aranges
                0x00000000       0x20 CMakeFiles/LED.elf.dir/Core/Src/bsp_can.c.obj
 .debug_aranges
                0x00000020       0x38 CMakeFiles/LED.elf.dir/Core/Src/can.c.obj
 .debug_aranges
                0x00000058       0x20 CMakeFiles/LED.elf.dir/Core/Src/dma.c.obj
 .debug_aranges
                0x00000078       0x20 CMakeFiles/LED.elf.dir/Core/Src/gpio.c.obj
 .debug_aranges
                0x00000098       0x40 CMakeFiles/LED.elf.dir/Core/Src/main.c.obj
 .debug_aranges
                0x000000d8       0x28 CMakeFiles/LED.elf.dir/Core/Src/pid.c.obj
 .debug_aranges
                0x00000100       0x20 CMakeFiles/LED.elf.dir/Core/Src/stm32f4xx_hal_msp.c.obj
 .debug_aranges
                0x00000120       0x90 CMakeFiles/LED.elf.dir/Core/Src/stm32f4xx_it.c.obj
 .debug_aranges
                0x000001b0       0xa8 CMakeFiles/LED.elf.dir/Core/Src/syscalls.c.obj
 .debug_aranges
                0x00000258       0x20 CMakeFiles/LED.elf.dir/Core/Src/sysmem.c.obj
 .debug_aranges
                0x00000278       0x28 CMakeFiles/LED.elf.dir/Core/Src/system_stm32f4xx.c.obj
 .debug_aranges
                0x000002a0       0x38 CMakeFiles/LED.elf.dir/Core/Src/usart.c.obj
 .debug_aranges
                0x000002d8       0x28 CMakeFiles/LED.elf.dir/Core/Startup/startup_stm32f407ighx.s.obj
 .debug_aranges
                0x00000300       0x68 CMakeFiles/LED.elf.dir/Core/application/CAN_receive.c.obj
 .debug_aranges
                0x00000368       0x20 CMakeFiles/LED.elf.dir/Core/application/bsp_rc.c.obj
 .debug_aranges
                0x00000388       0x38 CMakeFiles/LED.elf.dir/Core/application/remote_control.c.obj
 .debug_aranges
                0x000003c0       0xf0 CMakeFiles/LED.elf.dir/Drivers/STM32F4xx_HAL_Driver/Src/stm32f4xx_hal.c.obj
 .debug_aranges
                0x000004b0      0x138 CMakeFiles/LED.elf.dir/Drivers/STM32F4xx_HAL_Driver/Src/stm32f4xx_hal_can.c.obj
 .debug_aranges
                0x000005e8       0xf8 CMakeFiles/LED.elf.dir/Drivers/STM32F4xx_HAL_Driver/Src/stm32f4xx_hal_cortex.c.obj
 .debug_aranges
                0x000006e0       0x90 CMakeFiles/LED.elf.dir/Drivers/STM32F4xx_HAL_Driver/Src/stm32f4xx_hal_dma.c.obj
 .debug_aranges
                0x00000770       0x58 CMakeFiles/LED.elf.dir/Drivers/STM32F4xx_HAL_Driver/Src/stm32f4xx_hal_gpio.c.obj
 .debug_aranges
                0x000007c8       0x88 CMakeFiles/LED.elf.dir/Drivers/STM32F4xx_HAL_Driver/Src/stm32f4xx_hal_rcc.c.obj
 .debug_aranges
                0x00000850      0x208 CMakeFiles/LED.elf.dir/Drivers/STM32F4xx_HAL_Driver/Src/stm32f4xx_hal_uart.c.obj

.debug_rnglists
                0x00000000      0x7b4
 .debug_rnglists
                0x00000000       0x14 CMakeFiles/LED.elf.dir/Core/Src/bsp_can.c.obj
 .debug_rnglists
                0x00000014       0x27 CMakeFiles/LED.elf.dir/Core/Src/can.c.obj
 .debug_rnglists
                0x0000003b       0x13 CMakeFiles/LED.elf.dir/Core/Src/dma.c.obj
 .debug_rnglists