Archive member included to satisfy reference by file (symbol)

D:/STM32/arm-none-eabi-gcc/bin/../lib/gcc/arm-none-eabi/14.2.1/thumb/v7e-m/nofp\libgcc.a(_arm_muldf3.o)
                              CMakeFiles/LED.elf.dir/Core/Src/main.c.obj (__aeabi_dmul)
D:/STM32/arm-none-eabi-gcc/bin/../lib/gcc/arm-none-eabi/14.2.1/thumb/v7e-m/nofp\libgcc.a(_arm_mulsf3.o)
                              CMakeFiles/LED.elf.dir/Core/Src/main.c.obj (__aeabi_fmul)
D:/STM32/arm-none-eabi-gcc/bin/../lib/gcc/arm-none-eabi/14.2.1/thumb/v7e-m/nofp\libgcc.a(_arm_addsubdf3.o)
                              CMakeFiles/LED.elf.dir/Core/Src/main.c.obj (__aeabi_dsub)
D:/STM32/arm-none-eabi-gcc/bin/../lib/gcc/arm-none-eabi/14.2.1/thumb/v7e-m/nofp\libgcc.a(_arm_muldivdf3.o)
                              CMakeFiles/LED.elf.dir/Core/Src/main.c.obj (__aeabi_ddiv)
D:/STM32/arm-none-eabi-gcc/bin/../lib/gcc/arm-none-eabi/14.2.1/thumb/v7e-m/nofp\libgcc.a(_arm_addsubsf3.o)
                              CMakeFiles/LED.elf.dir/Core/Src/main.c.obj (__aeabi_fsub)
D:/STM32/arm-none-eabi-gcc/bin/../lib/gcc/arm-none-eabi/14.2.1/thumb/v7e-m/nofp\libgcc.a(_arm_muldivsf3.o)
                              CMakeFiles/LED.elf.dir/Core/Src/main.c.obj (__aeabi_fdiv)
D:/STM32/arm-none-eabi-gcc/bin/../lib/gcc/arm-none-eabi/14.2.1/thumb/v7e-m/nofp\libgcc.a(_arm_cmpsf2.o)
                              CMakeFiles/LED.elf.dir/Core/application/CAN_receive.c.obj (__aeabi_fcmpeq)
D:/STM32/arm-none-eabi-gcc/bin/../lib/gcc/arm-none-eabi/14.2.1/thumb/v7e-m/nofp\libgcc.a(_arm_fixsfsi.o)
                              CMakeFiles/LED.elf.dir/Core/Src/main.c.obj (__aeabi_f2iz)
D:/STM32/arm-none-eabi-gcc/bin/../lib/gcc/arm-none-eabi/14.2.1/thumb/v7e-m/nofp\libgcc.a(_arm_fixunssfsi.o)
                              CMakeFiles/LED.elf.dir/Core/application/CAN_receive.c.obj (__aeabi_f2uiz)
D:/STM32/arm-none-eabi-gcc/bin/../lib/gcc/arm-none-eabi/14.2.1/thumb/v7e-m/nofp\libgcc.a(_aeabi_uldivmod.o)
                              CMakeFiles/LED.elf.dir/Drivers/STM32F4xx_HAL_Driver/Src/stm32f4xx_hal_rcc.c.obj (__aeabi_uldivmod)
D:/STM32/arm-none-eabi-gcc/bin/../lib/gcc/arm-none-eabi/14.2.1/thumb/v7e-m/nofp\libgcc.a(_udivmoddi4.o)
                              D:/STM32/arm-none-eabi-gcc/bin/../lib/gcc/arm-none-eabi/14.2.1/thumb/v7e-m/nofp\libgcc.a(_aeabi_uldivmod.o) (__udivmoddi4)
D:/STM32/arm-none-eabi-gcc/bin/../lib/gcc/arm-none-eabi/14.2.1/thumb/v7e-m/nofp\libgcc.a(_dvmd_tls.o)
                              D:/STM32/arm-none-eabi-gcc/bin/../lib/gcc/arm-none-eabi/14.2.1/thumb/v7e-m/nofp\libgcc.a(_aeabi_uldivmod.o) (__aeabi_ldiv0)
D:/STM32/arm-none-eabi-gcc/bin/../lib/gcc/arm-none-eabi/14.2.1/thumb/v7e-m/nofp\libg.a(libc_a-exit.o)
                              D:/STM32/arm-none-eabi-gcc/bin/../lib/gcc/arm-none-eabi/14.2.1/thumb/v7e-m/nofp/crt0.o (exit)
D:/STM32/arm-none-eabi-gcc/bin/../lib/gcc/arm-none-eabi/14.2.1/thumb/v7e-m/nofp\libg.a(libc_a-findfp.o)
                              D:/STM32/arm-none-eabi-gcc/bin/../lib/gcc/arm-none-eabi/14.2.1/thumb/v7e-m/nofp\libg.a(libc_a-exit.o) (__stdio_exit_handler)
D:/STM32/arm-none-eabi-gcc/bin/../lib/gcc/arm-none-eabi/14.2.1/thumb/v7e-m/nofp\libg.a(libc_a-fwalk.o)
                              D:/STM32/arm-none-eabi-gcc/bin/../lib/gcc/arm-none-eabi/14.2.1/thumb/v7e-m/nofp\libg.a(libc_a-findfp.o) (_fwalk_sglue)
D:/STM32/arm-none-eabi-gcc/bin/../lib/gcc/arm-none-eabi/14.2.1/thumb/v7e-m/nofp\libg.a(libc_a-snprintf.o)
                              CMakeFiles/LED.elf.dir/Core/Src/main.c.obj (snprintf)
D:/STM32/arm-none-eabi-gcc/bin/../lib/gcc/arm-none-eabi/14.2.1/thumb/v7e-m/nofp\libg.a(libc_a-sprintf.o)
                              CMakeFiles/LED.elf.dir/Core/Src/main.c.obj (sprintf)
D:/STM32/arm-none-eabi-gcc/bin/../lib/gcc/arm-none-eabi/14.2.1/thumb/v7e-m/nofp\libg.a(libc_a-stdio.o)
                              D:/STM32/arm-none-eabi-gcc/bin/../lib/gcc/arm-none-eabi/14.2.1/thumb/v7e-m/nofp\libg.a(libc_a-findfp.o) (__sread)
D:/STM32/arm-none-eabi-gcc/bin/../lib/gcc/arm-none-eabi/14.2.1/thumb/v7e-m/nofp\libg.a(libc_a-memset.o)
                              D:/STM32/arm-none-eabi-gcc/bin/../lib/gcc/arm-none-eabi/14.2.1/thumb/v7e-m/nofp/crt0.o (memset)
D:/STM32/arm-none-eabi-gcc/bin/../lib/gcc/arm-none-eabi/14.2.1/thumb/v7e-m/nofp\libg.a(libc_a-strncpy.o)
                              CMakeFiles/LED.elf.dir/Core/Src/main.c.obj (strncpy)
D:/STM32/arm-none-eabi-gcc/bin/../lib/gcc/arm-none-eabi/14.2.1/thumb/v7e-m/nofp\libg.a(libc_a-closer.o)
                              D:/STM32/arm-none-eabi-gcc/bin/../lib/gcc/arm-none-eabi/14.2.1/thumb/v7e-m/nofp\libg.a(libc_a-stdio.o) (_close_r)
D:/STM32/arm-none-eabi-gcc/bin/../lib/gcc/arm-none-eabi/14.2.1/thumb/v7e-m/nofp\libg.a(libc_a-reent.o)
                              D:/STM32/arm-none-eabi-gcc/bin/../lib/gcc/arm-none-eabi/14.2.1/thumb/v7e-m/nofp\libg.a(libc_a-closer.o) (errno)
D:/STM32/arm-none-eabi-gcc/bin/../lib/gcc/arm-none-eabi/14.2.1/thumb/v7e-m/nofp\libg.a(libc_a-impure.o)
[...]
Memory Configuration

Name             Origin             Length             Attributes
CCMRAM           0x10000000         0x00010000         xrw
RAM              0x20000000         0x00020000         xrw
FLASH            0x08000000         0x00100000         xr
*default*        0x00000000         0xffffffff

Linker script and memory map

LOAD D:/STM32/arm-none-eabi-gcc/bin/../lib/gcc/arm-none-eabi/14.2.1/thumb/v7e-m/nofp/crti.o
LOAD D:/STM32/arm-none-eabi-gcc/bin/../lib/gcc/arm-none-eabi/14.2.1/thumb/v7e-m/nofp/crtbegin.o
LOAD D:/STM32/arm-none-eabi-gcc/bin/../lib/gcc/arm-none-eabi/14.2.1/thumb/v7e-m/nofp/crt0.o
LOAD CMakeFiles/LED.elf.dir/Core/Src/bsp_can.c.obj
LOAD CMakeFiles/LED.elf.dir/Core/Src/can.c.obj
LOAD CMakeFiles/LED.elf.dir/Core/Src/dma.c.obj
LOAD CMakeFiles/LED.elf.dir/Core/Src/gpio.c.obj
LOAD CMakeFiles/LED.elf.dir/Core/Src/main.c.obj
LOAD CMakeFiles/LED.elf.dir/Core/Src/pid.c.obj
LOAD CMakeFiles/LED.elf.dir/Core/Src/spi.c.obj
LOAD CMakeFiles/LED.elf.dir/Core/Src/stm32f4xx_hal_msp.c.obj
LOAD CMakeFiles/LED.elf.dir/Core/Src/stm32f4xx_it.c.obj
LOAD CMakeFiles/LED.elf.dir/Core/Src/syscalls.c.obj
LOAD CMakeFiles/LED.elf.dir/Core/Src/sysmem.c.obj
LOAD CMakeFiles/LED.elf.dir/Core/Src/system_stm32f4xx.c.obj
LOAD CMakeFiles/LED.elf.dir/Core/Src/tim.c.obj
LOAD CMakeFiles/LED.elf.dir/Core/Src/usart.c.obj
LOAD CMakeFiles/LED.elf.dir/Core/Startup/startup_stm32f407ighx.s.obj
LOAD CMakeFiles/LED.elf.dir/Core/application/BMI088Middleware.c.obj
LOAD CMakeFiles/LED.elf.dir/Core/application/BMI088driver.c.obj
LOAD CMakeFiles/LED.elf.dir/Core/application/CAN_receive.c.obj
LOAD CMakeFiles/LED.elf.dir/Core/application/bsp_rc.c.obj
LOAD CMakeFiles/LED.elf.dir/Core/application/remote_control.c.obj
LOAD CMakeFiles/LED.elf.dir/Drivers/STM32F4xx_HAL_Driver/Src/stm32f4xx_hal.c.obj
LOAD CMakeFiles/LED.elf.dir/Drivers/STM32F4xx_HAL_Driver/Src/stm32f4xx_hal_can.c.obj
LOAD CMakeFiles/LED.elf.dir/Drivers/STM32F4xx_HAL_Driver/Src/stm32f4xx_hal_cortex.c.obj
LOAD CMakeFiles/LED.elf.dir/Drivers/STM32F4xx_HAL_Driver/Src/stm32f4xx_hal_dma.c.obj
LOAD CMakeFiles/LED.elf.dir/Drivers/STM32F4xx_HAL_Driver/Src/stm32f4xx_hal_dma_ex.c.obj
LOAD CMakeFiles/LED.elf.dir/Drivers/STM32F4xx_HAL_Driver/Src/stm32f4xx_hal_exti.c.obj
LOAD CMakeFiles/LED.elf.dir/Drivers/STM32F4xx_HAL_Driver/Src/stm32f4xx_hal_flash.c.obj
LOAD CMakeFiles/LED.elf.dir/Drivers/STM32F4xx_HAL_Driver/Src/stm32f4xx_hal_flash_ex.c.obj
LOAD CMakeFiles/LED.elf.dir/Drivers/STM32F4xx_HAL_Driver/Src/stm32f4xx_hal_flash_ramfunc.c.obj
LOAD CMakeFiles/LED.elf.dir/Drivers/STM32F4xx_HAL_Driver/Src/stm32f4xx_hal_gpio.c.obj
LOAD CMakeFiles/LED.elf.dir/Drivers/STM32F4xx_HAL_Driver/Src/stm32f4xx_hal_pwr.c.obj
LOAD CMakeFiles/LED.elf.dir/Drivers/STM32F4xx_HAL_Driver/Src/stm32f4xx_hal_pwr_ex.c.obj
LOAD CMakeFiles/LED.elf.dir/Drivers/STM32F4xx_HAL_Driver/Src/stm32f4xx_hal_rcc.c.obj
LOAD CMakeFiles/LED.elf.dir/Drivers/STM32F4xx_HAL_Driver/Src/stm32f4xx_hal_rcc_ex.c.obj
LOAD CMakeFiles/LED.elf.dir/Drivers/STM32F4xx_HAL_Driver/Src/stm32f4xx_hal_spi.c.obj
LOAD CMakeFiles/LED.elf.dir/Drivers/STM32F4xx_HAL_Driver/Src/stm32f4xx_hal_tim.c.obj
LOAD CMakeFiles/LED.elf.dir/Drivers/STM32F4xx_HAL_Driver/Src/stm32f4xx_hal_tim_ex.c.obj
LOAD CMakeFiles/LED.elf.dir/Drivers/STM32F4xx_HAL_Driver/Src/stm32f4xx_hal_uart.c.obj
START GROUP
LOAD D:/STM32/arm-none-eabi-gcc/bin/../lib/gcc/arm-none-eabi/14.2.1/thumb/v7e-m/nofp\libgcc.a
LOAD D:/STM32/arm-none-eabi-gcc/bin/../lib/gcc/arm-none-eabi/14.2.1/thumb/v7e-m/nofp\libg.a
LOAD D:/STM32/arm-none-eabi-gcc/bin/../lib/gcc/arm-none-eabi/14.2.1/thumb/v7e-m/nofp\libc.a
END GROUP
LOAD D:/STM32/arm-none-eabi-gcc/bin/../lib/gcc/arm-none-eabi/14.2.1/thumb/v7e-m/nofp/crtend.o
LOAD D:/STM32/arm-none-eabi-gcc/bin/../lib/gcc/arm-none-eabi/14.2.1/thumb/v7e-m/nofp/crtn.o
                0x20020000                        _estack = (ORIGIN (RAM) + LENGTH (RAM))
                0x00000200                        _Min_Heap_Size = 0x200
                0x00000400                        _Min_Stack_Size = 0x400

.isr_vector     0x08000000      0x188
                0x08000000                        . = ALIGN (0x4)
 *(.isr_vector)
 .isr_vector    0x08000000      0x188 CMakeFiles/LED.elf.dir/Core/Startup/startup_stm32f407ighx.s.obj
                0x08000000                g_pfnVectors
                0x08000188                        . = ALIGN (0x4)

.text           0x080001c0     0xcb38
                0x080001c0                        . = ALIGN (0x4)
 *(.text)
 .text          0x080001c0      0x378 D:/STM32/arm-none-eabi-gcc/bin/../lib/gcc/arm-none-eabi/14.2.1/thumb/v7e-m/nofp\libgcc.a(_arm_addsubdf3.o)
                0x080001c0                __aeabi_drsub
                0x080001c8                __aeabi_dsub
                0x080001c8                __subdf3
                0x080001cc                __aeabi_dadd
                0x080001cc                __adddf3
                0x08000444                __floatunsidf
                0x08000444                __aeabi_ui2d
                0x08000464                __floatsidf
                0x08000464                __aeabi_i2d
                0x08000488                __aeabi_f2d
                0x08000488                __extendsfdf2
                0x080004cc                __floatundidf
                0x080004cc                __aeabi_ul2d
                0x080004dc                __floatdidf
                0x080004dc                __aeabi_l2d
 .text          0x08000538      0x424 D:/STM32/arm-none-eabi-gcc/bin/../lib/gcc/arm-none-eabi/14.2.1/thumb/v7e-m/nofp\libgcc.a(_arm_muldivdf3.o)
                0x08000538                __aeabi_dmul
                0x08000538                __muldf3
                0x0800078c                __divdf3
                0x0800078c                __aeabi_ddiv
 .text          0x0800095c      0x21c D:/STM32/arm-none-eabi-gcc/bin/../lib/gcc/arm-none-eabi/14.2.1/thumb/v7e-m/nofp\libgcc.a(_arm_addsubsf3.o)
                0x0800095c                __aeabi_frsub
                0x08000964                __subsf3
                0x08000964                __aeabi_fsub
                0x08000968                __aeabi_fadd
                0x08000968                __addsf3
                0x08000ac8                __aeabi_ui2f
                0x08000ac8                __floatunsisf
                0x08000ad0                __aeabi_i2f
                0x08000ad0                __floatsisf
                0x08000aec                __aeabi_ul2f
                0x08000aec                __floatundisf
                0x08000afc                __aeabi_l2f
                0x08000afc                __floatdisf
 .text          0x08000b78      0x2a0 D:/STM32/arm-none-eabi-gcc/bin/../lib/gcc/arm-none-eabi/14.2.1/thumb/v7e-m/nofp\libgcc.a(_arm_muldivsf3.o)
                0x08000b78                __mulsf3
                0x08000b78                __aeabi_fmul
                0x08000ce0                __aeabi_fdiv
                0x08000ce0                __divsf3
 .text          0x08000e18       0xec D:/STM32/arm-none-eabi-gcc/bin/../lib/gcc/arm-none-eabi/14.2.1/thumb/v7e-m/nofp\libgcc.a(_arm_cmpsf2.o)
                0x08000e18                __gesf2
                0x08000e18                __gtsf2
                0x08000e20                __lesf2
                0x08000e20                __ltsf2
                0x08000e28                __nesf2
                0x08000e28                __eqsf2
                0x08000e28                __cmpsf2
                0x08000e88                __aeabi_cfrcmple
                0x08000e90                __aeabi_cfcmpeq
                0x08000e90                __aeabi_cfcmple
                0x08000ea0                __aeabi_fcmpeq
                0x08000eb4                __aeabi_fcmplt
                0x08000ec8                __aeabi_fcmple
                0x08000edc                __aeabi_fcmpge
                0x08000ef0                __aeabi_fcmpgt
 .text          0x08000f04       0x4c D:/STM32/arm-none-eabi-gcc/bin/../lib/gcc/arm-none-eabi/14.2.1/thumb/v7e-m/nofp\libgcc.a(_arm_fixsfsi.o)
                0x08000f04                __aeabi_f2iz
                0x08000f04                __fixsfsi
 .text          0x08000f50       0x40 D:/STM32/arm-none-eabi-gcc/bin/../lib/gcc/arm-none-eabi/14.2.1/thumb/v7e-m/nofp\libgcc.a(_arm_fixunssfsi.o)
                0x08000f50                __fixunssfsi
                0x08000f50                __aeabi_f2uiz
 .text          0x08000f90       0x30 D:/STM32/arm-none-eabi-gcc/bin/../lib/gcc/arm-none-eabi/14.2.1/thumb/v7e-m/nofp\libgcc.a(_aeabi_uldivmod.o)
                0x08000f90                __aeabi_uldivmod
 .text          0x08000fc0        0x4 D:/STM32/arm-none-eabi-gcc/bin/../lib/gcc/arm-none-eabi/14.2.1/thumb/v7e-m/nofp\libgcc.a(_dvmd_tls.o)
                0x08000fc0                __aeabi_idiv0
                0x08000fc0                __aeabi_ldiv0
 *fill*         0x08000fc4       0x3c 
 .text          0x08001000       0xd8 D:/STM32/arm-none-eabi-gcc/bin/../lib/gcc/arm-none-eabi/14.2.1/thumb/v7e-m/nofp\libg.a(libc_a-strlen.o)
                0x08001000                strlen
 *fill*         0x080010d8        0x8 
 .text          0x080010e0       0xa0 D:/STM32/arm-none-eabi-gcc/bin/../lib/gcc/arm-none-eabi/14.2.1/thumb/v7e-m/nofp\libg.a(libc_a-memchr.o)
                0x080010e0                memchr
 .text          0x08001180      0x134 D:/STM32/arm-none-eabi-gcc/bin/../lib/gcc/arm-none-eabi/14.2.1/thumb/v7e-m/nofp\libg.a(libc_a-memcpy.o)
                0x08001180                memcpy
 .text          0x080012b4      0x110 D:/STM32/arm-none-eabi-gcc/bin/../lib/gcc/arm-none-eabi/14.2.1/thumb/v7e-m/nofp\libgcc.a(_arm_cmpdf2.o)
                0x080012b4                __gtdf2
                0x080012b4                __gedf2
                0x080012bc                __ltdf2
                0x080012bc                __ledf2
                0x080012c4                __nedf2
                0x080012c4                __eqdf2
                0x080012c4                __cmpdf2
                0x08001340                __aeabi_cdrcmple
                0x08001350                __aeabi_cdcmpeq
                0x08001350                __aeabi_cdcmple
                0x08001360                __aeabi_dcmpeq
                0x08001374                __aeabi_dcmplt
                0x08001388                __aeabi_dcmple
                0x0800139c                __aeabi_dcmpge
                0x080013b0                __aeabi_dcmpgt
 .text          0x080013c4       0x2c D:/STM32/arm-none-eabi-gcc/bin/../lib/gcc/arm-none-eabi/14.2.1/thumb/v7e-m/nofp\libgcc.a(_arm_unorddf2.o)
                0x080013c4                __unorddf2
                0x080013c4                __aeabi_dcmpun
 .text          0x080013f0       0x50 D:/STM32/arm-none-eabi-gcc/bin/../lib/gcc/arm-none-eabi/14.2.1/thumb/v7e-m/nofp\libgcc.a(_arm_fixdfsi.o)
                0x080013f0                __aeabi_d2iz
                0x080013f0                __fixdfsi
 *(.text*)
 .text.deregister_tm_clones
                0x08001440       0x1c D:/STM32/arm-none-eabi-gcc/bin/../lib/gcc/arm-none-eabi/14.2.1/thumb/v7e-m/nofp/crtbegin.o
 .text.register_tm_clones
                0x0800145c       0x24 D:/STM32/arm-none-eabi-gcc/bin/../lib/gcc/arm-none-eabi/14.2.1/thumb/v7e-m/nofp/crtbegin.o
 .text.__do_global_dtors_aux
                0x08001480       0x28 D:/STM32/arm-none-eabi-gcc/bin/../lib/gcc/arm-none-eabi/14.2.1/thumb/v7e-m/nofp/crtbegin.o
 .text.frame_dummy
                0x080014a8       0x24 D:/STM32/arm-none-eabi-gcc/bin/../lib/gcc/arm-none-eabi/14.2.1/thumb/v7e-m/nofp/crtbegin.o
 .text.can_filter_init
                0x080014cc       0xac CMakeFiles/LED.elf.dir/Core/Src/bsp_can.c.obj
                0x080014cc                can_filter_init
 .text.MX_CAN1_Init
                0x08001578       0x40 CMakeFiles/LED.elf.dir/Core/Src/can.c.obj
                0x08001578                MX_CAN1_Init
 .text.MX_CAN2_Init
                0x080015b8       0x44 CMakeFiles/LED.elf.dir/Core/Src/can.c.obj
                0x080015b8                MX_CAN2_Init
 .text.HAL_CAN_MspInit
                0x080015fc      0x120 CMakeFiles/LED.elf.dir/Core/Src/can.c.obj
                0x080015fc                HAL_CAN_MspInit
 .text.MX_DMA_Init
                0x0800171c       0x78 CMakeFiles/LED.elf.dir/Core/Src/dma.c.obj
                0x0800171c                MX_DMA_Init
 .text.MX_GPIO_Init
                0x08001794      0x14c CMakeFiles/LED.elf.dir/Core/Src/gpio.c.obj
                0x08001794                MX_GPIO_Init
 .text.uart_queue_send
                0x080018e0       0x58 CMakeFiles/LED.elf.dir/Core/Src/main.c.obj
                0x080018e0                uart_queue_send
 .text.process_uart_queue
                0x08001938       0x60 CMakeFiles/LED.elf.dir/Core/Src/main.c.obj
                0x08001938                process_uart_queue
 .text.kalman_filter_accel
                0x08001998      0x25c CMakeFiles/LED.elf.dir/Core/Src/main.c.obj
                0x08001998                kalman_filter_accel
 .text.HAL_UART_TxCpltCallback
                0x08001bf4       0x1c CMakeFiles/LED.elf.dir/Core/Src/main.c.obj
                0x08001bf4                HAL_UART_TxCpltCallback
 .text.HAL_GPIO_EXTI_Callback
                0x08001c10       0x88 CMakeFiles/LED.elf.dir/Core/Src/main.c.obj
                0x08001c10                HAL_GPIO_EXTI_Callback
 .text.Error_Handler
                0x08001c98        0x4 CMakeFiles/LED.elf.dir/Core/Src/main.c.obj
                0x08001c98                Error_Handler
 .text.SystemClock_Config
                0x08001c9c       0xbc CMakeFiles/LED.elf.dir/Core/Src/main.c.obj
                0x08001c9c                SystemClock_Config
 .text.main     0x08001d58      0x568 CMakeFiles/LED.elf.dir/Core/Src/main.c.obj
                0x08001d58                main
 .text.pid_init
                0x080022c0       0x18 CMakeFiles/LED.elf.dir/Core/Src/pid.c.obj
                0x080022c0                pid_init
 .text.pid_calc
                0x080022d8       0xb8 CMakeFiles/LED.elf.dir/Core/Src/pid.c.obj
                0x080022d8                pid_calc
 .text.MX_SPI1_Init
                0x08002390       0x48 CMakeFiles/LED.elf.dir/Core/Src/spi.c.obj
                0x08002390                MX_SPI1_Init
 .text.HAL_SPI_MspInit
                0x080023d8      0x12c CMakeFiles/LED.elf.dir/Core/Src/spi.c.obj
                0x080023d8                HAL_SPI_MspInit
 .text.HAL_MspInit
                0x08002504       0x38 CMakeFiles/LED.elf.dir/Core/Src/stm32f4xx_hal_msp.c.obj
                0x08002504                HAL_MspInit
 .text.NMI_Handler
                0x0800253c        0x2 CMakeFiles/LED.elf.dir/Core/Src/stm32f4xx_it.c.obj
                0x0800253c                NMI_Handler
 .text.HardFault_Handler
                0x0800253e        0x2 CMakeFiles/LED.elf.dir/Core/Src/stm32f4xx_it.c.obj
                0x0800253e                HardFault_Handler
 .text.MemManage_Handler
                0x08002540        0x2 CMakeFiles/LED.elf.dir/Core/Src/stm32f4xx_it.c.obj
                0x08002540                MemManage_Handler
 .text.BusFault_Handler
                0x08002542        0x2 CMakeFiles/LED.elf.dir/Core/Src/stm32f4xx_it.c.obj
                0x08002542                BusFault_Handler
 .text.UsageFault_Handler
                0x08002544        0x2 CMakeFiles/LED.elf.dir/Core/Src/stm32f4xx_it.c.obj
                0x08002544                UsageFault_Handler
 .text.SVC_Handler
                0x08002546        0x2 CMakeFiles/LED.elf.dir/Core/Src/stm32f4xx_it.c.obj
                0x08002546                SVC_Handler
 .text.DebugMon_Handler
                0x08002548        0x2 CMakeFiles/LED.elf.dir/Core/Src/stm32f4xx_it.c.obj
                0x08002548                DebugMon_Handler
 .text.PendSV_Handler
                0x0800254a        0x2 CMakeFiles/LED.elf.dir/Core/Src/stm32f4xx_it.c.obj
                0x0800254a                PendSV_Handler
 .text.SysTick_Handler
                0x0800254c        0x8 CMakeFiles/LED.elf.dir/Core/Src/stm32f4xx_it.c.obj
                0x0800254c                SysTick_Handler
 .text.DMA1_Stream1_IRQHandler
                0x08002554       0x10 CMakeFiles/LED.elf.dir/Core/Src/stm32f4xx_it.c.obj
                0x08002554                DMA1_Stream1_IRQHandler
 .text.CAN1_RX0_IRQHandler
                0x08002564       0x10 CMakeFiles/LED.elf.dir/Core/Src/stm32f4xx_it.c.obj
                0x08002564                CAN1_RX0_IRQHandler
 .text.USART1_IRQHandler
                0x08002574       0x10 CMakeFiles/LED.elf.dir/Core/Src/stm32f4xx_it.c.obj
                0x08002574                USART1_IRQHandler
 .text.USART3_IRQHandler
                0x08002584       0x14 CMakeFiles/LED.elf.dir/Core/Src/stm32f4xx_it.c.obj
                0x08002584                USART3_IRQHandler
 .text.EXTI15_10_IRQHandler
                0x08002598        0xc CMakeFiles/LED.elf.dir/Core/Src/stm32f4xx_it.c.obj
                0x08002598                EXTI15_10_IRQHandler
 .text.DMA2_Stream2_IRQHandler
                0x080025a4       0x10 CMakeFiles/LED.elf.dir/Core/Src/stm32f4xx_it.c.obj
                0x080025a4                DMA2_Stream2_IRQHandler
 .text.DMA2_Stream3_IRQHandler
                0x080025b4       0x10 CMakeFiles/LED.elf.dir/Core/Src/stm32f4xx_it.c.obj
                0x080025b4                DMA2_Stream3_IRQHandler
 .text.CAN2_RX0_IRQHandler
                0x080025c4       0x10 CMakeFiles/LED.elf.dir/Core/Src/stm32f4xx_it.c.obj
                0x080025c4                CAN2_RX0_IRQHandler
 .text.DMA2_Stream7_IRQHandler
                0x080025d4       0x10 CMakeFiles/LED.elf.dir/Core/Src/stm32f4xx_it.c.obj
                0x080025d4                DMA2_Stream7_IRQHandler
 .text._getpid  0x080025e4        0x4 CMakeFiles/LED.elf.dir/Core/Src/syscalls.c.obj
                0x080025e4                _getpid
 .text._kill    0x080025e8       0x10 CMakeFiles/LED.elf.dir/Core/Src/syscalls.c.obj
                0x080025e8                _kill
 .text._exit    0x080025f8        0xc CMakeFiles/LED.elf.dir/Core/Src/syscalls.c.obj
                0x080025f8                _exit
 .text._read    0x08002604       0x20 CMakeFiles/LED.elf.dir/Core/Src/syscalls.c.obj
                0x08002604                _read
 .text._write   0x08002624       0x1c CMakeFiles/LED.elf.dir/Core/Src/syscalls.c.obj
                0x08002624                _write
 .text._close   0x08002640        0x6 CMakeFiles/LED.elf.dir/Core/Src/syscalls.c.obj
                0x08002640                _close
 .text._fstat   0x08002646        0xa CMakeFiles/LED.elf.dir/Core/Src/syscalls.c.obj
                0x08002646                _fstat
 .text._isatty  0x08002650        0x4 CMakeFiles/LED.elf.dir/Core/Src/syscalls.c.obj
                0x08002650                _isatty
 .text._lseek   0x08002654        0x4 CMakeFiles/LED.elf.dir/Core/Src/syscalls.c.obj
                0x08002654                _lseek
 .text._sbrk    0x08002658       0x48 CMakeFiles/LED.elf.dir/Core/Src/sysmem.c.obj
                0x08002658                _sbrk
 .text.SystemInit
                0x080026a0        0x2 CMakeFiles/LED.elf.dir/Core/Src/system_stm32f4xx.c.obj
                0x080026a0                SystemInit
 *fill*         0x080026a2        0x2 
 .text.HAL_TIM_Base_MspInit
                0x080026a4       0x30 CMakeFiles/LED.elf.dir/Core/Src/tim.c.obj
                0x080026a4                HAL_TIM_Base_MspInit
 .text.HAL_TIM_MspPostInit
                0x080026d4       0x5c CMakeFiles/LED.elf.dir/Core/Src/tim.c.obj
                0x080026d4                HAL_TIM_MspPostInit
 .text.MX_TIM10_Init
                0x08002730       0x74 CMakeFiles/LED.elf.dir/Core/Src/tim.c.obj
                0x08002730                MX_TIM10_Init
 .text.MX_USART1_UART_Init
                0x080027a4       0x34 CMakeFiles/LED.elf.dir/Core/Src/usart.c.obj
                0x080027a4                MX_USART1_UART_Init
 .text.MX_USART3_UART_Init
                0x080027d8       0x38 CMakeFiles/LED.elf.dir/Core/Src/usart.c.obj
                0x080027d8                MX_USART3_UART_Init
 .text.HAL_UART_MspInit
                0x08002810      0x1a4 CMakeFiles/LED.elf.dir/Core/Src/usart.c.obj
                0x08002810                HAL_UART_MspInit
 .text.Reset_Handler
                0x080029b4       0x50 CMakeFiles/LED.elf.dir/Core/Startup/startup_stm32f407ighx.s.obj
                0x080029b4                Reset_Handler
 .text.Default_Handler
                0x08002a04        0x2 CMakeFiles/LED.elf.dir/Core/Startup/startup_stm32f407ighx.s.obj
                0x08002a04                RTC_Alarm_IRQHandler
                0x08002a04                HASH_RNG_IRQHandler
                0x08002a04                EXTI2_IRQHandler
                0x08002a04                TIM8_CC_IRQHandler
                0x08002a04                TIM1_CC_IRQHandler
                0x08002a04                DMA2_Stream5_IRQHandler
                0x08002a04                DMA1_Stream5_IRQHandler
                0x08002a04                PVD_IRQHandler
                0x08002a04                SDIO_IRQHandler
                0x08002a04                TAMP_STAMP_IRQHandler
                0x08002a04                CAN2_RX1_IRQHandler
                0x08002a04                EXTI3_IRQHandler
                0x08002a04                TIM8_TRG_COM_TIM14_IRQHandler
                0x08002a04                TIM1_UP_TIM10_IRQHandler
                0x08002a04                TIM8_UP_TIM13_IRQHandler
                0x08002a04                I2C3_ER_IRQHandler
                0x08002a04                EXTI0_IRQHandler
                0x08002a04                I2C2_EV_IRQHandler
                0x08002a04                DMA1_Stream2_IRQHandler
                0x08002a04                FPU_IRQHandler
                0x08002a04                OTG_HS_WKUP_IRQHandler
                0x08002a04                CAN2_SCE_IRQHandler
                0x08002a04                SPI1_IRQHandler
                0x08002a04                TIM6_DAC_IRQHandler
                0x08002a04                TIM1_BRK_TIM9_IRQHandler
                0x08002a04                DCMI_IRQHandler
                0x08002a04                USART6_IRQHandler
                0x08002a04                CAN1_RX1_IRQHandler
                0x08002a04                UART5_IRQHandler
                0x08002a04                DMA2_Stream0_IRQHandler
                0x08002a04                TIM4_IRQHandler
                0x08002a04                I2C1_EV_IRQHandler
                0x08002a04                DMA1_Stream6_IRQHandler
                0x08002a04                UART4_IRQHandler
                0x08002a04                TIM3_IRQHandler
                0x08002a04                RCC_IRQHandler
                0x08002a04                TIM8_BRK_TIM12_IRQHandler
                0x08002a04                Default_Handler
                0x08002a04                ADC_IRQHandler
                0x08002a04                DMA1_Stream7_IRQHandler
                0x08002a04                TIM7_IRQHandler
                0x08002a04                CAN2_TX_IRQHandler
                0x08002a04                TIM5_IRQHandler
                0x08002a04                I2C3_EV_IRQHandler
                0x08002a04                EXTI9_5_IRQHandler
                0x08002a04                RTC_WKUP_IRQHandler
                0x08002a04                ETH_WKUP_IRQHandler
                0x08002a04                SPI2_IRQHandler
                0x08002a04                OTG_HS_EP1_IN_IRQHandler
                0x08002a04                DMA1_Stream0_IRQHandler
                0x08002a04                CAN1_TX_IRQHandler
                0x08002a04                EXTI4_IRQHandler
                0x08002a04                FSMC_IRQHandler
                0x08002a04                ETH_IRQHandler
                0x08002a04                OTG_HS_EP1_OUT_IRQHandler
                0x08002a04                WWDG_IRQHandler
                0x08002a04                TIM2_IRQHandler
                0x08002a04                OTG_FS_WKUP_IRQHandler
                0x08002a04                TIM1_TRG_COM_TIM11_IRQHandler
                0x08002a04                OTG_HS_IRQHandler
                0x08002a04                EXTI1_IRQHandler
                0x08002a04                USART2_IRQHandler
                0x08002a04                I2C2_ER_IRQHandler
                0x08002a04                DMA2_Stream1_IRQHandler
                0x08002a04                CAN1_SCE_IRQHandler
                0x08002a04                FLASH_IRQHandler
                0x08002a04                DMA2_Stream4_IRQHandler
                0x08002a04                OTG_FS_IRQHandler
                0x08002a04                SPI3_IRQHandler
                0x08002a04                DMA1_Stream4_IRQHandler
                0x08002a04                I2C1_ER_IRQHandler
                0x08002a04                DMA2_Stream6_IRQHandler
                0x08002a04                DMA1_Stream3_IRQHandler
 .text.BMI088_GPIO_init
                0x08002a06        0x2 CMakeFiles/LED.elf.dir/Core/application/BMI088Middleware.c.obj
                0x08002a06                BMI088_GPIO_init
 .text.BMI088_com_init
                0x08002a08        0x2 CMakeFiles/LED.elf.dir/Core/application/BMI088Middleware.c.obj
                0x08002a08                BMI088_com_init
 .text.BMI088_delay_us
                0x08002a0a       0x36 CMakeFiles/LED.elf.dir/Core/application/BMI088Middleware.c.obj
                0x08002a0a                BMI088_delay_us
 .text.BMI088_delay_ms
                0x08002a40       0x18 CMakeFiles/LED.elf.dir/Core/application/BMI088Middleware.c.obj
                0x08002a40                BMI088_delay_ms
 .text.BMI088_ACCEL_NS_L
                0x08002a58       0x14 CMakeFiles/LED.elf.dir/Core/application/BMI088Middleware.c.obj
                0x08002a58                BMI088_ACCEL_NS_L
 .text.BMI088_ACCEL_NS_H
                0x08002a6c       0x14 CMakeFiles/LED.elf.dir/Core/application/BMI088Middleware.c.obj
                0x08002a6c                BMI088_ACCEL_NS_H
 .text.BMI088_GYRO_NS_L
                0x08002a80       0x14 CMakeFiles/LED.elf.dir/Core/application/BMI088Middleware.c.obj
                0x08002a80                BMI088_GYRO_NS_L
 .text.BMI088_GYRO_NS_H
                0x08002a94       0x14 CMakeFiles/LED.elf.dir/Core/application/BMI088Middleware.c.obj
                0x08002a94                BMI088_GYRO_NS_H
 .text.BMI088_read_write_byte
                0x08002aa8       0x2c CMakeFiles/LED.elf.dir/Core/application/BMI088Middleware.c.obj
                0x08002aa8                BMI088_read_write_byte
 .text.BMI088_write_single_reg
                0x08002ad4       0x10 CMakeFiles/LED.elf.dir/Core/application/BMI088driver.c.obj
 .text.BMI088_read_single_reg
                0x08002ae4       0x16 CMakeFiles/LED.elf.dir/Core/application/BMI088driver.c.obj
 .text.BMI088_read_muli_reg
                0x08002afa       0x24 CMakeFiles/LED.elf.dir/Core/application/BMI088driver.c.obj
 *fill*         0x08002b1e        0x2 
 .text.bmi088_accel_init
                0x08002b20      0x10c CMakeFiles/LED.elf.dir/Core/application/BMI088driver.c.obj
                0x08002b20                bmi088_accel_init
 .text.bmi088_gyro_init
                0x08002c2c       0xec CMakeFiles/LED.elf.dir/Core/application/BMI088driver.c.obj
                0x08002c2c                bmi088_gyro_init
 .text.BMI088_init
                0x08002d18       0x1a CMakeFiles/LED.elf.dir/Core/application/BMI088driver.c.obj
                0x08002d18                BMI088_init
 *fill*         0x08002d32        0x2 
 .text.BMI088_read
                0x08002d34      0x148 CMakeFiles/LED.elf.dir/Core/application/BMI088driver.c.obj
                0x08002d34                BMI088_read
 .text.constrain
                0x08002e7c       0x24 CMakeFiles/LED.elf.dir/Core/application/CAN_receive.c.obj
 .text.uint_to_float
                0x08002ea0       0x38 CMakeFiles/LED.elf.dir/Core/application/CAN_receive.c.obj
 .text.float_to_uint
                0x08002ed8       0x38 CMakeFiles/LED.elf.dir/Core/application/CAN_receive.c.obj
 .text.CAN_cmd_chassis
                0x08002f10       0x54 CMakeFiles/LED.elf.dir/Core/application/CAN_receive.c.obj
                0x08002f10                CAN_cmd_chassis
 .text.get_chassis_motor_measure_point
                0x08002f64       0x14 CMakeFiles/LED.elf.dir/Core/application/CAN_receive.c.obj
                0x08002f64                get_chassis_motor_measure_point
 .text.MD4340_motor_PID_Control
                0x08002f78       0x64 CMakeFiles/LED.elf.dir/Core/application/CAN_receive.c.obj
                0x08002f78                MD4340_motor_PID_Control
 .text.MD_CanReceive
                0x08002fdc      0x130 CMakeFiles/LED.elf.dir/Core/application/CAN_receive.c.obj
                0x08002fdc                MD_CanReceive
 .text.HAL_CAN_RxFifo0MsgPendingCallback
                0x0800310c      0x148 CMakeFiles/LED.elf.dir/Core/application/CAN_receive.c.obj
                0x0800310c                HAL_CAN_RxFifo0MsgPendingCallback
 .text.CAN_cmd_motor_set_zero
                0x08003254       0x3c CMakeFiles/LED.elf.dir/Core/application/CAN_receive.c.obj
                0x08003254                CAN_cmd_motor_set_zero
 .text.CAN_cmd_motor_control
                0x08003290       0xd8 CMakeFiles/LED.elf.dir/Core/application/CAN_receive.c.obj
                0x08003290                CAN_cmd_motor_control
 .text.DM4340_Control_Init
                0x08003368       0x38 CMakeFiles/LED.elf.dir/Core/application/CAN_receive.c.obj
                0x08003368                DM4340_Control_Init
 .text.DM4340_Set_Target_Angle
                0x080033a0       0x18 CMakeFiles/LED.elf.dir/Core/application/CAN_receive.c.obj
                0x080033a0                DM4340_Set_Target_Angle
 .text.DM4340_Control_Loop
                0x080033b8       0x98 CMakeFiles/LED.elf.dir/Core/application/CAN_receive.c.obj
                0x080033b8                DM4340_Control_Loop
 .text.RC_init  0x08003450       0x68 CMakeFiles/LED.elf.dir/Core/application/bsp_rc.c.obj
                0x08003450                RC_init
 .text.sbus_to_rc
                0x080034b8       0xde CMakeFiles/LED.elf.dir/Core/application/remote_control.c.obj
 *fill*         0x08003596        0x2 
 .text.remote_control_init
                0x08003598       0x14 CMakeFiles/LED.elf.dir/Core/application/remote_control.c.obj
                0x08003598                remote_control_init
 .text.get_remote_control_point
                0x080035ac        0x8 CMakeFiles/LED.elf.dir/Core/application/remote_control.c.obj
                0x080035ac                get_remote_control_point
 .text.remote_control_uart3_handler
                0x080035b4       0xe4 CMakeFiles/LED.elf.dir/Core/application/remote_control.c.obj
                0x080035b4                remote_control_uart3_handler
 .text.HAL_InitTick
                0x08003698       0x4c CMakeFiles/LED.elf.dir/Drivers/STM32F4xx_HAL_Driver/Src/stm32f4xx_hal.c.obj
                0x08003698                HAL_InitTick
 .text.HAL_Init
                0x080036e4       0x34 CMakeFiles/LED.elf.dir/Drivers/STM32F4xx_HAL_Driver/Src/stm32f4xx_hal.c.obj
                0x080036e4                HAL_Init
 .text.HAL_IncTick
                0x08003718       0x18 CMakeFiles/LED.elf.dir/Drivers/STM32F4xx_HAL_Driver/Src/stm32f4xx_hal.c.obj
                0x08003718                HAL_IncTick
 .text.HAL_GetTick
                0x08003730        0xc CMakeFiles/LED.elf.dir/Drivers/STM32F4xx_HAL_Driver/Src/stm32f4xx_hal.c.obj
                0x08003730                HAL_GetTick
 .text.HAL_CAN_Init
                0x0800373c      0x14c CMakeFiles/LED.elf.dir/Drivers/STM32F4xx_HAL_Driver/Src/stm32f4xx_hal_can.c.obj
                0x0800373c                HAL_CAN_Init
 .text.HAL_CAN_ConfigFilter
                0x08003888      0x13c CMakeFiles/LED.elf.dir/Drivers/STM32F4xx_HAL_Driver/Src/stm32f4xx_hal_can.c.obj
                0x08003888                HAL_CAN_ConfigFilter
 .text.HAL_CAN_Start
                0x080039c4       0x5c CMakeFiles/LED.elf.dir/Drivers/STM32F4xx_HAL_Driver/Src/stm32f4xx_hal_can.c.obj
                0x080039c4                HAL_CAN_Start
 .text.HAL_CAN_AddTxMessage
                0x08003a20       0xea CMakeFiles/LED.elf.dir/Drivers/STM32F4xx_HAL_Driver/Src/stm32f4xx_hal_can.c.obj
                0x08003a20                HAL_CAN_AddTxMessage
 .text.HAL_CAN_GetRxMessage
                0x08003b0a      0x16a CMakeFiles/LED.elf.dir/Drivers/STM32F4xx_HAL_Driver/Src/stm32f4xx_hal_can.c.obj
                0x08003b0a                HAL_CAN_GetRxMessage
 .text.HAL_CAN_ActivateNotification
                0x08003c74       0x24 CMakeFiles/LED.elf.dir/Drivers/STM32F4xx_HAL_Driver/Src/stm32f4xx_hal_can.c.obj
                0x08003c74                HAL_CAN_ActivateNotification
 .text.HAL_CAN_TxMailbox0CompleteCallback
                0x08003c98        0x2 CMakeFiles/LED.elf.dir/Drivers/STM32F4xx_HAL_Driver/Src/stm32f4xx_hal_can.c.obj
                0x08003c98                HAL_CAN_TxMailbox0CompleteCallback
 .text.HAL_CAN_TxMailbox1CompleteCallback
                0x08003c9a        0x2 CMakeFiles/LED.elf.dir/Drivers/STM32F4xx_HAL_Driver/Src/stm32f4xx_hal_can.c.obj
                0x08003c9a                HAL_CAN_TxMailbox1CompleteCallback
 .text.HAL_CAN_TxMailbox2CompleteCallback
                0x08003c9c        0x2 CMakeFiles/LED.elf.dir/Drivers/STM32F4xx_HAL_Driver/Src/stm32f4xx_hal_can.c.obj
                0x08003c9c                HAL_CAN_TxMailbox2CompleteCallback
 .text.HAL_CAN_TxMailbox0AbortCallback
                0x08003c9e        0x2 CMakeFiles/LED.elf.dir/Drivers/STM32F4xx_HAL_Driver/Src/stm32f4xx_hal_can.c.obj
                0x08003c9e                HAL_CAN_TxMailbox0AbortCallback
 .text.HAL_CAN_TxMailbox1AbortCallback
                0x08003ca0        0x2 CMakeFiles/LED.elf.dir/Drivers/STM32F4xx_HAL_Driver/Src/stm32f4xx_hal_can.c.obj
                0x08003ca0                HAL_CAN_TxMailbox1AbortCallback
 .text.HAL_CAN_TxMailbox2AbortCallback
                0x08003ca2        0x2 CMakeFiles/LED.elf.dir/Drivers/STM32F4xx_HAL_Driver/Src/stm32f4xx_hal_can.c.obj
                0x08003ca2                HAL_CAN_TxMailbox2AbortCallback
 .text.HAL_CAN_RxFifo0FullCallback
                0x08003ca4        0x2 CMakeFiles/LED.elf.dir/Drivers/STM32F4xx_HAL_Driver/Src/stm32f4xx_hal_can.c.obj
                0x08003ca4                HAL_CAN_RxFifo0FullCallback
 .text.HAL_CAN_RxFifo1MsgPendingCallback
                0x08003ca6        0x2 CMakeFiles/LED.elf.dir/Drivers/STM32F4xx_HAL_Driver/Src/stm32f4xx_hal_can.c.obj
                0x08003ca6                HAL_CAN_RxFifo1MsgPendingCallback
 .text.HAL_CAN_RxFifo1FullCallback
                0x08003ca8        0x2 CMakeFiles/LED.elf.dir/Drivers/STM32F4xx_HAL_Driver/Src/stm32f4xx_hal_can.c.obj
                0x08003ca8                HAL_CAN_RxFifo1FullCallback
 .text.HAL_CAN_SleepCallback
                0x08003caa        0x2 CMakeFiles/LED.elf.dir/Drivers/STM32F4xx_HAL_Driver/Src/stm32f4xx_hal_can.c.obj
                0x08003caa                HAL_CAN_SleepCallback
 .text.HAL_CAN_WakeUpFromRxMsgCallback
                0x08003cac        0x2 CMakeFiles/LED.elf.dir/Drivers/STM32F4xx_HAL_Driver/Src/stm32f4xx_hal_can.c.obj
                0x08003cac                HAL_CAN_WakeUpFromRxMsgCallback
 .text.HAL_CAN_ErrorCallback
                0x08003cae        0x2 CMakeFiles/LED.elf.dir/Drivers/STM32F4xx_HAL_Driver/Src/stm32f4xx_hal_can.c.obj
                0x08003cae                HAL_CAN_ErrorCallback
 .text.HAL_CAN_IRQHandler
                0x08003cb0      0x250 CMakeFiles/LED.elf.dir/Drivers/STM32F4xx_HAL_Driver/Src/stm32f4xx_hal_can.c.obj
                0x08003cb0                HAL_CAN_IRQHandler
 .text.__NVIC_EnableIRQ
                0x08003f00       0x1c CMakeFiles/LED.elf.dir/Drivers/STM32F4xx_HAL_Driver/Src/stm32f4xx_hal_cortex.c.obj
 .text.__NVIC_SetPriority
                0x08003f1c       0x28 CMakeFiles/LED.elf.dir/Drivers/STM32F4xx_HAL_Driver/Src/stm32f4xx_hal_cortex.c.obj
 .text.NVIC_EncodePriority
                0x08003f44       0x3e CMakeFiles/LED.elf.dir/Drivers/STM32F4xx_HAL_Driver/Src/stm32f4xx_hal_cortex.c.obj
 *fill*         0x08003f82        0x2 
 .text.HAL_NVIC_SetPriorityGrouping
                0x08003f84       0x24 CMakeFiles/LED.elf.dir/Drivers/STM32F4xx_HAL_Driver/Src/stm32f4xx_hal_cortex.c.obj
                0x08003f84                HAL_NVIC_SetPriorityGrouping
 .text.HAL_NVIC_SetPriority
                0x08003fa8       0x20 CMakeFiles/LED.elf.dir/Drivers/STM32F4xx_HAL_Driver/Src/stm32f4xx_hal_cortex.c.obj
                0x08003fa8                HAL_NVIC_SetPriority
 .text.HAL_NVIC_EnableIRQ
                0x08003fc8        0x8 CMakeFiles/LED.elf.dir/Drivers/STM32F4xx_HAL_Driver/Src/stm32f4xx_hal_cortex.c.obj
                0x08003fc8                HAL_NVIC_EnableIRQ
 .text.HAL_SYSTICK_Config
                0x08003fd0       0x28 CMakeFiles/LED.elf.dir/Drivers/STM32F4xx_HAL_Driver/Src/stm32f4xx_hal_cortex.c.obj
                0x08003fd0                HAL_SYSTICK_Config
 .text.DMA_SetConfig
                0x08003ff8       0x2c CMakeFiles/LED.elf.dir/Drivers/STM32F4xx_HAL_Driver/Src/stm32f4xx_hal_dma.c.obj
 .text.DMA_CalcBaseAndBitshift
                0x08004024       0x38 CMakeFiles/LED.elf.dir/Drivers/STM32F4xx_HAL_Driver/Src/stm32f4xx_hal_dma.c.obj
 .text.DMA_CheckFifoParam
                0x0800405c       0x8e CMakeFiles/LED.elf.dir/Drivers/STM32F4xx_HAL_Driver/Src/stm32f4xx_hal_dma.c.obj
 *fill*         0x080040ea        0x2 
 .text.HAL_DMA_Init
                0x080040ec       0xcc CMakeFiles/LED.elf.dir/Drivers/STM32F4xx_HAL_Driver/Src/stm32f4xx_hal_dma.c.obj
                0x080040ec                HAL_DMA_Init
 .text.HAL_DMA_Start_IT
                0x080041b8       0x68 CMakeFiles/LED.elf.dir/Drivers/STM32F4xx_HAL_Driver/Src/stm32f4xx_hal_dma.c.obj
                0x080041b8                HAL_DMA_Start_IT
 .text.HAL_DMA_Abort
                0x08004220       0x92 CMakeFiles/LED.elf.dir/Drivers/STM32F4xx_HAL_Driver/Src/stm32f4xx_hal_dma.c.obj
                0x08004220                HAL_DMA_Abort
 .text.HAL_DMA_Abort_IT
                0x080042b2       0x24 CMakeFiles/LED.elf.dir/Drivers/STM32F4xx_HAL_Driver/Src/stm32f4xx_hal_dma.c.obj
                0x080042b2                HAL_DMA_Abort_IT
 *fill*         0x080042d6        0x2 
 .text.HAL_DMA_IRQHandler
                0x080042d8      0x1dc CMakeFiles/LED.elf.dir/Drivers/STM32F4xx_HAL_Driver/Src/stm32f4xx_hal_dma.c.obj
                0x080042d8                HAL_DMA_IRQHandler
 .text.HAL_GPIO_Init
                0x080044b4      0x1f4 CMakeFiles/LED.elf.dir/Drivers/STM32F4xx_HAL_Driver/Src/stm32f4xx_hal_gpio.c.obj
                0x080044b4                HAL_GPIO_Init
 .text.HAL_GPIO_ReadPin
                0x080046a8        0xe CMakeFiles/LED.elf.dir/Drivers/STM32F4xx_HAL_Driver/Src/stm32f4xx_hal_gpio.c.obj
                0x080046a8                HAL_GPIO_ReadPin
 .text.HAL_GPIO_WritePin
                0x080046b6        0xc CMakeFiles/LED.elf.dir/Drivers/STM32F4xx_HAL_Driver/Src/stm32f4xx_hal_gpio.c.obj
                0x080046b6                HAL_GPIO_WritePin
 .text.HAL_GPIO_TogglePin
                0x080046c2       0x12 CMakeFiles/LED.elf.dir/Drivers/STM32F4xx_HAL_Driver/Src/stm32f4xx_hal_gpio.c.obj
                0x080046c2                HAL_GPIO_TogglePin
 .text.HAL_GPIO_EXTI_IRQHandler
                0x080046d4       0x1c CMakeFiles/LED.elf.dir/Drivers/STM32F4xx_HAL_Driver/Src/stm32f4xx_hal_gpio.c.obj
                0x080046d4                HAL_GPIO_EXTI_IRQHandler
 .text.HAL_RCC_OscConfig
                0x080046f0      0x3f8 CMakeFiles/LED.elf.dir/Drivers/STM32F4xx_HAL_Driver/Src/stm32f4xx_hal_rcc.c.obj
                0x080046f0                HAL_RCC_OscConfig
 .text.HAL_RCC_GetSysClockFreq
                0x08004ae8       0xa8 CMakeFiles/LED.elf.dir/Drivers/STM32F4xx_HAL_Driver/Src/stm32f4xx_hal_rcc.c.obj
                0x08004ae8                HAL_RCC_GetSysClockFreq
 .text.HAL_RCC_ClockConfig
                0x08004b90      0x160 CMakeFiles/LED.elf.dir/Drivers/STM32F4xx_HAL_Driver/Src/stm32f4xx_hal_rcc.c.obj
                0x08004b90                HAL_RCC_ClockConfig
 .text.HAL_RCC_GetHCLKFreq
                0x08004cf0        0xc CMakeFiles/LED.elf.dir/Drivers/STM32F4xx_HAL_Driver/Src/stm32f4xx_hal_rcc.c.obj
                0x08004cf0                HAL_RCC_GetHCLKFreq
 .text.HAL_RCC_GetPCLK1Freq
                0x08004cfc       0x20 CMakeFiles/LED.elf.dir/Drivers/STM32F4xx_HAL_Driver/Src/stm32f4xx_hal_rcc.c.obj
                0x08004cfc                HAL_RCC_GetPCLK1Freq
 .text.HAL_RCC_GetPCLK2Freq
                0x08004d1c       0x20 CMakeFiles/LED.elf.dir/Drivers/STM32F4xx_HAL_Driver/Src/stm32f4xx_hal_rcc.c.obj
                0x08004d1c                HAL_RCC_GetPCLK2Freq
 .text.SPI_WaitFlagStateUntilTimeout
                0x08004d3c       0xc8 CMakeFiles/LED.elf.dir/Drivers/STM32F4xx_HAL_Driver/Src/stm32f4xx_hal_spi.c.obj
 .text.SPI_EndRxTxTransaction
                0x08004e04       0x80 CMakeFiles/LED.elf.dir/Drivers/STM32F4xx_HAL_Driver/Src/stm32f4xx_hal_spi.c.obj
 .text.HAL_SPI_Init
                0x08004e84       0xbe CMakeFiles/LED.elf.dir/Drivers/STM32F4xx_HAL_Driver/Src/stm32f4xx_hal_spi.c.obj
                0x08004e84                HAL_SPI_Init
 .text.HAL_SPI_TransmitReceive
                0x08004f42      0x252 CMakeFiles/LED.elf.dir/Drivers/STM32F4xx_HAL_Driver/Src/stm32f4xx_hal_spi.c.obj
                0x08004f42                HAL_SPI_TransmitReceive
 .text.TIM_OC1_SetConfig
                0x08005194       0x70 CMakeFiles/LED.elf.dir/Drivers/STM32F4xx_HAL_Driver/Src/stm32f4xx_hal_tim.c.obj
 .text.TIM_OC3_SetConfig
                0x08005204       0x70 CMakeFiles/LED.elf.dir/Drivers/STM32F4xx_HAL_Driver/Src/stm32f4xx_hal_tim.c.obj
 .text.TIM_OC4_SetConfig
                0x08005274       0x50 CMakeFiles/LED.elf.dir/Drivers/STM32F4xx_HAL_Driver/Src/stm32f4xx_hal_tim.c.obj
 .text.HAL_TIM_PWM_MspInit
                0x080052c4        0x2 CMakeFiles/LED.elf.dir/Drivers/STM32F4xx_HAL_Driver/Src/stm32f4xx_hal_tim.c.obj
                0x080052c4                HAL_TIM_PWM_MspInit
 *fill*         0x080052c6        0x2 
 .text.TIM_Base_SetConfig
                0x080052c8       0xd8 CMakeFiles/LED.elf.dir/Drivers/STM32F4xx_HAL_Driver/Src/stm32f4xx_hal_tim.c.obj
                0x080052c8                TIM_Base_SetConfig
 .text.HAL_TIM_Base_Init
                0x080053a0       0x58 CMakeFiles/LED.elf.dir/Drivers/STM32F4xx_HAL_Driver/Src/stm32f4xx_hal_tim.c.obj
                0x080053a0                HAL_TIM_Base_Init
 .text.HAL_TIM_PWM_Init
                0x080053f8       0x58 CMakeFiles/LED.elf.dir/Drivers/STM32F4xx_HAL_Driver/Src/stm32f4xx_hal_tim.c.obj
                0x080053f8                HAL_TIM_PWM_Init
 .text.TIM_OC2_SetConfig
                0x08005450       0x70 CMakeFiles/LED.elf.dir/Drivers/STM32F4xx_HAL_Driver/Src/stm32f4xx_hal_tim.c.obj
                0x08005450                TIM_OC2_SetConfig
 .text.HAL_TIM_PWM_ConfigChannel
                0x080054c0       0xdc CMakeFiles/LED.elf.dir/Drivers/STM32F4xx_HAL_Driver/Src/stm32f4xx_hal_tim.c.obj
                0x080054c0                HAL_TIM_PWM_ConfigChannel
 .text.UART_EndTxTransfer
                0x0800559c       0x20 CMakeFiles/LED.elf.dir/Drivers/STM32F4xx_HAL_Driver/Src/stm32f4xx_hal_uart.c.obj
 .text.UART_EndRxTransfer
                0x080055bc       0x5c CMakeFiles/LED.elf.dir/Drivers/STM32F4xx_HAL_Driver/Src/stm32f4xx_hal_uart.c.obj
 .text.UART_Transmit_IT
                0x08005618       0x5e CMakeFiles/LED.elf.dir/Drivers/STM32F4xx_HAL_Driver/Src/stm32f4xx_hal_uart.c.obj
 *fill*         0x08005676        0x2 
 .text.UART_SetConfig
                0x08005678      0x110 CMakeFiles/LED.elf.dir/Drivers/STM32F4xx_HAL_Driver/Src/stm32f4xx_hal_uart.c.obj
 .text.HAL_UART_Init
                0x08005788       0x60 CMakeFiles/LED.elf.dir/Drivers/STM32F4xx_HAL_Driver/Src/stm32f4xx_hal_uart.c.obj
                0x08005788                HAL_UART_Init
 .text.HAL_UART_Transmit_DMA
                0x080057e8       0x80 CMakeFiles/LED.elf.dir/Drivers/STM32F4xx_HAL_Driver/Src/stm32f4xx_hal_uart.c.obj
                0x080057e8                HAL_UART_Transmit_DMA
 .text.UART_DMATransmitCplt
                0x08005868       0x4c CMakeFiles/LED.elf.dir/Drivers/STM32F4xx_HAL_Driver/Src/stm32f4xx_hal_uart.c.obj
 .text.UART_EndTransmit_IT
                0x080058b4       0x1a CMakeFiles/LED.elf.dir/Drivers/STM32F4xx_HAL_Driver/Src/stm32f4xx_hal_uart.c.obj
 .text.HAL_UART_TxHalfCpltCallback
                0x080058ce        0x2 CMakeFiles/LED.elf.dir/Drivers/STM32F4xx_HAL_Driver/Src/stm32f4xx_hal_uart.c.obj
                0x080058ce                HAL_UART_TxHalfCpltCallback
 .text.UART_DMATxHalfCplt
                0x080058d0        0xa CMakeFiles/LED.elf.dir/Drivers/STM32F4xx_HAL_Driver/Src/stm32f4xx_hal_uart.c.obj
 .text.HAL_UART_RxCpltCallback
                0x080058da        0x2 CMakeFiles/LED.elf.dir/Drivers/STM32F4xx_HAL_Driver/Src/stm32f4xx_hal_uart.c.obj
                0x080058da                HAL_UART_RxCpltCallback
 .text.HAL_UART_ErrorCallback
                0x080058dc        0x2 CMakeFiles/LED.elf.dir/Drivers/STM32F4xx_HAL_Driver/Src/stm32f4xx_hal_uart.c.obj
                0x080058dc                HAL_UART_ErrorCallback
 .text.UART_DMAError
                0x080058de       0x54 CMakeFiles/LED.elf.dir/Drivers/STM32F4xx_HAL_Driver/Src/stm32f4xx_hal_uart.c.obj
 .text.UART_DMAAbortOnError
                0x08005932       0x10 CMakeFiles/LED.elf.dir/Drivers/STM32F4xx_HAL_Driver/Src/stm32f4xx_hal_uart.c.obj
 .text.HAL_UARTEx_RxEventCallback
                0x08005942        0x2 CMakeFiles/LED.elf.dir/Drivers/STM32F4xx_HAL_Driver/Src/stm32f4xx_hal_uart.c.obj
                0x08005942                HAL_UARTEx_RxEventCallback
 .text.UART_Receive_IT
                0x08005944       0xe4 CMakeFiles/LED.elf.dir/Drivers/STM32F4xx_HAL_Driver/Src/stm32f4xx_hal_uart.c.obj
 .text.HAL_UART_IRQHandler
                0x08005a28      0x284 CMakeFiles/LED.elf.dir/Drivers/STM32F4xx_HAL_Driver/Src/stm32f4xx_hal_uart.c.obj
                0x08005a28                HAL_UART_IRQHandler
 .text.__udivmoddi4
                0x08005cac      0x2f8 D:/STM32/arm-none-eabi-gcc/bin/../lib/gcc/arm-none-eabi/14.2.1/thumb/v7e-m/nofp\libgcc.a(_udivmoddi4.o)
                0x08005cac                __udivmoddi4
 .text.stdio_exit_handler
                0x08005fa4       0x18 D:/STM32/arm-none-eabi-gcc/bin/../lib/gcc/arm-none-eabi/14.2.1/thumb/v7e-m/nofp\libg.a(libc_a-findfp.o)
 .text.cleanup_stdio
                0x08005fbc       0x40 D:/STM32/arm-none-eabi-gcc/bin/../lib/gcc/arm-none-eabi/14.2.1/thumb/v7e-m/nofp\libg.a(libc_a-findfp.o)
 .text.global_stdio_init.part.0
                0x08005ffc       0xf0 D:/STM32/arm-none-eabi-gcc/bin/../lib/gcc/arm-none-eabi/14.2.1/thumb/v7e-m/nofp\libg.a(libc_a-findfp.o)
 .text.__sinit  0x080060ec       0x3c D:/STM32/arm-none-eabi-gcc/bin/../lib/gcc/arm-none-eabi/14.2.1/thumb/v7e-m/nofp\libg.a(libc_a-findfp.o)
                0x080060ec                __sinit
 .text.__sfp_lock_acquire
                0x08006128        0xc D:/STM32/arm-none-eabi-gcc/bin/../lib/gcc/arm-none-eabi/14.2.1/thumb/v7e-m/nofp\libg.a(libc_a-findfp.o)
                0x08006128                __sfp_lock_acquire
 .text.__sfp_lock_release
                0x08006134        0xc D:/STM32/arm-none-eabi-gcc/bin/../lib/gcc/arm-none-eabi/14.2.1/thumb/v7e-m/nofp\libg.a(libc_a-findfp.o)
                0x08006134                __sfp_lock_release
 .text._fwalk_sglue
                0x08006140       0x44 D:/STM32/arm-none-eabi-gcc/bin/../lib/gcc/arm-none-eabi/14.2.1/thumb/v7e-m/nofp\libg.a(libc_a-fwalk.o)
                0x08006140                _fwalk_sglue
 .text.snprintf
                0x08006184       0x90 D:/STM32/arm-none-eabi-gcc/bin/../lib/gcc/arm-none-eabi/14.2.1/thumb/v7e-m/nofp\libg.a(libc_a-snprintf.o)
                0x08006184                snprintf
 .text.sprintf  0x08006214       0x44 D:/STM32/arm-none-eabi-gcc/bin/../lib/gcc/arm-none-eabi/14.2.1/thumb/v7e-m/nofp\libg.a(libc_a-sprintf.o)
                0x08006214                sprintf
 .text.__sread  0x08006258       0x24 D:/STM32/arm-none-eabi-gcc/bin/../lib/gcc/arm-none-eabi/14.2.1/thumb/v7e-m/nofp\libg.a(libc_a-stdio.o)
                0x08006258                __sread
 .text.__swrite
                0x0800627c       0x40 D:/STM32/arm-none-eabi-gcc/bin/../lib/gcc/arm-none-eabi/14.2.1/thumb/v7e-m/nofp\libg.a(libc_a-stdio.o)
                0x0800627c                __swrite
 .text.__sseek  0x080062bc       0x24 D:/STM32/arm-none-eabi-gcc/bin/../lib/gcc/arm-none-eabi/14.2.1/thumb/v7e-m/nofp\libg.a(libc_a-stdio.o)
                0x080062bc                __sseek
 .text.__sclose
                0x080062e0        0x8 D:/STM32/arm-none-eabi-gcc/bin/../lib/gcc/arm-none-eabi/14.2.1/thumb/v7e-m/nofp\libg.a(libc_a-stdio.o)
                0x080062e0                __sclose
 .text.memset   0x080062e8       0x9c D:/STM32/arm-none-eabi-gcc/bin/../lib/gcc/arm-none-eabi/14.2.1/thumb/v7e-m/nofp\libg.a(libc_a-memset.o)
                0x080062e8                memset
 .text.strncpy  0x08006384       0x68 D:/STM32/arm-none-eabi-gcc/bin/../lib/gcc/arm-none-eabi/14.2.1/thumb/v7e-m/nofp\libg.a(libc_a-strncpy.o)
                0x08006384                strncpy
 .text._close_r
                0x080063ec       0x24 D:/STM32/arm-none-eabi-gcc/bin/../lib/gcc/arm-none-eabi/14.2.1/thumb/v7e-m/nofp\libg.a(libc_a-closer.o)
                0x080063ec                _close_r
 .text._lseek_r
                0x08006410       0x2c D:/STM32/arm-none-eabi-gcc/bin/../lib/gcc/arm-none-eabi/14.2.1/thumb/v7e-m/nofp\libg.a(libc_a-lseekr.o)
                0x08006410                _lseek_r
 .text._read_r  0x0800643c       0x2c D:/STM32/arm-none-eabi-gcc/bin/../lib/gcc/arm-none-eabi/14.2.1/thumb/v7e-m/nofp\libg.a(libc_a-readr.o)
                0x0800643c                _read_r
 .text._write_r
                0x08006468       0x2c D:/STM32/arm-none-eabi-gcc/bin/../lib/gcc/arm-none-eabi/14.2.1/thumb/v7e-m/nofp\libg.a(libc_a-writer.o)
                0x08006468                _write_r
 .text.__errno  0x08006494        0xc D:/STM32/arm-none-eabi-gcc/bin/../lib/gcc/arm-none-eabi/14.2.1/thumb/v7e-m/nofp\libg.a(libc_a-errno.o)
                0x08006494                __errno
 .text.__libc_init_array
                0x080064a0       0x50 D:/STM32/arm-none-eabi-gcc/bin/../lib/gcc/arm-none-eabi/14.2.1/thumb/v7e-m/nofp\libg.a(libc_a-init.o)
                0x080064a0                __libc_init_array
 .text.__retarget_lock_init_recursive
                0x080064f0        0x4 D:/STM32/arm-none-eabi-gcc/bin/../lib/gcc/arm-none-eabi/14.2.1/thumb/v7e-m/nofp\libg.a(libc_a-lock.o)
                0x080064f0                __retarget_lock_init_recursive
 .text.__retarget_lock_close_recursive
                0x080064f4        0x4 D:/STM32/arm-none-eabi-gcc/bin/../lib/gcc/arm-none-eabi/14.2.1/thumb/v7e-m/nofp\libg.a(libc_a-lock.o)
                0x080064f4                __retarget_lock_close_recursive
 .text.__retarget_lock_acquire_recursive
                0x080064f8        0x4 D:/STM32/arm-none-eabi-gcc/bin/../lib/gcc/arm-none-eabi/14.2.1/thumb/v7e-m/nofp\libg.a(libc_a-lock.o)
                0x080064f8                __retarget_lock_acquire_recursive
 .text.__retarget_lock_release_recursive
                0x080064fc        0x4 D:/STM32/arm-none-eabi-gcc/bin/../lib/gcc/arm-none-eabi/14.2.1/thumb/v7e-m/nofp\libg.a(libc_a-lock.o)
                0x080064fc                __retarget_lock_release_recursive
 .text.startup.register_fini
                0x08006500       0x14 D:/STM32/arm-none-eabi-gcc/bin/../lib/gcc/arm-none-eabi/14.2.1/thumb/v7e-m/nofp\libg.a(libc_a-__call_atexit.o)
 .text.atexit   0x08006514        0xc D:/STM32/arm-none-eabi-gcc/bin/../lib/gcc/arm-none-eabi/14.2.1/thumb/v7e-m/nofp\libg.a(libc_a-atexit.o)
                0x08006514                atexit
 .text._malloc_trim_r
                0x08006520       0xb8 D:/STM32/arm-none-eabi-gcc/bin/../lib/gcc/arm-none-eabi/14.2.1/thumb/v7e-m/nofp\libg.a(libc_a-freer.o)
                0x08006520                _malloc_trim_r
 .text._free_r  0x080065d8      0x1f0 D:/STM32/arm-none-eabi-gcc/bin/../lib/gcc/arm-none-eabi/14.2.1/thumb/v7e-m/nofp\libg.a(libc_a-freer.o)
                0x080065d8                _free_r
 .text._malloc_r
                0x080067c8      0x598 D:/STM32/arm-none-eabi-gcc/bin/../lib/gcc/arm-none-eabi/14.2.1/thumb/v7e-m/nofp\libg.a(libc_a-mallocr.o)
                0x080067c8                _malloc_r
 .text.__malloc_lock
                0x08006d60        0xc D:/STM32/arm-none-eabi-gcc/bin/../lib/gcc/arm-none-eabi/14.2.1/thumb/v7e-m/nofp\libg.a(libc_a-mlock.o)
                0x08006d60                __malloc_lock
 .text.__malloc_unlock
                0x08006d6c        0xc D:/STM32/arm-none-eabi-gcc/bin/../lib/gcc/arm-none-eabi/14.2.1/thumb/v7e-m/nofp\libg.a(libc_a-mlock.o)
                0x08006d6c                __malloc_unlock
 .text._svfprintf_r
                0x08006d78     0x2210 D:/STM32/arm-none-eabi-gcc/bin/../lib/gcc/arm-none-eabi/14.2.1/thumb/v7e-m/nofp\libg.a(libc_a-svfprintf.o)
                0x08006d78                _svfprintf_r
 .text.__ssprint_r
                0x08008f88       0x58 D:/STM32/arm-none-eabi-gcc/bin/../lib/gcc/arm-none-eabi/14.2.1/thumb/v7e-m/nofp\libg.a(libc_a-ssprint_r.o)
                0x08008f88                __ssprint_r
 .text._fclose_r
                0x08008fe0       0xc0 D:/STM32/arm-none-eabi-gcc/bin/../lib/gcc/arm-none-eabi/14.2.1/thumb/v7e-m/nofp\libg.a(libc_a-fclose.o)
                0x08008fe0                _fclose_r
 .text.__sflush_r
                0x080090a0      0x124 D:/STM32/arm-none-eabi-gcc/bin/../lib/gcc/arm-none-eabi/14.2.1/thumb/v7e-m/nofp\libg.a(libc_a-fflush.o)
                0x080090a0                __sflush_r
 .text._fflush_r
                0x080091c4       0x54 D:/STM32/arm-none-eabi-gcc/bin/../lib/gcc/arm-none-eabi/14.2.1/thumb/v7e-m/nofp\libg.a(libc_a-fflush.o)
                0x080091c4                _fflush_r
 .text.__locale_mb_cur_max
                0x08009218        0xc D:/STM32/arm-none-eabi-gcc/bin/../lib/gcc/arm-none-eabi/14.2.1/thumb/v7e-m/nofp\libg.a(libc_a-locale.o)
                0x08009218                __locale_mb_cur_max
 .text._localeconv_r
                0x08009224        0x8 D:/STM32/arm-none-eabi-gcc/bin/../lib/gcc/arm-none-eabi/14.2.1/thumb/v7e-m/nofp\libg.a(libc_a-localeconv.o)
                0x08009224                _localeconv_r
 .text._sbrk_r  0x0800922c       0x24 D:/STM32/arm-none-eabi-gcc/bin/../lib/gcc/arm-none-eabi/14.2.1/thumb/v7e-m/nofp\libg.a(libc_a-sbrkr.o)
                0x0800922c                _sbrk_r
 .text.__libc_fini_array
                0x08009250       0x28 D:/STM32/arm-none-eabi-gcc/bin/../lib/gcc/arm-none-eabi/14.2.1/thumb/v7e-m/nofp\libg.a(libc_a-fini.o)
                0x08009250                __libc_fini_array
 .text.sysconf  0x08009278       0x1c D:/STM32/arm-none-eabi-gcc/bin/../lib/gcc/arm-none-eabi/14.2.1/thumb/v7e-m/nofp\libg.a(libc_a-sysconf.o)
                0x08009278                sysconf
 .text.frexp    0x08009294       0x6c D:/STM32/arm-none-eabi-gcc/bin/../lib/gcc/arm-none-eabi/14.2.1/thumb/v7e-m/nofp\libg.a(libm_a-s_frexp.o)
                0x08009294                frexp
 .text.__register_exitproc
                0x08009300       0x80 D:/STM32/arm-none-eabi-gcc/bin/../lib/gcc/arm-none-eabi/14.2.1/thumb/v7e-m/nofp\libg.a(libc_a-__atexit.o)
                0x08009300                __register_exitproc
 .text.quorem   0x08009380      0x12c D:/STM32/arm-none-eabi-gcc/bin/../lib/gcc/arm-none-eabi/14.2.1/thumb/v7e-m/nofp\libg.a(libc_a-dtoa.o)
 *fill*         0x080094ac        0x4 
 .text._dtoa_r  0x080094b0     0x1044 D:/STM32/arm-none-eabi-gcc/bin/../lib/gcc/arm-none-eabi/14.2.1/thumb/v7e-m/nofp\libg.a(libc_a-dtoa.o)
                0x080094b0                _dtoa_r
 .text.__ascii_mbtowc
                0x0800a4f4       0x2c D:/STM32/arm-none-eabi-gcc/bin/../lib/gcc/arm-none-eabi/14.2.1/thumb/v7e-m/nofp\libg.a(libc_a-mbtowc_r.o)
                0x0800a4f4                __ascii_mbtowc
 .text._Balloc  0x0800a520       0x4c D:/STM32/arm-none-eabi-gcc/bin/../lib/gcc/arm-none-eabi/14.2.1/thumb/v7e-m/nofp\libg.a(libc_a-mprec.o)
                0x0800a520                _Balloc
 .text._Bfree   0x0800a56c       0x14 D:/STM32/arm-none-eabi-gcc/bin/../lib/gcc/arm-none-eabi/14.2.1/thumb/v7e-m/nofp\libg.a(libc_a-mprec.o)
                0x0800a56c                _Bfree
 .text.__multadd
                0x0800a580       0xa0 D:/STM32/arm-none-eabi-gcc/bin/../lib/gcc/arm-none-eabi/14.2.1/thumb/v7e-m/nofp\libg.a(libc_a-mprec.o)
                0x0800a580                __multadd
 .text.__hi0bits
                0x0800a620       0x54 D:/STM32/arm-none-eabi-gcc/bin/../lib/gcc/arm-none-eabi/14.2.1/thumb/v7e-m/nofp\libg.a(libc_a-mprec.o)
                0x0800a620                __hi0bits
 .text.__lo0bits
                0x0800a674       0x80 D:/STM32/arm-none-eabi-gcc/bin/../lib/gcc/arm-none-eabi/14.2.1/thumb/v7e-m/nofp\libg.a(libc_a-mprec.o)
                0x0800a674                __lo0bits
 .text.__i2b    0x0800a6f4       0x5c D:/STM32/arm-none-eabi-gcc/bin/../lib/gcc/arm-none-eabi/14.2.1/thumb/v7e-m/nofp\libg.a(libc_a-mprec.o)
                0x0800a6f4                __i2b
 .text.__multiply
                0x0800a750      0x16c D:/STM32/arm-none-eabi-gcc/bin/../lib/gcc/arm-none-eabi/14.2.1/thumb/v7e-m/nofp\libg.a(libc_a-mprec.o)
                0x0800a750                __multiply
 .text.__pow5mult
                0x0800a8bc       0xc0 D:/STM32/arm-none-eabi-gcc/bin/../lib/gcc/arm-none-eabi/14.2.1/thumb/v7e-m/nofp\libg.a(libc_a-mprec.o)
                0x0800a8bc                __pow5mult
 .text.__lshift
                0x0800a97c       0xe8 D:/STM32/arm-none-eabi-gcc/bin/../lib/gcc/arm-none-eabi/14.2.1/thumb/v7e-m/nofp\libg.a(libc_a-mprec.o)
                0x0800a97c                __lshift
 .text.__mcmp   0x0800aa64       0x40 D:/STM32/arm-none-eabi-gcc/bin/../lib/gcc/arm-none-eabi/14.2.1/thumb/v7e-m/nofp\libg.a(libc_a-mprec.o)
                0x0800aa64                __mcmp
 .text.__mdiff  0x0800aaa4      0x174 D:/STM32/arm-none-eabi-gcc/bin/../lib/gcc/arm-none-eabi/14.2.1/thumb/v7e-m/nofp\libg.a(libc_a-mprec.o)
                0x0800aaa4                __mdiff
 .text.__d2b    0x0800ac18       0xb8 D:/STM32/arm-none-eabi-gcc/bin/../lib/gcc/arm-none-eabi/14.2.1/thumb/v7e-m/nofp\libg.a(libc_a-mprec.o)
                0x0800ac18                __d2b
 .text.__ascii_wctomb
                0x0800acd0       0x1c D:/STM32/arm-none-eabi-gcc/bin/../lib/gcc/arm-none-eabi/14.2.1/thumb/v7e-m/nofp\libg.a(libc_a-wctomb_r.o)
                0x0800acd0                __ascii_wctomb
 .text._wcrtomb_r
                0x0800acec       0x4c D:/STM32/arm-none-eabi-gcc/bin/../lib/gcc/arm-none-eabi/14.2.1/thumb/v7e-m/nofp\libg.a(libc_a-wcrtomb.o)
                0x0800acec                _wcrtomb_r
 .text._wcsrtombs_r
                0x0800ad38       0x1c D:/STM32/arm-none-eabi-gcc/bin/../lib/gcc/arm-none-eabi/14.2.1/thumb/v7e-m/nofp\libg.a(libc_a-wcsrtombs.o)
                0x0800ad38                _wcsrtombs_r
 .text.__ssputs_r
                0x0800ad54       0xc0 D:/STM32/arm-none-eabi-gcc/bin/../lib/gcc/arm-none-eabi/14.2.1/thumb/v7e-m/nofp\libg.a(libc_a-ssputs_r.o)
                0x0800ad54                __ssputs_r
 .text.memmove  0x0800ae14       0xf8 D:/STM32/arm-none-eabi-gcc/bin/../lib/gcc/arm-none-eabi/14.2.1/thumb/v7e-m/nofp\libg.a(libc_a-memmove.o)
                0x0800ae14                memmove
 .text.__assert_func
                0x0800af0c       0x40 D:/STM32/arm-none-eabi-gcc/bin/../lib/gcc/arm-none-eabi/14.2.1/thumb/v7e-m/nofp\libg.a(libc_a-assert.o)
                0x0800af0c                __assert_func
 .text._calloc_r
                0x0800af4c       0x6c D:/STM32/arm-none-eabi-gcc/bin/../lib/gcc/arm-none-eabi/14.2.1/thumb/v7e-m/nofp\libg.a(libc_a-callocr.o)
                0x0800af4c                _calloc_r
 .text._realloc_r
                0x0800afb8      0x348 D:/STM32/arm-none-eabi-gcc/bin/../lib/gcc/arm-none-eabi/14.2.1/thumb/v7e-m/nofp\libg.a(libc_a-reallocr.o)
                0x0800afb8                _realloc_r
 .text._wcsnrtombs_l
                0x0800b300       0xec D:/STM32/arm-none-eabi-gcc/bin/../lib/gcc/arm-none-eabi/14.2.1/thumb/v7e-m/nofp\libg.a(libc_a-wcsnrtombs.o)
                0x0800b300                _wcsnrtombs_l
 .text._wcsnrtombs_r
                0x0800b3ec       0x24 D:/STM32/arm-none-eabi-gcc/bin/../lib/gcc/arm-none-eabi/14.2.1/thumb/v7e-m/nofp\libg.a(libc_a-wcsnrtombs.o)
                0x0800b3ec                _wcsnrtombs_r
 .text.fiprintf
                0x0800b410       0x28 D:/STM32/arm-none-eabi-gcc/bin/../lib/gcc/arm-none-eabi/14.2.1/thumb/v7e-m/nofp\libg.a(libc_a-fiprintf.o)
                0x0800b410                fiprintf
 .text._vfiprintf_r
                0x0800b438     0x1278 D:/STM32/arm-none-eabi-gcc/bin/../lib/gcc/arm-none-eabi/14.2.1/thumb/v7e-m/nofp\libg.a(libc_a-vfiprintf.o)
                0x0800b438                _vfiprintf_r
 .text.__sbprintf
                0x0800c6b0       0x84 D:/STM32/arm-none-eabi-gcc/bin/../lib/gcc/arm-none-eabi/14.2.1/thumb/v7e-m/nofp\libg.a(libc_a-vfiprintf.o)
 .text.__sprint_r
                0x0800c734       0x20 D:/STM32/arm-none-eabi-gcc/bin/../lib/gcc/arm-none-eabi/14.2.1/thumb/v7e-m/nofp\libg.a(libc_a-sprint_r.o)
                0x0800c734                __sprint_r
 .text.__sfvwrite_r
                0x0800c754      0x2d8 D:/STM32/arm-none-eabi-gcc/bin/../lib/gcc/arm-none-eabi/14.2.1/thumb/v7e-m/nofp\libg.a(libc_a-fvwrite.o)
                0x0800c754                __sfvwrite_r
 .text.__swsetup_r
                0x0800ca2c       0xfc D:/STM32/arm-none-eabi-gcc/bin/../lib/gcc/arm-none-eabi/14.2.1/thumb/v7e-m/nofp\libg.a(libc_a-wsetup.o)
                0x0800ca2c                __swsetup_r
 .text.abort    0x0800cb28       0x10 D:/STM32/arm-none-eabi-gcc/bin/../lib/gcc/arm-none-eabi/14.2.1/thumb/v7e-m/nofp\libg.a(libc_a-abort.o)
                0x0800cb28                abort
 .text.__smakebuf_r
                0x0800cb38       0xd0 D:/STM32/arm-none-eabi-gcc/bin/../lib/gcc/arm-none-eabi/14.2.1/thumb/v7e-m/nofp\libg.a(libc_a-makebuf.o)
                0x0800cb38                __smakebuf_r
 .text.raise    0x0800cc08       0x58 D:/STM32/arm-none-eabi-gcc/bin/../lib/gcc/arm-none-eabi/14.2.1/thumb/v7e-m/nofp\libg.a(libc_a-signal.o)
                0x0800cc08                raise
 .text._fstat_r
                0x0800cc60       0x2c D:/STM32/arm-none-eabi-gcc/bin/../lib/gcc/arm-none-eabi/14.2.1/thumb/v7e-m/nofp\libg.a(libc_a-fstatr.o)
                0x0800cc60                _fstat_r
 .text._isatty_r
                0x0800cc8c       0x24 D:/STM32/arm-none-eabi-gcc/bin/../lib/gcc/arm-none-eabi/14.2.1/thumb/v7e-m/nofp\libg.a(libc_a-isattyr.o)
                0x0800cc8c                _isatty_r
 .text._kill_r  0x0800ccb0       0x2c D:/STM32/arm-none-eabi-gcc/bin/../lib/gcc/arm-none-eabi/14.2.1/thumb/v7e-m/nofp\libg.a(libc_a-signalr.o)
                0x0800ccb0                _kill_r
 .text._getpid_r
                0x0800ccdc        0x4 D:/STM32/arm-none-eabi-gcc/bin/../lib/gcc/arm-none-eabi/14.2.1/thumb/v7e-m/nofp\libg.a(libc_a-signalr.o)
                0x0800ccdc                _getpid_r
 *(.glue_7)
 .glue_7        0x0800cce0        0x0 linker stubs
 *(.glue_7t)
 .glue_7t       0x0800cce0        0x0 linker stubs
 *(.eh_frame)
 .eh_frame      0x0800cce0        0x0 D:/STM32/arm-none-eabi-gcc/bin/../lib/gcc/arm-none-eabi/14.2.1/thumb/v7e-m/nofp/crtbegin.o
 *(.init)
 .init          0x0800cce0        0x4 D:/STM32/arm-none-eabi-gcc/bin/../lib/gcc/arm-none-eabi/14.2.1/thumb/v7e-m/nofp/crti.o
                0x0800cce0                _init
 .init          0x0800cce4        0x8 D:/STM32/arm-none-eabi-gcc/bin/../lib/gcc/arm-none-eabi/14.2.1/thumb/v7e-m/nofp/crtn.o
 *(.fini)
 .fini          0x0800ccec        0x4 D:/STM32/arm-none-eabi-gcc/bin/../lib/gcc/arm-none-eabi/14.2.1/thumb/v7e-m/nofp/crti.o
                0x0800ccec                _fini
 .fini          0x0800ccf0        0x8 D:/STM32/arm-none-eabi-gcc/bin/../lib/gcc/arm-none-eabi/14.2.1/thumb/v7e-m/nofp/crtn.o
                0x0800ccf8                        . = ALIGN (0x4)
                0x0800ccf8                        _etext = .

.vfp11_veneer   0x0800ccf8        0x0
 .vfp11_veneer  0x0800ccf8        0x0 linker stubs

.v4_bx          0x0800ccf8        0x0
 .v4_bx         0x0800ccf8        0x0 linker stubs

.iplt           0x0800ccf8        0x0
 .iplt          0x0800ccf8        0x0 D:/STM32/arm-none-eabi-gcc/bin/../lib/gcc/arm-none-eabi/14.2.1/thumb/v7e-m/nofp/crtbegin.o

.rodata         0x0800ccf8      0x4a4
                0x0800ccf8                        . = ALIGN (0x4)
 *(.rodata)
 .rodata        0x0800ccf8       0x18 CMakeFiles/LED.elf.dir/Core/Src/main.c.obj
 *(.rodata*)
 .rodata.HAL_GPIO_EXTI_Callback.str1.4
                0x0800cd10      0x1ff CMakeFiles/LED.elf.dir/Core/Src/main.c.obj
                                 0x47 (size before relaxing)
 .rodata.main.str1.4
                0x0800cf0f        0xe CMakeFiles/LED.elf.dir/Core/Src/main.c.obj
 *fill*         0x0800cf0f        0x1 
 .rodata.APBPrescTable
                0x0800cf10        0x8 CMakeFiles/LED.elf.dir/Core/Src/system_stm32f4xx.c.obj
                0x0800cf10                APBPrescTable
 .rodata.AHBPrescTable
                0x0800cf18       0x10 CMakeFiles/LED.elf.dir/Core/Src/system_stm32f4xx.c.obj
                0x0800cf18                AHBPrescTable
 .rodata.write_BMI088_gyro_reg_data_error
                0x0800cf28       0x12 CMakeFiles/LED.elf.dir/Core/application/BMI088driver.c.obj
 *fill*         0x0800cf3a        0x2 
 .rodata.write_BMI088_accel_reg_data_error
                0x0800cf3c       0x12 CMakeFiles/LED.elf.dir/Core/application/BMI088driver.c.obj
 *fill*         0x0800cf4e        0x2 
 .rodata.flagBitshiftOffset.0
                0x0800cf50        0x8 CMakeFiles/LED.elf.dir/Drivers/STM32F4xx_HAL_Driver/Src/stm32f4xx_hal_dma.c.obj
 .rodata._svfprintf_r.str1.4
                0x0800cf58       0x42 D:/STM32/arm-none-eabi-gcc/bin/../lib/gcc/arm-none-eabi/14.2.1/thumb/v7e-m/nofp\libg.a(libc_a-svfprintf.o)
 .rodata.zeroes.0
                0x0800cf58       0x10 D:/STM32/arm-none-eabi-gcc/bin/../lib/gcc/arm-none-eabi/14.2.1/thumb/v7e-m/nofp\libg.a(libc_a-svfprintf.o)
 .rodata.blanks.1
                0x0800cf68       0x10 D:/STM32/arm-none-eabi-gcc/bin/../lib/gcc/arm-none-eabi/14.2.1/thumb/v7e-m/nofp\libg.a(libc_a-svfprintf.o)
 .rodata.str1.4
                0x0800cf78       0x4c D:/STM32/arm-none-eabi-gcc/bin/../lib/gcc/arm-none-eabi/14.2.1/thumb/v7e-m/nofp\libg.a(libc_a-locale.o)
 .rodata._dtoa_r.str1.4
                0x0800cf78       0x81 D:/STM32/arm-none-eabi-gcc/bin/../lib/gcc/arm-none-eabi/14.2.1/thumb/v7e-m/nofp\libg.a(libc_a-dtoa.o)
 .rodata.__multadd.str1.4
                0x0800cf78       0x6e D:/STM32/arm-none-eabi-gcc/bin/../lib/gcc/arm-none-eabi/14.2.1/thumb/v7e-m/nofp\libg.a(libc_a-mprec.o)
 .rodata.p05.0  0x0800cf78        0xc D:/STM32/arm-none-eabi-gcc/bin/../lib/gcc/arm-none-eabi/14.2.1/thumb/v7e-m/nofp\libg.a(libc_a-mprec.o)
 *fill*         0x0800cf84        0x4 
 .rodata.__mprec_bigtens
                0x0800cf88       0x28 D:/STM32/arm-none-eabi-gcc/bin/../lib/gcc/arm-none-eabi/14.2.1/thumb/v7e-m/nofp\libg.a(libc_a-mprec.o)
                0x0800cf88                __mprec_bigtens
 .rodata.__mprec_tens
                0x0800cfb0       0xc8 D:/STM32/arm-none-eabi-gcc/bin/../lib/gcc/arm-none-eabi/14.2.1/thumb/v7e-m/nofp\libg.a(libc_a-mprec.o)
                0x0800cfb0                __mprec_tens
 .rodata._ctype_
                0x0800d078      0x101 D:/STM32/arm-none-eabi-gcc/bin/../lib/gcc/arm-none-eabi/14.2.1/thumb/v7e-m/nofp\libg.a(libc_a-ctype_.o)
                0x0800d078                _ctype_
 .rodata.__assert_func.str1.4
                0x0800d179       0x43 D:/STM32/arm-none-eabi-gcc/bin/../lib/gcc/arm-none-eabi/14.2.1/thumb/v7e-m/nofp\libg.a(libc_a-assert.o)
 .rodata._vfiprintf_r.str1.4
                0x0800d179       0x2f D:/STM32/arm-none-eabi-gcc/bin/../lib/gcc/arm-none-eabi/14.2.1/thumb/v7e-m/nofp\libg.a(libc_a-vfiprintf.o)
 *fill*         0x0800d179        0x3 
 .rodata.zeroes.0
                0x0800d17c       0x10 D:/STM32/arm-none-eabi-gcc/bin/../lib/gcc/arm-none-eabi/14.2.1/thumb/v7e-m/nofp\libg.a(libc_a-vfiprintf.o)
 .rodata.blanks.1
                0x0800d18c       0x10 D:/STM32/arm-none-eabi-gcc/bin/../lib/gcc/arm-none-eabi/14.2.1/thumb/v7e-m/nofp\libg.a(libc_a-vfiprintf.o)
                0x0800d19c                        . = ALIGN (0x4)

.ARM.extab      0x0800d19c        0x0
                0x0800d19c                        . = ALIGN (0x4)
 *(.ARM.extab* .gnu.linkonce.armextab.*)
                0x0800d19c                        . = ALIGN (0x4)

.ARM            0x0800d19c        0x8
                0x0800d19c                        . = ALIGN (0x4)
                0x0800d19c                        __exidx_start = .
 *(.ARM.exidx*)
 .ARM.exidx     0x0800d19c        0x8 D:/STM32/arm-none-eabi-gcc/bin/../lib/gcc/arm-none-eabi/14.2.1/thumb/v7e-m/nofp\libg.a(libc_a-strlen.o)
 .ARM.exidx     0x0800d1a4        0x0 D:/STM32/arm-none-eabi-gcc/bin/../lib/gcc/arm-none-eabi/14.2.1/thumb/v7e-m/nofp\libg.a(libc_a-memchr.o)
                                  0x8 (size before relaxing)
 .ARM.exidx     0x0800d1a4        0x0 D:/STM32/arm-none-eabi-gcc/bin/../lib/gcc/arm-none-eabi/14.2.1/thumb/v7e-m/nofp\libg.a(libc_a-memcpy.o)
                                  0x8 (size before relaxing)
 .ARM.exidx.text.__udivmoddi4
                0x0800d1a4        0x0 D:/STM32/arm-none-eabi-gcc/bin/../lib/gcc/arm-none-eabi/14.2.1/thumb/v7e-m/nofp\libgcc.a(_udivmoddi4.o)
                                  0x8 (size before relaxing)
                0x0800d1a4                        __exidx_end = .
                0x0800d1a4                        . = ALIGN (0x4)

.preinit_array  0x0800d1a4        0x0
                0x0800d1a4                        . = ALIGN (0x4)
                0x0800d1a4                        PROVIDE (__preinit_array_start = .)
 *(.preinit_array*)
                0x0800d1a4                        PROVIDE (__preinit_array_end = .)
                0x0800d1a4                        . = ALIGN (0x4)

.init_array     0x0800d1a4        0x8
                0x0800d1a4                        . = ALIGN (0x4)
                0x0800d1a4                        PROVIDE (__init_array_start = .)
 *(SORT_BY_NAME(.init_array.*))
 .init_array.00000
                0x0800d1a4        0x4 D:/STM32/arm-none-eabi-gcc/bin/../lib/gcc/arm-none-eabi/14.2.1/thumb/v7e-m/nofp\libg.a(libc_a-__call_atexit.o)
 *(.init_array*)
 .init_array    0x0800d1a8        0x4 D:/STM32/arm-none-eabi-gcc/bin/../lib/gcc/arm-none-eabi/14.2.1/thumb/v7e-m/nofp/crtbegin.o
                0x0800d1ac                        PROVIDE (__init_array_end = .)
                0x0800d1ac                        . = ALIGN (0x4)

.fini_array     0x0800d1ac        0x4
                0x0800d1ac                        . = ALIGN (0x4)
                0x0800d1ac                        PROVIDE (__fini_array_start = .)
 *(SORT_BY_NAME(.fini_array.*))
 *(.fini_array*)
 .fini_array    0x0800d1ac        0x4 D:/STM32/arm-none-eabi-gcc/bin/../lib/gcc/arm-none-eabi/14.2.1/thumb/v7e-m/nofp/crtbegin.o
                0x0800d1b0                        PROVIDE (__fini_array_end = .)
                0x0800d1b0                        . = ALIGN (0x4)
                0x0800d1b0                        _sidata = LOADADDR (.data)

.rel.dyn        0x0800d1b0        0x0
 .rel.iplt      0x0800d1b0        0x0 D:/STM32/arm-none-eabi-gcc/bin/../lib/gcc/arm-none-eabi/14.2.1/thumb/v7e-m/nofp/crtbegin.o

.data           0x20000000      0x70c load address 0x0800d1b0
                0x20000000                        . = ALIGN (0x4)
                0x20000000                        _sdata = .
 *(.data)
 *(.data*)
 .data.P        0x20000000       0x10 CMakeFiles/LED.elf.dir/Core/Src/main.c.obj
                0x20000000                P
 .data.R_accel_meas
                0x20000010        0x4 CMakeFiles/LED.elf.dir/Core/Src/main.c.obj
                0x20000010                R_accel_meas
 .data.Q_bias   0x20000014        0x4 CMakeFiles/LED.elf.dir/Core/Src/main.c.obj
                0x20000014                Q_bias
 .data.Q_accel  0x20000018        0x4 CMakeFiles/LED.elf.dir/Core/Src/main.c.obj
                0x20000018                Q_accel
 .data.type     0x2000001c        0x4 CMakeFiles/LED.elf.dir/Core/Src/main.c.obj
                0x2000001c                type
 .data.dma_tx_complete
                0x20000020        0x1 CMakeFiles/LED.elf.dir/Core/Src/main.c.obj
                0x20000020                dma_tx_complete
 *fill*         0x20000021        0x3 
 .data.SystemCoreClock
                0x20000024        0x4 CMakeFiles/LED.elf.dir/Core/Src/system_stm32f4xx.c.obj
                0x20000024                SystemCoreClock
 .data.BMI088_GYRO_SEN
                0x20000028        0x4 CMakeFiles/LED.elf.dir/Core/application/BMI088driver.c.obj
                0x20000028                BMI088_GYRO_SEN
 .data.BMI088_ACCEL_SEN
                0x2000002c        0x4 CMakeFiles/LED.elf.dir/Core/application/BMI088driver.c.obj
                0x2000002c                BMI088_ACCEL_SEN
 .data.uwTickFreq
                0x20000030        0x1 CMakeFiles/LED.elf.dir/Drivers/STM32F4xx_HAL_Driver/Src/stm32f4xx_hal.c.obj
                0x20000030                uwTickFreq
 *fill*         0x20000031        0x3 
 .data.uwTickPrio
                0x20000034        0x4 CMakeFiles/LED.elf.dir/Drivers/STM32F4xx_HAL_Driver/Src/stm32f4xx_hal.c.obj
                0x20000034                uwTickPrio
 .data.__sglue  0x20000038        0xc D:/STM32/arm-none-eabi-gcc/bin/../lib/gcc/arm-none-eabi/14.2.1/thumb/v7e-m/nofp\libg.a(libc_a-findfp.o)
                0x20000038                __sglue
 .data._impure_ptr
                0x20000044        0x4 D:/STM32/arm-none-eabi-gcc/bin/../lib/gcc/arm-none-eabi/14.2.1/thumb/v7e-m/nofp\libg.a(libc_a-impure.o)
                0x20000044                _impure_ptr
 .data._impure_data
                0x20000048      0x140 D:/STM32/arm-none-eabi-gcc/bin/../lib/gcc/arm-none-eabi/14.2.1/thumb/v7e-m/nofp\libg.a(libc_a-impure.o)
                0x20000048                _impure_data
 .data.__atexit_recursive_mutex
                0x20000188        0x4 D:/STM32/arm-none-eabi-gcc/bin/../lib/gcc/arm-none-eabi/14.2.1/thumb/v7e-m/nofp\libg.a(libc_a-__call_atexit.o)
                0x20000188                __atexit_recursive_mutex
 .data.__malloc_sbrk_base
                0x2000018c        0x4 D:/STM32/arm-none-eabi-gcc/bin/../lib/gcc/arm-none-eabi/14.2.1/thumb/v7e-m/nofp\libg.a(libc_a-mallocr.o)
                0x2000018c                __malloc_sbrk_base
 .data.__malloc_trim_threshold
                0x20000190        0x4 D:/STM32/arm-none-eabi-gcc/bin/../lib/gcc/arm-none-eabi/14.2.1/thumb/v7e-m/nofp\libg.a(libc_a-mallocr.o)
                0x20000190                __malloc_trim_threshold
 *fill*         0x20000194        0x4 
 .data.__malloc_av_
                0x20000198      0x408 D:/STM32/arm-none-eabi-gcc/bin/../lib/gcc/arm-none-eabi/14.2.1/thumb/v7e-m/nofp\libg.a(libc_a-mallocr.o)
                0x20000198                __malloc_av_
 .data.__global_locale
                0x200005a0      0x16c D:/STM32/arm-none-eabi-gcc/bin/../lib/gcc/arm-none-eabi/14.2.1/thumb/v7e-m/nofp\libg.a(libc_a-locale.o)
                0x200005a0                __global_locale
 *(.RamFunc)
 *(.RamFunc*)
                0x2000070c                        . = ALIGN (0x4)
                0x2000070c                        _edata = .
                0x0800d8bc                        _siccmram = LOADADDR (.ccmram)

.tm_clone_table
                0x2000070c        0x0 load address 0x0800d8bc
 .tm_clone_table
                0x2000070c        0x0 D:/STM32/arm-none-eabi-gcc/bin/../lib/gcc/arm-none-eabi/14.2.1/thumb/v7e-m/nofp/crtbegin.o
 .tm_clone_table
                0x2000070c        0x0 D:/STM32/arm-none-eabi-gcc/bin/../lib/gcc/arm-none-eabi/14.2.1/thumb/v7e-m/nofp/crtend.o

.igot.plt       0x2000070c        0x0 load address 0x0800d8bc
 .igot.plt      0x2000070c        0x0 D:/STM32/arm-none-eabi-gcc/bin/../lib/gcc/arm-none-eabi/14.2.1/thumb/v7e-m/nofp/crtbegin.o

.ccmram         0x10000000        0x0 load address 0x0800d8bc
                0x10000000                        . = ALIGN (0x4)
                0x10000000                        _sccmram = .
 *(.ccmram)
 *(.ccmram*)
                0x10000000                        . = ALIGN (0x4)
                0x10000000                        _eccmram = .
                0x10000000                        . = ALIGN (0x4)

.bss            0x20000710     0x1a08
                0x20000710                        _sbss = .
                0x20000710                        __bss_start__ = _sbss
 *(.bss)
 *(.bss*)
 .bss.completed.1
                0x20000710        0x1 D:/STM32/arm-none-eabi-gcc/bin/../lib/gcc/arm-none-eabi/14.2.1/thumb/v7e-m/nofp/crtbegin.o
 *fill*         0x20000711        0x3 
 .bss.object.0  0x20000714       0x18 D:/STM32/arm-none-eabi-gcc/bin/../lib/gcc/arm-none-eabi/14.2.1/thumb/v7e-m/nofp/crtbegin.o
 .bss.HAL_RCC_CAN1_CLK_ENABLED
                0x2000072c        0x4 CMakeFiles/LED.elf.dir/Core/Src/can.c.obj
 .bss.hcan2     0x20000730       0x28 CMakeFiles/LED.elf.dir/Core/Src/can.c.obj
                0x20000730                hcan2
 .bss.hcan1     0x20000758       0x28 CMakeFiles/LED.elf.dir/Core/Src/can.c.obj
                0x20000758                hcan1
 .bss.last_interrupt_time.0
                0x20000780        0x4 CMakeFiles/LED.elf.dir/Core/Src/main.c.obj
 .bss.target_wz
                0x20000784        0x4 CMakeFiles/LED.elf.dir/Core/Src/main.c.obj
                0x20000784                target_wz
 .bss.wz_pid    0x20000788       0x34 CMakeFiles/LED.elf.dir/Core/Src/main.c.obj
                0x20000788                wz_pid
 .bss.current_angle_err
                0x200007bc        0x4 CMakeFiles/LED.elf.dir/Core/Src/main.c.obj
                0x200007bc                current_angle_err
 .bss.current_angle
                0x200007c0        0x4 CMakeFiles/LED.elf.dir/Core/Src/main.c.obj
                0x200007c0                current_angle
 .bss.current_time_stamp
                0x200007c4        0x4 CMakeFiles/LED.elf.dir/Core/Src/main.c.obj
                0x200007c4                current_time_stamp
 .bss.previous_time_stamp
                0x200007c8        0x4 CMakeFiles/LED.elf.dir/Core/Src/main.c.obj
                0x200007c8                previous_time_stamp
 .bss.accel_z_bias
                0x200007cc        0x4 CMakeFiles/LED.elf.dir/Core/Src/main.c.obj
                0x200007cc                accel_z_bias
 .bss.accel_y_bias
                0x200007d0        0x4 CMakeFiles/LED.elf.dir/Core/Src/main.c.obj
                0x200007d0                accel_y_bias
 .bss.accel_x_bias
                0x200007d4        0x4 CMakeFiles/LED.elf.dir/Core/Src/main.c.obj
                0x200007d4                accel_x_bias
 .bss.accel_z_true
                0x200007d8        0x4 CMakeFiles/LED.elf.dir/Core/Src/main.c.obj
                0x200007d8                accel_z_true
 .bss.accel_y_true
                0x200007dc        0x4 CMakeFiles/LED.elf.dir/Core/Src/main.c.obj
                0x200007dc                accel_y_true
 .bss.accel_x_true
                0x200007e0        0x4 CMakeFiles/LED.elf.dir/Core/Src/main.c.obj
                0x200007e0                accel_x_true
 .bss.accel_z   0x200007e4        0x4 CMakeFiles/LED.elf.dir/Core/Src/main.c.obj
                0x200007e4                accel_z
 .bss.accel_y   0x200007e8        0x4 CMakeFiles/LED.elf.dir/Core/Src/main.c.obj
                0x200007e8                accel_y
 .bss.accel_x   0x200007ec        0x4 CMakeFiles/LED.elf.dir/Core/Src/main.c.obj
                0x200007ec                accel_x
 .bss.temp      0x200007f0        0x4 CMakeFiles/LED.elf.dir/Core/Src/main.c.obj
                0x200007f0                temp
 .bss.accel     0x200007f4        0xc CMakeFiles/LED.elf.dir/Core/Src/main.c.obj
                0x200007f4                accel
 .bss.gyro      0x20000800        0xc CMakeFiles/LED.elf.dir/Core/Src/main.c.obj
                0x20000800                gyro
 .bss.led_cnt   0x2000080c        0x2 CMakeFiles/LED.elf.dir/Core/Src/main.c.obj
                0x2000080c                led_cnt
 .bss.uart_queue_tail
                0x2000080e        0x2 CMakeFiles/LED.elf.dir/Core/Src/main.c.obj
                0x2000080e                uart_queue_tail
 .bss.uart_queue_head
                0x20000810        0x2 CMakeFiles/LED.elf.dir/Core/Src/main.c.obj
                0x20000810                uart_queue_head
 *fill*         0x20000812        0x2 
 .bss.uart_queue
                0x20000814     0x1040 CMakeFiles/LED.elf.dir/Core/Src/main.c.obj
                0x20000814                uart_queue
 .bss.hdma_spi1_tx
                0x20001854       0x60 CMakeFiles/LED.elf.dir/Core/Src/spi.c.obj
                0x20001854                hdma_spi1_tx
 .bss.hdma_spi1_rx
                0x200018b4       0x60 CMakeFiles/LED.elf.dir/Core/Src/spi.c.obj
                0x200018b4                hdma_spi1_rx
 .bss.hspi1     0x20001914       0x58 CMakeFiles/LED.elf.dir/Core/Src/spi.c.obj
                0x20001914                hspi1
 .bss.__sbrk_heap_end
                0x2000196c        0x4 CMakeFiles/LED.elf.dir/Core/Src/sysmem.c.obj
 .bss.htim10    0x20001970       0x48 CMakeFiles/LED.elf.dir/Core/Src/tim.c.obj
                0x20001970                htim10
 .bss.hdma_usart3_rx
                0x200019b8       0x60 CMakeFiles/LED.elf.dir/Core/Src/usart.c.obj
                0x200019b8                hdma_usart3_rx
 .bss.hdma_usart1_tx
                0x20001a18       0x60 CMakeFiles/LED.elf.dir/Core/Src/usart.c.obj
                0x20001a18                hdma_usart1_tx
 .bss.huart3    0x20001a78       0x48 CMakeFiles/LED.elf.dir/Core/Src/usart.c.obj
                0x20001a78                huart3
 .bss.huart1    0x20001ac0       0x48 CMakeFiles/LED.elf.dir/Core/Src/usart.c.obj
                0x20001ac0                huart1
 .bss.CAN_DMmsg_TxHeader.0
                0x20001b08       0x18 CMakeFiles/LED.elf.dir/Core/application/CAN_receive.c.obj
 .bss.i.1       0x20001b20        0x1 CMakeFiles/LED.elf.dir/Core/application/CAN_receive.c.obj
 *fill*         0x20001b21        0x3 
 .bss.chassis_can_send_data
                0x20001b24        0x8 CMakeFiles/LED.elf.dir/Core/application/CAN_receive.c.obj
 .bss.chassis_tx_message
                0x20001b2c       0x18 CMakeFiles/LED.elf.dir/Core/application/CAN_receive.c.obj
 .bss.gimbal_can_send_data
                0x20001b44        0x8 CMakeFiles/LED.elf.dir/Core/application/CAN_receive.c.obj
 .bss.gimbal_tx_message
                0x20001b4c       0x18 CMakeFiles/LED.elf.dir/Core/application/CAN_receive.c.obj
 *fill*         0x20001b64        0x4 
 .bss.DM4340_Date
                0x20001b68      0x1b0 CMakeFiles/LED.elf.dir/Core/application/CAN_receive.c.obj
                0x20001b68                DM4340_Date
 .bss.motor_chassis
                0x20001d18       0x46 CMakeFiles/LED.elf.dir/Core/application/CAN_receive.c.obj
 *fill*         0x20001d5e        0x2 
 .bss.motor_feedback_states
                0x20001d60       0x30 CMakeFiles/LED.elf.dir/Core/application/CAN_receive.c.obj
 .bss.FPS       0x20001d90        0xc CMakeFiles/LED.elf.dir/Core/application/CAN_receive.c.obj
 .bss.this_time_rx_len.0
                0x20001d9c        0x2 CMakeFiles/LED.elf.dir/Core/application/remote_control.c.obj
 *fill*         0x20001d9e        0x2 
 .bss.sbus_rx_buf
                0x20001da0       0x48 CMakeFiles/LED.elf.dir/Core/application/remote_control.c.obj
 .bss.rc_ctrl   0x20001de8       0x16 CMakeFiles/LED.elf.dir/Core/application/remote_control.c.obj
                0x20001de8                rc_ctrl
 *fill*         0x20001dfe        0x2 
 .bss.uwTick    0x20001e00        0x4 CMakeFiles/LED.elf.dir/Drivers/STM32F4xx_HAL_Driver/Src/stm32f4xx_hal.c.obj
                0x20001e00                uwTick
 .bss.__sf      0x20001e04      0x138 D:/STM32/arm-none-eabi-gcc/bin/../lib/gcc/arm-none-eabi/14.2.1/thumb/v7e-m/nofp\libg.a(libc_a-findfp.o)
                0x20001e04                __sf
 .bss.__stdio_exit_handler
                0x20001f3c        0x4 D:/STM32/arm-none-eabi-gcc/bin/../lib/gcc/arm-none-eabi/14.2.1/thumb/v7e-m/nofp\libg.a(libc_a-findfp.o)
                0x20001f3c                __stdio_exit_handler
 .bss.errno     0x20001f40        0x4 D:/STM32/arm-none-eabi-gcc/bin/../lib/gcc/arm-none-eabi/14.2.1/thumb/v7e-m/nofp\libg.a(libc_a-reent.o)
                0x20001f40                errno
 .bss.__lock___malloc_recursive_mutex
                0x20001f44        0x1 D:/STM32/arm-none-eabi-gcc/bin/../lib/gcc/arm-none-eabi/14.2.1/thumb/v7e-m/nofp\libg.a(libc_a-lock.o)
                0x20001f44                __lock___malloc_recursive_mutex
 *fill*         0x20001f45        0x3 
 .bss.__lock___atexit_recursive_mutex
                0x20001f48        0x1 D:/STM32/arm-none-eabi-gcc/bin/../lib/gcc/arm-none-eabi/14.2.1/thumb/v7e-m/nofp\libg.a(libc_a-lock.o)
                0x20001f48                __lock___atexit_recursive_mutex
 *fill*         0x20001f49        0x3 
 .bss.__lock___sfp_recursive_mutex
                0x20001f4c        0x1 D:/STM32/arm-none-eabi-gcc/bin/../lib/gcc/arm-none-eabi/14.2.1/thumb/v7e-m/nofp\libg.a(libc_a-lock.o)
                0x20001f4c                __lock___sfp_recursive_mutex
 *fill*         0x20001f4d        0x3 
 .bss.__atexit  0x20001f50        0x4 D:/STM32/arm-none-eabi-gcc/bin/../lib/gcc/arm-none-eabi/14.2.1/thumb/v7e-m/nofp\libg.a(libc_a-__call_atexit.o)
                0x20001f50                __atexit
 .bss.__malloc_current_mallinfo
                0x20001f54       0x28 D:/STM32/arm-none-eabi-gcc/bin/../lib/gcc/arm-none-eabi/14.2.1/thumb/v7e-m/nofp\libg.a(libc_a-mallocr.o)
                0x20001f54                __malloc_current_mallinfo
 .bss.__malloc_max_total_mem
                0x20001f7c        0x4 D:/STM32/arm-none-eabi-gcc/bin/../lib/gcc/arm-none-eabi/14.2.1/thumb/v7e-m/nofp\libg.a(libc_a-mallocr.o)
                0x20001f7c                __malloc_max_total_mem
 .bss.__malloc_max_sbrked_mem
                0x20001f80        0x4 D:/STM32/arm-none-eabi-gcc/bin/../lib/gcc/arm-none-eabi/14.2.1/thumb/v7e-m/nofp\libg.a(libc_a-mallocr.o)
                0x20001f80                __malloc_max_sbrked_mem
 .bss.__malloc_top_pad
                0x20001f84        0x4 D:/STM32/arm-none-eabi-gcc/bin/../lib/gcc/arm-none-eabi/14.2.1/thumb/v7e-m/nofp\libg.a(libc_a-mallocr.o)
                0x20001f84                __malloc_top_pad
 .bss.__atexit0
                0x20001f88      0x190 D:/STM32/arm-none-eabi-gcc/bin/../lib/gcc/arm-none-eabi/14.2.1/thumb/v7e-m/nofp\libg.a(libc_a-__atexit.o)
                0x20001f88                __atexit0
 *(COMMON)
                0x20002118                        . = ALIGN (0x4)
                0x20002118                        _ebss = .
                0x20002118                        __bss_end__ = _ebss

._user_heap_stack
                0x20002118      0x600
                0x20002118                        . = ALIGN (0x8)
                [!provide]                        PROVIDE (end = .)
                0x20002118                        PROVIDE (_end = .)
                0x20002318                        . = (. + _Min_Heap_Size)
 *fill*         0x20002118      0x200 
                0x20002718                        . = (. + _Min_Stack_Size)
 *fill*         0x20002318      0x400 
                0x20002718                        . = ALIGN (0x8)

/DISCARD/
 libc.a(*)
 libm.a(*)
 libgcc.a(*)

.ARM.attributes
                0x00000000       0x2a
 *(.ARM.attributes)
 .ARM.attributes
                0x00000000       0x1e D:/STM32/arm-none-eabi-gcc/bin/../lib/gcc/arm-none-eabi/14.2.1/thumb/v7e-m/nofp/crti.o
 .ARM.attributes
                0x0000001e       0x2e D:/STM32/arm-none-eabi-gcc/bin/../lib/gcc/arm-none-eabi/14.2.1/thumb/v7e-m/nofp/crtbegin.o
 .ARM.attributes
                0x0000004c       0x2e CMakeFiles/LED.elf.dir/Core/Src/bsp_can.c.obj
 .ARM.attributes
                0x0000007a       0x2e CMakeFiles/LED.elf.dir/Core/Src/can.c.obj
 .ARM.attributes
                0x000000a8       0x2e CMakeFiles/LED.elf.dir/Core/Src/dma.c.obj
 .ARM.attributes
                0x000000d6       0x2e CMakeFiles/LED.elf.dir/Core/Src/gpio.c.obj
 .ARM.attributes
                0x00000104       0x2e CMakeFiles/LED.elf.dir/Core/Src/main.c.obj
 .ARM.attributes
                0x00000132       0x2e CMakeFiles/LED.elf.dir/Core/Src/pid.c.obj
 .ARM.attributes
                0x00000160       0x2e CMakeFiles/LED.elf.dir/Core/Src/spi.c.obj
 .ARM.attributes
                0x0000018e       0x2e CMakeFiles/LED.elf.dir/Core/Src/stm32f4xx_hal_msp.c.obj
 .ARM.attributes
                0x000001bc       0x2e CMakeFiles/LED.elf.dir/Core/Src/stm32f4xx_it.c.obj
 .ARM.attributes
                0x000001ea       0x2e CMakeFiles/LED.elf.dir/Core/Src/syscalls.c.obj
 .ARM.attributes
                0x00000218       0x2e CMakeFiles/LED.elf.dir/Core/Src/sysmem.c.obj
 .ARM.attributes
                0x00000246       0x2e CMakeFiles/LED.elf.dir/Core/Src/system_stm32f4xx.c.obj
 .ARM.attributes
                0x00000274       0x2e CMakeFiles/LED.elf.dir/Core/Src/tim.c.obj
 .ARM.attributes
                0x000002a2       0x2e CMakeFiles/LED.elf.dir/Core/Src/usart.c.obj
 .ARM.attributes
                0x000002d0       0x21 CMakeFiles/LED.elf.dir/Core/Startup/startup_stm32f407ighx.s.obj
 .ARM.attributes
                0x000002f1       0x2e CMakeFiles/LED.elf.dir/Core/application/BMI088Middleware.c.obj
 .ARM.attributes
                0x0000031f       0x2e CMakeFiles/LED.elf.dir/Core/application/BMI088driver.c.obj
 .ARM.attributes
                0x0000034d       0x2e CMakeFiles/LED.elf.dir/Core/application/CAN_receive.c.obj
 .ARM.attributes
                0x0000037b       0x2e CMakeFiles/LED.elf.dir/Core/application/bsp_rc.c.obj
 .ARM.attributes
                0x000003a9       0x2e CMakeFiles/LED.elf.dir/Core/application/remote_control.c.obj
 .ARM.attributes
                0x000003d7       0x2e CMakeFiles/LED.elf.dir/Drivers/STM32F4xx_HAL_Driver/Src/stm32f4xx_hal.c.obj
 .ARM.attributes
                0x00000405       0x2e CMakeFiles/LED.elf.dir/Drivers/STM32F4xx_HAL_Driver/Src/stm32f4xx_hal_can.c.obj
 .ARM.attributes
                0x00000433       0x2e CMakeFiles/LED.elf.dir/Drivers/STM32F4xx_HAL_Driver/Src/stm32f4xx_hal_cortex.c.obj
 .ARM.attributes
                0x00000461       0x2e CMakeFiles/LED.elf.dir/Drivers/STM32F4xx_HAL_Driver/Src/stm32f4xx_hal_dma.c.obj
 .ARM.attributes
                0x0000048f       0x2e CMakeFiles/LED.elf.dir/Drivers/STM32F4xx_HAL_Driver/Src/stm32f4xx_hal_gpio.c.obj
 .ARM.attributes
                0x000004bd       0x2e CMakeFiles/LED.elf.dir/Drivers/STM32F4xx_HAL_Driver/Src/stm32f4xx_hal_rcc.c.obj
 .ARM.attributes
                0x000004eb       0x2e CMakeFiles/LED.elf.dir/Drivers/STM32F4xx_HAL_Driver/Src/stm32f4xx_hal_spi.c.obj
 .ARM.attributes
                0x00000519       0x2e CMakeFiles/LED.elf.dir/Drivers/STM32F4xx_HAL_Driver/Src/stm32f4xx_hal_tim.c.obj
 .ARM.attributes
                0x00000547       0x2e CMakeFiles/LED.elf.dir/Drivers/STM32F4xx_HAL_Driver/Src/stm32f4xx_hal_uart.c.obj
 .ARM.attributes
                0x00000575       0x1e D:/STM32/arm-none-eabi-gcc/bin/../lib/gcc/arm-none-eabi/14.2.1/thumb/v7e-m/nofp\libgcc.a(_arm_addsubdf3.o)
 .ARM.attributes
                0x00000593       0x1e D:/STM32/arm-none-eabi-gcc/bin/../lib/gcc/arm-none-eabi/14.2.1/thumb/v7e-m/nofp\libgcc.a(_arm_muldivdf3.o)
 .ARM.attributes
                0x000005b1       0x1e D:/STM32/arm-none-eabi-gcc/bin/../lib/gcc/arm-none-eabi/14.2.1/thumb/v7e-m/nofp\libgcc.a(_arm_addsubsf3.o)
 .ARM.attributes
                0x000005cf       0x1e D:/STM32/arm-none-eabi-gcc/bin/../lib/gcc/arm-none-eabi/14.2.1/thumb/v7e-m/nofp\libgcc.a(_arm_muldivsf3.o)
 .ARM.attributes
                0x000005ed       0x1e D:/STM32/arm-none-eabi-gcc/bin/../lib/gcc/arm-none-eabi/14.2.1/thumb/v7e-m/nofp\libgcc.a(_arm_cmpsf2.o)
 .ARM.attributes
                0x0000060b       0x1e D:/STM32/arm-none-eabi-gcc/bin/../lib/gcc/arm-none-eabi/14.2.1/thumb/v7e-m/nofp\libgcc.a(_arm_fixsfsi.o)
 .ARM.attributes
                0x00000629       0x1e D:/STM32/arm-none-eabi-gcc/bin/../lib/gcc/arm-none-eabi/14.2.1/thumb/v7e-m/nofp\libgcc.a(_arm_fixunssfsi.o)
 .ARM.attributes
                0x00000647       0x1e D:/STM32/arm-none-eabi-gcc/bin/../lib/gcc/arm-none-eabi/14.2.1/thumb/v7e-m/nofp\libgcc.a(_aeabi_uldivmod.o)
 .ARM.attributes
                0x00000665       0x2e D:/STM32/arm-none-eabi-gcc/bin/../lib/gcc/arm-none-eabi/14.2.1/thumb/v7e-m/nofp\libgcc.a(_udivmoddi4.o)
 .ARM.attributes
                0x00000693       0x1e D:/STM32/arm-none-eabi-gcc/bin/../lib/gcc/arm-none-eabi/14.2.1/thumb/v7e-m/nofp\libgcc.a(_dvmd_tls.o)
 .ARM.attributes
                0x000006b1       0x2e D:/STM32/arm-none-eabi-gcc/bin/../lib/gcc/arm-none-eabi/14.2.1/thumb/v7e-m/nofp\libg.a(libc_a-findfp.o)
 .ARM.attributes
                0x000006df       0x2e D:/STM32/arm-none-eabi-gcc/bin/../lib/gcc/arm-none-eabi/14.2.1/thumb/v7e-m/nofp\libg.a(libc_a-fwalk.o)
 .ARM.attributes
                0x0000070d       0x2e D:/STM32/arm-none-eabi-gcc/bin/../lib/gcc/arm-none-eabi/14.2.1/thumb/v7e-m/nofp\libg.a(libc_a-snprintf.o)
 .ARM.attributes
                0x0000073b       0x2e D:/STM32/arm-none-eabi-gcc/bin/../lib/gcc/arm-none-eabi/14.2.1/thumb/v7e-m/nofp\libg.a(libc_a-sprintf.o)
 .ARM.attributes
                0x00000769       0x2e D:/STM32/arm-none-eabi-gcc/bin/../lib/gcc/arm-none-eabi/14.2.1/thumb/v7e-m/nofp\libg.a(libc_a-stdio.o)
 .ARM.attributes
                0x00000797       0x2e D:/STM32/arm-none-eabi-gcc/bin/../lib/gcc/arm-none-eabi/14.2.1/thumb/v7e-m/nofp\libg.a(libc_a-memset.o)
 .ARM.attributes
                0x000007c5       0x2e D:/STM32/arm-none-eabi-gcc/bin/../lib/gcc/arm-none-eabi/14.2.1/thumb/v7e-m/nofp\libg.a(libc_a-strncpy.o)
 .ARM.attributes