Archive member included to satisfy reference by file (symbol)

D:/STM32/arm-none-eabi-gcc/bin/../lib/gcc/arm-none-eabi/14.2.1/thumb/v7e-m/nofp\libgcc.a(_arm_muldf3.o)
                              CMakeFiles/LED.elf.dir/Core/Src/main.c.obj (__aeabi_dmul)
D:/STM32/arm-none-eabi-gcc/bin/../lib/gcc/arm-none-eabi/14.2.1/thumb/v7e-m/nofp\libgcc.a(_arm_mulsf3.o)
                              CMakeFiles/LED.elf.dir/Core/Src/main.c.obj (__aeabi_fmul)
D:/STM32/arm-none-eabi-gcc/bin/../lib/gcc/arm-none-eabi/14.2.1/thumb/v7e-m/nofp\libgcc.a(_arm_addsubdf3.o)
                              CMakeFiles/LED.elf.dir/Core/Src/main.c.obj (__aeabi_dsub)
D:/STM32/arm-none-eabi-gcc/bin/../lib/gcc/arm-none-eabi/14.2.1/thumb/v7e-m/nofp\libgcc.a(_arm_muldivdf3.o)
                              CMakeFiles/LED.elf.dir/Core/Src/main.c.obj (__aeabi_ddiv)
D:/STM32/arm-none-eabi-gcc/bin/../lib/gcc/arm-none-eabi/14.2.1/thumb/v7e-m/nofp\libgcc.a(_arm_addsubsf3.o)
                              CMakeFiles/LED.elf.dir/Core/Src/main.c.obj (__aeabi_fsub)
D:/STM32/arm-none-eabi-gcc/bin/../lib/gcc/arm-none-eabi/14.2.1/thumb/v7e-m/nofp\libgcc.a(_arm_muldivsf3.o)
                              CMakeFiles/LED.elf.dir/Core/Src/main.c.obj (__aeabi_fdiv)
D:/STM32/arm-none-eabi-gcc/bin/../lib/gcc/arm-none-eabi/14.2.1/thumb/v7e-m/nofp\libgcc.a(_arm_cmpsf2.o)
                              CMakeFiles/LED.elf.dir/Core/application/CAN_receive.c.obj (__aeabi_fcmpeq)
D:/STM32/arm-none-eabi-gcc/bin/../lib/gcc/arm-none-eabi/14.2.1/thumb/v7e-m/nofp\libgcc.a(_arm_fixsfsi.o)
                              CMakeFiles/LED.elf.dir/Core/Src/main.c.obj (__aeabi_f2iz)
D:/STM32/arm-none-eabi-gcc/bin/../lib/gcc/arm-none-eabi/14.2.1/thumb/v7e-m/nofp\libgcc.a(_arm_fixunssfsi.o)
                              CMakeFiles/LED.elf.dir/Core/application/CAN_receive.c.obj (__aeabi_f2uiz)
D:/STM32/arm-none-eabi-gcc/bin/../lib/gcc/arm-none-eabi/14.2.1/thumb/v7e-m/nofp\libgcc.a(_aeabi_uldivmod.o)
                              CMakeFiles/LED.elf.dir/Drivers/STM32F4xx_HAL_Driver/Src/stm32f4xx_hal_rcc.c.obj (__aeabi_uldivmod)
D:/STM32/arm-none-eabi-gcc/bin/../lib/gcc/arm-none-eabi/14.2.1/thumb/v7e-m/nofp\libgcc.a(_udivmoddi4.o)
                              D:/STM32/arm-none-eabi-gcc/bin/../lib/gcc/arm-none-eabi/14.2.1/thumb/v7e-m/nofp\libgcc.a(_aeabi_uldivmod.o) (__udivmoddi4)
D:/STM32/arm-none-eabi-gcc/bin/../lib/gcc/arm-none-eabi/14.2.1/thumb/v7e-m/nofp\libgcc.a(_dvmd_tls.o)
                              D:/STM32/arm-none-eabi-gcc/bin/../lib/gcc/arm-none-eabi/14.2.1/thumb/v7e-m/nofp\libgcc.a(_aeabi_uldivmod.o) (__aeabi_ldiv0)
D:/STM32/arm-none-eabi-gcc/bin/../lib/gcc/arm-none-eabi/14.2.1/thumb/v7e-m/nofp\libg.a(libc_a-exit.o)
                              D:/STM32/arm-none-eabi-gcc/bin/../lib/gcc/arm-none-eabi/14.2.1/thumb/v7e-m/nofp/crt0.o (exit)
D:/STM32/arm-none-eabi-gcc/bin/../lib/gcc/arm-none-eabi/14.2.1/thumb/v7e-m/nofp\libg.a(libc_a-findfp.o)
                              D:/STM32/arm-none-eabi-gcc/bin/../lib/gcc/arm-none-eabi/14.2.1/thumb/v7e-m/nofp\libg.a(libc_a-exit.o) (__stdio_exit_handler)
D:/STM32/arm-none-eabi-gcc/bin/../lib/gcc/arm-none-eabi/14.2.1/thumb/v7e-m/nofp\libg.a(libc_a-fwalk.o)
                              D:/STM32/arm-none-eabi-gcc/bin/../lib/gcc/arm-none-eabi/14.2.1/thumb/v7e-m/nofp\libg.a(libc_a-findfp.o) (_fwalk_sglue)
D:/STM32/arm-none-eabi-gcc/bin/../lib/gcc/arm-none-eabi/14.2.1/thumb/v7e-m/nofp\libg.a(libc_a-snprintf.o)
                              CMakeFiles/LED.elf.dir/Core/Src/main.c.obj (snprintf)
D:/STM32/arm-none-eabi-gcc/bin/../lib/gcc/arm-none-eabi/14.2.1/thumb/v7e-m/nofp\libg.a(libc_a-sprintf.o)
                              CMakeFiles/LED.elf.dir/Core/Src/main.c.obj (sprintf)
D:/STM32/arm-none-eabi-gcc/bin/../lib/gcc/arm-none-eabi/14.2.1/thumb/v7e-m/nofp\libg.a(libc_a-sscanf.o)
                              CMakeFiles/LED.elf.dir/Core/Src/main.c.obj (sscanf)
D:/STM32/arm-none-eabi-gcc/bin/../lib/gcc/arm-none-eabi/14.2.1/thumb/v7e-m/nofp\libg.a(libc_a-stdio.o)
                              D:/STM32/arm-none-eabi-gcc/bin/../lib/gcc/arm-none-eabi/14.2.1/thumb/v7e-m/nofp\libg.a(libc_a-findfp.o) (__sread)
D:/STM32/arm-none-eabi-gcc/bin/../lib/gcc/arm-none-eabi/14.2.1/thumb/v7e-m/nofp\libg.a(libc_a-memset.o)
                              D:/STM32/arm-none-eabi-gcc/bin/../lib/gcc/arm-none-eabi/14.2.1/thumb/v7e-m/nofp/crt0.o (memset)
D:/STM32/arm-none-eabi-gcc/bin/../lib/gcc/arm-none-eabi/14.2.1/thumb/v7e-m/nofp\libg.a(libc_a-strncpy.o)
                              CMakeFiles/LED.elf.dir/Core/Src/main.c.obj (strncpy)
D:/STM32/arm-none-eabi-gcc/bin/../lib/gcc/arm-none-eabi/14.2.1/thumb/v7e-m/nofp\libg.a(libc_a-closer.o)
                              D:/STM32/arm-none-eabi-gcc/bin/../lib/gcc/arm-none-eabi/14.2.1/thumb/v7e-m/nofp\libg.a(libc_a-stdio.o) (_close_r)
D:/STM32/arm-none-eabi-gcc/bin/../lib/gcc/arm-none-eabi/14.2.1/thumb/v7e-m/nofp\libg.a(libc_a-reent.o)
[...]
Memory Configuration

Name             Origin             Length             Attributes
CCMRAM           0x10000000         0x00010000         xrw
RAM              0x20000000         0x00020000         xrw
FLASH            0x08000000         0x00100000         xr
*default*        0x00000000         0xffffffff

Linker script and memory map

LOAD D:/STM32/arm-none-eabi-gcc/bin/../lib/gcc/arm-none-eabi/14.2.1/thumb/v7e-m/nofp/crti.o
LOAD D:/STM32/arm-none-eabi-gcc/bin/../lib/gcc/arm-none-eabi/14.2.1/thumb/v7e-m/nofp/crtbegin.o
LOAD D:/STM32/arm-none-eabi-gcc/bin/../lib/gcc/arm-none-eabi/14.2.1/thumb/v7e-m/nofp/crt0.o
LOAD CMakeFiles/LED.elf.dir/Core/Src/bsp_can.c.obj
LOAD CMakeFiles/LED.elf.dir/Core/Src/can.c.obj
LOAD CMakeFiles/LED.elf.dir/Core/Src/dma.c.obj
LOAD CMakeFiles/LED.elf.dir/Core/Src/gpio.c.obj
LOAD CMakeFiles/LED.elf.dir/Core/Src/main.c.obj
LOAD CMakeFiles/LED.elf.dir/Core/Src/pid.c.obj
LOAD CMakeFiles/LED.elf.dir/Core/Src/spi.c.obj
LOAD CMakeFiles/LED.elf.dir/Core/Src/stm32f4xx_hal_msp.c.obj
LOAD CMakeFiles/LED.elf.dir/Core/Src/stm32f4xx_it.c.obj
LOAD CMakeFiles/LED.elf.dir/Core/Src/syscalls.c.obj
LOAD CMakeFiles/LED.elf.dir/Core/Src/sysmem.c.obj
LOAD CMakeFiles/LED.elf.dir/Core/Src/system_stm32f4xx.c.obj
LOAD CMakeFiles/LED.elf.dir/Core/Src/tim.c.obj
LOAD CMakeFiles/LED.elf.dir/Core/Src/usart.c.obj
LOAD CMakeFiles/LED.elf.dir/Core/Startup/startup_stm32f407ighx.s.obj
LOAD CMakeFiles/LED.elf.dir/Core/application/BMI088Middleware.c.obj
LOAD CMakeFiles/LED.elf.dir/Core/application/BMI088driver.c.obj
LOAD CMakeFiles/LED.elf.dir/Core/application/CAN_receive.c.obj
LOAD CMakeFiles/LED.elf.dir/Core/application/bsp_rc.c.obj
LOAD CMakeFiles/LED.elf.dir/Core/application/remote_control.c.obj
LOAD CMakeFiles/LED.elf.dir/Drivers/STM32F4xx_HAL_Driver/Src/stm32f4xx_hal.c.obj
LOAD CMakeFiles/LED.elf.dir/Drivers/STM32F4xx_HAL_Driver/Src/stm32f4xx_hal_can.c.obj
LOAD CMakeFiles/LED.elf.dir/Drivers/STM32F4xx_HAL_Driver/Src/stm32f4xx_hal_cortex.c.obj
LOAD CMakeFiles/LED.elf.dir/Drivers/STM32F4xx_HAL_Driver/Src/stm32f4xx_hal_dma.c.obj
LOAD CMakeFiles/LED.elf.dir/Drivers/STM32F4xx_HAL_Driver/Src/stm32f4xx_hal_dma_ex.c.obj
LOAD CMakeFiles/LED.elf.dir/Drivers/STM32F4xx_HAL_Driver/Src/stm32f4xx_hal_exti.c.obj
LOAD CMakeFiles/LED.elf.dir/Drivers/STM32F4xx_HAL_Driver/Src/stm32f4xx_hal_flash.c.obj
LOAD CMakeFiles/LED.elf.dir/Drivers/STM32F4xx_HAL_Driver/Src/stm32f4xx_hal_flash_ex.c.obj
LOAD CMakeFiles/LED.elf.dir/Drivers/STM32F4xx_HAL_Driver/Src/stm32f4xx_hal_flash_ramfunc.c.obj
LOAD CMakeFiles/LED.elf.dir/Drivers/STM32F4xx_HAL_Driver/Src/stm32f4xx_hal_gpio.c.obj
LOAD CMakeFiles/LED.elf.dir/Drivers/STM32F4xx_HAL_Driver/Src/stm32f4xx_hal_pwr.c.obj
LOAD CMakeFiles/LED.elf.dir/Drivers/STM32F4xx_HAL_Driver/Src/stm32f4xx_hal_pwr_ex.c.obj
LOAD CMakeFiles/LED.elf.dir/Drivers/STM32F4xx_HAL_Driver/Src/stm32f4xx_hal_rcc.c.obj
LOAD CMakeFiles/LED.elf.dir/Drivers/STM32F4xx_HAL_Driver/Src/stm32f4xx_hal_rcc_ex.c.obj
LOAD CMakeFiles/LED.elf.dir/Drivers/STM32F4xx_HAL_Driver/Src/stm32f4xx_hal_spi.c.obj
LOAD CMakeFiles/LED.elf.dir/Drivers/STM32F4xx_HAL_Driver/Src/stm32f4xx_hal_tim.c.obj
LOAD CMakeFiles/LED.elf.dir/Drivers/STM32F4xx_HAL_Driver/Src/stm32f4xx_hal_tim_ex.c.obj
LOAD CMakeFiles/LED.elf.dir/Drivers/STM32F4xx_HAL_Driver/Src/stm32f4xx_hal_uart.c.obj
START GROUP
LOAD D:/STM32/arm-none-eabi-gcc/bin/../lib/gcc/arm-none-eabi/14.2.1/thumb/v7e-m/nofp\libgcc.a
LOAD D:/STM32/arm-none-eabi-gcc/bin/../lib/gcc/arm-none-eabi/14.2.1/thumb/v7e-m/nofp\libg.a
LOAD D:/STM32/arm-none-eabi-gcc/bin/../lib/gcc/arm-none-eabi/14.2.1/thumb/v7e-m/nofp\libc.a
END GROUP
LOAD D:/STM32/arm-none-eabi-gcc/bin/../lib/gcc/arm-none-eabi/14.2.1/thumb/v7e-m/nofp/crtend.o
LOAD D:/STM32/arm-none-eabi-gcc/bin/../lib/gcc/arm-none-eabi/14.2.1/thumb/v7e-m/nofp/crtn.o
                0x20020000                        _estack = (ORIGIN (RAM) + LENGTH (RAM))
                0x00000200                        _Min_Heap_Size = 0x200
                0x00000400                        _Min_Stack_Size = 0x400

.isr_vector     0x08000000      0x188
                0x08000000                        . = ALIGN (0x4)
 *(.isr_vector)
 .isr_vector    0x08000000      0x188 CMakeFiles/LED.elf.dir/Core/Startup/startup_stm32f407ighx.s.obj
                0x08000000                g_pfnVectors
                0x08000188                        . = ALIGN (0x4)

.text           0x080001c0    0x11204
                0x080001c0                        . = ALIGN (0x4)
 *(.text)
 .text          0x080001c0      0x378 D:/STM32/arm-none-eabi-gcc/bin/../lib/gcc/arm-none-eabi/14.2.1/thumb/v7e-m/nofp\libgcc.a(_arm_addsubdf3.o)
                0x080001c0                __aeabi_drsub
                0x080001c8                __aeabi_dsub
                0x080001c8                __subdf3
                0x080001cc                __aeabi_dadd
                0x080001cc                __adddf3
                0x08000444                __floatunsidf
                0x08000444                __aeabi_ui2d
                0x08000464                __floatsidf
                0x08000464                __aeabi_i2d
                0x08000488                __aeabi_f2d
                0x08000488                __extendsfdf2
                0x080004cc                __floatundidf
                0x080004cc                __aeabi_ul2d
                0x080004dc                __floatdidf
                0x080004dc                __aeabi_l2d
 .text          0x08000538      0x424 D:/STM32/arm-none-eabi-gcc/bin/../lib/gcc/arm-none-eabi/14.2.1/thumb/v7e-m/nofp\libgcc.a(_arm_muldivdf3.o)
                0x08000538                __aeabi_dmul
                0x08000538                __muldf3
                0x0800078c                __divdf3
                0x0800078c                __aeabi_ddiv
 .text          0x0800095c      0x21c D:/STM32/arm-none-eabi-gcc/bin/../lib/gcc/arm-none-eabi/14.2.1/thumb/v7e-m/nofp\libgcc.a(_arm_addsubsf3.o)
                0x0800095c                __aeabi_frsub
                0x08000964                __subsf3
                0x08000964                __aeabi_fsub
                0x08000968                __aeabi_fadd
                0x08000968                __addsf3
                0x08000ac8                __aeabi_ui2f
                0x08000ac8                __floatunsisf
                0x08000ad0                __aeabi_i2f
                0x08000ad0                __floatsisf
                0x08000aec                __aeabi_ul2f
                0x08000aec                __floatundisf
                0x08000afc                __aeabi_l2f
                0x08000afc                __floatdisf
 .text          0x08000b78      0x2a0 D:/STM32/arm-none-eabi-gcc/bin/../lib/gcc/arm-none-eabi/14.2.1/thumb/v7e-m/nofp\libgcc.a(_arm_muldivsf3.o)
                0x08000b78                __mulsf3
                0x08000b78                __aeabi_fmul
                0x08000ce0                __aeabi_fdiv
                0x08000ce0                __divsf3
 .text          0x08000e18       0xec D:/STM32/arm-none-eabi-gcc/bin/../lib/gcc/arm-none-eabi/14.2.1/thumb/v7e-m/nofp\libgcc.a(_arm_cmpsf2.o)
                0x08000e18                __gesf2
                0x08000e18                __gtsf2
                0x08000e20                __lesf2
                0x08000e20                __ltsf2
                0x08000e28                __nesf2
                0x08000e28                __eqsf2
                0x08000e28                __cmpsf2
                0x08000e88                __aeabi_cfrcmple
                0x08000e90                __aeabi_cfcmpeq
                0x08000e90                __aeabi_cfcmple
                0x08000ea0                __aeabi_fcmpeq
                0x08000eb4                __aeabi_fcmplt
                0x08000ec8                __aeabi_fcmple
                0x08000edc                __aeabi_fcmpge
                0x08000ef0                __aeabi_fcmpgt
 .text          0x08000f04       0x4c D:/STM32/arm-none-eabi-gcc/bin/../lib/gcc/arm-none-eabi/14.2.1/thumb/v7e-m/nofp\libgcc.a(_arm_fixsfsi.o)
                0x08000f04                __aeabi_f2iz
                0x08000f04                __fixsfsi
 .text          0x08000f50       0x40 D:/STM32/arm-none-eabi-gcc/bin/../lib/gcc/arm-none-eabi/14.2.1/thumb/v7e-m/nofp\libgcc.a(_arm_fixunssfsi.o)
                0x08000f50                __fixunssfsi
                0x08000f50                __aeabi_f2uiz
 .text          0x08000f90       0x30 D:/STM32/arm-none-eabi-gcc/bin/../lib/gcc/arm-none-eabi/14.2.1/thumb/v7e-m/nofp\libgcc.a(_aeabi_uldivmod.o)
                0x08000f90                __aeabi_uldivmod
 .text          0x08000fc0        0x4 D:/STM32/arm-none-eabi-gcc/bin/../lib/gcc/arm-none-eabi/14.2.1/thumb/v7e-m/nofp\libgcc.a(_dvmd_tls.o)
                0x08000fc0                __aeabi_idiv0
                0x08000fc0                __aeabi_ldiv0
 *fill*         0x08000fc4       0x3c 
 .text          0x08001000       0xd8 D:/STM32/arm-none-eabi-gcc/bin/../lib/gcc/arm-none-eabi/14.2.1/thumb/v7e-m/nofp\libg.a(libc_a-strlen.o)
                0x08001000                strlen
 *fill*         0x080010d8        0x8 
 .text          0x080010e0      0x2e0 D:/STM32/arm-none-eabi-gcc/bin/../lib/gcc/arm-none-eabi/14.2.1/thumb/v7e-m/nofp\libg.a(libc_a-strcmp.o)
                0x080010e0                strcmp
 .text          0x080013c0       0xa0 D:/STM32/arm-none-eabi-gcc/bin/../lib/gcc/arm-none-eabi/14.2.1/thumb/v7e-m/nofp\libg.a(libc_a-memchr.o)
                0x080013c0                memchr
 .text          0x08001460      0x134 D:/STM32/arm-none-eabi-gcc/bin/../lib/gcc/arm-none-eabi/14.2.1/thumb/v7e-m/nofp\libg.a(libc_a-memcpy.o)
                0x08001460                memcpy
 .text          0x08001594      0x110 D:/STM32/arm-none-eabi-gcc/bin/../lib/gcc/arm-none-eabi/14.2.1/thumb/v7e-m/nofp\libgcc.a(_arm_cmpdf2.o)
                0x08001594                __gtdf2
                0x08001594                __gedf2
                0x0800159c                __ltdf2
                0x0800159c                __ledf2
                0x080015a4                __nedf2
                0x080015a4                __eqdf2
                0x080015a4                __cmpdf2
                0x08001620                __aeabi_cdrcmple
                0x08001630                __aeabi_cdcmpeq
                0x08001630                __aeabi_cdcmple
                0x08001640                __aeabi_dcmpeq
                0x08001654                __aeabi_dcmplt
                0x08001668                __aeabi_dcmple
                0x0800167c                __aeabi_dcmpge
                0x08001690                __aeabi_dcmpgt
 .text          0x080016a4       0x2c D:/STM32/arm-none-eabi-gcc/bin/../lib/gcc/arm-none-eabi/14.2.1/thumb/v7e-m/nofp\libgcc.a(_arm_unorddf2.o)
                0x080016a4                __unorddf2
                0x080016a4                __aeabi_dcmpun
 .text          0x080016d0       0x50 D:/STM32/arm-none-eabi-gcc/bin/../lib/gcc/arm-none-eabi/14.2.1/thumb/v7e-m/nofp\libgcc.a(_arm_fixdfsi.o)
                0x080016d0                __aeabi_d2iz
                0x080016d0                __fixdfsi
 .text          0x08001720       0x40 D:/STM32/arm-none-eabi-gcc/bin/../lib/gcc/arm-none-eabi/14.2.1/thumb/v7e-m/nofp\libgcc.a(_arm_fixunsdfsi.o)
                0x08001720                __aeabi_d2uiz
                0x08001720                __fixunsdfsi
 .text          0x08001760       0xa0 D:/STM32/arm-none-eabi-gcc/bin/../lib/gcc/arm-none-eabi/14.2.1/thumb/v7e-m/nofp\libgcc.a(_arm_truncdfsf2.o)
                0x08001760                __truncdfsf2
                0x08001760                __aeabi_d2f
 *(.text*)
 .text.deregister_tm_clones
                0x08001800       0x1c D:/STM32/arm-none-eabi-gcc/bin/../lib/gcc/arm-none-eabi/14.2.1/thumb/v7e-m/nofp/crtbegin.o
 .text.register_tm_clones
                0x0800181c       0x24 D:/STM32/arm-none-eabi-gcc/bin/../lib/gcc/arm-none-eabi/14.2.1/thumb/v7e-m/nofp/crtbegin.o
 .text.__do_global_dtors_aux
                0x08001840       0x28 D:/STM32/arm-none-eabi-gcc/bin/../lib/gcc/arm-none-eabi/14.2.1/thumb/v7e-m/nofp/crtbegin.o
 .text.frame_dummy
                0x08001868       0x24 D:/STM32/arm-none-eabi-gcc/bin/../lib/gcc/arm-none-eabi/14.2.1/thumb/v7e-m/nofp/crtbegin.o
 .text.can_filter_init
                0x0800188c       0xac CMakeFiles/LED.elf.dir/Core/Src/bsp_can.c.obj
                0x0800188c                can_filter_init
 .text.MX_CAN1_Init
                0x08001938       0x40 CMakeFiles/LED.elf.dir/Core/Src/can.c.obj
                0x08001938                MX_CAN1_Init
 .text.MX_CAN2_Init
                0x08001978       0x44 CMakeFiles/LED.elf.dir/Core/Src/can.c.obj
                0x08001978                MX_CAN2_Init
 .text.HAL_CAN_MspInit
                0x080019bc      0x120 CMakeFiles/LED.elf.dir/Core/Src/can.c.obj
                0x080019bc                HAL_CAN_MspInit
 .text.MX_DMA_Init
                0x08001adc       0x78 CMakeFiles/LED.elf.dir/Core/Src/dma.c.obj
                0x08001adc                MX_DMA_Init
 .text.MX_GPIO_Init
                0x08001b54      0x14c CMakeFiles/LED.elf.dir/Core/Src/gpio.c.obj
                0x08001b54                MX_GPIO_Init
 .text.uart_queue_send
                0x08001ca0       0x58 CMakeFiles/LED.elf.dir/Core/Src/main.c.obj
                0x08001ca0                uart_queue_send
 .text.process_uart_queue
                0x08001cf8       0x60 CMakeFiles/LED.elf.dir/Core/Src/main.c.obj
                0x08001cf8                process_uart_queue
 .text.kalman_filter_accel
                0x08001d58      0x25c CMakeFiles/LED.elf.dir/Core/Src/main.c.obj
                0x08001d58                kalman_filter_accel
 .text.HAL_UART_TxCpltCallback
                0x08001fb4       0x1c CMakeFiles/LED.elf.dir/Core/Src/main.c.obj
                0x08001fb4                HAL_UART_TxCpltCallback
 .text.HAL_UART_RxCpltCallback
                0x08001fd0       0xa0 CMakeFiles/LED.elf.dir/Core/Src/main.c.obj
                0x08001fd0                HAL_UART_RxCpltCallback
 .text.HAL_GPIO_EXTI_Callback
                0x08002070       0xb0 CMakeFiles/LED.elf.dir/Core/Src/main.c.obj
                0x08002070                HAL_GPIO_EXTI_Callback
 .text.Error_Handler
                0x08002120        0x4 CMakeFiles/LED.elf.dir/Core/Src/main.c.obj
                0x08002120                Error_Handler
 .text.SystemClock_Config
                0x08002124       0xbc CMakeFiles/LED.elf.dir/Core/Src/main.c.obj
                0x08002124                SystemClock_Config
 .text.main     0x080021e0      0x598 CMakeFiles/LED.elf.dir/Core/Src/main.c.obj
                0x080021e0                main
 .text.pid_init
                0x08002778       0x18 CMakeFiles/LED.elf.dir/Core/Src/pid.c.obj
                0x08002778                pid_init
 .text.pid_calc
                0x08002790       0xb8 CMakeFiles/LED.elf.dir/Core/Src/pid.c.obj
                0x08002790                pid_calc
 .text.MX_SPI1_Init
                0x08002848       0x48 CMakeFiles/LED.elf.dir/Core/Src/spi.c.obj
                0x08002848                MX_SPI1_Init
 .text.HAL_SPI_MspInit
                0x08002890      0x12c CMakeFiles/LED.elf.dir/Core/Src/spi.c.obj
                0x08002890                HAL_SPI_MspInit
 .text.HAL_MspInit
                0x080029bc       0x38 CMakeFiles/LED.elf.dir/Core/Src/stm32f4xx_hal_msp.c.obj
                0x080029bc                HAL_MspInit
 .text.NMI_Handler
                0x080029f4        0x2 CMakeFiles/LED.elf.dir/Core/Src/stm32f4xx_it.c.obj
                0x080029f4                NMI_Handler
 .text.HardFault_Handler
                0x080029f6        0x2 CMakeFiles/LED.elf.dir/Core/Src/stm32f4xx_it.c.obj
                0x080029f6                HardFault_Handler
 .text.MemManage_Handler
                0x080029f8        0x2 CMakeFiles/LED.elf.dir/Core/Src/stm32f4xx_it.c.obj
                0x080029f8                MemManage_Handler
 .text.BusFault_Handler
                0x080029fa        0x2 CMakeFiles/LED.elf.dir/Core/Src/stm32f4xx_it.c.obj
                0x080029fa                BusFault_Handler
 .text.UsageFault_Handler
                0x080029fc        0x2 CMakeFiles/LED.elf.dir/Core/Src/stm32f4xx_it.c.obj
                0x080029fc                UsageFault_Handler
 .text.SVC_Handler
                0x080029fe        0x2 CMakeFiles/LED.elf.dir/Core/Src/stm32f4xx_it.c.obj
                0x080029fe                SVC_Handler
 .text.DebugMon_Handler
                0x08002a00        0x2 CMakeFiles/LED.elf.dir/Core/Src/stm32f4xx_it.c.obj
                0x08002a00                DebugMon_Handler
 .text.PendSV_Handler
                0x08002a02        0x2 CMakeFiles/LED.elf.dir/Core/Src/stm32f4xx_it.c.obj
                0x08002a02                PendSV_Handler
 .text.SysTick_Handler
                0x08002a04        0x8 CMakeFiles/LED.elf.dir/Core/Src/stm32f4xx_it.c.obj
                0x08002a04                SysTick_Handler
 .text.DMA1_Stream1_IRQHandler
                0x08002a0c       0x10 CMakeFiles/LED.elf.dir/Core/Src/stm32f4xx_it.c.obj
                0x08002a0c                DMA1_Stream1_IRQHandler
 .text.CAN1_RX0_IRQHandler
                0x08002a1c       0x10 CMakeFiles/LED.elf.dir/Core/Src/stm32f4xx_it.c.obj
                0x08002a1c                CAN1_RX0_IRQHandler
 .text.USART1_IRQHandler
                0x08002a2c       0x10 CMakeFiles/LED.elf.dir/Core/Src/stm32f4xx_it.c.obj
                0x08002a2c                USART1_IRQHandler
 .text.USART3_IRQHandler
                0x08002a3c       0x14 CMakeFiles/LED.elf.dir/Core/Src/stm32f4xx_it.c.obj
                0x08002a3c                USART3_IRQHandler
 .text.EXTI15_10_IRQHandler
                0x08002a50        0xc CMakeFiles/LED.elf.dir/Core/Src/stm32f4xx_it.c.obj
                0x08002a50                EXTI15_10_IRQHandler
 .text.DMA2_Stream2_IRQHandler
                0x08002a5c       0x10 CMakeFiles/LED.elf.dir/Core/Src/stm32f4xx_it.c.obj
                0x08002a5c                DMA2_Stream2_IRQHandler
 .text.DMA2_Stream3_IRQHandler
                0x08002a6c       0x10 CMakeFiles/LED.elf.dir/Core/Src/stm32f4xx_it.c.obj
                0x08002a6c                DMA2_Stream3_IRQHandler
 .text.CAN2_RX0_IRQHandler
                0x08002a7c       0x10 CMakeFiles/LED.elf.dir/Core/Src/stm32f4xx_it.c.obj
                0x08002a7c                CAN2_RX0_IRQHandler
 .text.DMA2_Stream7_IRQHandler
                0x08002a8c       0x10 CMakeFiles/LED.elf.dir/Core/Src/stm32f4xx_it.c.obj
                0x08002a8c                DMA2_Stream7_IRQHandler
 .text._getpid  0x08002a9c        0x4 CMakeFiles/LED.elf.dir/Core/Src/syscalls.c.obj
                0x08002a9c                _getpid
 .text._kill    0x08002aa0       0x10 CMakeFiles/LED.elf.dir/Core/Src/syscalls.c.obj
                0x08002aa0                _kill
 .text._exit    0x08002ab0        0xc CMakeFiles/LED.elf.dir/Core/Src/syscalls.c.obj
                0x08002ab0                _exit
 .text._read    0x08002abc       0x20 CMakeFiles/LED.elf.dir/Core/Src/syscalls.c.obj
                0x08002abc                _read
 .text._write   0x08002adc       0x1c CMakeFiles/LED.elf.dir/Core/Src/syscalls.c.obj
                0x08002adc                _write
 .text._close   0x08002af8        0x6 CMakeFiles/LED.elf.dir/Core/Src/syscalls.c.obj
                0x08002af8                _close
 .text._fstat   0x08002afe        0xa CMakeFiles/LED.elf.dir/Core/Src/syscalls.c.obj
                0x08002afe                _fstat
 .text._isatty  0x08002b08        0x4 CMakeFiles/LED.elf.dir/Core/Src/syscalls.c.obj
                0x08002b08                _isatty
 .text._lseek   0x08002b0c        0x4 CMakeFiles/LED.elf.dir/Core/Src/syscalls.c.obj
                0x08002b0c                _lseek
 .text._sbrk    0x08002b10       0x48 CMakeFiles/LED.elf.dir/Core/Src/sysmem.c.obj
                0x08002b10                _sbrk
 .text.SystemInit
                0x08002b58        0x2 CMakeFiles/LED.elf.dir/Core/Src/system_stm32f4xx.c.obj
                0x08002b58                SystemInit
 *fill*         0x08002b5a        0x2 
 .text.HAL_TIM_Base_MspInit
                0x08002b5c       0x30 CMakeFiles/LED.elf.dir/Core/Src/tim.c.obj
                0x08002b5c                HAL_TIM_Base_MspInit
 .text.HAL_TIM_MspPostInit
                0x08002b8c       0x5c CMakeFiles/LED.elf.dir/Core/Src/tim.c.obj
                0x08002b8c                HAL_TIM_MspPostInit
 .text.MX_TIM10_Init
                0x08002be8       0x74 CMakeFiles/LED.elf.dir/Core/Src/tim.c.obj
                0x08002be8                MX_TIM10_Init
 .text.MX_USART1_UART_Init
                0x08002c5c       0x34 CMakeFiles/LED.elf.dir/Core/Src/usart.c.obj
                0x08002c5c                MX_USART1_UART_Init
 .text.MX_USART3_UART_Init
                0x08002c90       0x38 CMakeFiles/LED.elf.dir/Core/Src/usart.c.obj
                0x08002c90                MX_USART3_UART_Init
 .text.HAL_UART_MspInit
                0x08002cc8      0x1a4 CMakeFiles/LED.elf.dir/Core/Src/usart.c.obj
                0x08002cc8                HAL_UART_MspInit
 .text.Reset_Handler
                0x08002e6c       0x50 CMakeFiles/LED.elf.dir/Core/Startup/startup_stm32f407ighx.s.obj
                0x08002e6c                Reset_Handler
 .text.Default_Handler
                0x08002ebc        0x2 CMakeFiles/LED.elf.dir/Core/Startup/startup_stm32f407ighx.s.obj
                0x08002ebc                RTC_Alarm_IRQHandler
                0x08002ebc                HASH_RNG_IRQHandler
                0x08002ebc                EXTI2_IRQHandler
                0x08002ebc                TIM8_CC_IRQHandler
                0x08002ebc                TIM1_CC_IRQHandler
                0x08002ebc                DMA2_Stream5_IRQHandler
                0x08002ebc                DMA1_Stream5_IRQHandler
                0x08002ebc                PVD_IRQHandler
                0x08002ebc                SDIO_IRQHandler
                0x08002ebc                TAMP_STAMP_IRQHandler
                0x08002ebc                CAN2_RX1_IRQHandler
                0x08002ebc                EXTI3_IRQHandler
                0x08002ebc                TIM8_TRG_COM_TIM14_IRQHandler
                0x08002ebc                TIM1_UP_TIM10_IRQHandler
                0x08002ebc                TIM8_UP_TIM13_IRQHandler
                0x08002ebc                I2C3_ER_IRQHandler
                0x08002ebc                EXTI0_IRQHandler
                0x08002ebc                I2C2_EV_IRQHandler
                0x08002ebc                DMA1_Stream2_IRQHandler
                0x08002ebc                FPU_IRQHandler
                0x08002ebc                OTG_HS_WKUP_IRQHandler
                0x08002ebc                CAN2_SCE_IRQHandler
                0x08002ebc                SPI1_IRQHandler
                0x08002ebc                TIM6_DAC_IRQHandler
                0x08002ebc                TIM1_BRK_TIM9_IRQHandler
                0x08002ebc                DCMI_IRQHandler
                0x08002ebc                USART6_IRQHandler
                0x08002ebc                CAN1_RX1_IRQHandler
                0x08002ebc                UART5_IRQHandler
                0x08002ebc                DMA2_Stream0_IRQHandler
                0x08002ebc                TIM4_IRQHandler
                0x08002ebc                I2C1_EV_IRQHandler
                0x08002ebc                DMA1_Stream6_IRQHandler
                0x08002ebc                UART4_IRQHandler
                0x08002ebc                TIM3_IRQHandler
                0x08002ebc                RCC_IRQHandler
                0x08002ebc                TIM8_BRK_TIM12_IRQHandler
                0x08002ebc                Default_Handler
                0x08002ebc                ADC_IRQHandler
                0x08002ebc                DMA1_Stream7_IRQHandler
                0x08002ebc                TIM7_IRQHandler
                0x08002ebc                CAN2_TX_IRQHandler
                0x08002ebc                TIM5_IRQHandler
                0x08002ebc                I2C3_EV_IRQHandler
                0x08002ebc                EXTI9_5_IRQHandler
                0x08002ebc                RTC_WKUP_IRQHandler
                0x08002ebc                ETH_WKUP_IRQHandler
                0x08002ebc                SPI2_IRQHandler
                0x08002ebc                OTG_HS_EP1_IN_IRQHandler
                0x08002ebc                DMA1_Stream0_IRQHandler
                0x08002ebc                CAN1_TX_IRQHandler
                0x08002ebc                EXTI4_IRQHandler
                0x08002ebc                FSMC_IRQHandler
                0x08002ebc                ETH_IRQHandler
                0x08002ebc                OTG_HS_EP1_OUT_IRQHandler
                0x08002ebc                WWDG_IRQHandler
                0x08002ebc                TIM2_IRQHandler
                0x08002ebc                OTG_FS_WKUP_IRQHandler
                0x08002ebc                TIM1_TRG_COM_TIM11_IRQHandler
                0x08002ebc                OTG_HS_IRQHandler
                0x08002ebc                EXTI1_IRQHandler
                0x08002ebc                USART2_IRQHandler
                0x08002ebc                I2C2_ER_IRQHandler
                0x08002ebc                DMA2_Stream1_IRQHandler
                0x08002ebc                CAN1_SCE_IRQHandler
                0x08002ebc                FLASH_IRQHandler
                0x08002ebc                DMA2_Stream4_IRQHandler
                0x08002ebc                OTG_FS_IRQHandler
                0x08002ebc                SPI3_IRQHandler
                0x08002ebc                DMA1_Stream4_IRQHandler
                0x08002ebc                I2C1_ER_IRQHandler
                0x08002ebc                DMA2_Stream6_IRQHandler
                0x08002ebc                DMA1_Stream3_IRQHandler
 .text.BMI088_GPIO_init
                0x08002ebe        0x2 CMakeFiles/LED.elf.dir/Core/application/BMI088Middleware.c.obj
                0x08002ebe                BMI088_GPIO_init
 .text.BMI088_com_init
                0x08002ec0        0x2 CMakeFiles/LED.elf.dir/Core/application/BMI088Middleware.c.obj
                0x08002ec0                BMI088_com_init
 .text.BMI088_delay_us
                0x08002ec2       0x36 CMakeFiles/LED.elf.dir/Core/application/BMI088Middleware.c.obj
                0x08002ec2                BMI088_delay_us
 .text.BMI088_delay_ms
                0x08002ef8       0x18 CMakeFiles/LED.elf.dir/Core/application/BMI088Middleware.c.obj
                0x08002ef8                BMI088_delay_ms
 .text.BMI088_ACCEL_NS_L
                0x08002f10       0x14 CMakeFiles/LED.elf.dir/Core/application/BMI088Middleware.c.obj
                0x08002f10                BMI088_ACCEL_NS_L
 .text.BMI088_ACCEL_NS_H
                0x08002f24       0x14 CMakeFiles/LED.elf.dir/Core/application/BMI088Middleware.c.obj
                0x08002f24                BMI088_ACCEL_NS_H
 .text.BMI088_GYRO_NS_L
                0x08002f38       0x14 CMakeFiles/LED.elf.dir/Core/application/BMI088Middleware.c.obj
                0x08002f38                BMI088_GYRO_NS_L
 .text.BMI088_GYRO_NS_H
                0x08002f4c       0x14 CMakeFiles/LED.elf.dir/Core/application/BMI088Middleware.c.obj
                0x08002f4c                BMI088_GYRO_NS_H
 .text.BMI088_read_write_byte
                0x08002f60       0x2c CMakeFiles/LED.elf.dir/Core/application/BMI088Middleware.c.obj
                0x08002f60                BMI088_read_write_byte
 .text.BMI088_write_single_reg
                0x08002f8c       0x10 CMakeFiles/LED.elf.dir/Core/application/BMI088driver.c.obj
 .text.BMI088_read_single_reg
                0x08002f9c       0x16 CMakeFiles/LED.elf.dir/Core/application/BMI088driver.c.obj
 .text.BMI088_read_muli_reg
                0x08002fb2       0x24 CMakeFiles/LED.elf.dir/Core/application/BMI088driver.c.obj
 *fill*         0x08002fd6        0x2 
 .text.bmi088_accel_init
                0x08002fd8      0x10c CMakeFiles/LED.elf.dir/Core/application/BMI088driver.c.obj
                0x08002fd8                bmi088_accel_init
 .text.bmi088_gyro_init
                0x080030e4       0xec CMakeFiles/LED.elf.dir/Core/application/BMI088driver.c.obj
                0x080030e4                bmi088_gyro_init
 .text.BMI088_init
                0x080031d0       0x1a CMakeFiles/LED.elf.dir/Core/application/BMI088driver.c.obj
                0x080031d0                BMI088_init
 *fill*         0x080031ea        0x2 
 .text.BMI088_read
                0x080031ec      0x148 CMakeFiles/LED.elf.dir/Core/application/BMI088driver.c.obj
                0x080031ec                BMI088_read
 .text.constrain
                0x08003334       0x24 CMakeFiles/LED.elf.dir/Core/application/CAN_receive.c.obj
 .text.uint_to_float
                0x08003358       0x38 CMakeFiles/LED.elf.dir/Core/application/CAN_receive.c.obj
 .text.float_to_uint
                0x08003390       0x38 CMakeFiles/LED.elf.dir/Core/application/CAN_receive.c.obj
 .text.CAN_cmd_chassis
                0x080033c8       0x54 CMakeFiles/LED.elf.dir/Core/application/CAN_receive.c.obj
                0x080033c8                CAN_cmd_chassis
 .text.get_chassis_motor_measure_point
                0x0800341c       0x14 CMakeFiles/LED.elf.dir/Core/application/CAN_receive.c.obj
                0x0800341c                get_chassis_motor_measure_point
 .text.MD4340_motor_PID_Control
                0x08003430       0x64 CMakeFiles/LED.elf.dir/Core/application/CAN_receive.c.obj
                0x08003430                MD4340_motor_PID_Control
 .text.MD_CanReceive
                0x08003494      0x130 CMakeFiles/LED.elf.dir/Core/application/CAN_receive.c.obj
                0x08003494                MD_CanReceive
 .text.HAL_CAN_RxFifo0MsgPendingCallback
                0x080035c4      0x148 CMakeFiles/LED.elf.dir/Core/application/CAN_receive.c.obj
                0x080035c4                HAL_CAN_RxFifo0MsgPendingCallback
 .text.CAN_cmd_motor_set_zero
                0x0800370c       0x3c CMakeFiles/LED.elf.dir/Core/application/CAN_receive.c.obj
                0x0800370c                CAN_cmd_motor_set_zero
 .text.CAN_cmd_motor_control
                0x08003748       0xd8 CMakeFiles/LED.elf.dir/Core/application/CAN_receive.c.obj
                0x08003748                CAN_cmd_motor_control
 .text.DM4340_Control_Init
                0x08003820       0x38 CMakeFiles/LED.elf.dir/Core/application/CAN_receive.c.obj
                0x08003820                DM4340_Control_Init
 .text.DM4340_Set_Target_Angle
                0x08003858       0x18 CMakeFiles/LED.elf.dir/Core/application/CAN_receive.c.obj
                0x08003858                DM4340_Set_Target_Angle
 .text.DM4340_Control_Loop
                0x08003870       0x98 CMakeFiles/LED.elf.dir/Core/application/CAN_receive.c.obj
                0x08003870                DM4340_Control_Loop
 .text.RC_init  0x08003908       0x68 CMakeFiles/LED.elf.dir/Core/application/bsp_rc.c.obj
                0x08003908                RC_init
 .text.sbus_to_rc
                0x08003970       0xde CMakeFiles/LED.elf.dir/Core/application/remote_control.c.obj
 *fill*         0x08003a4e        0x2 
 .text.remote_control_init
                0x08003a50       0x14 CMakeFiles/LED.elf.dir/Core/application/remote_control.c.obj
                0x08003a50                remote_control_init
 .text.get_remote_control_point
                0x08003a64        0x8 CMakeFiles/LED.elf.dir/Core/application/remote_control.c.obj
                0x08003a64                get_remote_control_point
 .text.remote_control_uart3_handler
                0x08003a6c       0xe4 CMakeFiles/LED.elf.dir/Core/application/remote_control.c.obj
                0x08003a6c                remote_control_uart3_handler
 .text.HAL_InitTick
                0x08003b50       0x4c CMakeFiles/LED.elf.dir/Drivers/STM32F4xx_HAL_Driver/Src/stm32f4xx_hal.c.obj
                0x08003b50                HAL_InitTick
 .text.HAL_Init
                0x08003b9c       0x34 CMakeFiles/LED.elf.dir/Drivers/STM32F4xx_HAL_Driver/Src/stm32f4xx_hal.c.obj
                0x08003b9c                HAL_Init
 .text.HAL_IncTick
                0x08003bd0       0x18 CMakeFiles/LED.elf.dir/Drivers/STM32F4xx_HAL_Driver/Src/stm32f4xx_hal.c.obj
                0x08003bd0                HAL_IncTick
 .text.HAL_GetTick
                0x08003be8        0xc CMakeFiles/LED.elf.dir/Drivers/STM32F4xx_HAL_Driver/Src/stm32f4xx_hal.c.obj
                0x08003be8                HAL_GetTick
 .text.HAL_CAN_Init
                0x08003bf4      0x14c CMakeFiles/LED.elf.dir/Drivers/STM32F4xx_HAL_Driver/Src/stm32f4xx_hal_can.c.obj
                0x08003bf4                HAL_CAN_Init
 .text.HAL_CAN_ConfigFilter
                0x08003d40      0x13c CMakeFiles/LED.elf.dir/Drivers/STM32F4xx_HAL_Driver/Src/stm32f4xx_hal_can.c.obj
                0x08003d40                HAL_CAN_ConfigFilter
 .text.HAL_CAN_Start
                0x08003e7c       0x5c CMakeFiles/LED.elf.dir/Drivers/STM32F4xx_HAL_Driver/Src/stm32f4xx_hal_can.c.obj
                0x08003e7c                HAL_CAN_Start
 .text.HAL_CAN_AddTxMessage
                0x08003ed8       0xea CMakeFiles/LED.elf.dir/Drivers/STM32F4xx_HAL_Driver/Src/stm32f4xx_hal_can.c.obj
                0x08003ed8                HAL_CAN_AddTxMessage
 .text.HAL_CAN_GetRxMessage
                0x08003fc2      0x16a CMakeFiles/LED.elf.dir/Drivers/STM32F4xx_HAL_Driver/Src/stm32f4xx_hal_can.c.obj
                0x08003fc2                HAL_CAN_GetRxMessage
 .text.HAL_CAN_ActivateNotification
                0x0800412c       0x24 CMakeFiles/LED.elf.dir/Drivers/STM32F4xx_HAL_Driver/Src/stm32f4xx_hal_can.c.obj
                0x0800412c                HAL_CAN_ActivateNotification
 .text.HAL_CAN_TxMailbox0CompleteCallback
                0x08004150        0x2 CMakeFiles/LED.elf.dir/Drivers/STM32F4xx_HAL_Driver/Src/stm32f4xx_hal_can.c.obj
                0x08004150                HAL_CAN_TxMailbox0CompleteCallback
 .text.HAL_CAN_TxMailbox1CompleteCallback
                0x08004152        0x2 CMakeFiles/LED.elf.dir/Drivers/STM32F4xx_HAL_Driver/Src/stm32f4xx_hal_can.c.obj
                0x08004152                HAL_CAN_TxMailbox1CompleteCallback
 .text.HAL_CAN_TxMailbox2CompleteCallback
                0x08004154        0x2 CMakeFiles/LED.elf.dir/Drivers/STM32F4xx_HAL_Driver/Src/stm32f4xx_hal_can.c.obj
                0x08004154                HAL_CAN_TxMailbox2CompleteCallback
 .text.HAL_CAN_TxMailbox0AbortCallback
                0x08004156        0x2 CMakeFiles/LED.elf.dir/Drivers/STM32F4xx_HAL_Driver/Src/stm32f4xx_hal_can.c.obj
                0x08004156                HAL_CAN_TxMailbox0AbortCallback
 .text.HAL_CAN_TxMailbox1AbortCallback
                0x08004158        0x2 CMakeFiles/LED.elf.dir/Drivers/STM32F4xx_HAL_Driver/Src/stm32f4xx_hal_can.c.obj
                0x08004158                HAL_CAN_TxMailbox1AbortCallback
 .text.HAL_CAN_TxMailbox2AbortCallback
                0x0800415a        0x2 CMakeFiles/LED.elf.dir/Drivers/STM32F4xx_HAL_Driver/Src/stm32f4xx_hal_can.c.obj
                0x0800415a                HAL_CAN_TxMailbox2AbortCallback
 .text.HAL_CAN_RxFifo0FullCallback
                0x0800415c        0x2 CMakeFiles/LED.elf.dir/Drivers/STM32F4xx_HAL_Driver/Src/stm32f4xx_hal_can.c.obj
                0x0800415c                HAL_CAN_RxFifo0FullCallback
 .text.HAL_CAN_RxFifo1MsgPendingCallback
                0x0800415e        0x2 CMakeFiles/LED.elf.dir/Drivers/STM32F4xx_HAL_Driver/Src/stm32f4xx_hal_can.c.obj
                0x0800415e                HAL_CAN_RxFifo1MsgPendingCallback
 .text.HAL_CAN_RxFifo1FullCallback
                0x08004160        0x2 CMakeFiles/LED.elf.dir/Drivers/STM32F4xx_HAL_Driver/Src/stm32f4xx_hal_can.c.obj
                0x08004160                HAL_CAN_RxFifo1FullCallback
 .text.HAL_CAN_SleepCallback
                0x08004162        0x2 CMakeFiles/LED.elf.dir/Drivers/STM32F4xx_HAL_Driver/Src/stm32f4xx_hal_can.c.obj
                0x08004162                HAL_CAN_SleepCallback
 .text.HAL_CAN_WakeUpFromRxMsgCallback
                0x08004164        0x2 CMakeFiles/LED.elf.dir/Drivers/STM32F4xx_HAL_Driver/Src/stm32f4xx_hal_can.c.obj
                0x08004164                HAL_CAN_WakeUpFromRxMsgCallback
 .text.HAL_CAN_ErrorCallback
                0x08004166        0x2 CMakeFiles/LED.elf.dir/Drivers/STM32F4xx_HAL_Driver/Src/stm32f4xx_hal_can.c.obj
                0x08004166                HAL_CAN_ErrorCallback
 .text.HAL_CAN_IRQHandler
                0x08004168      0x250 CMakeFiles/LED.elf.dir/Drivers/STM32F4xx_HAL_Driver/Src/stm32f4xx_hal_can.c.obj
                0x08004168                HAL_CAN_IRQHandler
 .text.__NVIC_EnableIRQ
                0x080043b8       0x1c CMakeFiles/LED.elf.dir/Drivers/STM32F4xx_HAL_Driver/Src/stm32f4xx_hal_cortex.c.obj
 .text.__NVIC_SetPriority
                0x080043d4       0x28 CMakeFiles/LED.elf.dir/Drivers/STM32F4xx_HAL_Driver/Src/stm32f4xx_hal_cortex.c.obj
 .text.NVIC_EncodePriority
                0x080043fc       0x3e CMakeFiles/LED.elf.dir/Drivers/STM32F4xx_HAL_Driver/Src/stm32f4xx_hal_cortex.c.obj
 *fill*         0x0800443a        0x2 
 .text.HAL_NVIC_SetPriorityGrouping
                0x0800443c       0x24 CMakeFiles/LED.elf.dir/Drivers/STM32F4xx_HAL_Driver/Src/stm32f4xx_hal_cortex.c.obj
                0x0800443c                HAL_NVIC_SetPriorityGrouping
 .text.HAL_NVIC_SetPriority
                0x08004460       0x20 CMakeFiles/LED.elf.dir/Drivers/STM32F4xx_HAL_Driver/Src/stm32f4xx_hal_cortex.c.obj
                0x08004460                HAL_NVIC_SetPriority
 .text.HAL_NVIC_EnableIRQ
                0x08004480        0x8 CMakeFiles/LED.elf.dir/Drivers/STM32F4xx_HAL_Driver/Src/stm32f4xx_hal_cortex.c.obj
                0x08004480                HAL_NVIC_EnableIRQ
 .text.HAL_SYSTICK_Config
                0x08004488       0x28 CMakeFiles/LED.elf.dir/Drivers/STM32F4xx_HAL_Driver/Src/stm32f4xx_hal_cortex.c.obj
                0x08004488                HAL_SYSTICK_Config
 .text.DMA_SetConfig
                0x080044b0       0x2c CMakeFiles/LED.elf.dir/Drivers/STM32F4xx_HAL_Driver/Src/stm32f4xx_hal_dma.c.obj
 .text.DMA_CalcBaseAndBitshift
                0x080044dc       0x38 CMakeFiles/LED.elf.dir/Drivers/STM32F4xx_HAL_Driver/Src/stm32f4xx_hal_dma.c.obj
 .text.DMA_CheckFifoParam
                0x08004514       0x8e CMakeFiles/LED.elf.dir/Drivers/STM32F4xx_HAL_Driver/Src/stm32f4xx_hal_dma.c.obj
 *fill*         0x080045a2        0x2 
 .text.HAL_DMA_Init
                0x080045a4       0xcc CMakeFiles/LED.elf.dir/Drivers/STM32F4xx_HAL_Driver/Src/stm32f4xx_hal_dma.c.obj
                0x080045a4                HAL_DMA_Init
 .text.HAL_DMA_Start_IT
                0x08004670       0x68 CMakeFiles/LED.elf.dir/Drivers/STM32F4xx_HAL_Driver/Src/stm32f4xx_hal_dma.c.obj
                0x08004670                HAL_DMA_Start_IT
 .text.HAL_DMA_Abort
                0x080046d8       0x92 CMakeFiles/LED.elf.dir/Drivers/STM32F4xx_HAL_Driver/Src/stm32f4xx_hal_dma.c.obj
                0x080046d8                HAL_DMA_Abort
 .text.HAL_DMA_Abort_IT
                0x0800476a       0x24 CMakeFiles/LED.elf.dir/Drivers/STM32F4xx_HAL_Driver/Src/stm32f4xx_hal_dma.c.obj
                0x0800476a                HAL_DMA_Abort_IT
 *fill*         0x0800478e        0x2 
 .text.HAL_DMA_IRQHandler
                0x08004790      0x1dc CMakeFiles/LED.elf.dir/Drivers/STM32F4xx_HAL_Driver/Src/stm32f4xx_hal_dma.c.obj
                0x08004790                HAL_DMA_IRQHandler
 .text.HAL_GPIO_Init
                0x0800496c      0x1f4 CMakeFiles/LED.elf.dir/Drivers/STM32F4xx_HAL_Driver/Src/stm32f4xx_hal_gpio.c.obj
                0x0800496c                HAL_GPIO_Init
 .text.HAL_GPIO_ReadPin
                0x08004b60        0xe CMakeFiles/LED.elf.dir/Drivers/STM32F4xx_HAL_Driver/Src/stm32f4xx_hal_gpio.c.obj
                0x08004b60                HAL_GPIO_ReadPin
 .text.HAL_GPIO_WritePin
                0x08004b6e        0xc CMakeFiles/LED.elf.dir/Drivers/STM32F4xx_HAL_Driver/Src/stm32f4xx_hal_gpio.c.obj
                0x08004b6e                HAL_GPIO_WritePin
 .text.HAL_GPIO_TogglePin
                0x08004b7a       0x12 CMakeFiles/LED.elf.dir/Drivers/STM32F4xx_HAL_Driver/Src/stm32f4xx_hal_gpio.c.obj
                0x08004b7a                HAL_GPIO_TogglePin
 .text.HAL_GPIO_EXTI_IRQHandler
                0x08004b8c       0x1c CMakeFiles/LED.elf.dir/Drivers/STM32F4xx_HAL_Driver/Src/stm32f4xx_hal_gpio.c.obj
                0x08004b8c                HAL_GPIO_EXTI_IRQHandler
 .text.HAL_RCC_OscConfig
                0x08004ba8      0x3f8 CMakeFiles/LED.elf.dir/Drivers/STM32F4xx_HAL_Driver/Src/stm32f4xx_hal_rcc.c.obj
                0x08004ba8                HAL_RCC_OscConfig
 .text.HAL_RCC_GetSysClockFreq
                0x08004fa0       0xa8 CMakeFiles/LED.elf.dir/Drivers/STM32F4xx_HAL_Driver/Src/stm32f4xx_hal_rcc.c.obj
                0x08004fa0                HAL_RCC_GetSysClockFreq
 .text.HAL_RCC_ClockConfig
                0x08005048      0x160 CMakeFiles/LED.elf.dir/Drivers/STM32F4xx_HAL_Driver/Src/stm32f4xx_hal_rcc.c.obj
                0x08005048                HAL_RCC_ClockConfig
 .text.HAL_RCC_GetHCLKFreq
                0x080051a8        0xc CMakeFiles/LED.elf.dir/Drivers/STM32F4xx_HAL_Driver/Src/stm32f4xx_hal_rcc.c.obj
                0x080051a8                HAL_RCC_GetHCLKFreq
 .text.HAL_RCC_GetPCLK1Freq
                0x080051b4       0x20 CMakeFiles/LED.elf.dir/Drivers/STM32F4xx_HAL_Driver/Src/stm32f4xx_hal_rcc.c.obj
                0x080051b4                HAL_RCC_GetPCLK1Freq
 .text.HAL_RCC_GetPCLK2Freq
                0x080051d4       0x20 CMakeFiles/LED.elf.dir/Drivers/STM32F4xx_HAL_Driver/Src/stm32f4xx_hal_rcc.c.obj
                0x080051d4                HAL_RCC_GetPCLK2Freq
 .text.SPI_WaitFlagStateUntilTimeout
                0x080051f4       0xc8 CMakeFiles/LED.elf.dir/Drivers/STM32F4xx_HAL_Driver/Src/stm32f4xx_hal_spi.c.obj
 .text.SPI_EndRxTxTransaction
                0x080052bc       0x80 CMakeFiles/LED.elf.dir/Drivers/STM32F4xx_HAL_Driver/Src/stm32f4xx_hal_spi.c.obj
 .text.HAL_SPI_Init
                0x0800533c       0xbe CMakeFiles/LED.elf.dir/Drivers/STM32F4xx_HAL_Driver/Src/stm32f4xx_hal_spi.c.obj
                0x0800533c                HAL_SPI_Init
 .text.HAL_SPI_TransmitReceive
                0x080053fa      0x252 CMakeFiles/LED.elf.dir/Drivers/STM32F4xx_HAL_Driver/Src/stm32f4xx_hal_spi.c.obj
                0x080053fa                HAL_SPI_TransmitReceive
 .text.TIM_OC1_SetConfig
                0x0800564c       0x70 CMakeFiles/LED.elf.dir/Drivers/STM32F4xx_HAL_Driver/Src/stm32f4xx_hal_tim.c.obj
 .text.TIM_OC3_SetConfig
                0x080056bc       0x70 CMakeFiles/LED.elf.dir/Drivers/STM32F4xx_HAL_Driver/Src/stm32f4xx_hal_tim.c.obj
 .text.TIM_OC4_SetConfig
                0x0800572c       0x50 CMakeFiles/LED.elf.dir/Drivers/STM32F4xx_HAL_Driver/Src/stm32f4xx_hal_tim.c.obj
 .text.HAL_TIM_PWM_MspInit
                0x0800577c        0x2 CMakeFiles/LED.elf.dir/Drivers/STM32F4xx_HAL_Driver/Src/stm32f4xx_hal_tim.c.obj
                0x0800577c                HAL_TIM_PWM_MspInit
 *fill*         0x0800577e        0x2 
 .text.TIM_Base_SetConfig
                0x08005780       0xd8 CMakeFiles/LED.elf.dir/Drivers/STM32F4xx_HAL_Driver/Src/stm32f4xx_hal_tim.c.obj
                0x08005780                TIM_Base_SetConfig
 .text.HAL_TIM_Base_Init
                0x08005858       0x58 CMakeFiles/LED.elf.dir/Drivers/STM32F4xx_HAL_Driver/Src/stm32f4xx_hal_tim.c.obj
                0x08005858                HAL_TIM_Base_Init
 .text.HAL_TIM_PWM_Init
                0x080058b0       0x58 CMakeFiles/LED.elf.dir/Drivers/STM32F4xx_HAL_Driver/Src/stm32f4xx_hal_tim.c.obj
                0x080058b0                HAL_TIM_PWM_Init
 .text.TIM_OC2_SetConfig
                0x08005908       0x70 CMakeFiles/LED.elf.dir/Drivers/STM32F4xx_HAL_Driver/Src/stm32f4xx_hal_tim.c.obj
                0x08005908                TIM_OC2_SetConfig
 .text.HAL_TIM_PWM_ConfigChannel
                0x08005978       0xdc CMakeFiles/LED.elf.dir/Drivers/STM32F4xx_HAL_Driver/Src/stm32f4xx_hal_tim.c.obj
                0x08005978                HAL_TIM_PWM_ConfigChannel
 .text.UART_EndTxTransfer
                0x08005a54       0x20 CMakeFiles/LED.elf.dir/Drivers/STM32F4xx_HAL_Driver/Src/stm32f4xx_hal_uart.c.obj
 .text.UART_EndRxTransfer
                0x08005a74       0x5c CMakeFiles/LED.elf.dir/Drivers/STM32F4xx_HAL_Driver/Src/stm32f4xx_hal_uart.c.obj
 .text.UART_Transmit_IT
                0x08005ad0       0x5e CMakeFiles/LED.elf.dir/Drivers/STM32F4xx_HAL_Driver/Src/stm32f4xx_hal_uart.c.obj
 *fill*         0x08005b2e        0x2 
 .text.UART_SetConfig
                0x08005b30      0x110 CMakeFiles/LED.elf.dir/Drivers/STM32F4xx_HAL_Driver/Src/stm32f4xx_hal_uart.c.obj
 .text.HAL_UART_Init
                0x08005c40       0x60 CMakeFiles/LED.elf.dir/Drivers/STM32F4xx_HAL_Driver/Src/stm32f4xx_hal_uart.c.obj
                0x08005c40                HAL_UART_Init
 .text.HAL_UART_Transmit_DMA
                0x08005ca0       0x80 CMakeFiles/LED.elf.dir/Drivers/STM32F4xx_HAL_Driver/Src/stm32f4xx_hal_uart.c.obj
                0x08005ca0                HAL_UART_Transmit_DMA
 .text.UART_DMATransmitCplt
                0x08005d20       0x4c CMakeFiles/LED.elf.dir/Drivers/STM32F4xx_HAL_Driver/Src/stm32f4xx_hal_uart.c.obj
 .text.UART_EndTransmit_IT
                0x08005d6c       0x1a CMakeFiles/LED.elf.dir/Drivers/STM32F4xx_HAL_Driver/Src/stm32f4xx_hal_uart.c.obj
 .text.HAL_UART_TxHalfCpltCallback
                0x08005d86        0x2 CMakeFiles/LED.elf.dir/Drivers/STM32F4xx_HAL_Driver/Src/stm32f4xx_hal_uart.c.obj
                0x08005d86                HAL_UART_TxHalfCpltCallback
 .text.UART_DMATxHalfCplt
                0x08005d88        0xa CMakeFiles/LED.elf.dir/Drivers/STM32F4xx_HAL_Driver/Src/stm32f4xx_hal_uart.c.obj
 .text.HAL_UART_ErrorCallback
                0x08005d92        0x2 CMakeFiles/LED.elf.dir/Drivers/STM32F4xx_HAL_Driver/Src/stm32f4xx_hal_uart.c.obj
                0x08005d92                HAL_UART_ErrorCallback
 .text.UART_DMAError
                0x08005d94       0x54 CMakeFiles/LED.elf.dir/Drivers/STM32F4xx_HAL_Driver/Src/stm32f4xx_hal_uart.c.obj
 .text.UART_DMAAbortOnError
                0x08005de8       0x10 CMakeFiles/LED.elf.dir/Drivers/STM32F4xx_HAL_Driver/Src/stm32f4xx_hal_uart.c.obj
 .text.HAL_UARTEx_RxEventCallback
                0x08005df8        0x2 CMakeFiles/LED.elf.dir/Drivers/STM32F4xx_HAL_Driver/Src/stm32f4xx_hal_uart.c.obj
                0x08005df8                HAL_UARTEx_RxEventCallback
 .text.UART_Receive_IT
                0x08005dfa       0xe4 CMakeFiles/LED.elf.dir/Drivers/STM32F4xx_HAL_Driver/Src/stm32f4xx_hal_uart.c.obj
 *fill*         0x08005ede        0x2 
 .text.HAL_UART_IRQHandler
                0x08005ee0      0x284 CMakeFiles/LED.elf.dir/Drivers/STM32F4xx_HAL_Driver/Src/stm32f4xx_hal_uart.c.obj
                0x08005ee0                HAL_UART_IRQHandler
 .text.UART_Start_Receive_IT
                0x08006164       0x36 CMakeFiles/LED.elf.dir/Drivers/STM32F4xx_HAL_Driver/Src/stm32f4xx_hal_uart.c.obj
                0x08006164                UART_Start_Receive_IT
 .text.HAL_UART_Receive_IT
                0x0800619a       0x24 CMakeFiles/LED.elf.dir/Drivers/STM32F4xx_HAL_Driver/Src/stm32f4xx_hal_uart.c.obj
                0x0800619a                HAL_UART_Receive_IT
 *fill*         0x080061be        0x2 
 .text.__udivmoddi4
                0x080061c0      0x2f8 D:/STM32/arm-none-eabi-gcc/bin/../lib/gcc/arm-none-eabi/14.2.1/thumb/v7e-m/nofp\libgcc.a(_udivmoddi4.o)
                0x080061c0                __udivmoddi4
 .text.stdio_exit_handler
                0x080064b8       0x18 D:/STM32/arm-none-eabi-gcc/bin/../lib/gcc/arm-none-eabi/14.2.1/thumb/v7e-m/nofp\libg.a(libc_a-findfp.o)
 .text.cleanup_stdio
                0x080064d0       0x40 D:/STM32/arm-none-eabi-gcc/bin/../lib/gcc/arm-none-eabi/14.2.1/thumb/v7e-m/nofp\libg.a(libc_a-findfp.o)
 .text.global_stdio_init.part.0
                0x08006510       0xf0 D:/STM32/arm-none-eabi-gcc/bin/../lib/gcc/arm-none-eabi/14.2.1/thumb/v7e-m/nofp\libg.a(libc_a-findfp.o)
 .text.__sinit  0x08006600       0x3c D:/STM32/arm-none-eabi-gcc/bin/../lib/gcc/arm-none-eabi/14.2.1/thumb/v7e-m/nofp\libg.a(libc_a-findfp.o)
                0x08006600                __sinit
 .text.__sfp_lock_acquire
                0x0800663c        0xc D:/STM32/arm-none-eabi-gcc/bin/../lib/gcc/arm-none-eabi/14.2.1/thumb/v7e-m/nofp\libg.a(libc_a-findfp.o)
                0x0800663c                __sfp_lock_acquire
 .text.__sfp_lock_release
                0x08006648        0xc D:/STM32/arm-none-eabi-gcc/bin/../lib/gcc/arm-none-eabi/14.2.1/thumb/v7e-m/nofp\libg.a(libc_a-findfp.o)
                0x08006648                __sfp_lock_release
 .text._fwalk_sglue
                0x08006654       0x44 D:/STM32/arm-none-eabi-gcc/bin/../lib/gcc/arm-none-eabi/14.2.1/thumb/v7e-m/nofp\libg.a(libc_a-fwalk.o)
                0x08006654                _fwalk_sglue
 .text.snprintf
                0x08006698       0x90 D:/STM32/arm-none-eabi-gcc/bin/../lib/gcc/arm-none-eabi/14.2.1/thumb/v7e-m/nofp\libg.a(libc_a-snprintf.o)
                0x08006698                snprintf
 .text.sprintf  0x08006728       0x44 D:/STM32/arm-none-eabi-gcc/bin/../lib/gcc/arm-none-eabi/14.2.1/thumb/v7e-m/nofp\libg.a(libc_a-sprintf.o)
                0x08006728                sprintf
 .text.sscanf   0x0800676c       0x58 D:/STM32/arm-none-eabi-gcc/bin/../lib/gcc/arm-none-eabi/14.2.1/thumb/v7e-m/nofp\libg.a(libc_a-sscanf.o)
                0x0800676c                sscanf
 .text.__sread  0x080067c4       0x24 D:/STM32/arm-none-eabi-gcc/bin/../lib/gcc/arm-none-eabi/14.2.1/thumb/v7e-m/nofp\libg.a(libc_a-stdio.o)
                0x080067c4                __sread
 .text.__seofread
                0x080067e8        0x4 D:/STM32/arm-none-eabi-gcc/bin/../lib/gcc/arm-none-eabi/14.2.1/thumb/v7e-m/nofp\libg.a(libc_a-stdio.o)
                0x080067e8                __seofread
 .text.__swrite
                0x080067ec       0x40 D:/STM32/arm-none-eabi-gcc/bin/../lib/gcc/arm-none-eabi/14.2.1/thumb/v7e-m/nofp\libg.a(libc_a-stdio.o)
                0x080067ec                __swrite
 .text.__sseek  0x0800682c       0x24 D:/STM32/arm-none-eabi-gcc/bin/../lib/gcc/arm-none-eabi/14.2.1/thumb/v7e-m/nofp\libg.a(libc_a-stdio.o)
                0x0800682c                __sseek
 .text.__sclose
                0x08006850        0x8 D:/STM32/arm-none-eabi-gcc/bin/../lib/gcc/arm-none-eabi/14.2.1/thumb/v7e-m/nofp\libg.a(libc_a-stdio.o)
                0x08006850                __sclose
 .text.memset   0x08006858       0x9c D:/STM32/arm-none-eabi-gcc/bin/../lib/gcc/arm-none-eabi/14.2.1/thumb/v7e-m/nofp\libg.a(libc_a-memset.o)
                0x08006858                memset
 .text.strncpy  0x080068f4       0x68 D:/STM32/arm-none-eabi-gcc/bin/../lib/gcc/arm-none-eabi/14.2.1/thumb/v7e-m/nofp\libg.a(libc_a-strncpy.o)
                0x080068f4                strncpy
 .text._close_r
                0x0800695c       0x24 D:/STM32/arm-none-eabi-gcc/bin/../lib/gcc/arm-none-eabi/14.2.1/thumb/v7e-m/nofp\libg.a(libc_a-closer.o)
                0x0800695c                _close_r
 .text._lseek_r
                0x08006980       0x2c D:/STM32/arm-none-eabi-gcc/bin/../lib/gcc/arm-none-eabi/14.2.1/thumb/v7e-m/nofp\libg.a(libc_a-lseekr.o)
                0x08006980                _lseek_r
 .text._read_r  0x080069ac       0x2c D:/STM32/arm-none-eabi-gcc/bin/../lib/gcc/arm-none-eabi/14.2.1/thumb/v7e-m/nofp\libg.a(libc_a-readr.o)
                0x080069ac                _read_r
 .text._write_r
                0x080069d8       0x2c D:/STM32/arm-none-eabi-gcc/bin/../lib/gcc/arm-none-eabi/14.2.1/thumb/v7e-m/nofp\libg.a(libc_a-writer.o)
                0x080069d8                _write_r
 .text.__errno  0x08006a04        0xc D:/STM32/arm-none-eabi-gcc/bin/../lib/gcc/arm-none-eabi/14.2.1/thumb/v7e-m/nofp\libg.a(libc_a-errno.o)
                0x08006a04                __errno
 .text.__libc_init_array
                0x08006a10       0x50 D:/STM32/arm-none-eabi-gcc/bin/../lib/gcc/arm-none-eabi/14.2.1/thumb/v7e-m/nofp\libg.a(libc_a-init.o)
                0x08006a10                __libc_init_array
 .text.__retarget_lock_init_recursive
                0x08006a60        0x4 D:/STM32/arm-none-eabi-gcc/bin/../lib/gcc/arm-none-eabi/14.2.1/thumb/v7e-m/nofp\libg.a(libc_a-lock.o)
                0x08006a60                __retarget_lock_init_recursive
 .text.__retarget_lock_close_recursive
                0x08006a64        0x4 D:/STM32/arm-none-eabi-gcc/bin/../lib/gcc/arm-none-eabi/14.2.1/thumb/v7e-m/nofp\libg.a(libc_a-lock.o)
                0x08006a64                __retarget_lock_close_recursive
 .text.__retarget_lock_acquire_recursive
                0x08006a68        0x4 D:/STM32/arm-none-eabi-gcc/bin/../lib/gcc/arm-none-eabi/14.2.1/thumb/v7e-m/nofp\libg.a(libc_a-lock.o)
                0x08006a68                __retarget_lock_acquire_recursive
 .text.__retarget_lock_release_recursive
                0x08006a6c        0x4 D:/STM32/arm-none-eabi-gcc/bin/../lib/gcc/arm-none-eabi/14.2.1/thumb/v7e-m/nofp\libg.a(libc_a-lock.o)
                0x08006a6c                __retarget_lock_release_recursive
 .text.startup.register_fini
                0x08006a70       0x14 D:/STM32/arm-none-eabi-gcc/bin/../lib/gcc/arm-none-eabi/14.2.1/thumb/v7e-m/nofp\libg.a(libc_a-__call_atexit.o)
 .text.atexit   0x08006a84        0xc D:/STM32/arm-none-eabi-gcc/bin/../lib/gcc/arm-none-eabi/14.2.1/thumb/v7e-m/nofp\libg.a(libc_a-atexit.o)
                0x08006a84                atexit
 .text._malloc_trim_r
                0x08006a90       0xb8 D:/STM32/arm-none-eabi-gcc/bin/../lib/gcc/arm-none-eabi/14.2.1/thumb/v7e-m/nofp\libg.a(libc_a-freer.o)
                0x08006a90                _malloc_trim_r
 .text._free_r  0x08006b48      0x1f0 D:/STM32/arm-none-eabi-gcc/bin/../lib/gcc/arm-none-eabi/14.2.1/thumb/v7e-m/nofp\libg.a(libc_a-freer.o)
                0x08006b48                _free_r
 .text._malloc_r
                0x08006d38      0x598 D:/STM32/arm-none-eabi-gcc/bin/../lib/gcc/arm-none-eabi/14.2.1/thumb/v7e-m/nofp\libg.a(libc_a-mallocr.o)
                0x08006d38                _malloc_r
 .text.__malloc_lock
                0x080072d0        0xc D:/STM32/arm-none-eabi-gcc/bin/../lib/gcc/arm-none-eabi/14.2.1/thumb/v7e-m/nofp\libg.a(libc_a-mlock.o)
                0x080072d0                __malloc_lock
 .text.__malloc_unlock
                0x080072dc        0xc D:/STM32/arm-none-eabi-gcc/bin/../lib/gcc/arm-none-eabi/14.2.1/thumb/v7e-m/nofp\libg.a(libc_a-mlock.o)
                0x080072dc                __malloc_unlock
 .text._svfprintf_r
                0x080072e8     0x2210 D:/STM32/arm-none-eabi-gcc/bin/../lib/gcc/arm-none-eabi/14.2.1/thumb/v7e-m/nofp\libg.a(libc_a-svfprintf.o)
                0x080072e8                _svfprintf_r
 .text.__ssvfscanf_r
                0x080094f8     0x18f8 D:/STM32/arm-none-eabi-gcc/bin/../lib/gcc/arm-none-eabi/14.2.1/thumb/v7e-m/nofp\libg.a(libc_a-svfscanf.o)
                0x080094f8                __ssvfscanf_r
 .text.__ssprint_r
                0x0800adf0       0x58 D:/STM32/arm-none-eabi-gcc/bin/../lib/gcc/arm-none-eabi/14.2.1/thumb/v7e-m/nofp\libg.a(libc_a-ssprint_r.o)
                0x0800adf0                __ssprint_r
 .text._fclose_r
                0x0800ae48       0xc0 D:/STM32/arm-none-eabi-gcc/bin/../lib/gcc/arm-none-eabi/14.2.1/thumb/v7e-m/nofp\libg.a(libc_a-fclose.o)
                0x0800ae48                _fclose_r
 .text.__sflush_r
                0x0800af08      0x124 D:/STM32/arm-none-eabi-gcc/bin/../lib/gcc/arm-none-eabi/14.2.1/thumb/v7e-m/nofp\libg.a(libc_a-fflush.o)
                0x0800af08                __sflush_r
 .text._fflush_r
                0x0800b02c       0x54 D:/STM32/arm-none-eabi-gcc/bin/../lib/gcc/arm-none-eabi/14.2.1/thumb/v7e-m/nofp\libg.a(libc_a-fflush.o)
                0x0800b02c                _fflush_r
 .text.__sccl   0x0800b080       0x98 D:/STM32/arm-none-eabi-gcc/bin/../lib/gcc/arm-none-eabi/14.2.1/thumb/v7e-m/nofp\libg.a(libc_a-sccl.o)
                0x0800b080                __sccl
 .text.stpncpy  0x0800b118       0x70 D:/STM32/arm-none-eabi-gcc/bin/../lib/gcc/arm-none-eabi/14.2.1/thumb/v7e-m/nofp\libg.a(libc_a-stpncpy.o)
                0x0800b118                stpncpy
 .text.__locale_mb_cur_max
                0x0800b188        0xc D:/STM32/arm-none-eabi-gcc/bin/../lib/gcc/arm-none-eabi/14.2.1/thumb/v7e-m/nofp\libg.a(libc_a-locale.o)
                0x0800b188                __locale_mb_cur_max
 .text._localeconv_r
                0x0800b194        0x8 D:/STM32/arm-none-eabi-gcc/bin/../lib/gcc/arm-none-eabi/14.2.1/thumb/v7e-m/nofp\libg.a(libc_a-localeconv.o)
                0x0800b194                _localeconv_r
 .text._sbrk_r  0x0800b19c       0x24 D:/STM32/arm-none-eabi-gcc/bin/../lib/gcc/arm-none-eabi/14.2.1/thumb/v7e-m/nofp\libg.a(libc_a-sbrkr.o)
                0x0800b19c                _sbrk_r
 .text.__libc_fini_array
                0x0800b1c0       0x28 D:/STM32/arm-none-eabi-gcc/bin/../lib/gcc/arm-none-eabi/14.2.1/thumb/v7e-m/nofp\libg.a(libc_a-fini.o)
                0x0800b1c0                __libc_fini_array
 .text.sysconf  0x0800b1e8       0x1c D:/STM32/arm-none-eabi-gcc/bin/../lib/gcc/arm-none-eabi/14.2.1/thumb/v7e-m/nofp\libg.a(libc_a-sysconf.o)
                0x0800b1e8                sysconf
 .text.nanf     0x0800b204        0x8 D:/STM32/arm-none-eabi-gcc/bin/../lib/gcc/arm-none-eabi/14.2.1/thumb/v7e-m/nofp\libg.a(libm_a-sf_nan.o)
                0x0800b204                nanf
 .text.frexp    0x0800b20c       0x6c D:/STM32/arm-none-eabi-gcc/bin/../lib/gcc/arm-none-eabi/14.2.1/thumb/v7e-m/nofp\libg.a(libm_a-s_frexp.o)
                0x0800b20c                frexp
 .text.__register_exitproc
                0x0800b278       0x80 D:/STM32/arm-none-eabi-gcc/bin/../lib/gcc/arm-none-eabi/14.2.1/thumb/v7e-m/nofp\libg.a(libc_a-__atexit.o)
                0x0800b278                __register_exitproc
 .text.quorem   0x0800b2f8      0x12c D:/STM32/arm-none-eabi-gcc/bin/../lib/gcc/arm-none-eabi/14.2.1/thumb/v7e-m/nofp\libg.a(libc_a-dtoa.o)
 *fill*         0x0800b424        0x4 
 .text._dtoa_r  0x0800b428     0x1044 D:/STM32/arm-none-eabi-gcc/bin/../lib/gcc/arm-none-eabi/14.2.1/thumb/v7e-m/nofp\libg.a(libc_a-dtoa.o)
                0x0800b428                _dtoa_r
 .text.malloc   0x0800c46c       0x10 D:/STM32/arm-none-eabi-gcc/bin/../lib/gcc/arm-none-eabi/14.2.1/thumb/v7e-m/nofp\libg.a(libc_a-malloc.o)
                0x0800c46c                malloc
 .text.free     0x0800c47c       0x10 D:/STM32/arm-none-eabi-gcc/bin/../lib/gcc/arm-none-eabi/14.2.1/thumb/v7e-m/nofp\libg.a(libc_a-malloc.o)
                0x0800c47c                free
 .text.__ascii_mbtowc
                0x0800c48c       0x2c D:/STM32/arm-none-eabi-gcc/bin/../lib/gcc/arm-none-eabi/14.2.1/thumb/v7e-m/nofp\libg.a(libc_a-mbtowc_r.o)
                0x0800c48c                __ascii_mbtowc
 .text._Balloc  0x0800c4b8       0x4c D:/STM32/arm-none-eabi-gcc/bin/../lib/gcc/arm-none-eabi/14.2.1/thumb/v7e-m/nofp\libg.a(libc_a-mprec.o)
                0x0800c4b8                _Balloc
 .text._Bfree   0x0800c504       0x14 D:/STM32/arm-none-eabi-gcc/bin/../lib/gcc/arm-none-eabi/14.2.1/thumb/v7e-m/nofp\libg.a(libc_a-mprec.o)
                0x0800c504                _Bfree
 .text.__multadd
                0x0800c518       0xa0 D:/STM32/arm-none-eabi-gcc/bin/../lib/gcc/arm-none-eabi/14.2.1/thumb/v7e-m/nofp\libg.a(libc_a-mprec.o)
                0x0800c518                __multadd
 .text.__s2b    0x0800c5b8       0xb4 D:/STM32/arm-none-eabi-gcc/bin/../lib/gcc/arm-none-eabi/14.2.1/thumb/v7e-m/nofp\libg.a(libc_a-mprec.o)
                0x0800c5b8                __s2b
 .text.__hi0bits
                0x0800c66c       0x54 D:/STM32/arm-none-eabi-gcc/bin/../lib/gcc/arm-none-eabi/14.2.1/thumb/v7e-m/nofp\libg.a(libc_a-mprec.o)
                0x0800c66c                __hi0bits
 .text.__lo0bits
                0x0800c6c0       0x80 D:/STM32/arm-none-eabi-gcc/bin/../lib/gcc/arm-none-eabi/14.2.1/thumb/v7e-m/nofp\libg.a(libc_a-mprec.o)
                0x0800c6c0                __lo0bits
 .text.__i2b    0x0800c740       0x5c D:/STM32/arm-none-eabi-gcc/bin/../lib/gcc/arm-none-eabi/14.2.1/thumb/v7e-m/nofp\libg.a(libc_a-mprec.o)
                0x0800c740                __i2b
 .text.__multiply
                0x0800c79c      0x16c D:/STM32/arm-none-eabi-gcc/bin/../lib/gcc/arm-none-eabi/14.2.1/thumb/v7e-m/nofp\libg.a(libc_a-mprec.o)
                0x0800c79c                __multiply
 .text.__pow5mult
                0x0800c908       0xc0 D:/STM32/arm-none-eabi-gcc/bin/../lib/gcc/arm-none-eabi/14.2.1/thumb/v7e-m/nofp\libg.a(libc_a-mprec.o)
                0x0800c908                __pow5mult
 .text.__lshift
                0x0800c9c8       0xe8 D:/STM32/arm-none-eabi-gcc/bin/../lib/gcc/arm-none-eabi/14.2.1/thumb/v7e-m/nofp\libg.a(libc_a-mprec.o)
                0x0800c9c8                __lshift
 .text.__mcmp   0x0800cab0       0x40 D:/STM32/arm-none-eabi-gcc/bin/../lib/gcc/arm-none-eabi/14.2.1/thumb/v7e-m/nofp\libg.a(libc_a-mprec.o)
                0x0800cab0                __mcmp
 .text.__mdiff  0x0800caf0      0x174 D:/STM32/arm-none-eabi-gcc/bin/../lib/gcc/arm-none-eabi/14.2.1/thumb/v7e-m/nofp\libg.a(libc_a-mprec.o)
                0x0800caf0                __mdiff
 .text.__ulp    0x0800cc64       0x4c D:/STM32/arm-none-eabi-gcc/bin/../lib/gcc/arm-none-eabi/14.2.1/thumb/v7e-m/nofp\libg.a(libc_a-mprec.o)
                0x0800cc64                __ulp
 .text.__b2d    0x0800ccb0       0xc0 D:/STM32/arm-none-eabi-gcc/bin/../lib/gcc/arm-none-eabi/14.2.1/thumb/v7e-m/nofp\libg.a(libc_a-mprec.o)
                0x0800ccb0                __b2d
 .text.__d2b    0x0800cd70       0xb8 D:/STM32/arm-none-eabi-gcc/bin/../lib/gcc/arm-none-eabi/14.2.1/thumb/v7e-m/nofp\libg.a(libc_a-mprec.o)
                0x0800cd70                __d2b
 .text.__ratio  0x0800ce28       0x5c D:/STM32/arm-none-eabi-gcc/bin/../lib/gcc/arm-none-eabi/14.2.1/thumb/v7e-m/nofp\libg.a(libc_a-mprec.o)
                0x0800ce28                __ratio
 .text.__copybits
                0x0800ce84       0x5c D:/STM32/arm-none-eabi-gcc/bin/../lib/gcc/arm-none-eabi/14.2.1/thumb/v7e-m/nofp\libg.a(libc_a-mprec.o)
                0x0800ce84                __copybits
 .text.__any_on
                0x0800cee0       0x58 D:/STM32/arm-none-eabi-gcc/bin/../lib/gcc/arm-none-eabi/14.2.1/thumb/v7e-m/nofp\libg.a(libc_a-mprec.o)
                0x0800cee0                __any_on
 .text.realloc  0x0800cf38       0x18 D:/STM32/arm-none-eabi-gcc/bin/../lib/gcc/arm-none-eabi/14.2.1/thumb/v7e-m/nofp\libg.a(libc_a-realloc.o)
                0x0800cf38                realloc
 .text._realloc_r
                0x0800cf50      0x348 D:/STM32/arm-none-eabi-gcc/bin/../lib/gcc/arm-none-eabi/14.2.1/thumb/v7e-m/nofp\libg.a(libc_a-reallocr.o)
                0x0800cf50                _realloc_r
 .text._strtod_l
                0x0800d298     0x10dc D:/STM32/arm-none-eabi-gcc/bin/../lib/gcc/arm-none-eabi/14.2.1/thumb/v7e-m/nofp\libg.a(libc_a-strtod.o)
                0x0800d298                _strtod_l
 .text._strtod_r
                0x0800e374        0xc D:/STM32/arm-none-eabi-gcc/bin/../lib/gcc/arm-none-eabi/14.2.1/thumb/v7e-m/nofp\libg.a(libc_a-strtod.o)
                0x0800e374                _strtod_r
 .text._strtol_l.isra.0
                0x0800e380      0x138 D:/STM32/arm-none-eabi-gcc/bin/../lib/gcc/arm-none-eabi/14.2.1/thumb/v7e-m/nofp\libg.a(libc_a-strtol.o)
 .text._strtol_r
                0x0800e4b8        0x4 D:/STM32/arm-none-eabi-gcc/bin/../lib/gcc/arm-none-eabi/14.2.1/thumb/v7e-m/nofp\libg.a(libc_a-strtol.o)
                0x0800e4b8                _strtol_r
 .text._strtoul_l.isra.0
                0x0800e4bc      0x134 D:/STM32/arm-none-eabi-gcc/bin/../lib/gcc/arm-none-eabi/14.2.1/thumb/v7e-m/nofp\libg.a(libc_a-strtoul.o)
 .text._strtoul_r
                0x0800e5f0        0x4 D:/STM32/arm-none-eabi-gcc/bin/../lib/gcc/arm-none-eabi/14.2.1/thumb/v7e-m/nofp\libg.a(libc_a-strtoul.o)
                0x0800e5f0                _strtoul_r
 .text.__ascii_wctomb
                0x0800e5f4       0x1c D:/STM32/arm-none-eabi-gcc/bin/../lib/gcc/arm-none-eabi/14.2.1/thumb/v7e-m/nofp\libg.a(libc_a-wctomb_r.o)
                0x0800e5f4                __ascii_wctomb
 .text._strtoll_l.isra.0
                0x0800e610      0x17c D:/STM32/arm-none-eabi-gcc/bin/../lib/gcc/arm-none-eabi/14.2.1/thumb/v7e-m/nofp\libg.a(libc_a-strtoll.o)
 .text._strtoll_r
                0x0800e78c        0x4 D:/STM32/arm-none-eabi-gcc/bin/../lib/gcc/arm-none-eabi/14.2.1/thumb/v7e-m/nofp\libg.a(libc_a-strtoll.o)
                0x0800e78c                _strtoll_r
 .text._strtoull_l.isra.0
                0x0800e790      0x194 D:/STM32/arm-none-eabi-gcc/bin/../lib/gcc/arm-none-eabi/14.2.1/thumb/v7e-m/nofp\libg.a(libc_a-strtoull.o)
 .text._strtoull_r
                0x0800e924        0x4 D:/STM32/arm-none-eabi-gcc/bin/../lib/gcc/arm-none-eabi/14.2.1/thumb/v7e-m/nofp\libg.a(libc_a-strtoull.o)
                0x0800e924                _strtoull_r
 .text._mbrtowc_r
                0x0800e928       0x54 D:/STM32/arm-none-eabi-gcc/bin/../lib/gcc/arm-none-eabi/14.2.1/thumb/v7e-m/nofp\libg.a(libc_a-mbrtowc.o)
                0x0800e928                _mbrtowc_r
 .text._wcrtomb_r
                0x0800e97c       0x4c D:/STM32/arm-none-eabi-gcc/bin/../lib/gcc/arm-none-eabi/14.2.1/thumb/v7e-m/nofp\libg.a(libc_a-wcrtomb.o)
                0x0800e97c                _wcrtomb_r
 .text._wcsrtombs_r
                0x0800e9c8       0x1c D:/STM32/arm-none-eabi-gcc/bin/../lib/gcc/arm-none-eabi/14.2.1/thumb/v7e-m/nofp\libg.a(libc_a-wcsrtombs.o)
                0x0800e9c8                _wcsrtombs_r
 .text.iswspace
                0x0800e9e4        0x8 D:/STM32/arm-none-eabi-gcc/bin/../lib/gcc/arm-none-eabi/14.2.1/thumb/v7e-m/nofp\libg.a(libc_a-iswspace.o)
                0x0800e9e4                iswspace
 .text.iswspace_l
                0x0800e9ec       0x28 D:/STM32/arm-none-eabi-gcc/bin/../lib/gcc/arm-none-eabi/14.2.1/thumb/v7e-m/nofp\libg.a(libc_a-iswspace_l.o)
                0x0800e9ec                iswspace_l
 .text.__jp2uc  0x0800ea14      0x128 D:/STM32/arm-none-eabi-gcc/bin/../lib/gcc/arm-none-eabi/14.2.1/thumb/v7e-m/nofp\libg.a(libc_a-jp2uc.o)
 .text._jp2uc_l
                0x0800eb3c       0x64 D:/STM32/arm-none-eabi-gcc/bin/../lib/gcc/arm-none-eabi/14.2.1/thumb/v7e-m/nofp\libg.a(libc_a-jp2uc.o)
                0x0800eb3c                _jp2uc_l
 .text._sungetc_r
                0x0800eba0       0x7c D:/STM32/arm-none-eabi-gcc/bin/../lib/gcc/arm-none-eabi/14.2.1/thumb/v7e-m/nofp\libg.a(libc_a-svfiscanf.o)
                0x0800eba0                _sungetc_r
 .text.__ssrefill_r
                0x0800ec1c       0x38 D:/STM32/arm-none-eabi-gcc/bin/../lib/gcc/arm-none-eabi/14.2.1/thumb/v7e-m/nofp\libg.a(libc_a-svfiscanf.o)
                0x0800ec1c                __ssrefill_r
 .text._sfread_r
                0x0800ec54       0xa4 D:/STM32/arm-none-eabi-gcc/bin/../lib/gcc/arm-none-eabi/14.2.1/thumb/v7e-m/nofp\libg.a(libc_a-svfiscanf.o)
                0x0800ec54                _sfread_r
 .text.__ssputs_r
                0x0800ecf8       0xc0 D:/STM32/arm-none-eabi-gcc/bin/../lib/gcc/arm-none-eabi/14.2.1/thumb/v7e-m/nofp\libg.a(libc_a-ssputs_r.o)
                0x0800ecf8                __ssputs_r
 .text.__submore
                0x0800edb8       0x74 D:/STM32/arm-none-eabi-gcc/bin/../lib/gcc/arm-none-eabi/14.2.1/thumb/v7e-m/nofp\libg.a(libc_a-ungetc.o)
                0x0800edb8                __submore
 .text.memmove  0x0800ee2c       0xf8 D:/STM32/arm-none-eabi-gcc/bin/../lib/gcc/arm-none-eabi/14.2.1/thumb/v7e-m/nofp\libg.a(libc_a-memmove.o)
                0x0800ee2c                memmove
 .text.strncmp  0x0800ef24       0x78 D:/STM32/arm-none-eabi-gcc/bin/../lib/gcc/arm-none-eabi/14.2.1/thumb/v7e-m/nofp\libg.a(libc_a-strncmp.o)
                0x0800ef24                strncmp
 .text.nan      0x0800ef9c        0xc D:/STM32/arm-none-eabi-gcc/bin/../lib/gcc/arm-none-eabi/14.2.1/thumb/v7e-m/nofp\libg.a(libm_a-s_nan.o)
                0x0800ef9c                nan
 .text.__assert_func
                0x0800efa8       0x40 D:/STM32/arm-none-eabi-gcc/bin/../lib/gcc/arm-none-eabi/14.2.1/thumb/v7e-m/nofp\libg.a(libc_a-assert.o)
                0x0800efa8                __assert_func
 .text._calloc_r
                0x0800efe8       0x6c D:/STM32/arm-none-eabi-gcc/bin/../lib/gcc/arm-none-eabi/14.2.1/thumb/v7e-m/nofp\libg.a(libc_a-callocr.o)
                0x0800efe8                _calloc_r
 .text.rshift   0x0800f054       0xac D:/STM32/arm-none-eabi-gcc/bin/../lib/gcc/arm-none-eabi/14.2.1/thumb/v7e-m/nofp\libg.a(libc_a-gdtoa-gethex.o)
 .text.__gethex
                0x0800f100      0x5f8 D:/STM32/arm-none-eabi-gcc/bin/../lib/gcc/arm-none-eabi/14.2.1/thumb/v7e-m/nofp\libg.a(libc_a-gdtoa-gethex.o)
                0x0800f100                __gethex
 .text.__match  0x0800f6f8       0x34 D:/STM32/arm-none-eabi-gcc/bin/../lib/gcc/arm-none-eabi/14.2.1/thumb/v7e-m/nofp\libg.a(libc_a-gdtoa-hexnan.o)
                0x0800f6f8                __match
 .text.__hexnan
                0x0800f72c      0x1c8 D:/STM32/arm-none-eabi-gcc/bin/../lib/gcc/arm-none-eabi/14.2.1/thumb/v7e-m/nofp\libg.a(libc_a-gdtoa-hexnan.o)
                0x0800f72c                __hexnan
 .text._wcsnrtombs_l
                0x0800f8f4       0xec D:/STM32/arm-none-eabi-gcc/bin/../lib/gcc/arm-none-eabi/14.2.1/thumb/v7e-m/nofp\libg.a(libc_a-wcsnrtombs.o)
                0x0800f8f4                _wcsnrtombs_l
 .text._wcsnrtombs_r
                0x0800f9e0       0x24 D:/STM32/arm-none-eabi-gcc/bin/../lib/gcc/arm-none-eabi/14.2.1/thumb/v7e-m/nofp\libg.a(libc_a-wcsnrtombs.o)
                0x0800f9e0                _wcsnrtombs_r
 .text.category
                0x0800fa04       0x6c D:/STM32/arm-none-eabi-gcc/bin/../lib/gcc/arm-none-eabi/14.2.1/thumb/v7e-m/nofp\libg.a(libc_a-categories.o)
                0x0800fa04                category
 .text.fiprintf
                0x0800fa70       0x28 D:/STM32/arm-none-eabi-gcc/bin/../lib/gcc/arm-none-eabi/14.2.1/thumb/v7e-m/nofp\libg.a(libc_a-fiprintf.o)
                0x0800fa70                fiprintf
 .text._vfiprintf_r
                0x0800fa98     0x1278 D:/STM32/arm-none-eabi-gcc/bin/../lib/gcc/arm-none-eabi/14.2.1/thumb/v7e-m/nofp\libg.a(libc_a-vfiprintf.o)
                0x0800fa98                _vfiprintf_r
 .text.__sbprintf
                0x08010d10       0x84 D:/STM32/arm-none-eabi-gcc/bin/../lib/gcc/arm-none-eabi/14.2.1/thumb/v7e-m/nofp\libg.a(libc_a-vfiprintf.o)
 .text.__sprint_r
                0x08010d94       0x20 D:/STM32/arm-none-eabi-gcc/bin/../lib/gcc/arm-none-eabi/14.2.1/thumb/v7e-m/nofp\libg.a(libc_a-sprint_r.o)
                0x08010d94                __sprint_r
 .text.__sfvwrite_r
                0x08010db4      0x2d8 D:/STM32/arm-none-eabi-gcc/bin/../lib/gcc/arm-none-eabi/14.2.1/thumb/v7e-m/nofp\libg.a(libc_a-fvwrite.o)
                0x08010db4                __sfvwrite_r
 .text.__swsetup_r
                0x0801108c       0xfc D:/STM32/arm-none-eabi-gcc/bin/../lib/gcc/arm-none-eabi/14.2.1/thumb/v7e-m/nofp\libg.a(libc_a-wsetup.o)
                0x0801108c                __swsetup_r
 .text.abort    0x08011188       0x10 D:/STM32/arm-none-eabi-gcc/bin/../lib/gcc/arm-none-eabi/14.2.1/thumb/v7e-m/nofp\libg.a(libc_a-abort.o)
                0x08011188                abort
 .text.__smakebuf_r
                0x08011198       0xd0 D:/STM32/arm-none-eabi-gcc/bin/../lib/gcc/arm-none-eabi/14.2.1/thumb/v7e-m/nofp\libg.a(libc_a-makebuf.o)
                0x08011198                __smakebuf_r
 .text.raise    0x08011268       0x58 D:/STM32/arm-none-eabi-gcc/bin/../lib/gcc/arm-none-eabi/14.2.1/thumb/v7e-m/nofp\libg.a(libc_a-signal.o)
                0x08011268                raise
 .text._fstat_r
                0x080112c0       0x2c D:/STM32/arm-none-eabi-gcc/bin/../lib/gcc/arm-none-eabi/14.2.1/thumb/v7e-m/nofp\libg.a(libc_a-fstatr.o)
                0x080112c0                _fstat_r
 .text._isatty_r
                0x080112ec       0x24 D:/STM32/arm-none-eabi-gcc/bin/../lib/gcc/arm-none-eabi/14.2.1/thumb/v7e-m/nofp\libg.a(libc_a-isattyr.o)
                0x080112ec                _isatty_r
 .text._kill_r  0x08011310       0x2c D:/STM32/arm-none-eabi-gcc/bin/../lib/gcc/arm-none-eabi/14.2.1/thumb/v7e-m/nofp\libg.a(libc_a-signalr.o)
                0x08011310                _kill_r
 .text._getpid_r
                0x0801133c        0x4 D:/STM32/arm-none-eabi-gcc/bin/../lib/gcc/arm-none-eabi/14.2.1/thumb/v7e-m/nofp\libg.a(libc_a-signalr.o)
                0x0801133c                _getpid_r
 .text.__fixdfdi
                0x08011340       0x30 D:/STM32/arm-none-eabi-gcc/bin/../lib/gcc/arm-none-eabi/14.2.1/thumb/v7e-m/nofp\libgcc.a(_fixdfdi.o)
                0x08011340                __fixdfdi
                0x08011340                __aeabi_d2lz
 .text.__fixunsdfdi
                0x08011370       0x3c D:/STM32/arm-none-eabi-gcc/bin/../lib/gcc/arm-none-eabi/14.2.1/thumb/v7e-m/nofp\libgcc.a(_fixunsdfdi.o)
                0x08011370                __fixunsdfdi
                0x08011370                __aeabi_d2ulz
 *(.glue_7)
 .glue_7        0x080113ac        0x0 linker stubs
 *(.glue_7t)
 .glue_7t       0x080113ac        0x0 linker stubs
 *(.eh_frame)
 .eh_frame      0x080113ac        0x0 D:/STM32/arm-none-eabi-gcc/bin/../lib/gcc/arm-none-eabi/14.2.1/thumb/v7e-m/nofp/crtbegin.o
 *(.init)
 .init          0x080113ac        0x4 D:/STM32/arm-none-eabi-gcc/bin/../lib/gcc/arm-none-eabi/14.2.1/thumb/v7e-m/nofp/crti.o
                0x080113ac                _init
 .init          0x080113b0        0x8 D:/STM32/arm-none-eabi-gcc/bin/../lib/gcc/arm-none-eabi/14.2.1/thumb/v7e-m/nofp/crtn.o
 *(.fini)
 .fini          0x080113b8        0x4 D:/STM32/arm-none-eabi-gcc/bin/../lib/gcc/arm-none-eabi/14.2.1/thumb/v7e-m/nofp/crti.o
                0x080113b8                _fini
 .fini          0x080113bc        0x8 D:/STM32/arm-none-eabi-gcc/bin/../lib/gcc/arm-none-eabi/14.2.1/thumb/v7e-m/nofp/crtn.o
                0x080113c4                        . = ALIGN (0x4)
                0x080113c4                        _etext = .

.vfp11_veneer   0x080113c4        0x0
 .vfp11_veneer  0x080113c4        0x0 linker stubs

.v4_bx          0x080113c4        0x0
 .v4_bx         0x080113c4        0x0 linker stubs

.iplt           0x080113c4        0x0
 .iplt          0x080113c4        0x0 D:/STM32/arm-none-eabi-gcc/bin/../lib/gcc/arm-none-eabi/14.2.1/thumb/v7e-m/nofp/crtbegin.o

.rodata         0x080113c8     0x7180
                0x080113c8                        . = ALIGN (0x4)
 *(.rodata)
 .rodata        0x080113c8       0x18 CMakeFiles/LED.elf.dir/Core/Src/main.c.obj
 *(.rodata*)
 .rodata.HAL_UART_RxCpltCallback.str1.4
                0x080113e0      0x2b9 CMakeFiles/LED.elf.dir/Core/Src/main.c.obj
                                 0x29 (size before relaxing)
 .rodata.HAL_GPIO_EXTI_Callback.str1.4
                0x08011699       0x47 CMakeFiles/LED.elf.dir/Core/Src/main.c.obj
 .rodata.main.str1.4
                0x08011699        0xe CMakeFiles/LED.elf.dir/Core/Src/main.c.obj
 *fill*         0x08011699        0x3 
 .rodata.APBPrescTable
                0x0801169c        0x8 CMakeFiles/LED.elf.dir/Core/Src/system_stm32f4xx.c.obj
                0x0801169c                APBPrescTable
 .rodata.AHBPrescTable
                0x080116a4       0x10 CMakeFiles/LED.elf.dir/Core/Src/system_stm32f4xx.c.obj
                0x080116a4                AHBPrescTable
 .rodata.write_BMI088_gyro_reg_data_error
                0x080116b4       0x12 CMakeFiles/LED.elf.dir/Core/application/BMI088driver.c.obj
 *fill*         0x080116c6        0x2 
 .rodata.write_BMI088_accel_reg_data_error
                0x080116c8       0x12 CMakeFiles/LED.elf.dir/Core/application/BMI088driver.c.obj
 *fill*         0x080116da        0x2 
 .rodata.flagBitshiftOffset.0
                0x080116dc        0x8 CMakeFiles/LED.elf.dir/Drivers/STM32F4xx_HAL_Driver/Src/stm32f4xx_hal_dma.c.obj
 .rodata._svfprintf_r.str1.4
                0x080116e4       0x42 D:/STM32/arm-none-eabi-gcc/bin/../lib/gcc/arm-none-eabi/14.2.1/thumb/v7e-m/nofp\libg.a(libc_a-svfprintf.o)
 .rodata.zeroes.0
                0x080116e4       0x10 D:/STM32/arm-none-eabi-gcc/bin/../lib/gcc/arm-none-eabi/14.2.1/thumb/v7e-m/nofp\libg.a(libc_a-svfprintf.o)
 .rodata.blanks.1
                0x080116f4       0x10 D:/STM32/arm-none-eabi-gcc/bin/../lib/gcc/arm-none-eabi/14.2.1/thumb/v7e-m/nofp\libg.a(libc_a-svfprintf.o)
 .rodata.__ssvfscanf_r.str1.4
                0x08011704        0x9 D:/STM32/arm-none-eabi-gcc/bin/../lib/gcc/arm-none-eabi/14.2.1/thumb/v7e-m/nofp\libg.a(libc_a-svfscanf.o)
 .rodata.basefix.0
                0x08011704       0x22 D:/STM32/arm-none-eabi-gcc/bin/../lib/gcc/arm-none-eabi/14.2.1/thumb/v7e-m/nofp\libg.a(libc_a-svfscanf.o)
 .rodata.str1.4
                0x08011726       0x4c D:/STM32/arm-none-eabi-gcc/bin/../lib/gcc/arm-none-eabi/14.2.1/thumb/v7e-m/nofp\libg.a(libc_a-locale.o)
 .rodata._dtoa_r.str1.4
                0x08011726       0x81 D:/STM32/arm-none-eabi-gcc/bin/../lib/gcc/arm-none-eabi/14.2.1/thumb/v7e-m/nofp\libg.a(libc_a-dtoa.o)
 .rodata.__multadd.str1.4
                0x08011726       0x6e D:/STM32/arm-none-eabi-gcc/bin/../lib/gcc/arm-none-eabi/14.2.1/thumb/v7e-m/nofp\libg.a(libc_a-mprec.o)
 *fill*         0x08011726        0x2 
 .rodata.p05.0  0x08011728        0xc D:/STM32/arm-none-eabi-gcc/bin/../lib/gcc/arm-none-eabi/14.2.1/thumb/v7e-m/nofp\libg.a(libc_a-mprec.o)
 *fill*         0x08011734        0x4 
 .rodata.__mprec_bigtens
                0x08011738       0x28 D:/STM32/arm-none-eabi-gcc/bin/../lib/gcc/arm-none-eabi/14.2.1/thumb/v7e-m/nofp\libg.a(libc_a-mprec.o)
                0x08011738                __mprec_bigtens
 .rodata.__mprec_tens
                0x08011760       0xc8 D:/STM32/arm-none-eabi-gcc/bin/../lib/gcc/arm-none-eabi/14.2.1/thumb/v7e-m/nofp\libg.a(libc_a-mprec.o)
                0x08011760                __mprec_tens
 .rodata._strtod_l.str1.4
                0x08011828       0x15 D:/STM32/arm-none-eabi-gcc/bin/../lib/gcc/arm-none-eabi/14.2.1/thumb/v7e-m/nofp\libg.a(libc_a-strtod.o)
 .rodata.fpinan.0
                0x08011828       0x14 D:/STM32/arm-none-eabi-gcc/bin/../lib/gcc/arm-none-eabi/14.2.1/thumb/v7e-m/nofp\libg.a(libc_a-strtod.o)
 .rodata.fpi.1  0x0801183c       0x14 D:/STM32/arm-none-eabi-gcc/bin/../lib/gcc/arm-none-eabi/14.2.1/thumb/v7e-m/nofp\libg.a(libc_a-strtod.o)
 .rodata.tinytens
                0x08011850       0x28 D:/STM32/arm-none-eabi-gcc/bin/../lib/gcc/arm-none-eabi/14.2.1/thumb/v7e-m/nofp\libg.a(libc_a-strtod.o)
 .rodata._mbrtowc_r.str1.4
                0x08011878        0x1 D:/STM32/arm-none-eabi-gcc/bin/../lib/gcc/arm-none-eabi/14.2.1/thumb/v7e-m/nofp\libg.a(libc_a-mbrtowc.o)
 .rodata._ctype_
                0x08011878      0x101 D:/STM32/arm-none-eabi-gcc/bin/../lib/gcc/arm-none-eabi/14.2.1/thumb/v7e-m/nofp\libg.a(libc_a-ctype_.o)
                0x08011878                _ctype_
 .rodata._jp2uc_l.str1.4
                0x08011979       0x12 D:/STM32/arm-none-eabi-gcc/bin/../lib/gcc/arm-none-eabi/14.2.1/thumb/v7e-m/nofp\libg.a(libc_a-jp2uc.o)
 *fill*         0x08011979        0x3 
 .rodata.d02f4  0x0801197c     0x1a7c D:/STM32/arm-none-eabi-gcc/bin/../lib/gcc/arm-none-eabi/14.2.1/thumb/v7e-m/nofp\libg.a(libc_a-jp2uc.o)
 .rodata.b02cf  0x080133f8     0x172a D:/STM32/arm-none-eabi-gcc/bin/../lib/gcc/arm-none-eabi/14.2.1/thumb/v7e-m/nofp\libg.a(libc_a-jp2uc.o)
 *fill*         0x08014b22        0x2 
 .rodata.a8     0x08014b24       0x40 D:/STM32/arm-none-eabi-gcc/bin/../lib/gcc/arm-none-eabi/14.2.1/thumb/v7e-m/nofp\libg.a(libc_a-jp2uc.o)
 .rodata.a7     0x08014b64       0xa2 D:/STM32/arm-none-eabi-gcc/bin/../lib/gcc/arm-none-eabi/14.2.1/thumb/v7e-m/nofp\libg.a(libc_a-jp2uc.o)
 *fill*         0x08014c06        0x2 
 .rodata.a6     0x08014c08       0x70 D:/STM32/arm-none-eabi-gcc/bin/../lib/gcc/arm-none-eabi/14.2.1/thumb/v7e-m/nofp\libg.a(libc_a-jp2uc.o)
 .rodata.a3     0x08014c78       0x5b D:/STM32/arm-none-eabi-gcc/bin/../lib/gcc/arm-none-eabi/14.2.1/thumb/v7e-m/nofp\libg.a(libc_a-jp2uc.o)
 *fill*         0x08014cd3        0x1 
 .rodata.a2     0x08014cd4       0xbc D:/STM32/arm-none-eabi-gcc/bin/../lib/gcc/arm-none-eabi/14.2.1/thumb/v7e-m/nofp\libg.a(libc_a-jp2uc.o)
 .rodata.a1     0x08014d90       0xbc D:/STM32/arm-none-eabi-gcc/bin/../lib/gcc/arm-none-eabi/14.2.1/thumb/v7e-m/nofp\libg.a(libc_a-jp2uc.o)
 .rodata.__assert_func.str1.4
                0x08014e4c       0x43 D:/STM32/arm-none-eabi-gcc/bin/../lib/gcc/arm-none-eabi/14.2.1/thumb/v7e-m/nofp\libg.a(libc_a-assert.o)
 .rodata.__gethex.str1.4
                0x08014e4c       0x79 D:/STM32/arm-none-eabi-gcc/bin/../lib/gcc/arm-none-eabi/14.2.1/thumb/v7e-m/nofp\libg.a(libc_a-gdtoa-gethex.o)
 .rodata.__hexdig
                0x08014e4c      0x100 D:/STM32/arm-none-eabi-gcc/bin/../lib/gcc/arm-none-eabi/14.2.1/thumb/v7e-m/nofp\libg.a(libc_a-gdtoa-gethex.o)
                0x08014e4c                __hexdig
 .rodata.categories
                0x08014f4c     0x35dc D:/STM32/arm-none-eabi-gcc/bin/../lib/gcc/arm-none-eabi/14.2.1/thumb/v7e-m/nofp\libg.a(libc_a-categories.o)
 .rodata._vfiprintf_r.str1.4
                0x08018528       0x2f D:/STM32/arm-none-eabi-gcc/bin/../lib/gcc/arm-none-eabi/14.2.1/thumb/v7e-m/nofp\libg.a(libc_a-vfiprintf.o)
 .rodata.zeroes.0
                0x08018528       0x10 D:/STM32/arm-none-eabi-gcc/bin/../lib/gcc/arm-none-eabi/14.2.1/thumb/v7e-m/nofp\libg.a(libc_a-vfiprintf.o)
 .rodata.blanks.1
                0x08018538       0x10 D:/STM32/arm-none-eabi-gcc/bin/../lib/gcc/arm-none-eabi/14.2.1/thumb/v7e-m/nofp\libg.a(libc_a-vfiprintf.o)
                0x08018558                        . = ALIGN (0x4)

.ARM.extab      0x08018548        0x0
                0x08018548                        . = ALIGN (0x4)
 *(.ARM.extab* .gnu.linkonce.armextab.*)
                0x08018548                        . = ALIGN (0x4)

.ARM            0x08018548        0x8
                0x08018548                        . = ALIGN (0x4)
                0x08018548                        __exidx_start = .
 *(.ARM.exidx*)
 .ARM.exidx     0x08018548        0x8 D:/STM32/arm-none-eabi-gcc/bin/../lib/gcc/arm-none-eabi/14.2.1/thumb/v7e-m/nofp\libg.a(libc_a-strlen.o)
 .ARM.exidx     0x08018550        0x0 D:/STM32/arm-none-eabi-gcc/bin/../lib/gcc/arm-none-eabi/14.2.1/thumb/v7e-m/nofp\libg.a(libc_a-strcmp.o)
                                  0x8 (size before relaxing)
 .ARM.exidx     0x08018550        0x0 D:/STM32/arm-none-eabi-gcc/bin/../lib/gcc/arm-none-eabi/14.2.1/thumb/v7e-m/nofp\libg.a(libc_a-memchr.o)
                                  0x8 (size before relaxing)
 .ARM.exidx     0x08018550        0x0 D:/STM32/arm-none-eabi-gcc/bin/../lib/gcc/arm-none-eabi/14.2.1/thumb/v7e-m/nofp\libg.a(libc_a-memcpy.o)
                                  0x8 (size before relaxing)
 .ARM.exidx.text.__udivmoddi4
                0x08018550        0x0 D:/STM32/arm-none-eabi-gcc/bin/../lib/gcc/arm-none-eabi/14.2.1/thumb/v7e-m/nofp\libgcc.a(_udivmoddi4.o)
                                  0x8 (size before relaxing)
                0x08018550                        __exidx_end = .
                0x08018550                        . = ALIGN (0x4)

.preinit_array  0x08018550        0x0
                0x08018550                        . = ALIGN (0x4)
                0x08018550                        PROVIDE (__preinit_array_start = .)
 *(.preinit_array*)
                0x08018550                        PROVIDE (__preinit_array_end = .)
                0x08018550                        . = ALIGN (0x4)

.init_array     0x08018550        0x8
                0x08018550                        . = ALIGN (0x4)
                0x08018550                        PROVIDE (__init_array_start = .)
 *(SORT_BY_NAME(.init_array.*))
 .init_array.00000
                0x08018550        0x4 D:/STM32/arm-none-eabi-gcc/bin/../lib/gcc/arm-none-eabi/14.2.1/thumb/v7e-m/nofp\libg.a(libc_a-__call_atexit.o)
 *(.init_array*)
 .init_array    0x08018554        0x4 D:/STM32/arm-none-eabi-gcc/bin/../lib/gcc/arm-none-eabi/14.2.1/thumb/v7e-m/nofp/crtbegin.o
                0x08018558                        PROVIDE (__init_array_end = .)
                0x08018558                        . = ALIGN (0x4)

.fini_array     0x08018558        0x4
                0x08018558                        . = ALIGN (0x4)
                0x08018558                        PROVIDE (__fini_array_start = .)
 *(SORT_BY_NAME(.fini_array.*))
 *(.fini_array*)
 .fini_array    0x08018558        0x4 D:/STM32/arm-none-eabi-gcc/bin/../lib/gcc/arm-none-eabi/14.2.1/thumb/v7e-m/nofp/crtbegin.o
                0x0801855c                        PROVIDE (__fini_array_end = .)
                0x0801855c                        . = ALIGN (0x4)
                0x0801855c                        _sidata = LOADADDR (.data)

.rel.dyn        0x0801855c        0x0
 .rel.iplt      0x0801855c        0x0 D:/STM32/arm-none-eabi-gcc/bin/../lib/gcc/arm-none-eabi/14.2.1/thumb/v7e-m/nofp/crtbegin.o

.data           0x20000000      0x70c load address 0x0801855c
                0x20000000                        . = ALIGN (0x4)
                0x20000000                        _sdata = .
 *(.data)
 *(.data*)
 .data.P        0x20000000       0x10 CMakeFiles/LED.elf.dir/Core/Src/main.c.obj
                0x20000000                P
 .data.R_accel_meas
                0x20000010        0x4 CMakeFiles/LED.elf.dir/Core/Src/main.c.obj
                0x20000010                R_accel_meas
 .data.Q_bias   0x20000014        0x4 CMakeFiles/LED.elf.dir/Core/Src/main.c.obj
                0x20000014                Q_bias
 .data.Q_accel  0x20000018        0x4 CMakeFiles/LED.elf.dir/Core/Src/main.c.obj
                0x20000018                Q_accel
 .data.type     0x2000001c        0x4 CMakeFiles/LED.elf.dir/Core/Src/main.c.obj
                0x2000001c                type
 .data.dma_tx_complete
                0x20000020        0x1 CMakeFiles/LED.elf.dir/Core/Src/main.c.obj
                0x20000020                dma_tx_complete
 *fill*         0x20000021        0x3 
 .data.SystemCoreClock
                0x20000024        0x4 CMakeFiles/LED.elf.dir/Core/Src/system_stm32f4xx.c.obj
                0x20000024                SystemCoreClock
 .data.BMI088_GYRO_SEN
                0x20000028        0x4 CMakeFiles/LED.elf.dir/Core/application/BMI088driver.c.obj
                0x20000028                BMI088_GYRO_SEN
 .data.BMI088_ACCEL_SEN
                0x2000002c        0x4 CMakeFiles/LED.elf.dir/Core/application/BMI088driver.c.obj
                0x2000002c                BMI088_ACCEL_SEN
 .data.uwTickFreq
                0x20000030        0x1 CMakeFiles/LED.elf.dir/Drivers/STM32F4xx_HAL_Driver/Src/stm32f4xx_hal.c.obj
                0x20000030                uwTickFreq
 *fill*         0x20000031        0x3 
 .data.uwTickPrio
                0x20000034        0x4 CMakeFiles/LED.elf.dir/Drivers/STM32F4xx_HAL_Driver/Src/stm32f4xx_hal.c.obj
                0x20000034                uwTickPrio
 .data.__sglue  0x20000038        0xc D:/STM32/arm-none-eabi-gcc/bin/../lib/gcc/arm-none-eabi/14.2.1/thumb/v7e-m/nofp\libg.a(libc_a-findfp.o)
                0x20000038                __sglue
 .data._impure_ptr
                0x20000044        0x4 D:/STM32/arm-none-eabi-gcc/bin/../lib/gcc/arm-none-eabi/14.2.1/thumb/v7e-m/nofp\libg.a(libc_a-impure.o)
                0x20000044                _impure_ptr
 .data._impure_data
                0x20000048      0x140 D:/STM32/arm-none-eabi-gcc/bin/../lib/gcc/arm-none-eabi/14.2.1/thumb/v7e-m/nofp\libg.a(libc_a-impure.o)
                0x20000048                _impure_data
 .data.__atexit_recursive_mutex
                0x20000188        0x4 D:/STM32/arm-none-eabi-gcc/bin/../lib/gcc/arm-none-eabi/14.2.1/thumb/v7e-m/nofp\libg.a(libc_a-__call_atexit.o)
                0x20000188                __atexit_recursive_mutex
 .data.__malloc_sbrk_base
                0x2000018c        0x4 D:/STM32/arm-none-eabi-gcc/bin/../lib/gcc/arm-none-eabi/14.2.1/thumb/v7e-m/nofp\libg.a(libc_a-mallocr.o)
                0x2000018c                __malloc_sbrk_base
 .data.__malloc_trim_threshold
                0x20000190        0x4 D:/STM32/arm-none-eabi-gcc/bin/../lib/gcc/arm-none-eabi/14.2.1/thumb/v7e-m/nofp\libg.a(libc_a-mallocr.o)
                0x20000190                __malloc_trim_threshold
 *fill*         0x20000194        0x4 
 .data.__malloc_av_
                0x20000198      0x408 D:/STM32/arm-none-eabi-gcc/bin/../lib/gcc/arm-none-eabi/14.2.1/thumb/v7e-m/nofp\libg.a(libc_a-mallocr.o)
                0x20000198                __malloc_av_
 .data.__global_locale
                0x200005a0      0x16c D:/STM32/arm-none-eabi-gcc/bin/../lib/gcc/arm-none-eabi/14.2.1/thumb/v7e-m/nofp\libg.a(libc_a-locale.o)
                0x200005a0                __global_locale
 *(.RamFunc)
 *(.RamFunc*)
                0x2000070c                        . = ALIGN (0x4)
                0x2000070c                        _edata = .
                0x08018c68                        _siccmram = LOADADDR (.ccmram)

.tm_clone_table
                0x2000070c        0x0 load address 0x08018c68
 .tm_clone_table
                0x2000070c        0x0 D:/STM32/arm-none-eabi-gcc/bin/../lib/gcc/arm-none-eabi/14.2.1/thumb/v7e-m/nofp/crtbegin.o
 .tm_clone_table
                0x2000070c        0x0 D:/STM32/arm-none-eabi-gcc/bin/../lib/gcc/arm-none-eabi/14.2.1/thumb/v7e-m/nofp/crtend.o

.igot.plt       0x2000070c        0x0 load address 0x08018c68
 .igot.plt      0x2000070c        0x0 D:/STM32/arm-none-eabi-gcc/bin/../lib/gcc/arm-none-eabi/14.2.1/thumb/v7e-m/nofp/crtbegin.o

.ccmram         0x10000000        0x0 load address 0x08018c68
                0x10000000                        . = ALIGN (0x4)
                0x10000000                        _sccmram = .
 *(.ccmram)
 *(.ccmram*)
                0x10000000                        . = ALIGN (0x4)
                0x10000000                        _eccmram = .
                0x10000000                        . = ALIGN (0x4)

.bss            0x20000710     0x1af8
                0x20000710                        _sbss = .
                0x20000710                        __bss_start__ = _sbss
 *(.bss)
 *(.bss*)
 .bss.completed.1
                0x20000710        0x1 D:/STM32/arm-none-eabi-gcc/bin/../lib/gcc/arm-none-eabi/14.2.1/thumb/v7e-m/nofp/crtbegin.o
 *fill*         0x20000711        0x3 
 .bss.object.0  0x20000714       0x18 D:/STM32/arm-none-eabi-gcc/bin/../lib/gcc/arm-none-eabi/14.2.1/thumb/v7e-m/nofp/crtbegin.o
 .bss.HAL_RCC_CAN1_CLK_ENABLED
                0x2000072c        0x4 CMakeFiles/LED.elf.dir/Core/Src/can.c.obj
 .bss.hcan2     0x20000730       0x28 CMakeFiles/LED.elf.dir/Core/Src/can.c.obj
                0x20000730                hcan2
 .bss.hcan1     0x20000758       0x28 CMakeFiles/LED.elf.dir/Core/Src/can.c.obj
                0x20000758                hcan1
 .bss.last_interrupt_time.0
                0x20000780        0x4 CMakeFiles/LED.elf.dir/Core/Src/main.c.obj
 .bss.wz_pid    0x20000784       0x34 CMakeFiles/LED.elf.dir/Core/Src/main.c.obj
                0x20000784                wz_pid
 .bss.current_angle_err
                0x200007b8        0x4 CMakeFiles/LED.elf.dir/Core/Src/main.c.obj
                0x200007b8                current_angle_err
 .bss.current_angle
                0x200007bc        0x4 CMakeFiles/LED.elf.dir/Core/Src/main.c.obj
                0x200007bc                current_angle
 .bss.current_time_stamp
                0x200007c0        0x4 CMakeFiles/LED.elf.dir/Core/Src/main.c.obj
                0x200007c0                current_time_stamp
 .bss.previous_time_stamp
                0x200007c4        0x4 CMakeFiles/LED.elf.dir/Core/Src/main.c.obj
                0x200007c4                previous_time_stamp
 .bss.accel_z_bias
                0x200007c8        0x4 CMakeFiles/LED.elf.dir/Core/Src/main.c.obj
                0x200007c8                accel_z_bias
 .bss.accel_y_bias
                0x200007cc        0x4 CMakeFiles/LED.elf.dir/Core/Src/main.c.obj
                0x200007cc                accel_y_bias
 .bss.accel_x_bias
                0x200007d0        0x4 CMakeFiles/LED.elf.dir/Core/Src/main.c.obj
                0x200007d0                accel_x_bias
 .bss.accel_z_true
                0x200007d4        0x4 CMakeFiles/LED.elf.dir/Core/Src/main.c.obj
                0x200007d4                accel_z_true
 .bss.accel_y_true
                0x200007d8        0x4 CMakeFiles/LED.elf.dir/Core/Src/main.c.obj
                0x200007d8                accel_y_true
 .bss.accel_x_true
                0x200007dc        0x4 CMakeFiles/LED.elf.dir/Core/Src/main.c.obj
                0x200007dc                accel_x_true
 .bss.uart_y    0x200007e0        0x4 CMakeFiles/LED.elf.dir/Core/Src/main.c.obj
                0x200007e0                uart_y
 .bss.uart_x    0x200007e4        0x4 CMakeFiles/LED.elf.dir/Core/Src/main.c.obj
                0x200007e4                uart_x
 .bss.accel_z   0x200007e8        0x4 CMakeFiles/LED.elf.dir/Core/Src/main.c.obj
                0x200007e8                accel_z
 .bss.accel_y   0x200007ec        0x4 CMakeFiles/LED.elf.dir/Core/Src/main.c.obj
                0x200007ec                accel_y
 .bss.accel_x   0x200007f0        0x4 CMakeFiles/LED.elf.dir/Core/Src/main.c.obj
                0x200007f0                accel_x
 .bss.temp      0x200007f4        0x4 CMakeFiles/LED.elf.dir/Core/Src/main.c.obj
                0x200007f4                temp
 .bss.accel     0x200007f8        0xc CMakeFiles/LED.elf.dir/Core/Src/main.c.obj
                0x200007f8                accel
 .bss.gyro      0x20000804        0xc CMakeFiles/LED.elf.dir/Core/Src/main.c.obj
                0x20000804                gyro
 .bss.led_cnt   0x20000810        0x2 CMakeFiles/LED.elf.dir/Core/Src/main.c.obj
                0x20000810                led_cnt
 .bss.uart_queue_tail
                0x20000812        0x2 CMakeFiles/LED.elf.dir/Core/Src/main.c.obj
                0x20000812                uart_queue_tail
 .bss.uart_queue_head
                0x20000814        0x2 CMakeFiles/LED.elf.dir/Core/Src/main.c.obj
                0x20000814                uart_queue_head
 *fill*         0x20000816        0x2 
 .bss.uart_queue
                0x20000818     0x1040 CMakeFiles/LED.elf.dir/Core/Src/main.c.obj