Archive member included to satisfy reference by file (symbol)

D:/STM32/arm-none-eabi-gcc/bin/../lib/gcc/arm-none-eabi/14.2.1/thumb/v7e-m/nofp\libgcc.a(_arm_muldf3.o)
                              CMakeFiles/LED.elf.dir/Core/Src/main.c.obj (__aeabi_dmul)
D:/STM32/arm-none-eabi-gcc/bin/../lib/gcc/arm-none-eabi/14.2.1/thumb/v7e-m/nofp\libgcc.a(_arm_mulsf3.o)
                              CMakeFiles/LED.elf.dir/Core/Src/pid.c.obj (__aeabi_fmul)
D:/STM32/arm-none-eabi-gcc/bin/../lib/gcc/arm-none-eabi/14.2.1/thumb/v7e-m/nofp\libgcc.a(_arm_addsubdf3.o)
                              CMakeFiles/LED.elf.dir/Core/Src/main.c.obj (__aeabi_dsub)
D:/STM32/arm-none-eabi-gcc/bin/../lib/gcc/arm-none-eabi/14.2.1/thumb/v7e-m/nofp\libgcc.a(_arm_muldivdf3.o)
                              CMakeFiles/LED.elf.dir/Core/Src/main.c.obj (__aeabi_ddiv)
D:/STM32/arm-none-eabi-gcc/bin/../lib/gcc/arm-none-eabi/14.2.1/thumb/v7e-m/nofp\libgcc.a(_arm_cmpdf2.o)
                              CMakeFiles/LED.elf.dir/Core/Src/main.c.obj (__aeabi_dcmplt)
D:/STM32/arm-none-eabi-gcc/bin/../lib/gcc/arm-none-eabi/14.2.1/thumb/v7e-m/nofp\libgcc.a(_arm_truncdfsf2.o)
                              CMakeFiles/LED.elf.dir/Core/Src/main.c.obj (__aeabi_d2f)
D:/STM32/arm-none-eabi-gcc/bin/../lib/gcc/arm-none-eabi/14.2.1/thumb/v7e-m/nofp\libgcc.a(_arm_addsubsf3.o)
                              CMakeFiles/LED.elf.dir/Core/Src/pid.c.obj (__aeabi_fsub)
D:/STM32/arm-none-eabi-gcc/bin/../lib/gcc/arm-none-eabi/14.2.1/thumb/v7e-m/nofp\libgcc.a(_arm_muldivsf3.o)
                              CMakeFiles/LED.elf.dir/Core/Src/main.c.obj (__aeabi_fdiv)
D:/STM32/arm-none-eabi-gcc/bin/../lib/gcc/arm-none-eabi/14.2.1/thumb/v7e-m/nofp\libgcc.a(_arm_cmpsf2.o)
                              CMakeFiles/LED.elf.dir/Core/Src/pid.c.obj (__aeabi_fcmplt)
D:/STM32/arm-none-eabi-gcc/bin/../lib/gcc/arm-none-eabi/14.2.1/thumb/v7e-m/nofp\libgcc.a(_arm_fixsfsi.o)
                              CMakeFiles/LED.elf.dir/Core/Src/main.c.obj (__aeabi_f2iz)
D:/STM32/arm-none-eabi-gcc/bin/../lib/gcc/arm-none-eabi/14.2.1/thumb/v7e-m/nofp\libgcc.a(_aeabi_uldivmod.o)
                              CMakeFiles/LED.elf.dir/Drivers/STM32F4xx_HAL_Driver/Src/stm32f4xx_hal_rcc.c.obj (__aeabi_uldivmod)
D:/STM32/arm-none-eabi-gcc/bin/../lib/gcc/arm-none-eabi/14.2.1/thumb/v7e-m/nofp\libgcc.a(_udivmoddi4.o)
                              D:/STM32/arm-none-eabi-gcc/bin/../lib/gcc/arm-none-eabi/14.2.1/thumb/v7e-m/nofp\libgcc.a(_aeabi_uldivmod.o) (__udivmoddi4)
D:/STM32/arm-none-eabi-gcc/bin/../lib/gcc/arm-none-eabi/14.2.1/thumb/v7e-m/nofp\libgcc.a(_dvmd_tls.o)
                              D:/STM32/arm-none-eabi-gcc/bin/../lib/gcc/arm-none-eabi/14.2.1/thumb/v7e-m/nofp\libgcc.a(_aeabi_uldivmod.o) (__aeabi_ldiv0)
D:/STM32/arm-none-eabi-gcc/bin/../lib/gcc/arm-none-eabi/14.2.1/thumb/v7e-m/nofp\libg.a(libc_a-exit.o)
                              D:/STM32/arm-none-eabi-gcc/bin/../lib/gcc/arm-none-eabi/14.2.1/thumb/v7e-m/nofp/crt0.o (exit)
D:/STM32/arm-none-eabi-gcc/bin/../lib/gcc/arm-none-eabi/14.2.1/thumb/v7e-m/nofp\libg.a(libc_a-findfp.o)
                              D:/STM32/arm-none-eabi-gcc/bin/../lib/gcc/arm-none-eabi/14.2.1/thumb/v7e-m/nofp\libg.a(libc_a-exit.o) (__stdio_exit_handler)
D:/STM32/arm-none-eabi-gcc/bin/../lib/gcc/arm-none-eabi/14.2.1/thumb/v7e-m/nofp\libg.a(libc_a-fwalk.o)
                              D:/STM32/arm-none-eabi-gcc/bin/../lib/gcc/arm-none-eabi/14.2.1/thumb/v7e-m/nofp\libg.a(libc_a-findfp.o) (_fwalk_sglue)
D:/STM32/arm-none-eabi-gcc/bin/../lib/gcc/arm-none-eabi/14.2.1/thumb/v7e-m/nofp\libg.a(libc_a-stdio.o)
                              D:/STM32/arm-none-eabi-gcc/bin/../lib/gcc/arm-none-eabi/14.2.1/thumb/v7e-m/nofp\libg.a(libc_a-findfp.o) (__sread)
D:/STM32/arm-none-eabi-gcc/bin/../lib/gcc/arm-none-eabi/14.2.1/thumb/v7e-m/nofp\libg.a(libc_a-memset.o)
                              D:/STM32/arm-none-eabi-gcc/bin/../lib/gcc/arm-none-eabi/14.2.1/thumb/v7e-m/nofp/crt0.o (memset)
D:/STM32/arm-none-eabi-gcc/bin/../lib/gcc/arm-none-eabi/14.2.1/thumb/v7e-m/nofp\libg.a(libc_a-closer.o)
                              D:/STM32/arm-none-eabi-gcc/bin/../lib/gcc/arm-none-eabi/14.2.1/thumb/v7e-m/nofp\libg.a(libc_a-stdio.o) (_close_r)
D:/STM32/arm-none-eabi-gcc/bin/../lib/gcc/arm-none-eabi/14.2.1/thumb/v7e-m/nofp\libg.a(libc_a-reent.o)
                              D:/STM32/arm-none-eabi-gcc/bin/../lib/gcc/arm-none-eabi/14.2.1/thumb/v7e-m/nofp\libg.a(libc_a-closer.o) (errno)
D:/STM32/arm-none-eabi-gcc/bin/../lib/gcc/arm-none-eabi/14.2.1/thumb/v7e-m/nofp\libg.a(libc_a-impure.o)
                              D:/STM32/arm-none-eabi-gcc/bin/../lib/gcc/arm-none-eabi/14.2.1/thumb/v7e-m/nofp\libg.a(libc_a-reent.o) (_impure_ptr)
D:/STM32/arm-none-eabi-gcc/bin/../lib/gcc/arm-none-eabi/14.2.1/thumb/v7e-m/nofp\libg.a(libc_a-lseekr.o)
                              D:/STM32/arm-none-eabi-gcc/bin/../lib/gcc/arm-none-eabi/14.2.1/thumb/v7e-m/nofp\libg.a(libc_a-stdio.o) (_lseek_r)
[...]
Memory Configuration

Name             Origin             Length             Attributes
CCMRAM           0x10000000         0x00010000         xrw
RAM              0x20000000         0x00020000         xrw
FLASH            0x08000000         0x00100000         xr
*default*        0x00000000         0xffffffff

Linker script and memory map

LOAD D:/STM32/arm-none-eabi-gcc/bin/../lib/gcc/arm-none-eabi/14.2.1/thumb/v7e-m/nofp/crti.o
LOAD D:/STM32/arm-none-eabi-gcc/bin/../lib/gcc/arm-none-eabi/14.2.1/thumb/v7e-m/nofp/crtbegin.o
LOAD D:/STM32/arm-none-eabi-gcc/bin/../lib/gcc/arm-none-eabi/14.2.1/thumb/v7e-m/nofp/crt0.o
LOAD CMakeFiles/LED.elf.dir/Core/Src/bsp_can.c.obj
LOAD CMakeFiles/LED.elf.dir/Core/Src/can.c.obj
LOAD CMakeFiles/LED.elf.dir/Core/Src/dma.c.obj
LOAD CMakeFiles/LED.elf.dir/Core/Src/gpio.c.obj
LOAD CMakeFiles/LED.elf.dir/Core/Src/main.c.obj
LOAD CMakeFiles/LED.elf.dir/Core/Src/pid.c.obj
LOAD CMakeFiles/LED.elf.dir/Core/Src/stm32f4xx_hal_msp.c.obj
LOAD CMakeFiles/LED.elf.dir/Core/Src/stm32f4xx_it.c.obj
LOAD CMakeFiles/LED.elf.dir/Core/Src/syscalls.c.obj
LOAD CMakeFiles/LED.elf.dir/Core/Src/sysmem.c.obj
LOAD CMakeFiles/LED.elf.dir/Core/Src/system_stm32f4xx.c.obj
LOAD CMakeFiles/LED.elf.dir/Core/Src/usart.c.obj
LOAD CMakeFiles/LED.elf.dir/Core/Startup/startup_stm32f407ighx.s.obj
LOAD CMakeFiles/LED.elf.dir/Core/application/bsp_rc.c.obj
LOAD CMakeFiles/LED.elf.dir/Core/application/remote_control.c.obj
LOAD CMakeFiles/LED.elf.dir/Drivers/STM32F4xx_HAL_Driver/Src/stm32f4xx_hal.c.obj
LOAD CMakeFiles/LED.elf.dir/Drivers/STM32F4xx_HAL_Driver/Src/stm32f4xx_hal_can.c.obj
LOAD CMakeFiles/LED.elf.dir/Drivers/STM32F4xx_HAL_Driver/Src/stm32f4xx_hal_cortex.c.obj
LOAD CMakeFiles/LED.elf.dir/Drivers/STM32F4xx_HAL_Driver/Src/stm32f4xx_hal_dma.c.obj
LOAD CMakeFiles/LED.elf.dir/Drivers/STM32F4xx_HAL_Driver/Src/stm32f4xx_hal_dma_ex.c.obj
LOAD CMakeFiles/LED.elf.dir/Drivers/STM32F4xx_HAL_Driver/Src/stm32f4xx_hal_exti.c.obj
LOAD CMakeFiles/LED.elf.dir/Drivers/STM32F4xx_HAL_Driver/Src/stm32f4xx_hal_flash.c.obj
LOAD CMakeFiles/LED.elf.dir/Drivers/STM32F4xx_HAL_Driver/Src/stm32f4xx_hal_flash_ex.c.obj
LOAD CMakeFiles/LED.elf.dir/Drivers/STM32F4xx_HAL_Driver/Src/stm32f4xx_hal_flash_ramfunc.c.obj
LOAD CMakeFiles/LED.elf.dir/Drivers/STM32F4xx_HAL_Driver/Src/stm32f4xx_hal_gpio.c.obj
LOAD CMakeFiles/LED.elf.dir/Drivers/STM32F4xx_HAL_Driver/Src/stm32f4xx_hal_pwr.c.obj
LOAD CMakeFiles/LED.elf.dir/Drivers/STM32F4xx_HAL_Driver/Src/stm32f4xx_hal_pwr_ex.c.obj
LOAD CMakeFiles/LED.elf.dir/Drivers/STM32F4xx_HAL_Driver/Src/stm32f4xx_hal_rcc.c.obj
LOAD CMakeFiles/LED.elf.dir/Drivers/STM32F4xx_HAL_Driver/Src/stm32f4xx_hal_rcc_ex.c.obj
LOAD CMakeFiles/LED.elf.dir/Drivers/STM32F4xx_HAL_Driver/Src/stm32f4xx_hal_tim.c.obj
LOAD CMakeFiles/LED.elf.dir/Drivers/STM32F4xx_HAL_Driver/Src/stm32f4xx_hal_tim_ex.c.obj
LOAD CMakeFiles/LED.elf.dir/Drivers/STM32F4xx_HAL_Driver/Src/stm32f4xx_hal_uart.c.obj
START GROUP
LOAD D:/STM32/arm-none-eabi-gcc/bin/../lib/gcc/arm-none-eabi/14.2.1/thumb/v7e-m/nofp\libgcc.a
LOAD D:/STM32/arm-none-eabi-gcc/bin/../lib/gcc/arm-none-eabi/14.2.1/thumb/v7e-m/nofp\libg.a
LOAD D:/STM32/arm-none-eabi-gcc/bin/../lib/gcc/arm-none-eabi/14.2.1/thumb/v7e-m/nofp\libc.a
END GROUP
LOAD D:/STM32/arm-none-eabi-gcc/bin/../lib/gcc/arm-none-eabi/14.2.1/thumb/v7e-m/nofp/crtend.o
LOAD D:/STM32/arm-none-eabi-gcc/bin/../lib/gcc/arm-none-eabi/14.2.1/thumb/v7e-m/nofp/crtn.o
                0x20020000                        _estack = (ORIGIN (RAM) + LENGTH (RAM))
                0x00000200                        _Min_Heap_Size = 0x200
                0x00000400                        _Min_Stack_Size = 0x400

.isr_vector     0x08000000      0x188
                0x08000000                        . = ALIGN (0x4)
 *(.isr_vector)
 .isr_vector    0x08000000      0x188 CMakeFiles/LED.elf.dir/Core/Startup/startup_stm32f407ighx.s.obj
                0x08000000                g_pfnVectors
                0x08000188                        . = ALIGN (0x4)

.text           0x08000188     0x3f14
                0x08000188                        . = ALIGN (0x4)
 *(.text)
 .text          0x08000188      0x378 D:/STM32/arm-none-eabi-gcc/bin/../lib/gcc/arm-none-eabi/14.2.1/thumb/v7e-m/nofp\libgcc.a(_arm_addsubdf3.o)
                0x08000188                __aeabi_drsub
                0x08000190                __aeabi_dsub
                0x08000190                __subdf3
                0x08000194                __aeabi_dadd
                0x08000194                __adddf3
                0x0800040c                __floatunsidf
                0x0800040c                __aeabi_ui2d
                0x0800042c                __floatsidf
                0x0800042c                __aeabi_i2d
                0x08000450                __aeabi_f2d
                0x08000450                __extendsfdf2
                0x08000494                __floatundidf
                0x08000494                __aeabi_ul2d
                0x080004a4                __floatdidf
                0x080004a4                __aeabi_l2d
 .text          0x08000500      0x424 D:/STM32/arm-none-eabi-gcc/bin/../lib/gcc/arm-none-eabi/14.2.1/thumb/v7e-m/nofp\libgcc.a(_arm_muldivdf3.o)
                0x08000500                __aeabi_dmul
                0x08000500                __muldf3
                0x08000754                __divdf3
                0x08000754                __aeabi_ddiv
 .text          0x08000924      0x110 D:/STM32/arm-none-eabi-gcc/bin/../lib/gcc/arm-none-eabi/14.2.1/thumb/v7e-m/nofp\libgcc.a(_arm_cmpdf2.o)
                0x08000924                __gtdf2
                0x08000924                __gedf2
                0x0800092c                __ltdf2
                0x0800092c                __ledf2
                0x08000934                __nedf2
                0x08000934                __eqdf2
                0x08000934                __cmpdf2
                0x080009b0                __aeabi_cdrcmple
                0x080009c0                __aeabi_cdcmpeq
                0x080009c0                __aeabi_cdcmple
                0x080009d0                __aeabi_dcmpeq
                0x080009e4                __aeabi_dcmplt
                0x080009f8                __aeabi_dcmple
                0x08000a0c                __aeabi_dcmpge
                0x08000a20                __aeabi_dcmpgt
 .text          0x08000a34       0xa0 D:/STM32/arm-none-eabi-gcc/bin/../lib/gcc/arm-none-eabi/14.2.1/thumb/v7e-m/nofp\libgcc.a(_arm_truncdfsf2.o)
                0x08000a34                __truncdfsf2
                0x08000a34                __aeabi_d2f
 .text          0x08000ad4      0x21c D:/STM32/arm-none-eabi-gcc/bin/../lib/gcc/arm-none-eabi/14.2.1/thumb/v7e-m/nofp\libgcc.a(_arm_addsubsf3.o)
                0x08000ad4                __aeabi_frsub
                0x08000adc                __subsf3
                0x08000adc                __aeabi_fsub
                0x08000ae0                __aeabi_fadd
                0x08000ae0                __addsf3
                0x08000c40                __aeabi_ui2f
                0x08000c40                __floatunsisf
                0x08000c48                __aeabi_i2f
                0x08000c48                __floatsisf
                0x08000c64                __aeabi_ul2f
                0x08000c64                __floatundisf
                0x08000c74                __aeabi_l2f
                0x08000c74                __floatdisf
 .text          0x08000cf0      0x2a0 D:/STM32/arm-none-eabi-gcc/bin/../lib/gcc/arm-none-eabi/14.2.1/thumb/v7e-m/nofp\libgcc.a(_arm_muldivsf3.o)
                0x08000cf0                __mulsf3
                0x08000cf0                __aeabi_fmul
                0x08000e58                __aeabi_fdiv
                0x08000e58                __divsf3
 .text          0x08000f90       0xec D:/STM32/arm-none-eabi-gcc/bin/../lib/gcc/arm-none-eabi/14.2.1/thumb/v7e-m/nofp\libgcc.a(_arm_cmpsf2.o)
                0x08000f90                __gesf2
                0x08000f90                __gtsf2
                0x08000f98                __lesf2
                0x08000f98                __ltsf2
                0x08000fa0                __nesf2
                0x08000fa0                __eqsf2
                0x08000fa0                __cmpsf2
                0x08001000                __aeabi_cfrcmple
                0x08001008                __aeabi_cfcmpeq
                0x08001008                __aeabi_cfcmple
                0x08001018                __aeabi_fcmpeq
                0x0800102c                __aeabi_fcmplt
                0x08001040                __aeabi_fcmple
                0x08001054                __aeabi_fcmpge
                0x08001068                __aeabi_fcmpgt
 .text          0x0800107c       0x4c D:/STM32/arm-none-eabi-gcc/bin/../lib/gcc/arm-none-eabi/14.2.1/thumb/v7e-m/nofp\libgcc.a(_arm_fixsfsi.o)
                0x0800107c                __aeabi_f2iz
                0x0800107c                __fixsfsi
 .text          0x080010c8       0x30 D:/STM32/arm-none-eabi-gcc/bin/../lib/gcc/arm-none-eabi/14.2.1/thumb/v7e-m/nofp\libgcc.a(_aeabi_uldivmod.o)
                0x080010c8                __aeabi_uldivmod
 .text          0x080010f8        0x4 D:/STM32/arm-none-eabi-gcc/bin/../lib/gcc/arm-none-eabi/14.2.1/thumb/v7e-m/nofp\libgcc.a(_dvmd_tls.o)
                0x080010f8                __aeabi_idiv0
                0x080010f8                __aeabi_ldiv0
 *(.text*)
 .text.deregister_tm_clones
                0x080010fc       0x1c D:/STM32/arm-none-eabi-gcc/bin/../lib/gcc/arm-none-eabi/14.2.1/thumb/v7e-m/nofp/crtbegin.o
 .text.register_tm_clones
                0x08001118       0x24 D:/STM32/arm-none-eabi-gcc/bin/../lib/gcc/arm-none-eabi/14.2.1/thumb/v7e-m/nofp/crtbegin.o
 .text.__do_global_dtors_aux
                0x0800113c       0x28 D:/STM32/arm-none-eabi-gcc/bin/../lib/gcc/arm-none-eabi/14.2.1/thumb/v7e-m/nofp/crtbegin.o
 .text.frame_dummy
                0x08001164       0x24 D:/STM32/arm-none-eabi-gcc/bin/../lib/gcc/arm-none-eabi/14.2.1/thumb/v7e-m/nofp/crtbegin.o
 .text.can_filter_init
                0x08001188       0x58 CMakeFiles/LED.elf.dir/Core/Src/bsp_can.c.obj
                0x08001188                can_filter_init
 .text.HAL_CAN_RxFifo0MsgPendingCallback
                0x080011e0       0x64 CMakeFiles/LED.elf.dir/Core/Src/bsp_can.c.obj
                0x080011e0                HAL_CAN_RxFifo0MsgPendingCallback
 .text.set_GM6020_motor_voltage
                0x08001244       0x3c CMakeFiles/LED.elf.dir/Core/Src/bsp_can.c.obj
                0x08001244                set_GM6020_motor_voltage
 .text.MX_CAN1_Init
                0x08001280       0x40 CMakeFiles/LED.elf.dir/Core/Src/can.c.obj
                0x08001280                MX_CAN1_Init
 .text.HAL_CAN_MspInit
                0x080012c0       0x7c CMakeFiles/LED.elf.dir/Core/Src/can.c.obj
                0x080012c0                HAL_CAN_MspInit
 .text.MX_DMA_Init
                0x0800133c       0x34 CMakeFiles/LED.elf.dir/Core/Src/dma.c.obj
                0x0800133c                MX_DMA_Init
 .text.MX_GPIO_Init
                0x08001370       0xa8 CMakeFiles/LED.elf.dir/Core/Src/gpio.c.obj
                0x08001370                MX_GPIO_Init
 .text.msp      0x08001418       0x54 CMakeFiles/LED.elf.dir/Core/Src/main.c.obj
                0x08001418                msp
 .text.Error_Handler
                0x0800146c        0x4 CMakeFiles/LED.elf.dir/Core/Src/main.c.obj
                0x0800146c                Error_Handler
 .text.SystemClock_Config
                0x08001470       0xbc CMakeFiles/LED.elf.dir/Core/Src/main.c.obj
                0x08001470                SystemClock_Config
 *fill*         0x0800152c        0x4 
 .text.main     0x08001530      0x18c CMakeFiles/LED.elf.dir/Core/Src/main.c.obj
                0x08001530                main
 .text.pid_init
                0x080016bc       0x10 CMakeFiles/LED.elf.dir/Core/Src/pid.c.obj
                0x080016bc                pid_init
 .text.pid_calc
                0x080016cc       0xb8 CMakeFiles/LED.elf.dir/Core/Src/pid.c.obj
                0x080016cc                pid_calc
 .text.gimbal_PID_init
                0x08001784       0x48 CMakeFiles/LED.elf.dir/Core/Src/pid.c.obj
                0x08001784                gimbal_PID_init
 .text.HAL_MspInit
                0x080017cc       0x38 CMakeFiles/LED.elf.dir/Core/Src/stm32f4xx_hal_msp.c.obj
                0x080017cc                HAL_MspInit
 .text.NMI_Handler
                0x08001804        0x2 CMakeFiles/LED.elf.dir/Core/Src/stm32f4xx_it.c.obj
                0x08001804                NMI_Handler
 .text.HardFault_Handler
                0x08001806        0x2 CMakeFiles/LED.elf.dir/Core/Src/stm32f4xx_it.c.obj
                0x08001806                HardFault_Handler
 .text.MemManage_Handler
                0x08001808        0x2 CMakeFiles/LED.elf.dir/Core/Src/stm32f4xx_it.c.obj
                0x08001808                MemManage_Handler
 .text.BusFault_Handler
                0x0800180a        0x2 CMakeFiles/LED.elf.dir/Core/Src/stm32f4xx_it.c.obj
                0x0800180a                BusFault_Handler
 .text.UsageFault_Handler
                0x0800180c        0x2 CMakeFiles/LED.elf.dir/Core/Src/stm32f4xx_it.c.obj
                0x0800180c                UsageFault_Handler
 .text.SVC_Handler
                0x0800180e        0x2 CMakeFiles/LED.elf.dir/Core/Src/stm32f4xx_it.c.obj
                0x0800180e                SVC_Handler
 .text.DebugMon_Handler
                0x08001810        0x2 CMakeFiles/LED.elf.dir/Core/Src/stm32f4xx_it.c.obj
                0x08001810                DebugMon_Handler
 .text.PendSV_Handler
                0x08001812        0x2 CMakeFiles/LED.elf.dir/Core/Src/stm32f4xx_it.c.obj
                0x08001812                PendSV_Handler
 .text.SysTick_Handler
                0x08001814        0x8 CMakeFiles/LED.elf.dir/Core/Src/stm32f4xx_it.c.obj
                0x08001814                SysTick_Handler
 .text.DMA1_Stream1_IRQHandler
                0x0800181c       0x10 CMakeFiles/LED.elf.dir/Core/Src/stm32f4xx_it.c.obj
                0x0800181c                DMA1_Stream1_IRQHandler
 .text.CAN1_RX0_IRQHandler
                0x0800182c       0x10 CMakeFiles/LED.elf.dir/Core/Src/stm32f4xx_it.c.obj
                0x0800182c                CAN1_RX0_IRQHandler
 .text.USART3_IRQHandler
                0x0800183c       0x14 CMakeFiles/LED.elf.dir/Core/Src/stm32f4xx_it.c.obj
                0x0800183c                USART3_IRQHandler
 .text.SystemInit
                0x08001850        0x2 CMakeFiles/LED.elf.dir/Core/Src/system_stm32f4xx.c.obj
                0x08001850                SystemInit
 *fill*         0x08001852        0x2 
 .text.MX_USART1_UART_Init
                0x08001854       0x34 CMakeFiles/LED.elf.dir/Core/Src/usart.c.obj
                0x08001854                MX_USART1_UART_Init
 .text.MX_USART3_UART_Init
                0x08001888       0x38 CMakeFiles/LED.elf.dir/Core/Src/usart.c.obj
                0x08001888                MX_USART3_UART_Init
 .text.HAL_UART_MspInit
                0x080018c0      0x154 CMakeFiles/LED.elf.dir/Core/Src/usart.c.obj
                0x080018c0                HAL_UART_MspInit
 .text.Reset_Handler
                0x08001a14       0x50 CMakeFiles/LED.elf.dir/Core/Startup/startup_stm32f407ighx.s.obj
                0x08001a14                Reset_Handler
 .text.Default_Handler
                0x08001a64        0x2 CMakeFiles/LED.elf.dir/Core/Startup/startup_stm32f407ighx.s.obj
                0x08001a64                RTC_Alarm_IRQHandler
                0x08001a64                HASH_RNG_IRQHandler
                0x08001a64                EXTI2_IRQHandler
                0x08001a64                TIM8_CC_IRQHandler
                0x08001a64                TIM1_CC_IRQHandler
                0x08001a64                DMA2_Stream5_IRQHandler
                0x08001a64                DMA1_Stream5_IRQHandler
                0x08001a64                PVD_IRQHandler
                0x08001a64                SDIO_IRQHandler
                0x08001a64                TAMP_STAMP_IRQHandler
                0x08001a64                CAN2_RX1_IRQHandler
                0x08001a64                EXTI3_IRQHandler
                0x08001a64                TIM8_TRG_COM_TIM14_IRQHandler
                0x08001a64                TIM1_UP_TIM10_IRQHandler
                0x08001a64                TIM8_UP_TIM13_IRQHandler
                0x08001a64                I2C3_ER_IRQHandler
                0x08001a64                EXTI0_IRQHandler
                0x08001a64                I2C2_EV_IRQHandler
                0x08001a64                DMA1_Stream2_IRQHandler
                0x08001a64                FPU_IRQHandler
                0x08001a64                OTG_HS_WKUP_IRQHandler
                0x08001a64                CAN2_SCE_IRQHandler
                0x08001a64                DMA2_Stream2_IRQHandler
                0x08001a64                SPI1_IRQHandler
                0x08001a64                TIM6_DAC_IRQHandler
                0x08001a64                TIM1_BRK_TIM9_IRQHandler
                0x08001a64                DCMI_IRQHandler
                0x08001a64                CAN2_RX0_IRQHandler
                0x08001a64                DMA2_Stream3_IRQHandler
                0x08001a64                USART6_IRQHandler
                0x08001a64                CAN1_RX1_IRQHandler
                0x08001a64                UART5_IRQHandler
                0x08001a64                DMA2_Stream0_IRQHandler
                0x08001a64                TIM4_IRQHandler
                0x08001a64                I2C1_EV_IRQHandler
                0x08001a64                DMA1_Stream6_IRQHandler
                0x08001a64                UART4_IRQHandler
                0x08001a64                TIM3_IRQHandler
                0x08001a64                RCC_IRQHandler
                0x08001a64                TIM8_BRK_TIM12_IRQHandler
                0x08001a64                Default_Handler
                0x08001a64                EXTI15_10_IRQHandler
                0x08001a64                ADC_IRQHandler
                0x08001a64                DMA1_Stream7_IRQHandler
                0x08001a64                TIM7_IRQHandler
                0x08001a64                CAN2_TX_IRQHandler
                0x08001a64                TIM5_IRQHandler
                0x08001a64                DMA2_Stream7_IRQHandler
                0x08001a64                I2C3_EV_IRQHandler
                0x08001a64                EXTI9_5_IRQHandler
                0x08001a64                RTC_WKUP_IRQHandler
                0x08001a64                ETH_WKUP_IRQHandler
                0x08001a64                SPI2_IRQHandler
                0x08001a64                OTG_HS_EP1_IN_IRQHandler
                0x08001a64                DMA1_Stream0_IRQHandler
                0x08001a64                CAN1_TX_IRQHandler
                0x08001a64                EXTI4_IRQHandler
                0x08001a64                FSMC_IRQHandler
                0x08001a64                ETH_IRQHandler
                0x08001a64                OTG_HS_EP1_OUT_IRQHandler
                0x08001a64                WWDG_IRQHandler
                0x08001a64                TIM2_IRQHandler
                0x08001a64                OTG_FS_WKUP_IRQHandler
                0x08001a64                TIM1_TRG_COM_TIM11_IRQHandler
                0x08001a64                OTG_HS_IRQHandler
                0x08001a64                EXTI1_IRQHandler
                0x08001a64                USART2_IRQHandler
                0x08001a64                I2C2_ER_IRQHandler
                0x08001a64                DMA2_Stream1_IRQHandler
                0x08001a64                CAN1_SCE_IRQHandler
                0x08001a64                FLASH_IRQHandler
                0x08001a64                DMA2_Stream4_IRQHandler
                0x08001a64                USART1_IRQHandler
                0x08001a64                OTG_FS_IRQHandler
                0x08001a64                SPI3_IRQHandler
                0x08001a64                DMA1_Stream4_IRQHandler
                0x08001a64                I2C1_ER_IRQHandler
                0x08001a64                DMA2_Stream6_IRQHandler
                0x08001a64                DMA1_Stream3_IRQHandler
 *fill*         0x08001a66        0x2 
 .text.RC_init  0x08001a68       0x68 CMakeFiles/LED.elf.dir/Core/application/bsp_rc.c.obj
                0x08001a68                RC_init
 .text.sbus_to_rc
                0x08001ad0       0xde CMakeFiles/LED.elf.dir/Core/application/remote_control.c.obj
 *fill*         0x08001bae        0x2 
 .text.remote_control_init
                0x08001bb0       0x14 CMakeFiles/LED.elf.dir/Core/application/remote_control.c.obj
                0x08001bb0                remote_control_init
 .text.get_remote_control_point
                0x08001bc4        0x8 CMakeFiles/LED.elf.dir/Core/application/remote_control.c.obj
                0x08001bc4                get_remote_control_point
 .text.remote_control_uart3_handler
                0x08001bcc       0xe4 CMakeFiles/LED.elf.dir/Core/application/remote_control.c.obj
                0x08001bcc                remote_control_uart3_handler
 .text.HAL_InitTick
                0x08001cb0       0x4c CMakeFiles/LED.elf.dir/Drivers/STM32F4xx_HAL_Driver/Src/stm32f4xx_hal.c.obj
                0x08001cb0                HAL_InitTick
 .text.HAL_Init
                0x08001cfc       0x34 CMakeFiles/LED.elf.dir/Drivers/STM32F4xx_HAL_Driver/Src/stm32f4xx_hal.c.obj
                0x08001cfc                HAL_Init
 .text.HAL_IncTick
                0x08001d30       0x18 CMakeFiles/LED.elf.dir/Drivers/STM32F4xx_HAL_Driver/Src/stm32f4xx_hal.c.obj
                0x08001d30                HAL_IncTick
 .text.HAL_GetTick
                0x08001d48        0xc CMakeFiles/LED.elf.dir/Drivers/STM32F4xx_HAL_Driver/Src/stm32f4xx_hal.c.obj
                0x08001d48                HAL_GetTick
 .text.HAL_Delay
                0x08001d54       0x28 CMakeFiles/LED.elf.dir/Drivers/STM32F4xx_HAL_Driver/Src/stm32f4xx_hal.c.obj
                0x08001d54                HAL_Delay
 .text.HAL_CAN_Init
                0x08001d7c      0x14c CMakeFiles/LED.elf.dir/Drivers/STM32F4xx_HAL_Driver/Src/stm32f4xx_hal_can.c.obj
                0x08001d7c                HAL_CAN_Init
 .text.HAL_CAN_ConfigFilter
                0x08001ec8      0x13c CMakeFiles/LED.elf.dir/Drivers/STM32F4xx_HAL_Driver/Src/stm32f4xx_hal_can.c.obj
                0x08001ec8                HAL_CAN_ConfigFilter
 .text.HAL_CAN_Start
                0x08002004       0x5c CMakeFiles/LED.elf.dir/Drivers/STM32F4xx_HAL_Driver/Src/stm32f4xx_hal_can.c.obj
                0x08002004                HAL_CAN_Start
 .text.HAL_CAN_AddTxMessage
                0x08002060       0xea CMakeFiles/LED.elf.dir/Drivers/STM32F4xx_HAL_Driver/Src/stm32f4xx_hal_can.c.obj
                0x08002060                HAL_CAN_AddTxMessage
 .text.HAL_CAN_GetRxMessage
                0x0800214a      0x16a CMakeFiles/LED.elf.dir/Drivers/STM32F4xx_HAL_Driver/Src/stm32f4xx_hal_can.c.obj
                0x0800214a                HAL_CAN_GetRxMessage
 .text.HAL_CAN_ActivateNotification
                0x080022b4       0x24 CMakeFiles/LED.elf.dir/Drivers/STM32F4xx_HAL_Driver/Src/stm32f4xx_hal_can.c.obj
                0x080022b4                HAL_CAN_ActivateNotification
 .text.HAL_CAN_TxMailbox0CompleteCallback
                0x080022d8        0x2 CMakeFiles/LED.elf.dir/Drivers/STM32F4xx_HAL_Driver/Src/stm32f4xx_hal_can.c.obj
                0x080022d8                HAL_CAN_TxMailbox0CompleteCallback
 .text.HAL_CAN_TxMailbox1CompleteCallback
                0x080022da        0x2 CMakeFiles/LED.elf.dir/Drivers/STM32F4xx_HAL_Driver/Src/stm32f4xx_hal_can.c.obj
                0x080022da                HAL_CAN_TxMailbox1CompleteCallback
 .text.HAL_CAN_TxMailbox2CompleteCallback
                0x080022dc        0x2 CMakeFiles/LED.elf.dir/Drivers/STM32F4xx_HAL_Driver/Src/stm32f4xx_hal_can.c.obj
                0x080022dc                HAL_CAN_TxMailbox2CompleteCallback
 .text.HAL_CAN_TxMailbox0AbortCallback
                0x080022de        0x2 CMakeFiles/LED.elf.dir/Drivers/STM32F4xx_HAL_Driver/Src/stm32f4xx_hal_can.c.obj
                0x080022de                HAL_CAN_TxMailbox0AbortCallback
 .text.HAL_CAN_TxMailbox1AbortCallback
                0x080022e0        0x2 CMakeFiles/LED.elf.dir/Drivers/STM32F4xx_HAL_Driver/Src/stm32f4xx_hal_can.c.obj
                0x080022e0                HAL_CAN_TxMailbox1AbortCallback
 .text.HAL_CAN_TxMailbox2AbortCallback
                0x080022e2        0x2 CMakeFiles/LED.elf.dir/Drivers/STM32F4xx_HAL_Driver/Src/stm32f4xx_hal_can.c.obj
                0x080022e2                HAL_CAN_TxMailbox2AbortCallback
 .text.HAL_CAN_RxFifo0FullCallback
                0x080022e4        0x2 CMakeFiles/LED.elf.dir/Drivers/STM32F4xx_HAL_Driver/Src/stm32f4xx_hal_can.c.obj
                0x080022e4                HAL_CAN_RxFifo0FullCallback
 .text.HAL_CAN_RxFifo1MsgPendingCallback
                0x080022e6        0x2 CMakeFiles/LED.elf.dir/Drivers/STM32F4xx_HAL_Driver/Src/stm32f4xx_hal_can.c.obj
                0x080022e6                HAL_CAN_RxFifo1MsgPendingCallback
 .text.HAL_CAN_RxFifo1FullCallback
                0x080022e8        0x2 CMakeFiles/LED.elf.dir/Drivers/STM32F4xx_HAL_Driver/Src/stm32f4xx_hal_can.c.obj
                0x080022e8                HAL_CAN_RxFifo1FullCallback
 .text.HAL_CAN_SleepCallback
                0x080022ea        0x2 CMakeFiles/LED.elf.dir/Drivers/STM32F4xx_HAL_Driver/Src/stm32f4xx_hal_can.c.obj
                0x080022ea                HAL_CAN_SleepCallback
 .text.HAL_CAN_WakeUpFromRxMsgCallback
                0x080022ec        0x2 CMakeFiles/LED.elf.dir/Drivers/STM32F4xx_HAL_Driver/Src/stm32f4xx_hal_can.c.obj
                0x080022ec                HAL_CAN_WakeUpFromRxMsgCallback
 .text.HAL_CAN_ErrorCallback
                0x080022ee        0x2 CMakeFiles/LED.elf.dir/Drivers/STM32F4xx_HAL_Driver/Src/stm32f4xx_hal_can.c.obj
                0x080022ee                HAL_CAN_ErrorCallback
 .text.HAL_CAN_IRQHandler
                0x080022f0      0x250 CMakeFiles/LED.elf.dir/Drivers/STM32F4xx_HAL_Driver/Src/stm32f4xx_hal_can.c.obj
                0x080022f0                HAL_CAN_IRQHandler
 .text.__NVIC_EnableIRQ
                0x08002540       0x1c CMakeFiles/LED.elf.dir/Drivers/STM32F4xx_HAL_Driver/Src/stm32f4xx_hal_cortex.c.obj
 .text.__NVIC_SetPriority
                0x0800255c       0x28 CMakeFiles/LED.elf.dir/Drivers/STM32F4xx_HAL_Driver/Src/stm32f4xx_hal_cortex.c.obj
 .text.NVIC_EncodePriority
                0x08002584       0x3e CMakeFiles/LED.elf.dir/Drivers/STM32F4xx_HAL_Driver/Src/stm32f4xx_hal_cortex.c.obj
 *fill*         0x080025c2        0x2 
 .text.HAL_NVIC_SetPriorityGrouping
                0x080025c4       0x24 CMakeFiles/LED.elf.dir/Drivers/STM32F4xx_HAL_Driver/Src/stm32f4xx_hal_cortex.c.obj
                0x080025c4                HAL_NVIC_SetPriorityGrouping
 .text.HAL_NVIC_SetPriority
                0x080025e8       0x20 CMakeFiles/LED.elf.dir/Drivers/STM32F4xx_HAL_Driver/Src/stm32f4xx_hal_cortex.c.obj
                0x080025e8                HAL_NVIC_SetPriority
 .text.HAL_NVIC_EnableIRQ
                0x08002608        0x8 CMakeFiles/LED.elf.dir/Drivers/STM32F4xx_HAL_Driver/Src/stm32f4xx_hal_cortex.c.obj
                0x08002608                HAL_NVIC_EnableIRQ
 .text.HAL_SYSTICK_Config
                0x08002610       0x28 CMakeFiles/LED.elf.dir/Drivers/STM32F4xx_HAL_Driver/Src/stm32f4xx_hal_cortex.c.obj
                0x08002610                HAL_SYSTICK_Config
 .text.DMA_CalcBaseAndBitshift
                0x08002638       0x38 CMakeFiles/LED.elf.dir/Drivers/STM32F4xx_HAL_Driver/Src/stm32f4xx_hal_dma.c.obj
 .text.DMA_CheckFifoParam
                0x08002670       0x8e CMakeFiles/LED.elf.dir/Drivers/STM32F4xx_HAL_Driver/Src/stm32f4xx_hal_dma.c.obj
 *fill*         0x080026fe        0x2 
 .text.HAL_DMA_Init
                0x08002700       0xcc CMakeFiles/LED.elf.dir/Drivers/STM32F4xx_HAL_Driver/Src/stm32f4xx_hal_dma.c.obj
                0x08002700                HAL_DMA_Init
 .text.HAL_DMA_Abort
                0x080027cc       0x92 CMakeFiles/LED.elf.dir/Drivers/STM32F4xx_HAL_Driver/Src/stm32f4xx_hal_dma.c.obj
                0x080027cc                HAL_DMA_Abort
 .text.HAL_DMA_Abort_IT
                0x0800285e       0x24 CMakeFiles/LED.elf.dir/Drivers/STM32F4xx_HAL_Driver/Src/stm32f4xx_hal_dma.c.obj
                0x0800285e                HAL_DMA_Abort_IT
 *fill*         0x08002882        0x2 
 .text.HAL_DMA_IRQHandler
                0x08002884      0x1dc CMakeFiles/LED.elf.dir/Drivers/STM32F4xx_HAL_Driver/Src/stm32f4xx_hal_dma.c.obj
                0x08002884                HAL_DMA_IRQHandler
 .text.HAL_GPIO_Init
                0x08002a60      0x1f4 CMakeFiles/LED.elf.dir/Drivers/STM32F4xx_HAL_Driver/Src/stm32f4xx_hal_gpio.c.obj
                0x08002a60                HAL_GPIO_Init
 .text.HAL_GPIO_WritePin
                0x08002c54        0xc CMakeFiles/LED.elf.dir/Drivers/STM32F4xx_HAL_Driver/Src/stm32f4xx_hal_gpio.c.obj
                0x08002c54                HAL_GPIO_WritePin
 .text.HAL_GPIO_TogglePin
                0x08002c60       0x12 CMakeFiles/LED.elf.dir/Drivers/STM32F4xx_HAL_Driver/Src/stm32f4xx_hal_gpio.c.obj
                0x08002c60                HAL_GPIO_TogglePin
 *fill*         0x08002c72        0x2 
 .text.HAL_RCC_OscConfig
                0x08002c74      0x3f8 CMakeFiles/LED.elf.dir/Drivers/STM32F4xx_HAL_Driver/Src/stm32f4xx_hal_rcc.c.obj
                0x08002c74                HAL_RCC_OscConfig
 .text.HAL_RCC_GetSysClockFreq
                0x0800306c       0xa8 CMakeFiles/LED.elf.dir/Drivers/STM32F4xx_HAL_Driver/Src/stm32f4xx_hal_rcc.c.obj
                0x0800306c                HAL_RCC_GetSysClockFreq
 .text.HAL_RCC_ClockConfig
                0x08003114      0x160 CMakeFiles/LED.elf.dir/Drivers/STM32F4xx_HAL_Driver/Src/stm32f4xx_hal_rcc.c.obj
                0x08003114                HAL_RCC_ClockConfig
 .text.HAL_RCC_GetHCLKFreq
                0x08003274        0xc CMakeFiles/LED.elf.dir/Drivers/STM32F4xx_HAL_Driver/Src/stm32f4xx_hal_rcc.c.obj
                0x08003274                HAL_RCC_GetHCLKFreq
 .text.HAL_RCC_GetPCLK1Freq
                0x08003280       0x20 CMakeFiles/LED.elf.dir/Drivers/STM32F4xx_HAL_Driver/Src/stm32f4xx_hal_rcc.c.obj
                0x08003280                HAL_RCC_GetPCLK1Freq
 .text.HAL_RCC_GetPCLK2Freq
                0x080032a0       0x20 CMakeFiles/LED.elf.dir/Drivers/STM32F4xx_HAL_Driver/Src/stm32f4xx_hal_rcc.c.obj
                0x080032a0                HAL_RCC_GetPCLK2Freq
 .text.UART_EndRxTransfer
                0x080032c0       0x5c CMakeFiles/LED.elf.dir/Drivers/STM32F4xx_HAL_Driver/Src/stm32f4xx_hal_uart.c.obj
 .text.UART_Transmit_IT
                0x0800331c       0x5e CMakeFiles/LED.elf.dir/Drivers/STM32F4xx_HAL_Driver/Src/stm32f4xx_hal_uart.c.obj
 *fill*         0x0800337a        0x2 
 .text.UART_SetConfig
                0x0800337c      0x110 CMakeFiles/LED.elf.dir/Drivers/STM32F4xx_HAL_Driver/Src/stm32f4xx_hal_uart.c.obj
 .text.HAL_UART_Init
                0x0800348c       0x60 CMakeFiles/LED.elf.dir/Drivers/STM32F4xx_HAL_Driver/Src/stm32f4xx_hal_uart.c.obj
                0x0800348c                HAL_UART_Init
 .text.HAL_UART_TxCpltCallback
                0x080034ec        0x2 CMakeFiles/LED.elf.dir/Drivers/STM32F4xx_HAL_Driver/Src/stm32f4xx_hal_uart.c.obj
                0x080034ec                HAL_UART_TxCpltCallback
 .text.UART_EndTransmit_IT
                0x080034ee       0x1a CMakeFiles/LED.elf.dir/Drivers/STM32F4xx_HAL_Driver/Src/stm32f4xx_hal_uart.c.obj
 .text.HAL_UART_RxCpltCallback
                0x08003508        0x2 CMakeFiles/LED.elf.dir/Drivers/STM32F4xx_HAL_Driver/Src/stm32f4xx_hal_uart.c.obj
                0x08003508                HAL_UART_RxCpltCallback
 .text.HAL_UART_ErrorCallback
                0x0800350a        0x2 CMakeFiles/LED.elf.dir/Drivers/STM32F4xx_HAL_Driver/Src/stm32f4xx_hal_uart.c.obj
                0x0800350a                HAL_UART_ErrorCallback
 .text.UART_DMAAbortOnError
                0x0800350c       0x10 CMakeFiles/LED.elf.dir/Drivers/STM32F4xx_HAL_Driver/Src/stm32f4xx_hal_uart.c.obj
 .text.HAL_UARTEx_RxEventCallback
                0x0800351c        0x2 CMakeFiles/LED.elf.dir/Drivers/STM32F4xx_HAL_Driver/Src/stm32f4xx_hal_uart.c.obj
                0x0800351c                HAL_UARTEx_RxEventCallback
 .text.UART_Receive_IT
                0x0800351e       0xe4 CMakeFiles/LED.elf.dir/Drivers/STM32F4xx_HAL_Driver/Src/stm32f4xx_hal_uart.c.obj
 *fill*         0x08003602        0x2 
 .text.HAL_UART_IRQHandler
                0x08003604      0x284 CMakeFiles/LED.elf.dir/Drivers/STM32F4xx_HAL_Driver/Src/stm32f4xx_hal_uart.c.obj
                0x08003604                HAL_UART_IRQHandler
 .text.__udivmoddi4
                0x08003888      0x2f8 D:/STM32/arm-none-eabi-gcc/bin/../lib/gcc/arm-none-eabi/14.2.1/thumb/v7e-m/nofp\libgcc.a(_udivmoddi4.o)
                0x08003888                __udivmoddi4
 .text.memset   0x08003b80       0x9c D:/STM32/arm-none-eabi-gcc/bin/../lib/gcc/arm-none-eabi/14.2.1/thumb/v7e-m/nofp\libg.a(libc_a-memset.o)
                0x08003b80                memset
 .text.__libc_init_array
                0x08003c1c       0x50 D:/STM32/arm-none-eabi-gcc/bin/../lib/gcc/arm-none-eabi/14.2.1/thumb/v7e-m/nofp\libg.a(libc_a-init.o)
                0x08003c1c                __libc_init_array
 .text.__retarget_lock_acquire_recursive
                0x08003c6c        0x4 D:/STM32/arm-none-eabi-gcc/bin/../lib/gcc/arm-none-eabi/14.2.1/thumb/v7e-m/nofp\libg.a(libc_a-lock.o)
                0x08003c6c                __retarget_lock_acquire_recursive
 .text.__retarget_lock_release_recursive
                0x08003c70        0x4 D:/STM32/arm-none-eabi-gcc/bin/../lib/gcc/arm-none-eabi/14.2.1/thumb/v7e-m/nofp\libg.a(libc_a-lock.o)
                0x08003c70                __retarget_lock_release_recursive
 .text.startup.register_fini
                0x08003c74       0x14 D:/STM32/arm-none-eabi-gcc/bin/../lib/gcc/arm-none-eabi/14.2.1/thumb/v7e-m/nofp\libg.a(libc_a-__call_atexit.o)
 .text.atexit   0x08003c88        0xc D:/STM32/arm-none-eabi-gcc/bin/../lib/gcc/arm-none-eabi/14.2.1/thumb/v7e-m/nofp\libg.a(libc_a-atexit.o)
                0x08003c88                atexit
 .text.__libc_fini_array
                0x08003c94       0x28 D:/STM32/arm-none-eabi-gcc/bin/../lib/gcc/arm-none-eabi/14.2.1/thumb/v7e-m/nofp\libg.a(libc_a-fini.o)
                0x08003c94                __libc_fini_array
 .text.__register_exitproc
                0x08003cbc       0x80 D:/STM32/arm-none-eabi-gcc/bin/../lib/gcc/arm-none-eabi/14.2.1/thumb/v7e-m/nofp\libg.a(libc_a-__atexit.o)
                0x08003cbc                __register_exitproc
 .text.atan2f   0x08003d3c        0x4 D:/STM32/arm-none-eabi-gcc/bin/../lib/gcc/arm-none-eabi/14.2.1/thumb/v7e-m/nofp\libm.a(libm_a-wf_atan2.o)
                0x08003d3c                atan2f
 .text.__ieee754_atan2f
                0x08003d40      0x110 D:/STM32/arm-none-eabi-gcc/bin/../lib/gcc/arm-none-eabi/14.2.1/thumb/v7e-m/nofp\libm.a(libm_a-ef_atan2.o)
                0x08003d40                __ieee754_atan2f
 .text.atanf    0x08003e50      0x22c D:/STM32/arm-none-eabi-gcc/bin/../lib/gcc/arm-none-eabi/14.2.1/thumb/v7e-m/nofp\libm.a(libm_a-sf_atan.o)
                0x08003e50                atanf
 .text.fabsf    0x0800407c        0x8 D:/STM32/arm-none-eabi-gcc/bin/../lib/gcc/arm-none-eabi/14.2.1/thumb/v7e-m/nofp\libm.a(libm_a-sf_fabs.o)
                0x0800407c                fabsf
 *(.glue_7)
 .glue_7        0x08004084        0x0 linker stubs
 *(.glue_7t)
 .glue_7t       0x08004084        0x0 linker stubs
 *(.eh_frame)
 .eh_frame      0x08004084        0x0 D:/STM32/arm-none-eabi-gcc/bin/../lib/gcc/arm-none-eabi/14.2.1/thumb/v7e-m/nofp/crtbegin.o
 *(.init)
 .init          0x08004084        0x4 D:/STM32/arm-none-eabi-gcc/bin/../lib/gcc/arm-none-eabi/14.2.1/thumb/v7e-m/nofp/crti.o
                0x08004084                _init
 .init          0x08004088        0x8 D:/STM32/arm-none-eabi-gcc/bin/../lib/gcc/arm-none-eabi/14.2.1/thumb/v7e-m/nofp/crtn.o
 *(.fini)
 .fini          0x08004090        0x4 D:/STM32/arm-none-eabi-gcc/bin/../lib/gcc/arm-none-eabi/14.2.1/thumb/v7e-m/nofp/crti.o
                0x08004090                _fini
 .fini          0x08004094        0x8 D:/STM32/arm-none-eabi-gcc/bin/../lib/gcc/arm-none-eabi/14.2.1/thumb/v7e-m/nofp/crtn.o
                0x0800409c                        . = ALIGN (0x4)
                0x0800409c                        _etext = .

.vfp11_veneer   0x0800409c        0x0
 .vfp11_veneer  0x0800409c        0x0 linker stubs

.v4_bx          0x0800409c        0x0
 .v4_bx         0x0800409c        0x0 linker stubs

.iplt           0x0800409c        0x0
 .iplt          0x0800409c        0x0 D:/STM32/arm-none-eabi-gcc/bin/../lib/gcc/arm-none-eabi/14.2.1/thumb/v7e-m/nofp/crtbegin.o

.rodata         0x0800409c       0x58
                0x0800409c                        . = ALIGN (0x4)
 *(.rodata)
 *(.rodata*)
 .rodata.APBPrescTable
                0x0800409c        0x8 CMakeFiles/LED.elf.dir/Core/Src/system_stm32f4xx.c.obj
                0x0800409c                APBPrescTable
 .rodata.AHBPrescTable
                0x080040a4       0x10 CMakeFiles/LED.elf.dir/Core/Src/system_stm32f4xx.c.obj
                0x080040a4                AHBPrescTable
 .rodata.flagBitshiftOffset.0
                0x080040b4        0x8 CMakeFiles/LED.elf.dir/Drivers/STM32F4xx_HAL_Driver/Src/stm32f4xx_hal_dma.c.obj
 .rodata.CSWTCH.9
                0x080040bc        0xc D:/STM32/arm-none-eabi-gcc/bin/../lib/gcc/arm-none-eabi/14.2.1/thumb/v7e-m/nofp\libm.a(libm_a-ef_atan2.o)
 .rodata.CSWTCH.8
                0x080040c8        0xc D:/STM32/arm-none-eabi-gcc/bin/../lib/gcc/arm-none-eabi/14.2.1/thumb/v7e-m/nofp\libm.a(libm_a-ef_atan2.o)
 .rodata.atanlo
                0x080040d4       0x10 D:/STM32/arm-none-eabi-gcc/bin/../lib/gcc/arm-none-eabi/14.2.1/thumb/v7e-m/nofp\libm.a(libm_a-sf_atan.o)
 .rodata.atanhi
                0x080040e4       0x10 D:/STM32/arm-none-eabi-gcc/bin/../lib/gcc/arm-none-eabi/14.2.1/thumb/v7e-m/nofp\libm.a(libm_a-sf_atan.o)
                0x080040f4                        . = ALIGN (0x4)

.ARM.extab      0x080040f4        0x0
                0x080040f4                        . = ALIGN (0x4)
 *(.ARM.extab* .gnu.linkonce.armextab.*)
                0x080040f4                        . = ALIGN (0x4)

.ARM            0x080040f4        0x8
                0x080040f4                        . = ALIGN (0x4)
                0x080040f4                        __exidx_start = .
 *(.ARM.exidx*)
 .ARM.exidx.text.__udivmoddi4
                0x080040f4        0x8 D:/STM32/arm-none-eabi-gcc/bin/../lib/gcc/arm-none-eabi/14.2.1/thumb/v7e-m/nofp\libgcc.a(_udivmoddi4.o)
                0x080040fc                        __exidx_end = .
                0x080040fc                        . = ALIGN (0x4)

.preinit_array  0x080040fc        0x0
                0x080040fc                        . = ALIGN (0x4)
                0x080040fc                        PROVIDE (__preinit_array_start = .)
 *(.preinit_array*)
                0x080040fc                        PROVIDE (__preinit_array_end = .)
                0x080040fc                        . = ALIGN (0x4)

.init_array     0x080040fc        0x8
                0x080040fc                        . = ALIGN (0x4)
                0x080040fc                        PROVIDE (__init_array_start = .)
 *(SORT_BY_NAME(.init_array.*))
 .init_array.00000
                0x080040fc        0x4 D:/STM32/arm-none-eabi-gcc/bin/../lib/gcc/arm-none-eabi/14.2.1/thumb/v7e-m/nofp\libg.a(libc_a-__call_atexit.o)
 *(.init_array*)
 .init_array    0x08004100        0x4 D:/STM32/arm-none-eabi-gcc/bin/../lib/gcc/arm-none-eabi/14.2.1/thumb/v7e-m/nofp/crtbegin.o
                0x08004104                        PROVIDE (__init_array_end = .)
                0x08004104                        . = ALIGN (0x4)

.fini_array     0x08004104        0x4
                0x08004104                        . = ALIGN (0x4)
                0x08004104                        PROVIDE (__fini_array_start = .)
 *(SORT_BY_NAME(.fini_array.*))
 *(.fini_array*)
 .fini_array    0x08004104        0x4 D:/STM32/arm-none-eabi-gcc/bin/../lib/gcc/arm-none-eabi/14.2.1/thumb/v7e-m/nofp/crtbegin.o
                0x08004108                        PROVIDE (__fini_array_end = .)
                0x08004108                        . = ALIGN (0x4)
                0x08004108                        _sidata = LOADADDR (.data)

.rel.dyn        0x08004108        0x0
 .rel.iplt      0x08004108        0x0 D:/STM32/arm-none-eabi-gcc/bin/../lib/gcc/arm-none-eabi/14.2.1/thumb/v7e-m/nofp/crtbegin.o

.data           0x20000000       0x10 load address 0x08004108
                0x20000000                        . = ALIGN (0x4)
                0x20000000                        _sdata = .
 *(.data)
 *(.data*)
 .data.SystemCoreClock
                0x20000000        0x4 CMakeFiles/LED.elf.dir/Core/Src/system_stm32f4xx.c.obj
                0x20000000                SystemCoreClock
 .data.uwTickFreq
                0x20000004        0x1 CMakeFiles/LED.elf.dir/Drivers/STM32F4xx_HAL_Driver/Src/stm32f4xx_hal.c.obj
                0x20000004                uwTickFreq
 *fill*         0x20000005        0x3 
 .data.uwTickPrio
                0x20000008        0x4 CMakeFiles/LED.elf.dir/Drivers/STM32F4xx_HAL_Driver/Src/stm32f4xx_hal.c.obj
                0x20000008                uwTickPrio
 .data.__atexit_recursive_mutex
                0x2000000c        0x4 D:/STM32/arm-none-eabi-gcc/bin/../lib/gcc/arm-none-eabi/14.2.1/thumb/v7e-m/nofp\libg.a(libc_a-__call_atexit.o)
                0x2000000c                __atexit_recursive_mutex
 *(.RamFunc)
 *(.RamFunc*)
                0x20000010                        . = ALIGN (0x4)
                0x20000010                        _edata = .
                0x08004118                        _siccmram = LOADADDR (.ccmram)

.tm_clone_table
                0x20000010        0x0 load address 0x08004118
 .tm_clone_table
                0x20000010        0x0 D:/STM32/arm-none-eabi-gcc/bin/../lib/gcc/arm-none-eabi/14.2.1/thumb/v7e-m/nofp/crtbegin.o
 .tm_clone_table
                0x20000010        0x0 D:/STM32/arm-none-eabi-gcc/bin/../lib/gcc/arm-none-eabi/14.2.1/thumb/v7e-m/nofp/crtend.o

.igot.plt       0x20000010        0x0 load address 0x08004118
 .igot.plt      0x20000010        0x0 D:/STM32/arm-none-eabi-gcc/bin/../lib/gcc/arm-none-eabi/14.2.1/thumb/v7e-m/nofp/crtbegin.o

.ccmram         0x10000000        0x0 load address 0x08004118
                0x10000000                        . = ALIGN (0x4)
                0x10000000                        _sccmram = .
 *(.ccmram)
 *(.ccmram*)
                0x10000000                        . = ALIGN (0x4)
                0x10000000                        _eccmram = .
                0x10000000                        . = ALIGN (0x4)

.bss            0x20000010      0x3b4
                0x20000010                        _sbss = .
                0x20000010                        __bss_start__ = _sbss
 *(.bss)
 *(.bss*)
 .bss.completed.1
                0x20000010        0x1 D:/STM32/arm-none-eabi-gcc/bin/../lib/gcc/arm-none-eabi/14.2.1/thumb/v7e-m/nofp/crtbegin.o
 *fill*         0x20000011        0x3 
 .bss.object.0  0x20000014       0x18 D:/STM32/arm-none-eabi-gcc/bin/../lib/gcc/arm-none-eabi/14.2.1/thumb/v7e-m/nofp/crtbegin.o
 .bss.motor_yaw_info
                0x2000002c        0xc CMakeFiles/LED.elf.dir/Core/Src/bsp_can.c.obj
                0x2000002c                motor_yaw_info
 .bss.hcan1     0x20000038       0x28 CMakeFiles/LED.elf.dir/Core/Src/can.c.obj
                0x20000038                hcan1
 .bss.now_yaw_angle
                0x20000060        0x4 CMakeFiles/LED.elf.dir/Core/Src/main.c.obj
                0x20000060                now_yaw_angle
 .bss.target_yaw_angle
                0x20000064        0x4 CMakeFiles/LED.elf.dir/Core/Src/main.c.obj
                0x20000064                target_yaw_angle
 .bss.led_cnt   0x20000068        0x2 CMakeFiles/LED.elf.dir/Core/Src/main.c.obj
                0x20000068                led_cnt
 *fill*         0x2000006a        0x2 
 .bss.gimbal_yaw_angle_pid
                0x2000006c       0x34 CMakeFiles/LED.elf.dir/Core/Src/pid.c.obj
                0x2000006c                gimbal_yaw_angle_pid
 .bss.gimbal_yaw_speed_pid
                0x200000a0       0x34 CMakeFiles/LED.elf.dir/Core/Src/pid.c.obj
                0x200000a0                gimbal_yaw_speed_pid
 .bss.hdma_usart3_rx
                0x200000d4       0x60 CMakeFiles/LED.elf.dir/Core/Src/usart.c.obj
                0x200000d4                hdma_usart3_rx
 .bss.huart3    0x20000134       0x48 CMakeFiles/LED.elf.dir/Core/Src/usart.c.obj
                0x20000134                huart3
 .bss.huart1    0x2000017c       0x48 CMakeFiles/LED.elf.dir/Core/Src/usart.c.obj
                0x2000017c                huart1
 .bss.this_time_rx_len.0
                0x200001c4        0x2 CMakeFiles/LED.elf.dir/Core/application/remote_control.c.obj
 *fill*         0x200001c6        0x2 
 .bss.sbus_rx_buf
                0x200001c8       0x48 CMakeFiles/LED.elf.dir/Core/application/remote_control.c.obj
 .bss.rc_ctrl   0x20000210       0x16 CMakeFiles/LED.elf.dir/Core/application/remote_control.c.obj
                0x20000210                rc_ctrl
 *fill*         0x20000226        0x2 
 .bss.uwTick    0x20000228        0x4 CMakeFiles/LED.elf.dir/Drivers/STM32F4xx_HAL_Driver/Src/stm32f4xx_hal.c.obj
                0x20000228                uwTick
 .bss.__lock___atexit_recursive_mutex
                0x2000022c        0x1 D:/STM32/arm-none-eabi-gcc/bin/../lib/gcc/arm-none-eabi/14.2.1/thumb/v7e-m/nofp\libg.a(libc_a-lock.o)
                0x2000022c                __lock___atexit_recursive_mutex
 *fill*         0x2000022d        0x3 
 .bss.__atexit  0x20000230        0x4 D:/STM32/arm-none-eabi-gcc/bin/../lib/gcc/arm-none-eabi/14.2.1/thumb/v7e-m/nofp\libg.a(libc_a-__call_atexit.o)
                0x20000230                __atexit
 .bss.__atexit0
                0x20000234      0x190 D:/STM32/arm-none-eabi-gcc/bin/../lib/gcc/arm-none-eabi/14.2.1/thumb/v7e-m/nofp\libg.a(libc_a-__atexit.o)
                0x20000234                __atexit0
 *(COMMON)
                0x200003c4                        . = ALIGN (0x4)
                0x200003c4                        _ebss = .
                0x200003c4                        __bss_end__ = _ebss

._user_heap_stack
                0x200003c4      0x604
                0x200003c8                        . = ALIGN (0x8)
 *fill*         0x200003c4        0x4 
                [!provide]                        PROVIDE (end = .)
                0x200003c8                        PROVIDE (_end = .)
                0x200005c8                        . = (. + _Min_Heap_Size)
 *fill*         0x200003c8      0x200 
                0x200009c8                        . = (. + _Min_Stack_Size)
 *fill*         0x200005c8      0x400 
                0x200009c8                        . = ALIGN (0x8)

/DISCARD/
 libc.a(*)
 libm.a(*)
 libgcc.a(*)

.ARM.attributes
                0x00000000       0x2a
 *(.ARM.attributes)
 .ARM.attributes
                0x00000000       0x1e D:/STM32/arm-none-eabi-gcc/bin/../lib/gcc/arm-none-eabi/14.2.1/thumb/v7e-m/nofp/crti.o
 .ARM.attributes
                0x0000001e       0x2e D:/STM32/arm-none-eabi-gcc/bin/../lib/gcc/arm-none-eabi/14.2.1/thumb/v7e-m/nofp/crtbegin.o
 .ARM.attributes
                0x0000004c       0x2e CMakeFiles/LED.elf.dir/Core/Src/bsp_can.c.obj
 .ARM.attributes
                0x0000007a       0x2e CMakeFiles/LED.elf.dir/Core/Src/can.c.obj
 .ARM.attributes
                0x000000a8       0x2e CMakeFiles/LED.elf.dir/Core/Src/dma.c.obj
 .ARM.attributes
                0x000000d6       0x2e CMakeFiles/LED.elf.dir/Core/Src/gpio.c.obj
 .ARM.attributes
                0x00000104       0x2e CMakeFiles/LED.elf.dir/Core/Src/main.c.obj
 .ARM.attributes
                0x00000132       0x2e CMakeFiles/LED.elf.dir/Core/Src/pid.c.obj
 .ARM.attributes
                0x00000160       0x2e CMakeFiles/LED.elf.dir/Core/Src/stm32f4xx_hal_msp.c.obj
 .ARM.attributes
                0x0000018e       0x2e CMakeFiles/LED.elf.dir/Core/Src/stm32f4xx_it.c.obj
 .ARM.attributes
                0x000001bc       0x2e CMakeFiles/LED.elf.dir/Core/Src/system_stm32f4xx.c.obj
 .ARM.attributes
                0x000001ea       0x2e CMakeFiles/LED.elf.dir/Core/Src/usart.c.obj
 .ARM.attributes
                0x00000218       0x21 CMakeFiles/LED.elf.dir/Core/Startup/startup_stm32f407ighx.s.obj
 .ARM.attributes
                0x00000239       0x2e CMakeFiles/LED.elf.dir/Core/application/bsp_rc.c.obj
 .ARM.attributes
                0x00000267       0x2e CMakeFiles/LED.elf.dir/Core/application/remote_control.c.obj
 .ARM.attributes
                0x00000295       0x2e CMakeFiles/LED.elf.dir/Drivers/STM32F4xx_HAL_Driver/Src/stm32f4xx_hal.c.obj
 .ARM.attributes
                0x000002c3       0x2e CMakeFiles/LED.elf.dir/Drivers/STM32F4xx_HAL_Driver/Src/stm32f4xx_hal_can.c.obj
 .ARM.attributes
                0x000002f1       0x2e CMakeFiles/LED.elf.dir/Drivers/STM32F4xx_HAL_Driver/Src/stm32f4xx_hal_cortex.c.obj
 .ARM.attributes
                0x0000031f       0x2e CMakeFiles/LED.elf.dir/Drivers/STM32F4xx_HAL_Driver/Src/stm32f4xx_hal_dma.c.obj
 .ARM.attributes
                0x0000034d       0x2e CMakeFiles/LED.elf.dir/Drivers/STM32F4xx_HAL_Driver/Src/stm32f4xx_hal_gpio.c.obj
 .ARM.attributes
                0x0000037b       0x2e CMakeFiles/LED.elf.dir/Drivers/STM32F4xx_HAL_Driver/Src/stm32f4xx_hal_rcc.c.obj
 .ARM.attributes
                0x000003a9       0x2e CMakeFiles/LED.elf.dir/Drivers/STM32F4xx_HAL_Driver/Src/stm32f4xx_hal_uart.c.obj
 .ARM.attributes
                0x000003d7       0x1e D:/STM32/arm-none-eabi-gcc/bin/../lib/gcc/arm-none-eabi/14.2.1/thumb/v7e-m/nofp\libgcc.a(_arm_addsubdf3.o)
 .ARM.attributes
                0x000003f5       0x1e D:/STM32/arm-none-eabi-gcc/bin/../lib/gcc/arm-none-eabi/14.2.1/thumb/v7e-m/nofp\libgcc.a(_arm_muldivdf3.o)
 .ARM.attributes
                0x00000413       0x1e D:/STM32/arm-none-eabi-gcc/bin/../lib/gcc/arm-none-eabi/14.2.1/thumb/v7e-m/nofp\libgcc.a(_arm_cmpdf2.o)
 .ARM.attributes
                0x00000431       0x1e D:/STM32/arm-none-eabi-gcc/bin/../lib/gcc/arm-none-eabi/14.2.1/thumb/v7e-m/nofp\libgcc.a(_arm_truncdfsf2.o)
 .ARM.attributes
                0x0000044f       0x1e D:/STM32/arm-none-eabi-gcc/bin/../lib/gcc/arm-none-eabi/14.2.1/thumb/v7e-m/nofp\libgcc.a(_arm_addsubsf3.o)
 .ARM.attributes
                0x0000046d       0x1e D:/STM32/arm-none-eabi-gcc/bin/../lib/gcc/arm-none-eabi/14.2.1/thumb/v7e-m/nofp\libgcc.a(_arm_muldivsf3.o)
 .ARM.attributes
                0x0000048b       0x1e D:/STM32/arm-none-eabi-gcc/bin/../lib/gcc/arm-none-eabi/14.2.1/thumb/v7e-m/nofp\libgcc.a(_arm_cmpsf2.o)
 .ARM.attributes
                0x000004a9       0x1e D:/STM32/arm-none-eabi-gcc/bin/../lib/gcc/arm-none-eabi/14.2.1/thumb/v7e-m/nofp\libgcc.a(_arm_fixsfsi.o)
 .ARM.attributes
                0x000004c7       0x1e D:/STM32/arm-none-eabi-gcc/bin/../lib/gcc/arm-none-eabi/14.2.1/thumb/v7e-m/nofp\libgcc.a(_aeabi_uldivmod.o)
 .ARM.attributes
                0x000004e5       0x2e D:/STM32/arm-none-eabi-gcc/bin/../lib/gcc/arm-none-eabi/14.2.1/thumb/v7e-m/nofp\libgcc.a(_udivmoddi4.o)
 .ARM.attributes
                0x00000513       0x1e D:/STM32/arm-none-eabi-gcc/bin/../lib/gcc/arm-none-eabi/14.2.1/thumb/v7e-m/nofp\libgcc.a(_dvmd_tls.o)
 .ARM.attributes
                0x00000531       0x2e D:/STM32/arm-none-eabi-gcc/bin/../lib/gcc/arm-none-eabi/14.2.1/thumb/v7e-m/nofp\libg.a(libc_a-memset.o)
 .ARM.attributes
                0x0000055f       0x2e D:/STM32/arm-none-eabi-gcc/bin/../lib/gcc/arm-none-eabi/14.2.1/thumb/v7e-m/nofp\libg.a(libc_a-init.o)
 .ARM.attributes
                0x0000058d       0x2e D:/STM32/arm-none-eabi-gcc/bin/../lib/gcc/arm-none-eabi/14.2.1/thumb/v7e-m/nofp\libg.a(libc_a-lock.o)
 .ARM.attributes
                0x000005bb       0x2e D:/STM32/arm-none-eabi-gcc/bin/../lib/gcc/arm-none-eabi/14.2.1/thumb/v7e-m/nofp\libg.a(libc_a-__call_atexit.o)
 .ARM.attributes
                0x000005e9       0x2e D:/STM32/arm-none-eabi-gcc/bin/../lib/gcc/arm-none-eabi/14.2.1/thumb/v7e-m/nofp\libg.a(libc_a-atexit.o)
 .ARM.attributes
                0x00000617       0x2e D:/STM32/arm-none-eabi-gcc/bin/../lib/gcc/arm-none-eabi/14.2.1/thumb/v7e-m/nofp\libg.a(libc_a-fini.o)
 .ARM.attributes
                0x00000645       0x2e D:/STM32/arm-none-eabi-gcc/bin/../lib/gcc/arm-none-eabi/14.2.1/thumb/v7e-m/nofp\libg.a(libc_a-__atexit.o)
 .ARM.attributes
                0x00000673       0x2e D:/STM32/arm-none-eabi-gcc/bin/../lib/gcc/arm-none-eabi/14.2.1/thumb/v7e-m/nofp/crtend.o
 .ARM.attributes
                0x000006a1       0x1e D:/STM32/arm-none-eabi-gcc/bin/../lib/gcc/arm-none-eabi/14.2.1/thumb/v7e-m/nofp/crtn.o
OUTPUT(LED.elf elf32-littlearm)
LOAD linker stubs
LOAD D:/STM32/arm-none-eabi-gcc/bin/../lib/gcc/arm-none-eabi/14.2.1/thumb/v7e-m/nofp\libc.a
LOAD D:/STM32/arm-none-eabi-gcc/bin/../lib/gcc/arm-none-eabi/14.2.1/thumb/v7e-m/nofp\libm.a
LOAD D:/STM32/arm-none-eabi-gcc/bin/../lib/gcc/arm-none-eabi/14.2.1/thumb/v7e-m/nofp\libgcc.a

.debug_info     0x00000000     0xe4fe
 .debug_info    0x00000000      0x901 CMakeFiles/LED.elf.dir/Core/Src/bsp_can.c.obj
 .debug_info    0x00000901      0xb5c CMakeFiles/LED.elf.dir/Core/Src/can.c.obj
 .debug_info    0x0000145d      0x4d9 CMakeFiles/LED.elf.dir/Core/Src/dma.c.obj
 .debug_info    0x00001936      0x45c CMakeFiles/LED.elf.dir/Core/Src/gpio.c.obj
 .debug_info    0x00001d92     0x1074 CMakeFiles/LED.elf.dir/Core/Src/main.c.obj
 .debug_info    0x00002e06      0x302 CMakeFiles/LED.elf.dir/Core/Src/pid.c.obj
 .debug_info    0x00003108      0x265 CMakeFiles/LED.elf.dir/Core/Src/stm32f4xx_hal_msp.c.obj
 .debug_info    0x0000336d      0xaa5 CMakeFiles/LED.elf.dir/Core/Src/stm32f4xx_it.c.obj
 .debug_info    0x00003e12      0x334 CMakeFiles/LED.elf.dir/Core/Src/system_stm32f4xx.c.obj
 .debug_info    0x00004146      0xdad CMakeFiles/LED.elf.dir/Core/Src/usart.c.obj
 .debug_info    0x00004ef3       0x30 CMakeFiles/LED.elf.dir/Core/Startup/startup_stm32f407ighx.s.obj
 .debug_info    0x00004f23      0x5b4 CMakeFiles/LED.elf.dir/Core/application/bsp_rc.c.obj
 .debug_info    0x000054d7      0x80f CMakeFiles/LED.elf.dir/Core/application/remote_control.c.obj
 .debug_info    0x00005ce6      0x9e2 CMakeFiles/LED.elf.dir/Drivers/STM32F4xx_HAL_Driver/Src/stm32f4xx_hal.c.obj
 .debug_info    0x000066c8     0x11f7 CMakeFiles/LED.elf.dir/Drivers/STM32F4xx_HAL_Driver/Src/stm32f4xx_hal_can.c.obj
 .debug_info    0x000078bf      0xff5 CMakeFiles/LED.elf.dir/Drivers/STM32F4xx_HAL_Driver/Src/stm32f4xx_hal_cortex.c.obj
 .debug_info    0x000088b4      0xad9 CMakeFiles/LED.elf.dir/Drivers/STM32F4xx_HAL_Driver/Src/stm32f4xx_hal_dma.c.obj
 .debug_info    0x0000938d      0x704 CMakeFiles/LED.elf.dir/Drivers/STM32F4xx_HAL_Driver/Src/stm32f4xx_hal_gpio.c.obj
 .debug_info    0x00009a91      0xa6d CMakeFiles/LED.elf.dir/Drivers/STM32F4xx_HAL_Driver/Src/stm32f4xx_hal_rcc.c.obj
 .debug_info    0x0000a4fe     0x4000 CMakeFiles/LED.elf.dir/Drivers/STM32F4xx_HAL_Driver/Src/stm32f4xx_hal_uart.c.obj

.debug_abbrev   0x00000000     0x27ef
 .debug_abbrev  0x00000000      0x1ef CMakeFiles/LED.elf.dir/Core/Src/bsp_can.c.obj
 .debug_abbrev  0x000001ef      0x23d CMakeFiles/LED.elf.dir/Core/Src/can.c.obj
 .debug_abbrev  0x0000042c      0x12b CMakeFiles/LED.elf.dir/Core/Src/dma.c.obj
 .debug_abbrev  0x00000557      0x164 CMakeFiles/LED.elf.dir/Core/Src/gpio.c.obj
 .debug_abbrev  0x000006bb      0x31d CMakeFiles/LED.elf.dir/Core/Src/main.c.obj
 .debug_abbrev  0x000009d8      0x147 CMakeFiles/LED.elf.dir/Core/Src/pid.c.obj
 .debug_abbrev  0x00000b1f       0xd6 CMakeFiles/LED.elf.dir/Core/Src/stm32f4xx_hal_msp.c.obj
 .debug_abbrev  0x00000bf5      0x1d5 CMakeFiles/LED.elf.dir/Core/Src/stm32f4xx_it.c.obj
 .debug_abbrev  0x00000dca      0x120 CMakeFiles/LED.elf.dir/Core/Src/system_stm32f4xx.c.obj
 .debug_abbrev  0x00000eea      0x24e CMakeFiles/LED.elf.dir/Core/Src/usart.c.obj
 .debug_abbrev  0x00001138       0x24 CMakeFiles/LED.elf.dir/Core/Startup/startup_stm32f407ighx.s.obj
 .debug_abbrev  0x0000115c      0x156 CMakeFiles/LED.elf.dir/Core/application/bsp_rc.c.obj
 .debug_abbrev  0x000012b2      0x239 CMakeFiles/LED.elf.dir/Core/application/remote_control.c.obj
 .debug_abbrev  0x000014eb      0x240 CMakeFiles/LED.elf.dir/Drivers/STM32F4xx_HAL_Driver/Src/stm32f4xx_hal.c.obj
 .debug_abbrev  0x0000172b      0x27b CMakeFiles/LED.elf.dir/Drivers/STM32F4xx_HAL_Driver/Src/stm32f4xx_hal_can.c.obj
 .debug_abbrev  0x000019a6      0x391 CMakeFiles/LED.elf.dir/Drivers/STM32F4xx_HAL_Driver/Src/stm32f4xx_hal_cortex.c.obj
 .debug_abbrev  0x00001d37      0x2c0 CMakeFiles/LED.elf.dir/Drivers/STM32F4xx_HAL_Driver/Src/stm32f4xx_hal_dma.c.obj
 .debug_abbrev  0x00001ff7      0x202 CMakeFiles/LED.elf.dir/Drivers/STM32F4xx_HAL_Driver/Src/stm32f4xx_hal_gpio.c.obj
 .debug_abbrev  0x000021f9      0x2c7 CMakeFiles/LED.elf.dir/Drivers/STM32F4xx_HAL_Driver/Src/stm32f4xx_hal_rcc.c.obj
 .debug_abbrev  0x000024c0      0x32f CMakeFiles/LED.elf.dir/Drivers/STM32F4xx_HAL_Driver/Src/stm32f4xx_hal_uart.c.obj

.debug_loclists
                0x00000000     0x5116
 .debug_loclists
                0x00000000       0x63 CMakeFiles/LED.elf.dir/Core/Src/bsp_can.c.obj
 .debug_loclists
                0x00000063       0x74 CMakeFiles/LED.elf.dir/Core/Src/can.c.obj
 .debug_loclists
                0x000000d7       0xa3 CMakeFiles/LED.elf.dir/Core/Src/main.c.obj
 .debug_loclists
                0x0000017a       0x71 CMakeFiles/LED.elf.dir/Core/Src/pid.c.obj
 .debug_loclists
                0x000001eb       0xe7 CMakeFiles/LED.elf.dir/Core/Src/system_stm32f4xx.c.obj
 .debug_loclists
                0x000002d2       0x97 CMakeFiles/LED.elf.dir/Core/Src/usart.c.obj
 .debug_loclists
                0x00000369       0x29 CMakeFiles/LED.elf.dir/Core/application/bsp_rc.c.obj
 .debug_loclists
                0x00000392       0x3c CMakeFiles/LED.elf.dir/Core/application/remote_control.c.obj
 .debug_loclists
                0x000003ce       0xe1 CMakeFiles/LED.elf.dir/Drivers/STM32F4xx_HAL_Driver/Src/stm32f4xx_hal.c.obj
 .debug_loclists
                0x000004af      0xa57 CMakeFiles/LED.elf.dir/Drivers/STM32F4xx_HAL_Driver/Src/stm32f4xx_hal_can.c.obj
 .debug_loclists
                0x00000f06      0x54d CMakeFiles/LED.elf.dir/Drivers/STM32F4xx_HAL_Driver/Src/stm32f4xx_hal_cortex.c.obj
 .debug_loclists
                0x00001453      0x88a CMakeFiles/LED.elf.dir/Drivers/STM32F4xx_HAL_Driver/Src/stm32f4xx_hal_dma.c.obj
 .debug_loclists
                0x00001cdd      0x386 CMakeFiles/LED.elf.dir/Drivers/STM32F4xx_HAL_Driver/Src/stm32f4xx_hal_gpio.c.obj
 .debug_loclists
                0x00002063      0x3db CMakeFiles/LED.elf.dir/Drivers/STM32F4xx_HAL_Driver/Src/stm32f4xx_hal_rcc.c.obj
 .debug_loclists
                0x0000243e     0x2cd8 CMakeFiles/LED.elf.dir/Drivers/STM32F4xx_HAL_Driver/Src/stm32f4xx_hal_uart.c.obj

.debug_aranges  0x00000000      0x918
 .debug_aranges
                0x00000000       0x30 CMakeFiles/LED.elf.dir/Core/Src/bsp_can.c.obj
 .debug_aranges
                0x00000030       0x30 CMakeFiles/LED.elf.dir/Core/Src/can.c.obj
 .debug_aranges
                0x00000060       0x20 CMakeFiles/LED.elf.dir/Core/Src/dma.c.obj
 .debug_aranges
                0x00000080       0x20 CMakeFiles/LED.elf.dir/Core/Src/gpio.c.obj
 .debug_aranges
                0x000000a0       0x38 CMakeFiles/LED.elf.dir/Core/Src/main.c.obj
 .debug_aranges
                0x000000d8       0x30 CMakeFiles/LED.elf.dir/Core/Src/pid.c.obj
 .debug_aranges
                0x00000108       0x20 CMakeFiles/LED.elf.dir/Core/Src/stm32f4xx_hal_msp.c.obj
 .debug_aranges
                0x00000128       0x78 CMakeFiles/LED.elf.dir/Core/Src/stm32f4xx_it.c.obj
 .debug_aranges
                0x000001a0       0x28 CMakeFiles/LED.elf.dir/Core/Src/system_stm32f4xx.c.obj
 .debug_aranges
                0x000001c8       0x38 CMakeFiles/LED.elf.dir/Core/Src/usart.c.obj
 .debug_aranges
                0x00000200       0x28 CMakeFiles/LED.elf.dir/Core/Startup/startup_stm32f407ighx.s.obj
 .debug_aranges
                0x00000228       0x20 CMakeFiles/LED.elf.dir/Core/application/bsp_rc.c.obj
 .debug_aranges
                0x00000248       0x38 CMakeFiles/LED.elf.dir/Core/application/remote_control.c.obj
 .debug_aranges
                0x00000280       0xf0 CMakeFiles/LED.elf.dir/Drivers/STM32F4xx_HAL_Driver/Src/stm32f4xx_hal.c.obj
 .debug_aranges
                0x00000370      0x138 CMakeFiles/LED.elf.dir/Drivers/STM32F4xx_HAL_Driver/Src/stm32f4xx_hal_can.c.obj
 .debug_aranges
                0x000004a8       0xf8 CMakeFiles/LED.elf.dir/Drivers/STM32F4xx_HAL_Driver/Src/stm32f4xx_hal_cortex.c.obj
 .debug_aranges
                0x000005a0       0x90 CMakeFiles/LED.elf.dir/Drivers/STM32F4xx_HAL_Driver/Src/stm32f4xx_hal_dma.c.obj
 .debug_aranges
                0x00000630       0x58 CMakeFiles/LED.elf.dir/Drivers/STM32F4xx_HAL_Driver/Src/stm32f4xx_hal_gpio.c.obj
 .debug_aranges
                0x00000688       0x88 CMakeFiles/LED.elf.dir/Drivers/STM32F4xx_HAL_Driver/Src/stm32f4xx_hal_rcc.c.obj
 .debug_aranges
                0x00000710      0x208 CMakeFiles/LED.elf.dir/Drivers/STM32F4xx_HAL_Driver/Src/stm32f4xx_hal_uart.c.obj

.debug_rnglists
                0x00000000      0x6d0
 .debug_rnglists
                0x00000000       0x1f CMakeFiles/LED.elf.dir/Core/Src/bsp_can.c.obj
 .debug_rnglists
                0x0000001f       0x1f CMakeFiles/LED.elf.dir/Core/Src/can.c.obj
 .debug_rnglists
                0x0000003e       0x13 CMakeFiles/LED.elf.dir/Core/Src/dma.c.obj
 .debug_rnglists
                0x00000051       0x14 CMakeFiles/LED.elf.dir/Core/Src/gpio.c.obj
 .debug_rnglists
                0x00000065       0x35 CMakeFiles/LED.elf.dir/Core/Src/main.c.obj
 .debug_rnglists
                0x0000009a       0x20 CMakeFiles/LED.elf.dir/Core/Src/pid.c.obj
 .debug_rnglists
                0x000000ba       0x13 CMakeFiles/LED.elf.dir/Core/Src/stm32f4xx_hal_msp.c.obj
 .debug_rnglists
                0x000000cd       0x55 CMakeFiles/LED.elf.dir/Core/Src/stm32f4xx_it.c.obj
 .debug_rnglists
                0x00000122       0x1a CMakeFiles/LED.elf.dir/Core/Src/system_stm32f4xx.c.obj
 .debug_rnglists
                0x0000013c       0x26 CMakeFiles/LED.elf.dir/Core/Src/usart.c.obj
 .debug_rnglists
                0x00000162       0x19 CMakeFiles/LED.elf.dir/Core/Startup/startup_stm32f407ighx.s.obj
 .debug_rnglists
                0x0000017b       0x13 CMakeFiles/LED.elf.dir/Core/application/bsp_rc.c.obj
 .debug_rnglists
                0x0000018e       0x27 CMakeFiles/LED.elf.dir/Core/application/remote_control.c.obj
 .debug_rnglists
                0x000001b5       0xaf CMakeFiles/LED.elf.dir/Drivers/STM32F4xx_HAL_Driver/Src/stm32f4xx_hal.c.obj
 .debug_rnglists
                0x00000264       0xf6 CMakeFiles/LED.elf.dir/Drivers/STM32F4xx_HAL_Driver/Src/stm32f4xx_hal_can.c.obj
 .debug_rnglists
                0x0000035a       0xb5 CMakeFiles/LED.elf.dir/Drivers/STM32F4xx_HAL_Driver/Src/stm32f4xx_hal_cortex.c.obj
 .debug_rnglists
                0x0000040f       0x6c CMakeFiles/LED.elf.dir/Drivers/STM32F4xx_HAL_Driver/Src/stm32f4xx_hal_dma.c.obj
 .debug_rnglists
                0x0000047b       0x3f CMakeFiles/LED.elf.dir/Drivers/STM32F4xx_HAL_Driver/Src/stm32f4xx_hal_gpio.c.obj
 .debug_rnglists
                0x000004ba       0x75 CMakeFiles/LED.elf.dir/Drivers/STM32F4xx_HAL_Driver/Src/stm32f4xx_hal_rcc.c.obj
 .debug_rnglists
                0x0000052f      0x1a1 CMakeFiles/LED.elf.dir/Drivers/STM32F4xx_HAL_Driver/Src/stm32f4xx_hal_uart.c.obj

.debug_line     0x00000000     0x97c8
 .debug_line    0x00000000      0x31a CMakeFiles/LED.elf.dir/Core/Src/bsp_can.c.obj
 .debug_line    0x0000031a      0x32d CMakeFiles/LED.elf.dir/Core/Src/can.c.obj
 .debug_line    0x00000647      0x19b CMakeFiles/LED.elf.dir/Core/Src/dma.c.obj
 .debug_line    0x000007e2      0x1da CMakeFiles/LED.elf.dir/Core/Src/gpio.c.obj
 .debug_line    0x000009bc      0x52d CMakeFiles/LED.elf.dir/Core/Src/main.c.obj
 .debug_line    0x00000ee9      0x176 CMakeFiles/LED.elf.dir/Core/Src/pid.c.obj
 .debug_line    0x0000105f      0x15b CMakeFiles/LED.elf.dir/Core/Src/stm32f4xx_hal_msp.c.obj
 .debug_line    0x000011ba      0x346 CMakeFiles/LED.elf.dir/Core/Src/stm32f4xx_it.c.obj
 .debug_line    0x00001500      0x221 CMakeFiles/LED.elf.dir/Core/Src/system_stm32f4xx.c.obj
 .debug_line    0x00001721      0x472 CMakeFiles/LED.elf.dir/Core/Src/usart.c.obj
 .debug_line    0x00001b93       0x7a CMakeFiles/LED.elf.dir/Core/Startup/startup_stm32f407ighx.s.obj
 .debug_line    0x00001c0d      0x220 CMakeFiles/LED.elf.dir/Core/application/bsp_rc.c.obj
 .debug_line    0x00001e2d      0x414 CMakeFiles/LED.elf.dir/Core/application/remote_control.c.obj
 .debug_line    0x00002241      0x59b CMakeFiles/LED.elf.dir/Drivers/STM32F4xx_HAL_Driver/Src/stm32f4xx_hal.c.obj
 .debug_line    0x000027dc     0x1180 CMakeFiles/LED.elf.dir/Drivers/STM32F4xx_HAL_Driver/Src/stm32f4xx_hal_can.c.obj
 .debug_line    0x0000395c      0x85e CMakeFiles/LED.elf.dir/Drivers/STM32F4xx_HAL_Driver/Src/stm32f4xx_hal_cortex.c.obj
 .debug_line    0x000041ba      0xe3c CMakeFiles/LED.elf.dir/Drivers/STM32F4xx_HAL_Driver/Src/stm32f4xx_hal_dma.c.obj
 .debug_line    0x00004ff6      0x711 CMakeFiles/LED.elf.dir/Drivers/STM32F4xx_HAL_Driver/Src/stm32f4xx_hal_gpio.c.obj
 .debug_line    0x00005707      0xbe5 CMakeFiles/LED.elf.dir/Drivers/STM32F4xx_HAL_Driver/Src/stm32f4xx_hal_rcc.c.obj
 .debug_line    0x000062ec     0x34dc CMakeFiles/LED.elf.dir/Drivers/STM32F4xx_HAL_Driver/Src/stm32f4xx_hal_uart.c.obj

.debug_str      0x00000000     0x323d
 .debug_str     0x00000000     0x323d CMakeFiles/LED.elf.dir/Core/Src/bsp_can.c.obj
                                0x709 (size before relaxing)
 .debug_str     0x0000323d      0xb6f CMakeFiles/LED.elf.dir/Core/Src/can.c.obj
 .debug_str     0x0000323d      0x7df CMakeFiles/LED.elf.dir/Core/Src/dma.c.obj
 .debug_str     0x0000323d      0x38c CMakeFiles/LED.elf.dir/Core/Src/gpio.c.obj
 .debug_str     0x0000323d      0xa32 CMakeFiles/LED.elf.dir/Core/Src/main.c.obj
 .debug_str     0x0000323d      0x275 CMakeFiles/LED.elf.dir/Core/Src/pid.c.obj
 .debug_str     0x0000323d      0x2cd CMakeFiles/LED.elf.dir/Core/Src/stm32f4xx_hal_msp.c.obj
 .debug_str     0x0000323d      0x9ea CMakeFiles/LED.elf.dir/Core/Src/stm32f4xx_it.c.obj
 .debug_str     0x0000323d      0x333 CMakeFiles/LED.elf.dir/Core/Src/system_stm32f4xx.c.obj
 .debug_str     0x0000323d      0xdc2 CMakeFiles/LED.elf.dir/Core/Src/usart.c.obj
 .debug_str     0x0000323d       0x83 CMakeFiles/LED.elf.dir/Core/Startup/startup_stm32f407ighx.s.obj
 .debug_str     0x0000323d      0x65c CMakeFiles/LED.elf.dir/Core/application/bsp_rc.c.obj
 .debug_str     0x0000323d      0x705 CMakeFiles/LED.elf.dir/Core/application/remote_control.c.obj
 .debug_str     0x0000323d      0xb76 CMakeFiles/LED.elf.dir/Drivers/STM32F4xx_HAL_Driver/Src/stm32f4xx_hal.c.obj
 .debug_str     0x0000323d      0xa47 CMakeFiles/LED.elf.dir/Drivers/STM32F4xx_HAL_Driver/Src/stm32f4xx_hal_can.c.obj
 .debug_str     0x0000323d      0xc87 CMakeFiles/LED.elf.dir/Drivers/STM32F4xx_HAL_Driver/Src/stm32f4xx_hal_cortex.c.obj
 .debug_str     0x0000323d      0x788 CMakeFiles/LED.elf.dir/Drivers/STM32F4xx_HAL_Driver/Src/stm32f4xx_hal_dma.c.obj
 .debug_str     0x0000323d      0x4f2 CMakeFiles/LED.elf.dir/Drivers/STM32F4xx_HAL_Driver/Src/stm32f4xx_hal_gpio.c.obj
 .debug_str     0x0000323d      0x718 CMakeFiles/LED.elf.dir/Drivers/STM32F4xx_HAL_Driver/Src/stm32f4xx_hal_rcc.c.obj
 .debug_str     0x0000323d      0xdad CMakeFiles/LED.elf.dir/Drivers/STM32F4xx_HAL_Driver/Src/stm32f4xx_hal_uart.c.obj

.comment        0x00000000       0x45
 .comment       0x00000000       0x45 CMakeFiles/LED.elf.dir/Core/Src/bsp_can.c.obj
                                 0x46 (size before relaxing)
 .comment       0x00000045       0x46 CMakeFiles/LED.elf.dir/Core/Src/can.c.obj
 .comment       0x00000045       0x46 CMakeFiles/LED.elf.dir/Core/Src/dma.c.obj
 .comment       0x00000045       0x46 CMakeFiles/LED.elf.dir/Core/Src/gpio.c.obj
 .comment       0x00000045       0x46 CMakeFiles/LED.elf.dir/Core/Src/main.c.obj
 .comment       0x00000045       0x46 CMakeFiles/LED.elf.dir/Core/Src/pid.c.obj
 .comment       0x00000045       0x46 CMakeFiles/LED.elf.dir/Core/Src/stm32f4xx_hal_msp.c.obj
 .comment       0x00000045       0x46 CMakeFiles/LED.elf.dir/Core/Src/stm32f4xx_it.c.obj
 .comment       0x00000045       0x46 CMakeFiles/LED.elf.dir/Core/Src/system_stm32f4xx.c.obj
 .comment       0x00000045       0x46 CMakeFiles/LED.elf.dir/Core/Src/usart.c.obj
 .comment       0x00000045       0x46 CMakeFiles/LED.elf.dir/Core/application/bsp_rc.c.obj
 .comment       0x00000045       0x46 CMakeFiles/LED.elf.dir/Core/application/remote_control.c.obj
 .comment       0x00000045       0x46 CMakeFiles/LED.elf.dir/Drivers/STM32F4xx_HAL_Driver/Src/stm32f4xx_hal.c.obj
 .comment       0x00000045       0x46 CMakeFiles/LED.elf.dir/Drivers/STM32F4xx_HAL_Driver/Src/stm32f4xx_hal_can.c.obj
 .comment       0x00000045       0x46 CMakeFiles/LED.elf.dir/Drivers/STM32F4xx_HAL_Driver/Src/stm32f4xx_hal_cortex.c.obj
 .comment       0x00000045       0x46 CMakeFiles/LED.elf.dir/Drivers/STM32F4xx_HAL_Driver/Src/stm32f4xx_hal_dma.c.obj
 .comment       0x00000045       0x46 CMakeFiles/LED.elf.dir/Drivers/STM32F4xx_HAL_Driver/Src/stm32f4xx_hal_gpio.c.obj
 .comment       0x00000045       0x46 CMakeFiles/LED.elf.dir/Drivers/STM32F4xx_HAL_Driver/Src/stm32f4xx_hal_rcc.c.obj
 .comment       0x00000045       0x46 CMakeFiles/LED.elf.dir/Drivers/STM32F4xx_HAL_Driver/Src/stm32f4xx_hal_uart.c.obj

.debug_frame    0x00000000     0x1a94
 .debug_frame   0x00000000       0x6c CMakeFiles/LED.elf.dir/Core/Src/bsp_can.c.obj
 .debug_frame   0x0000006c       0x60 CMakeFiles/LED.elf.dir/Core/Src/can.c.obj
 .debug_frame   0x000000cc       0x2c CMakeFiles/LED.elf.dir/Core/Src/dma.c.obj
 .debug_frame   0x000000f8       0x34 CMakeFiles/LED.elf.dir/Core/Src/gpio.c.obj
 .debug_frame   0x0000012c       0x80 CMakeFiles/LED.elf.dir/Core/Src/main.c.obj
 .debug_frame   0x000001ac       0x64 CMakeFiles/LED.elf.dir/Core/Src/pid.c.obj
 .debug_frame   0x00000210       0x28 CMakeFiles/LED.elf.dir/Core/Src/stm32f4xx_hal_msp.c.obj
 .debug_frame   0x00000238       0xf0 CMakeFiles/LED.elf.dir/Core/Src/stm32f4xx_it.c.obj
 .debug_frame   0x00000328       0x30 CMakeFiles/LED.elf.dir/Core/Src/system_stm32f4xx.c.obj
 .debug_frame   0x00000358       0x80 CMakeFiles/LED.elf.dir/Core/Src/usart.c.obj
 .debug_frame   0x000003d8       0x2c CMakeFiles/LED.elf.dir/Core/application/bsp_rc.c.obj
 .debug_frame   0x00000404       0x78 CMakeFiles/LED.elf.dir/Core/application/remote_control.c.obj
 .debug_frame   0x0000047c      0x1ec CMakeFiles/LED.elf.dir/Drivers/STM32F4xx_HAL_Driver/Src/stm32f4xx_hal.c.obj
 .debug_frame   0x00000668      0x2d4 CMakeFiles/LED.elf.dir/Drivers/STM32F4xx_HAL_Driver/Src/stm32f4xx_hal_can.c.obj
 .debug_frame   0x0000093c      0x214 CMakeFiles/LED.elf.dir/Drivers/STM32F4xx_HAL_Driver/Src/stm32f4xx_hal_cortex.c.obj
 .debug_frame   0x00000b50      0x188 CMakeFiles/LED.elf.dir/Drivers/STM32F4xx_HAL_Driver/Src/stm32f4xx_hal_dma.c.obj
 .debug_frame   0x00000cd8       0xd4 CMakeFiles/LED.elf.dir/Drivers/STM32F4xx_HAL_Driver/Src/stm32f4xx_hal_gpio.c.obj
 .debug_frame   0x00000dac      0x16c CMakeFiles/LED.elf.dir/Drivers/STM32F4xx_HAL_Driver/Src/stm32f4xx_hal_rcc.c.obj
 .debug_frame   0x00000f18      0x5dc CMakeFiles/LED.elf.dir/Drivers/STM32F4xx_HAL_Driver/Src/stm32f4xx_hal_uart.c.obj
 .debug_frame   0x000014f4       0xac D:/STM32/arm-none-eabi-gcc/bin/../lib/gcc/arm-none-eabi/14.2.1/thumb/v7e-m/nofp\libgcc.a(_arm_addsubdf3.o)
 .debug_frame   0x000015a0       0x50 D:/STM32/arm-none-eabi-gcc/bin/../lib/gcc/arm-none-eabi/14.2.1/thumb/v7e-m/nofp\libgcc.a(_arm_muldivdf3.o)
 .debug_frame   0x000015f0       0xc4 D:/STM32/arm-none-eabi-gcc/bin/../lib/gcc/arm-none-eabi/14.2.1/thumb/v7e-m/nofp\libgcc.a(_arm_cmpdf2.o)
 .debug_frame   0x000016b4       0x24 D:/STM32/arm-none-eabi-gcc/bin/../lib/gcc/arm-none-eabi/14.2.1/thumb/v7e-m/nofp\libgcc.a(_arm_truncdfsf2.o)
 .debug_frame   0x000016d8       0x4c D:/STM32/arm-none-eabi-gcc/bin/../lib/gcc/arm-none-eabi/14.2.1/thumb/v7e-m/nofp\libgcc.a(_arm_addsubsf3.o)
 .debug_frame   0x00001724       0x38 D:/STM32/arm-none-eabi-gcc/bin/../lib/gcc/arm-none-eabi/14.2.1/thumb/v7e-m/nofp\libgcc.a(_arm_muldivsf3.o)
 .debug_frame   0x0000175c       0xc8 D:/STM32/arm-none-eabi-gcc/bin/../lib/gcc/arm-none-eabi/14.2.1/thumb/v7e-m/nofp\libgcc.a(_arm_cmpsf2.o)
 .debug_frame   0x00001824       0x24 D:/STM32/arm-none-eabi-gcc/bin/../lib/gcc/arm-none-eabi/14.2.1/thumb/v7e-m/nofp\libgcc.a(_arm_fixsfsi.o)
 .debug_frame   0x00001848       0x2c D:/STM32/arm-none-eabi-gcc/bin/../lib/gcc/arm-none-eabi/14.2.1/thumb/v7e-m/nofp\libgcc.a(_aeabi_uldivmod.o)
 .debug_frame   0x00001874       0x34 D:/STM32/arm-none-eabi-gcc/bin/../lib/gcc/arm-none-eabi/14.2.1/thumb/v7e-m/nofp\libgcc.a(_udivmoddi4.o)
 .debug_frame   0x000018a8       0x2c D:/STM32/arm-none-eabi-gcc/bin/../lib/gcc/arm-none-eabi/14.2.1/thumb/v7e-m/nofp\libg.a(libc_a-memset.o)
 .debug_frame   0x000018d4       0x2c D:/STM32/arm-none-eabi-gcc/bin/../lib/gcc/arm-none-eabi/14.2.1/thumb/v7e-m/nofp\libg.a(libc_a-init.o)
 .debug_frame   0x00001900       0xb0 D:/STM32/arm-none-eabi-gcc/bin/../lib/gcc/arm-none-eabi/14.2.1/thumb/v7e-m/nofp\libg.a(libc_a-lock.o)
 .debug_frame   0x000019b0       0x5c D:/STM32/arm-none-eabi-gcc/bin/../lib/gcc/arm-none-eabi/14.2.1/thumb/v7e-m/nofp\libg.a(libc_a-__call_atexit.o)
 .debug_frame   0x00001a0c       0x20 D:/STM32/arm-none-eabi-gcc/bin/../lib/gcc/arm-none-eabi/14.2.1/thumb/v7e-m/nofp\libg.a(libc_a-atexit.o)
 .debug_frame   0x00001a2c       0x34 D:/STM32/arm-none-eabi-gcc/bin/../lib/gcc/arm-none-eabi/14.2.1/thumb/v7e-m/nofp\libg.a(libc_a-fini.o)
 .debug_frame   0x00001a60       0x34 D:/STM32/arm-none-eabi-gcc/bin/../lib/gcc/arm-none-eabi/14.2.1/thumb/v7e-m/nofp\libg.a(libc_a-__atexit.o)

.debug_line_str
                0x00000000      0x153
 .debug_line_str
                0x00000000      0x153 CMakeFiles/LED.elf.dir/Core/Startup/startup_stm32f407ighx.s.obj
                                 0x67 (size before relaxing)
 .debug_line_str
                0x00000153       0xcb D:/STM32/arm-none-eabi-gcc/bin/../lib/gcc/arm-none-eabi/14.2.1/thumb/v7e-m/nofp\libgcc.a(_arm_addsubdf3.o)
 .debug_line_str
                0x00000153       0xcb D:/STM32/arm-none-eabi-gcc/bin/../lib/gcc/arm-none-eabi/14.2.1/thumb/v7e-m/nofp\libgcc.a(_arm_muldivdf3.o)
 .debug_line_str
                0x00000153       0xcb D:/STM32/arm-none-eabi-gcc/bin/../lib/gcc/arm-none-eabi/14.2.1/thumb/v7e-m/nofp\libgcc.a(_arm_cmpdf2.o)
 .debug_line_str
                0x00000153       0xcb D:/STM32/arm-none-eabi-gcc/bin/../lib/gcc/arm-none-eabi/14.2.1/thumb/v7e-m/nofp\libgcc.a(_arm_truncdfsf2.o)
 .debug_line_str
                0x00000153       0xcb D:/STM32/arm-none-eabi-gcc/bin/../lib/gcc/arm-none-eabi/14.2.1/thumb/v7e-m/nofp\libgcc.a(_arm_addsubsf3.o)
 .debug_line_str
                0x00000153       0xcb D:/STM32/arm-none-eabi-gcc/bin/../lib/gcc/arm-none-eabi/14.2.1/thumb/v7e-m/nofp\libgcc.a(_arm_muldivsf3.o)
 .debug_line_str
                0x00000153       0xcb D:/STM32/arm-none-eabi-gcc/bin/../lib/gcc/arm-none-eabi/14.2.1/thumb/v7e-m/nofp\libgcc.a(_arm_cmpsf2.o)
 .debug_line_str
                0x00000153       0xcb D:/STM32/arm-none-eabi-gcc/bin/../lib/gcc/arm-none-eabi/14.2.1/thumb/v7e-m/nofp\libgcc.a(_arm_fixsfsi.o)
 .debug_line_str
                0x00000153       0xc6 D:/STM32/arm-none-eabi-gcc/bin/../lib/gcc/arm-none-eabi/14.2.1/thumb/v7e-m/nofp\libgcc.a(_aeabi_uldivmod.o)
 .debug_line_str
                0x00000153       0xca D:/STM32/arm-none-eabi-gcc/bin/../lib/gcc/arm-none-eabi/14.2.1/thumb/v7e-m/nofp\libgcc.a(_dvmd_tls.o)
