Archive member included to satisfy reference by file (symbol)

D:/STM32/arm-none-eabi-gcc/bin/../lib/gcc/arm-none-eabi/14.2.1/thumb/v7e-m/nofp\libgcc.a(_arm_muldf3.o)
                              CMakeFiles/LED.elf.dir/Core/Src/main.c.obj (__aeabi_dmul)
D:/STM32/arm-none-eabi-gcc/bin/../lib/gcc/arm-none-eabi/14.2.1/thumb/v7e-m/nofp\libgcc.a(_arm_mulsf3.o)
                              CMakeFiles/LED.elf.dir/Core/Src/pid.c.obj (__aeabi_fmul)
D:/STM32/arm-none-eabi-gcc/bin/../lib/gcc/arm-none-eabi/14.2.1/thumb/v7e-m/nofp\libgcc.a(_arm_addsubdf3.o)
                              CMakeFiles/LED.elf.dir/Core/Src/main.c.obj (__aeabi_dsub)
D:/STM32/arm-none-eabi-gcc/bin/../lib/gcc/arm-none-eabi/14.2.1/thumb/v7e-m/nofp\libgcc.a(_arm_muldivdf3.o)
                              CMakeFiles/LED.elf.dir/Core/Src/main.c.obj (__aeabi_ddiv)
D:/STM32/arm-none-eabi-gcc/bin/../lib/gcc/arm-none-eabi/14.2.1/thumb/v7e-m/nofp\libgcc.a(_arm_truncdfsf2.o)
                              CMakeFiles/LED.elf.dir/Core/Src/main.c.obj (__aeabi_d2f)
D:/STM32/arm-none-eabi-gcc/bin/../lib/gcc/arm-none-eabi/14.2.1/thumb/v7e-m/nofp\libgcc.a(_arm_addsubsf3.o)
                              CMakeFiles/LED.elf.dir/Core/Src/pid.c.obj (__aeabi_fsub)
D:/STM32/arm-none-eabi-gcc/bin/../lib/gcc/arm-none-eabi/14.2.1/thumb/v7e-m/nofp\libgcc.a(_arm_cmpsf2.o)
                              CMakeFiles/LED.elf.dir/Core/Src/pid.c.obj (__aeabi_fcmplt)
D:/STM32/arm-none-eabi-gcc/bin/../lib/gcc/arm-none-eabi/14.2.1/thumb/v7e-m/nofp\libgcc.a(_arm_fixsfsi.o)
                              CMakeFiles/LED.elf.dir/Core/Src/main.c.obj (__aeabi_f2iz)
D:/STM32/arm-none-eabi-gcc/bin/../lib/gcc/arm-none-eabi/14.2.1/thumb/v7e-m/nofp\libgcc.a(_aeabi_uldivmod.o)
                              CMakeFiles/LED.elf.dir/Drivers/STM32F4xx_HAL_Driver/Src/stm32f4xx_hal_rcc.c.obj (__aeabi_uldivmod)
D:/STM32/arm-none-eabi-gcc/bin/../lib/gcc/arm-none-eabi/14.2.1/thumb/v7e-m/nofp\libgcc.a(_udivmoddi4.o)
                              D:/STM32/arm-none-eabi-gcc/bin/../lib/gcc/arm-none-eabi/14.2.1/thumb/v7e-m/nofp\libgcc.a(_aeabi_uldivmod.o) (__udivmoddi4)
D:/STM32/arm-none-eabi-gcc/bin/../lib/gcc/arm-none-eabi/14.2.1/thumb/v7e-m/nofp\libgcc.a(_dvmd_tls.o)
                              D:/STM32/arm-none-eabi-gcc/bin/../lib/gcc/arm-none-eabi/14.2.1/thumb/v7e-m/nofp\libgcc.a(_aeabi_uldivmod.o) (__aeabi_ldiv0)
D:/STM32/arm-none-eabi-gcc/bin/../lib/gcc/arm-none-eabi/14.2.1/thumb/v7e-m/nofp\libg.a(libc_a-exit.o)
                              D:/STM32/arm-none-eabi-gcc/bin/../lib/gcc/arm-none-eabi/14.2.1/thumb/v7e-m/nofp/crt0.o (exit)
D:/STM32/arm-none-eabi-gcc/bin/../lib/gcc/arm-none-eabi/14.2.1/thumb/v7e-m/nofp\libg.a(libc_a-findfp.o)
                              D:/STM32/arm-none-eabi-gcc/bin/../lib/gcc/arm-none-eabi/14.2.1/thumb/v7e-m/nofp\libg.a(libc_a-exit.o) (__stdio_exit_handler)
D:/STM32/arm-none-eabi-gcc/bin/../lib/gcc/arm-none-eabi/14.2.1/thumb/v7e-m/nofp\libg.a(libc_a-fwalk.o)
                              D:/STM32/arm-none-eabi-gcc/bin/../lib/gcc/arm-none-eabi/14.2.1/thumb/v7e-m/nofp\libg.a(libc_a-findfp.o) (_fwalk_sglue)
D:/STM32/arm-none-eabi-gcc/bin/../lib/gcc/arm-none-eabi/14.2.1/thumb/v7e-m/nofp\libg.a(libc_a-stdio.o)
                              D:/STM32/arm-none-eabi-gcc/bin/../lib/gcc/arm-none-eabi/14.2.1/thumb/v7e-m/nofp\libg.a(libc_a-findfp.o) (__sread)
D:/STM32/arm-none-eabi-gcc/bin/../lib/gcc/arm-none-eabi/14.2.1/thumb/v7e-m/nofp\libg.a(libc_a-memset.o)
                              D:/STM32/arm-none-eabi-gcc/bin/../lib/gcc/arm-none-eabi/14.2.1/thumb/v7e-m/nofp/crt0.o (memset)
D:/STM32/arm-none-eabi-gcc/bin/../lib/gcc/arm-none-eabi/14.2.1/thumb/v7e-m/nofp\libg.a(libc_a-closer.o)
                              D:/STM32/arm-none-eabi-gcc/bin/../lib/gcc/arm-none-eabi/14.2.1/thumb/v7e-m/nofp\libg.a(libc_a-stdio.o) (_close_r)
D:/STM32/arm-none-eabi-gcc/bin/../lib/gcc/arm-none-eabi/14.2.1/thumb/v7e-m/nofp\libg.a(libc_a-reent.o)
                              D:/STM32/arm-none-eabi-gcc/bin/../lib/gcc/arm-none-eabi/14.2.1/thumb/v7e-m/nofp\libg.a(libc_a-closer.o) (errno)
D:/STM32/arm-none-eabi-gcc/bin/../lib/gcc/arm-none-eabi/14.2.1/thumb/v7e-m/nofp\libg.a(libc_a-impure.o)
                              D:/STM32/arm-none-eabi-gcc/bin/../lib/gcc/arm-none-eabi/14.2.1/thumb/v7e-m/nofp\libg.a(libc_a-reent.o) (_impure_ptr)
D:/STM32/arm-none-eabi-gcc/bin/../lib/gcc/arm-none-eabi/14.2.1/thumb/v7e-m/nofp\libg.a(libc_a-lseekr.o)
                              D:/STM32/arm-none-eabi-gcc/bin/../lib/gcc/arm-none-eabi/14.2.1/thumb/v7e-m/nofp\libg.a(libc_a-stdio.o) (_lseek_r)
D:/STM32/arm-none-eabi-gcc/bin/../lib/gcc/arm-none-eabi/14.2.1/thumb/v7e-m/nofp\libg.a(libc_a-readr.o)
                              D:/STM32/arm-none-eabi-gcc/bin/../lib/gcc/arm-none-eabi/14.2.1/thumb/v7e-m/nofp\libg.a(libc_a-stdio.o) (_read_r)
D:/STM32/arm-none-eabi-gcc/bin/../lib/gcc/arm-none-eabi/14.2.1/thumb/v7e-m/nofp\libg.a(libc_a-writer.o)
[...]
Memory Configuration

Name             Origin             Length             Attributes
CCMRAM           0x10000000         0x00010000         xrw
RAM              0x20000000         0x00020000         xrw
FLASH            0x08000000         0x00100000         xr
*default*        0x00000000         0xffffffff

Linker script and memory map

LOAD D:/STM32/arm-none-eabi-gcc/bin/../lib/gcc/arm-none-eabi/14.2.1/thumb/v7e-m/nofp/crti.o
LOAD D:/STM32/arm-none-eabi-gcc/bin/../lib/gcc/arm-none-eabi/14.2.1/thumb/v7e-m/nofp/crtbegin.o
LOAD D:/STM32/arm-none-eabi-gcc/bin/../lib/gcc/arm-none-eabi/14.2.1/thumb/v7e-m/nofp/crt0.o
LOAD CMakeFiles/LED.elf.dir/Core/Src/bsp_can.c.obj
LOAD CMakeFiles/LED.elf.dir/Core/Src/can.c.obj
LOAD CMakeFiles/LED.elf.dir/Core/Src/gpio.c.obj
LOAD CMakeFiles/LED.elf.dir/Core/Src/main.c.obj
LOAD CMakeFiles/LED.elf.dir/Core/Src/pid.c.obj
LOAD CMakeFiles/LED.elf.dir/Core/Src/stm32f4xx_hal_msp.c.obj
LOAD CMakeFiles/LED.elf.dir/Core/Src/stm32f4xx_it.c.obj
LOAD CMakeFiles/LED.elf.dir/Core/Src/syscalls.c.obj
LOAD CMakeFiles/LED.elf.dir/Core/Src/sysmem.c.obj
LOAD CMakeFiles/LED.elf.dir/Core/Src/system_stm32f4xx.c.obj
LOAD CMakeFiles/LED.elf.dir/Core/Startup/startup_stm32f407ighx.s.obj
LOAD CMakeFiles/LED.elf.dir/Drivers/STM32F4xx_HAL_Driver/Src/stm32f4xx_hal.c.obj
LOAD CMakeFiles/LED.elf.dir/Drivers/STM32F4xx_HAL_Driver/Src/stm32f4xx_hal_can.c.obj
LOAD CMakeFiles/LED.elf.dir/Drivers/STM32F4xx_HAL_Driver/Src/stm32f4xx_hal_cortex.c.obj
LOAD CMakeFiles/LED.elf.dir/Drivers/STM32F4xx_HAL_Driver/Src/stm32f4xx_hal_dma.c.obj
LOAD CMakeFiles/LED.elf.dir/Drivers/STM32F4xx_HAL_Driver/Src/stm32f4xx_hal_dma_ex.c.obj
LOAD CMakeFiles/LED.elf.dir/Drivers/STM32F4xx_HAL_Driver/Src/stm32f4xx_hal_exti.c.obj
LOAD CMakeFiles/LED.elf.dir/Drivers/STM32F4xx_HAL_Driver/Src/stm32f4xx_hal_flash.c.obj
LOAD CMakeFiles/LED.elf.dir/Drivers/STM32F4xx_HAL_Driver/Src/stm32f4xx_hal_flash_ex.c.obj
LOAD CMakeFiles/LED.elf.dir/Drivers/STM32F4xx_HAL_Driver/Src/stm32f4xx_hal_flash_ramfunc.c.obj
LOAD CMakeFiles/LED.elf.dir/Drivers/STM32F4xx_HAL_Driver/Src/stm32f4xx_hal_gpio.c.obj
LOAD CMakeFiles/LED.elf.dir/Drivers/STM32F4xx_HAL_Driver/Src/stm32f4xx_hal_pwr.c.obj
LOAD CMakeFiles/LED.elf.dir/Drivers/STM32F4xx_HAL_Driver/Src/stm32f4xx_hal_pwr_ex.c.obj
LOAD CMakeFiles/LED.elf.dir/Drivers/STM32F4xx_HAL_Driver/Src/stm32f4xx_hal_rcc.c.obj
LOAD CMakeFiles/LED.elf.dir/Drivers/STM32F4xx_HAL_Driver/Src/stm32f4xx_hal_rcc_ex.c.obj
LOAD CMakeFiles/LED.elf.dir/Drivers/STM32F4xx_HAL_Driver/Src/stm32f4xx_hal_tim.c.obj
LOAD CMakeFiles/LED.elf.dir/Drivers/STM32F4xx_HAL_Driver/Src/stm32f4xx_hal_tim_ex.c.obj
START GROUP
LOAD D:/STM32/arm-none-eabi-gcc/bin/../lib/gcc/arm-none-eabi/14.2.1/thumb/v7e-m/nofp\libgcc.a
LOAD D:/STM32/arm-none-eabi-gcc/bin/../lib/gcc/arm-none-eabi/14.2.1/thumb/v7e-m/nofp\libg.a
LOAD D:/STM32/arm-none-eabi-gcc/bin/../lib/gcc/arm-none-eabi/14.2.1/thumb/v7e-m/nofp\libc.a
END GROUP
LOAD D:/STM32/arm-none-eabi-gcc/bin/../lib/gcc/arm-none-eabi/14.2.1/thumb/v7e-m/nofp/crtend.o
LOAD D:/STM32/arm-none-eabi-gcc/bin/../lib/gcc/arm-none-eabi/14.2.1/thumb/v7e-m/nofp/crtn.o
                0x20020000                        _estack = (ORIGIN (RAM) + LENGTH (RAM))
                0x00000200                        _Min_Heap_Size = 0x200
                0x00000400                        _Min_Stack_Size = 0x400

.isr_vector     0x08000000      0x188
                0x08000000                        . = ALIGN (0x4)
 *(.isr_vector)
 .isr_vector    0x08000000      0x188 CMakeFiles/LED.elf.dir/Core/Startup/startup_stm32f407ighx.s.obj
                0x08000000                g_pfnVectors
                0x08000188                        . = ALIGN (0x4)

.text           0x08000188     0x2a20
                0x08000188                        . = ALIGN (0x4)
 *(.text)
 .text          0x08000188      0x168 D:/STM32/arm-none-eabi-gcc/bin/../lib/gcc/arm-none-eabi/14.2.1/thumb/v7e-m/nofp\libgcc.a(_arm_mulsf3.o)
                0x08000188                __aeabi_fmul
                0x08000188                __mulsf3
 .text          0x080002f0      0x378 D:/STM32/arm-none-eabi-gcc/bin/../lib/gcc/arm-none-eabi/14.2.1/thumb/v7e-m/nofp\libgcc.a(_arm_addsubdf3.o)
                0x080002f0                __aeabi_drsub
                0x080002f8                __aeabi_dsub
                0x080002f8                __subdf3
                0x080002fc                __aeabi_dadd
                0x080002fc                __adddf3
                0x08000574                __floatunsidf
                0x08000574                __aeabi_ui2d
                0x08000594                __floatsidf
                0x08000594                __aeabi_i2d
                0x080005b8                __aeabi_f2d
                0x080005b8                __extendsfdf2
                0x080005fc                __floatundidf
                0x080005fc                __aeabi_ul2d
                0x0800060c                __floatdidf
                0x0800060c                __aeabi_l2d
 .text          0x08000668      0x424 D:/STM32/arm-none-eabi-gcc/bin/../lib/gcc/arm-none-eabi/14.2.1/thumb/v7e-m/nofp\libgcc.a(_arm_muldivdf3.o)
                0x08000668                __aeabi_dmul
                0x08000668                __muldf3
                0x080008bc                __divdf3
                0x080008bc                __aeabi_ddiv
 .text          0x08000a8c       0xa0 D:/STM32/arm-none-eabi-gcc/bin/../lib/gcc/arm-none-eabi/14.2.1/thumb/v7e-m/nofp\libgcc.a(_arm_truncdfsf2.o)
                0x08000a8c                __truncdfsf2
                0x08000a8c                __aeabi_d2f
 .text          0x08000b2c      0x21c D:/STM32/arm-none-eabi-gcc/bin/../lib/gcc/arm-none-eabi/14.2.1/thumb/v7e-m/nofp\libgcc.a(_arm_addsubsf3.o)
                0x08000b2c                __aeabi_frsub
                0x08000b34                __subsf3
                0x08000b34                __aeabi_fsub
                0x08000b38                __aeabi_fadd
                0x08000b38                __addsf3
                0x08000c98                __aeabi_ui2f
                0x08000c98                __floatunsisf
                0x08000ca0                __aeabi_i2f
                0x08000ca0                __floatsisf
                0x08000cbc                __aeabi_ul2f
                0x08000cbc                __floatundisf
                0x08000ccc                __aeabi_l2f
                0x08000ccc                __floatdisf
 .text          0x08000d48       0xec D:/STM32/arm-none-eabi-gcc/bin/../lib/gcc/arm-none-eabi/14.2.1/thumb/v7e-m/nofp\libgcc.a(_arm_cmpsf2.o)
                0x08000d48                __gesf2
                0x08000d48                __gtsf2
                0x08000d50                __lesf2
                0x08000d50                __ltsf2
                0x08000d58                __nesf2
                0x08000d58                __eqsf2
                0x08000d58                __cmpsf2
                0x08000db8                __aeabi_cfrcmple
                0x08000dc0                __aeabi_cfcmpeq
                0x08000dc0                __aeabi_cfcmple
                0x08000dd0                __aeabi_fcmpeq
                0x08000de4                __aeabi_fcmplt
                0x08000df8                __aeabi_fcmple
                0x08000e0c                __aeabi_fcmpge
                0x08000e20                __aeabi_fcmpgt
 .text          0x08000e34       0x4c D:/STM32/arm-none-eabi-gcc/bin/../lib/gcc/arm-none-eabi/14.2.1/thumb/v7e-m/nofp\libgcc.a(_arm_fixsfsi.o)
                0x08000e34                __aeabi_f2iz
                0x08000e34                __fixsfsi
 .text          0x08000e80       0x30 D:/STM32/arm-none-eabi-gcc/bin/../lib/gcc/arm-none-eabi/14.2.1/thumb/v7e-m/nofp\libgcc.a(_aeabi_uldivmod.o)
                0x08000e80                __aeabi_uldivmod
 .text          0x08000eb0        0x4 D:/STM32/arm-none-eabi-gcc/bin/../lib/gcc/arm-none-eabi/14.2.1/thumb/v7e-m/nofp\libgcc.a(_dvmd_tls.o)
                0x08000eb0                __aeabi_idiv0
                0x08000eb0                __aeabi_ldiv0
 *(.text*)
 .text.deregister_tm_clones
                0x08000eb4       0x1c D:/STM32/arm-none-eabi-gcc/bin/../lib/gcc/arm-none-eabi/14.2.1/thumb/v7e-m/nofp/crtbegin.o
 .text.register_tm_clones
                0x08000ed0       0x24 D:/STM32/arm-none-eabi-gcc/bin/../lib/gcc/arm-none-eabi/14.2.1/thumb/v7e-m/nofp/crtbegin.o
 .text.__do_global_dtors_aux
                0x08000ef4       0x28 D:/STM32/arm-none-eabi-gcc/bin/../lib/gcc/arm-none-eabi/14.2.1/thumb/v7e-m/nofp/crtbegin.o
 .text.frame_dummy
                0x08000f1c       0x24 D:/STM32/arm-none-eabi-gcc/bin/../lib/gcc/arm-none-eabi/14.2.1/thumb/v7e-m/nofp/crtbegin.o
 .text.can_filter_init
                0x08000f40       0x58 CMakeFiles/LED.elf.dir/Core/Src/bsp_can.c.obj
                0x08000f40                can_filter_init
 .text.HAL_CAN_RxFifo0MsgPendingCallback
                0x08000f98       0x64 CMakeFiles/LED.elf.dir/Core/Src/bsp_can.c.obj
                0x08000f98                HAL_CAN_RxFifo0MsgPendingCallback
 .text.set_GM6020_motor_voltage
                0x08000ffc       0x3c CMakeFiles/LED.elf.dir/Core/Src/bsp_can.c.obj
                0x08000ffc                set_GM6020_motor_voltage
 .text.MX_CAN1_Init
                0x08001038       0x40 CMakeFiles/LED.elf.dir/Core/Src/can.c.obj
                0x08001038                MX_CAN1_Init
 .text.HAL_CAN_MspInit
                0x08001078       0x7c CMakeFiles/LED.elf.dir/Core/Src/can.c.obj
                0x08001078                HAL_CAN_MspInit
 .text.MX_GPIO_Init
                0x080010f4       0x94 CMakeFiles/LED.elf.dir/Core/Src/gpio.c.obj
                0x080010f4                MX_GPIO_Init
 .text.msp      0x08001188       0x54 CMakeFiles/LED.elf.dir/Core/Src/main.c.obj
                0x08001188                msp
 .text.Error_Handler
                0x080011dc        0x4 CMakeFiles/LED.elf.dir/Core/Src/main.c.obj
                0x080011dc                Error_Handler
 .text.SystemClock_Config
                0x080011e0       0xa8 CMakeFiles/LED.elf.dir/Core/Src/main.c.obj
                0x080011e0                SystemClock_Config
 .text.main     0x08001288       0xf0 CMakeFiles/LED.elf.dir/Core/Src/main.c.obj
                0x08001288                main
 .text.pid_init
                0x08001378       0x10 CMakeFiles/LED.elf.dir/Core/Src/pid.c.obj
                0x08001378                pid_init
 .text.pid_calc
                0x08001388       0xb8 CMakeFiles/LED.elf.dir/Core/Src/pid.c.obj
                0x08001388                pid_calc
 .text.gimbal_PID_init
                0x08001440       0x48 CMakeFiles/LED.elf.dir/Core/Src/pid.c.obj
                0x08001440                gimbal_PID_init
 .text.HAL_MspInit
                0x08001488       0x38 CMakeFiles/LED.elf.dir/Core/Src/stm32f4xx_hal_msp.c.obj
                0x08001488                HAL_MspInit
 .text.NMI_Handler
                0x080014c0        0x2 CMakeFiles/LED.elf.dir/Core/Src/stm32f4xx_it.c.obj
                0x080014c0                NMI_Handler
 .text.HardFault_Handler
                0x080014c2        0x2 CMakeFiles/LED.elf.dir/Core/Src/stm32f4xx_it.c.obj
                0x080014c2                HardFault_Handler
 .text.MemManage_Handler
                0x080014c4        0x2 CMakeFiles/LED.elf.dir/Core/Src/stm32f4xx_it.c.obj
                0x080014c4                MemManage_Handler
 .text.BusFault_Handler
                0x080014c6        0x2 CMakeFiles/LED.elf.dir/Core/Src/stm32f4xx_it.c.obj
                0x080014c6                BusFault_Handler
 .text.UsageFault_Handler
                0x080014c8        0x2 CMakeFiles/LED.elf.dir/Core/Src/stm32f4xx_it.c.obj
                0x080014c8                UsageFault_Handler
 .text.SVC_Handler
                0x080014ca        0x2 CMakeFiles/LED.elf.dir/Core/Src/stm32f4xx_it.c.obj
                0x080014ca                SVC_Handler
 .text.DebugMon_Handler
                0x080014cc        0x2 CMakeFiles/LED.elf.dir/Core/Src/stm32f4xx_it.c.obj
                0x080014cc                DebugMon_Handler
 .text.PendSV_Handler
                0x080014ce        0x2 CMakeFiles/LED.elf.dir/Core/Src/stm32f4xx_it.c.obj
                0x080014ce                PendSV_Handler
 .text.SysTick_Handler
                0x080014d0        0x8 CMakeFiles/LED.elf.dir/Core/Src/stm32f4xx_it.c.obj
                0x080014d0                SysTick_Handler
 .text.CAN1_RX0_IRQHandler
                0x080014d8       0x10 CMakeFiles/LED.elf.dir/Core/Src/stm32f4xx_it.c.obj
                0x080014d8                CAN1_RX0_IRQHandler
 .text.SystemInit
                0x080014e8        0x2 CMakeFiles/LED.elf.dir/Core/Src/system_stm32f4xx.c.obj
                0x080014e8                SystemInit
 *fill*         0x080014ea        0x2 
 .text.Reset_Handler
                0x080014ec       0x50 CMakeFiles/LED.elf.dir/Core/Startup/startup_stm32f407ighx.s.obj
                0x080014ec                Reset_Handler
 .text.Default_Handler
                0x0800153c        0x2 CMakeFiles/LED.elf.dir/Core/Startup/startup_stm32f407ighx.s.obj
                0x0800153c                RTC_Alarm_IRQHandler
                0x0800153c                HASH_RNG_IRQHandler
                0x0800153c                EXTI2_IRQHandler
                0x0800153c                TIM8_CC_IRQHandler
                0x0800153c                TIM1_CC_IRQHandler
                0x0800153c                DMA2_Stream5_IRQHandler
                0x0800153c                DMA1_Stream5_IRQHandler
                0x0800153c                PVD_IRQHandler
                0x0800153c                SDIO_IRQHandler
                0x0800153c                TAMP_STAMP_IRQHandler
                0x0800153c                CAN2_RX1_IRQHandler
                0x0800153c                EXTI3_IRQHandler
                0x0800153c                TIM8_TRG_COM_TIM14_IRQHandler
                0x0800153c                TIM1_UP_TIM10_IRQHandler
                0x0800153c                TIM8_UP_TIM13_IRQHandler
                0x0800153c                I2C3_ER_IRQHandler
                0x0800153c                EXTI0_IRQHandler
                0x0800153c                I2C2_EV_IRQHandler
                0x0800153c                DMA1_Stream2_IRQHandler
                0x0800153c                FPU_IRQHandler
                0x0800153c                OTG_HS_WKUP_IRQHandler
                0x0800153c                CAN2_SCE_IRQHandler
                0x0800153c                DMA2_Stream2_IRQHandler
                0x0800153c                SPI1_IRQHandler
                0x0800153c                TIM6_DAC_IRQHandler
                0x0800153c                TIM1_BRK_TIM9_IRQHandler
                0x0800153c                DCMI_IRQHandler
                0x0800153c                CAN2_RX0_IRQHandler
                0x0800153c                DMA2_Stream3_IRQHandler
                0x0800153c                USART6_IRQHandler
                0x0800153c                USART3_IRQHandler
                0x0800153c                CAN1_RX1_IRQHandler
                0x0800153c                UART5_IRQHandler
                0x0800153c                DMA2_Stream0_IRQHandler
                0x0800153c                TIM4_IRQHandler
                0x0800153c                I2C1_EV_IRQHandler
                0x0800153c                DMA1_Stream6_IRQHandler
                0x0800153c                DMA1_Stream1_IRQHandler
                0x0800153c                UART4_IRQHandler
                0x0800153c                TIM3_IRQHandler
                0x0800153c                RCC_IRQHandler
                0x0800153c                TIM8_BRK_TIM12_IRQHandler
                0x0800153c                Default_Handler
                0x0800153c                EXTI15_10_IRQHandler
                0x0800153c                ADC_IRQHandler
                0x0800153c                DMA1_Stream7_IRQHandler
                0x0800153c                TIM7_IRQHandler
                0x0800153c                CAN2_TX_IRQHandler
                0x0800153c                TIM5_IRQHandler
                0x0800153c                DMA2_Stream7_IRQHandler
                0x0800153c                I2C3_EV_IRQHandler
                0x0800153c                EXTI9_5_IRQHandler
                0x0800153c                RTC_WKUP_IRQHandler
                0x0800153c                ETH_WKUP_IRQHandler
                0x0800153c                SPI2_IRQHandler
                0x0800153c                OTG_HS_EP1_IN_IRQHandler
                0x0800153c                DMA1_Stream0_IRQHandler
                0x0800153c                CAN1_TX_IRQHandler
                0x0800153c                EXTI4_IRQHandler
                0x0800153c                FSMC_IRQHandler
                0x0800153c                ETH_IRQHandler
                0x0800153c                OTG_HS_EP1_OUT_IRQHandler
                0x0800153c                WWDG_IRQHandler
                0x0800153c                TIM2_IRQHandler
                0x0800153c                OTG_FS_WKUP_IRQHandler
                0x0800153c                TIM1_TRG_COM_TIM11_IRQHandler
                0x0800153c                OTG_HS_IRQHandler
                0x0800153c                EXTI1_IRQHandler
                0x0800153c                USART2_IRQHandler
                0x0800153c                I2C2_ER_IRQHandler
                0x0800153c                DMA2_Stream1_IRQHandler
                0x0800153c                CAN1_SCE_IRQHandler
                0x0800153c                FLASH_IRQHandler
                0x0800153c                DMA2_Stream4_IRQHandler
                0x0800153c                USART1_IRQHandler
                0x0800153c                OTG_FS_IRQHandler
                0x0800153c                SPI3_IRQHandler
                0x0800153c                DMA1_Stream4_IRQHandler
                0x0800153c                I2C1_ER_IRQHandler
                0x0800153c                DMA2_Stream6_IRQHandler
                0x0800153c                DMA1_Stream3_IRQHandler
 *fill*         0x0800153e        0x2 
 .text.HAL_InitTick
                0x08001540       0x4c CMakeFiles/LED.elf.dir/Drivers/STM32F4xx_HAL_Driver/Src/stm32f4xx_hal.c.obj
                0x08001540                HAL_InitTick
 .text.HAL_Init
                0x0800158c       0x34 CMakeFiles/LED.elf.dir/Drivers/STM32F4xx_HAL_Driver/Src/stm32f4xx_hal.c.obj
                0x0800158c                HAL_Init
 .text.HAL_IncTick
                0x080015c0       0x18 CMakeFiles/LED.elf.dir/Drivers/STM32F4xx_HAL_Driver/Src/stm32f4xx_hal.c.obj
                0x080015c0                HAL_IncTick
 .text.HAL_GetTick
                0x080015d8        0xc CMakeFiles/LED.elf.dir/Drivers/STM32F4xx_HAL_Driver/Src/stm32f4xx_hal.c.obj
                0x080015d8                HAL_GetTick
 .text.HAL_Delay
                0x080015e4       0x28 CMakeFiles/LED.elf.dir/Drivers/STM32F4xx_HAL_Driver/Src/stm32f4xx_hal.c.obj
                0x080015e4                HAL_Delay
 .text.HAL_CAN_Init
                0x0800160c      0x14c CMakeFiles/LED.elf.dir/Drivers/STM32F4xx_HAL_Driver/Src/stm32f4xx_hal_can.c.obj
                0x0800160c                HAL_CAN_Init
 .text.HAL_CAN_ConfigFilter
                0x08001758      0x13c CMakeFiles/LED.elf.dir/Drivers/STM32F4xx_HAL_Driver/Src/stm32f4xx_hal_can.c.obj
                0x08001758                HAL_CAN_ConfigFilter
 .text.HAL_CAN_Start
                0x08001894       0x5c CMakeFiles/LED.elf.dir/Drivers/STM32F4xx_HAL_Driver/Src/stm32f4xx_hal_can.c.obj
                0x08001894                HAL_CAN_Start
 .text.HAL_CAN_AddTxMessage
                0x080018f0       0xea CMakeFiles/LED.elf.dir/Drivers/STM32F4xx_HAL_Driver/Src/stm32f4xx_hal_can.c.obj
                0x080018f0                HAL_CAN_AddTxMessage
 .text.HAL_CAN_GetRxMessage
                0x080019da      0x16a CMakeFiles/LED.elf.dir/Drivers/STM32F4xx_HAL_Driver/Src/stm32f4xx_hal_can.c.obj
                0x080019da                HAL_CAN_GetRxMessage
 .text.HAL_CAN_ActivateNotification
                0x08001b44       0x24 CMakeFiles/LED.elf.dir/Drivers/STM32F4xx_HAL_Driver/Src/stm32f4xx_hal_can.c.obj
                0x08001b44                HAL_CAN_ActivateNotification
 .text.HAL_CAN_TxMailbox0CompleteCallback
                0x08001b68        0x2 CMakeFiles/LED.elf.dir/Drivers/STM32F4xx_HAL_Driver/Src/stm32f4xx_hal_can.c.obj
                0x08001b68                HAL_CAN_TxMailbox0CompleteCallback
 .text.HAL_CAN_TxMailbox1CompleteCallback
                0x08001b6a        0x2 CMakeFiles/LED.elf.dir/Drivers/STM32F4xx_HAL_Driver/Src/stm32f4xx_hal_can.c.obj
                0x08001b6a                HAL_CAN_TxMailbox1CompleteCallback
 .text.HAL_CAN_TxMailbox2CompleteCallback
                0x08001b6c        0x2 CMakeFiles/LED.elf.dir/Drivers/STM32F4xx_HAL_Driver/Src/stm32f4xx_hal_can.c.obj
                0x08001b6c                HAL_CAN_TxMailbox2CompleteCallback
 .text.HAL_CAN_TxMailbox0AbortCallback
                0x08001b6e        0x2 CMakeFiles/LED.elf.dir/Drivers/STM32F4xx_HAL_Driver/Src/stm32f4xx_hal_can.c.obj
                0x08001b6e                HAL_CAN_TxMailbox0AbortCallback
 .text.HAL_CAN_TxMailbox1AbortCallback
                0x08001b70        0x2 CMakeFiles/LED.elf.dir/Drivers/STM32F4xx_HAL_Driver/Src/stm32f4xx_hal_can.c.obj
                0x08001b70                HAL_CAN_TxMailbox1AbortCallback
 .text.HAL_CAN_TxMailbox2AbortCallback
                0x08001b72        0x2 CMakeFiles/LED.elf.dir/Drivers/STM32F4xx_HAL_Driver/Src/stm32f4xx_hal_can.c.obj
                0x08001b72                HAL_CAN_TxMailbox2AbortCallback
 .text.HAL_CAN_RxFifo0FullCallback
                0x08001b74        0x2 CMakeFiles/LED.elf.dir/Drivers/STM32F4xx_HAL_Driver/Src/stm32f4xx_hal_can.c.obj
                0x08001b74                HAL_CAN_RxFifo0FullCallback
 .text.HAL_CAN_RxFifo1MsgPendingCallback
                0x08001b76        0x2 CMakeFiles/LED.elf.dir/Drivers/STM32F4xx_HAL_Driver/Src/stm32f4xx_hal_can.c.obj
                0x08001b76                HAL_CAN_RxFifo1MsgPendingCallback
 .text.HAL_CAN_RxFifo1FullCallback
                0x08001b78        0x2 CMakeFiles/LED.elf.dir/Drivers/STM32F4xx_HAL_Driver/Src/stm32f4xx_hal_can.c.obj
                0x08001b78                HAL_CAN_RxFifo1FullCallback
 .text.HAL_CAN_SleepCallback
                0x08001b7a        0x2 CMakeFiles/LED.elf.dir/Drivers/STM32F4xx_HAL_Driver/Src/stm32f4xx_hal_can.c.obj
                0x08001b7a                HAL_CAN_SleepCallback
 .text.HAL_CAN_WakeUpFromRxMsgCallback
                0x08001b7c        0x2 CMakeFiles/LED.elf.dir/Drivers/STM32F4xx_HAL_Driver/Src/stm32f4xx_hal_can.c.obj
                0x08001b7c                HAL_CAN_WakeUpFromRxMsgCallback
 .text.HAL_CAN_ErrorCallback
                0x08001b7e        0x2 CMakeFiles/LED.elf.dir/Drivers/STM32F4xx_HAL_Driver/Src/stm32f4xx_hal_can.c.obj
                0x08001b7e                HAL_CAN_ErrorCallback
 .text.HAL_CAN_IRQHandler
                0x08001b80      0x250 CMakeFiles/LED.elf.dir/Drivers/STM32F4xx_HAL_Driver/Src/stm32f4xx_hal_can.c.obj
                0x08001b80                HAL_CAN_IRQHandler
 .text.__NVIC_EnableIRQ
                0x08001dd0       0x1c CMakeFiles/LED.elf.dir/Drivers/STM32F4xx_HAL_Driver/Src/stm32f4xx_hal_cortex.c.obj
 .text.__NVIC_SetPriority
                0x08001dec       0x28 CMakeFiles/LED.elf.dir/Drivers/STM32F4xx_HAL_Driver/Src/stm32f4xx_hal_cortex.c.obj
 .text.NVIC_EncodePriority
                0x08001e14       0x3e CMakeFiles/LED.elf.dir/Drivers/STM32F4xx_HAL_Driver/Src/stm32f4xx_hal_cortex.c.obj
 *fill*         0x08001e52        0x2 
 .text.HAL_NVIC_SetPriorityGrouping
                0x08001e54       0x24 CMakeFiles/LED.elf.dir/Drivers/STM32F4xx_HAL_Driver/Src/stm32f4xx_hal_cortex.c.obj
                0x08001e54                HAL_NVIC_SetPriorityGrouping
 .text.HAL_NVIC_SetPriority
                0x08001e78       0x20 CMakeFiles/LED.elf.dir/Drivers/STM32F4xx_HAL_Driver/Src/stm32f4xx_hal_cortex.c.obj
                0x08001e78                HAL_NVIC_SetPriority
 .text.HAL_NVIC_EnableIRQ
                0x08001e98        0x8 CMakeFiles/LED.elf.dir/Drivers/STM32F4xx_HAL_Driver/Src/stm32f4xx_hal_cortex.c.obj
                0x08001e98                HAL_NVIC_EnableIRQ
 .text.HAL_SYSTICK_Config
                0x08001ea0       0x28 CMakeFiles/LED.elf.dir/Drivers/STM32F4xx_HAL_Driver/Src/stm32f4xx_hal_cortex.c.obj
                0x08001ea0                HAL_SYSTICK_Config
 .text.HAL_GPIO_Init
                0x08001ec8      0x1f4 CMakeFiles/LED.elf.dir/Drivers/STM32F4xx_HAL_Driver/Src/stm32f4xx_hal_gpio.c.obj
                0x08001ec8                HAL_GPIO_Init
 .text.HAL_GPIO_WritePin
                0x080020bc        0xc CMakeFiles/LED.elf.dir/Drivers/STM32F4xx_HAL_Driver/Src/stm32f4xx_hal_gpio.c.obj
                0x080020bc                HAL_GPIO_WritePin
 .text.HAL_GPIO_TogglePin
                0x080020c8       0x12 CMakeFiles/LED.elf.dir/Drivers/STM32F4xx_HAL_Driver/Src/stm32f4xx_hal_gpio.c.obj
                0x080020c8                HAL_GPIO_TogglePin
 *fill*         0x080020da        0x2 
 .text.HAL_RCC_OscConfig
                0x080020dc      0x3f8 CMakeFiles/LED.elf.dir/Drivers/STM32F4xx_HAL_Driver/Src/stm32f4xx_hal_rcc.c.obj
                0x080020dc                HAL_RCC_OscConfig
 .text.HAL_RCC_GetSysClockFreq
                0x080024d4       0xa8 CMakeFiles/LED.elf.dir/Drivers/STM32F4xx_HAL_Driver/Src/stm32f4xx_hal_rcc.c.obj
                0x080024d4                HAL_RCC_GetSysClockFreq
 .text.HAL_RCC_ClockConfig
                0x0800257c      0x160 CMakeFiles/LED.elf.dir/Drivers/STM32F4xx_HAL_Driver/Src/stm32f4xx_hal_rcc.c.obj
                0x0800257c                HAL_RCC_ClockConfig
 .text.__udivmoddi4
                0x080026dc      0x2f8 D:/STM32/arm-none-eabi-gcc/bin/../lib/gcc/arm-none-eabi/14.2.1/thumb/v7e-m/nofp\libgcc.a(_udivmoddi4.o)
                0x080026dc                __udivmoddi4
 .text.memset   0x080029d4       0x9c D:/STM32/arm-none-eabi-gcc/bin/../lib/gcc/arm-none-eabi/14.2.1/thumb/v7e-m/nofp\libg.a(libc_a-memset.o)
                0x080029d4                memset
 .text.__libc_init_array
                0x08002a70       0x50 D:/STM32/arm-none-eabi-gcc/bin/../lib/gcc/arm-none-eabi/14.2.1/thumb/v7e-m/nofp\libg.a(libc_a-init.o)
                0x08002a70                __libc_init_array
 .text.__retarget_lock_acquire_recursive
                0x08002ac0        0x4 D:/STM32/arm-none-eabi-gcc/bin/../lib/gcc/arm-none-eabi/14.2.1/thumb/v7e-m/nofp\libg.a(libc_a-lock.o)
                0x08002ac0                __retarget_lock_acquire_recursive
 .text.__retarget_lock_release_recursive
                0x08002ac4        0x4 D:/STM32/arm-none-eabi-gcc/bin/../lib/gcc/arm-none-eabi/14.2.1/thumb/v7e-m/nofp\libg.a(libc_a-lock.o)
                0x08002ac4                __retarget_lock_release_recursive
 .text.startup.register_fini
                0x08002ac8       0x14 D:/STM32/arm-none-eabi-gcc/bin/../lib/gcc/arm-none-eabi/14.2.1/thumb/v7e-m/nofp\libg.a(libc_a-__call_atexit.o)
 .text.atexit   0x08002adc        0xc D:/STM32/arm-none-eabi-gcc/bin/../lib/gcc/arm-none-eabi/14.2.1/thumb/v7e-m/nofp\libg.a(libc_a-atexit.o)
                0x08002adc                atexit
 .text.__libc_fini_array
                0x08002ae8       0x28 D:/STM32/arm-none-eabi-gcc/bin/../lib/gcc/arm-none-eabi/14.2.1/thumb/v7e-m/nofp\libg.a(libc_a-fini.o)
                0x08002ae8                __libc_fini_array
 .text.__register_exitproc
                0x08002b10       0x80 D:/STM32/arm-none-eabi-gcc/bin/../lib/gcc/arm-none-eabi/14.2.1/thumb/v7e-m/nofp\libg.a(libc_a-__atexit.o)
                0x08002b10                __register_exitproc
 *(.glue_7)
 .glue_7        0x08002b90        0x0 linker stubs
 *(.glue_7t)
 .glue_7t       0x08002b90        0x0 linker stubs
 *(.eh_frame)
 .eh_frame      0x08002b90        0x0 D:/STM32/arm-none-eabi-gcc/bin/../lib/gcc/arm-none-eabi/14.2.1/thumb/v7e-m/nofp/crtbegin.o
 *(.init)
 .init          0x08002b90        0x4 D:/STM32/arm-none-eabi-gcc/bin/../lib/gcc/arm-none-eabi/14.2.1/thumb/v7e-m/nofp/crti.o
                0x08002b90                _init
 .init          0x08002b94        0x8 D:/STM32/arm-none-eabi-gcc/bin/../lib/gcc/arm-none-eabi/14.2.1/thumb/v7e-m/nofp/crtn.o
 *(.fini)
 .fini          0x08002b9c        0x4 D:/STM32/arm-none-eabi-gcc/bin/../lib/gcc/arm-none-eabi/14.2.1/thumb/v7e-m/nofp/crti.o
                0x08002b9c                _fini
 .fini          0x08002ba0        0x8 D:/STM32/arm-none-eabi-gcc/bin/../lib/gcc/arm-none-eabi/14.2.1/thumb/v7e-m/nofp/crtn.o
                0x08002ba8                        . = ALIGN (0x4)
                0x08002ba8                        _etext = .

.vfp11_veneer   0x08002ba8        0x0
 .vfp11_veneer  0x08002ba8        0x0 linker stubs

.v4_bx          0x08002ba8        0x0
 .v4_bx         0x08002ba8        0x0 linker stubs

.iplt           0x08002ba8        0x0
 .iplt          0x08002ba8        0x0 D:/STM32/arm-none-eabi-gcc/bin/../lib/gcc/arm-none-eabi/14.2.1/thumb/v7e-m/nofp/crtbegin.o

.rodata         0x08002ba8       0x10
                0x08002ba8                        . = ALIGN (0x4)
 *(.rodata)
 *(.rodata*)
 .rodata.AHBPrescTable
                0x08002ba8       0x10 CMakeFiles/LED.elf.dir/Core/Src/system_stm32f4xx.c.obj
                0x08002ba8                AHBPrescTable
                0x08002bb8                        . = ALIGN (0x4)

.ARM.extab      0x08002bb8        0x0
                0x08002bb8                        . = ALIGN (0x4)
 *(.ARM.extab* .gnu.linkonce.armextab.*)
                0x08002bb8                        . = ALIGN (0x4)

.ARM            0x08002bb8        0x8
                0x08002bb8                        . = ALIGN (0x4)
                0x08002bb8                        __exidx_start = .
 *(.ARM.exidx*)
 .ARM.exidx.text.__udivmoddi4
                0x08002bb8        0x8 D:/STM32/arm-none-eabi-gcc/bin/../lib/gcc/arm-none-eabi/14.2.1/thumb/v7e-m/nofp\libgcc.a(_udivmoddi4.o)
                0x08002bc0                        __exidx_end = .
                0x08002bc0                        . = ALIGN (0x4)

.preinit_array  0x08002bc0        0x0
                0x08002bc0                        . = ALIGN (0x4)
                0x08002bc0                        PROVIDE (__preinit_array_start = .)
 *(.preinit_array*)
                0x08002bc0                        PROVIDE (__preinit_array_end = .)
                0x08002bc0                        . = ALIGN (0x4)

.init_array     0x08002bc0        0x8
                0x08002bc0                        . = ALIGN (0x4)
                0x08002bc0                        PROVIDE (__init_array_start = .)
 *(SORT_BY_NAME(.init_array.*))
 .init_array.00000
                0x08002bc0        0x4 D:/STM32/arm-none-eabi-gcc/bin/../lib/gcc/arm-none-eabi/14.2.1/thumb/v7e-m/nofp\libg.a(libc_a-__call_atexit.o)
 *(.init_array*)
 .init_array    0x08002bc4        0x4 D:/STM32/arm-none-eabi-gcc/bin/../lib/gcc/arm-none-eabi/14.2.1/thumb/v7e-m/nofp/crtbegin.o
                0x08002bc8                        PROVIDE (__init_array_end = .)
                0x08002bc8                        . = ALIGN (0x4)

.fini_array     0x08002bc8        0x4
                0x08002bc8                        . = ALIGN (0x4)
                0x08002bc8                        PROVIDE (__fini_array_start = .)
 *(SORT_BY_NAME(.fini_array.*))
 *(.fini_array*)
 .fini_array    0x08002bc8        0x4 D:/STM32/arm-none-eabi-gcc/bin/../lib/gcc/arm-none-eabi/14.2.1/thumb/v7e-m/nofp/crtbegin.o
                0x08002bcc                        PROVIDE (__fini_array_end = .)
                0x08002bcc                        . = ALIGN (0x4)
                0x08002bcc                        _sidata = LOADADDR (.data)

.rel.dyn        0x08002bcc        0x0
 .rel.iplt      0x08002bcc        0x0 D:/STM32/arm-none-eabi-gcc/bin/../lib/gcc/arm-none-eabi/14.2.1/thumb/v7e-m/nofp/crtbegin.o

.data           0x20000000       0x10 load address 0x08002bcc
                0x20000000                        . = ALIGN (0x4)
                0x20000000                        _sdata = .
 *(.data)
 *(.data*)
 .data.SystemCoreClock
                0x20000000        0x4 CMakeFiles/LED.elf.dir/Core/Src/system_stm32f4xx.c.obj
                0x20000000                SystemCoreClock
 .data.uwTickFreq
                0x20000004        0x1 CMakeFiles/LED.elf.dir/Drivers/STM32F4xx_HAL_Driver/Src/stm32f4xx_hal.c.obj
                0x20000004                uwTickFreq
 *fill*         0x20000005        0x3 
 .data.uwTickPrio
                0x20000008        0x4 CMakeFiles/LED.elf.dir/Drivers/STM32F4xx_HAL_Driver/Src/stm32f4xx_hal.c.obj
                0x20000008                uwTickPrio
 .data.__atexit_recursive_mutex
                0x2000000c        0x4 D:/STM32/arm-none-eabi-gcc/bin/../lib/gcc/arm-none-eabi/14.2.1/thumb/v7e-m/nofp\libg.a(libc_a-__call_atexit.o)
                0x2000000c                __atexit_recursive_mutex
 *(.RamFunc)
 *(.RamFunc*)
                0x20000010                        . = ALIGN (0x4)
                0x20000010                        _edata = .
                0x08002bdc                        _siccmram = LOADADDR (.ccmram)

.tm_clone_table
                0x20000010        0x0 load address 0x08002bdc
 .tm_clone_table
                0x20000010        0x0 D:/STM32/arm-none-eabi-gcc/bin/../lib/gcc/arm-none-eabi/14.2.1/thumb/v7e-m/nofp/crtbegin.o
 .tm_clone_table
                0x20000010        0x0 D:/STM32/arm-none-eabi-gcc/bin/../lib/gcc/arm-none-eabi/14.2.1/thumb/v7e-m/nofp/crtend.o

.igot.plt       0x20000010        0x0 load address 0x08002bdc
 .igot.plt      0x20000010        0x0 D:/STM32/arm-none-eabi-gcc/bin/../lib/gcc/arm-none-eabi/14.2.1/thumb/v7e-m/nofp/crtbegin.o

.ccmram         0x10000000        0x0 load address 0x08002bdc
                0x10000000                        . = ALIGN (0x4)
                0x10000000                        _sccmram = .
 *(.ccmram)
 *(.ccmram*)
                0x10000000                        . = ALIGN (0x4)
                0x10000000                        _eccmram = .
                0x10000000                        . = ALIGN (0x4)

.bss            0x20000010      0x260
                0x20000010                        _sbss = .
                0x20000010                        __bss_start__ = _sbss
 *(.bss)
 *(.bss*)
 .bss.completed.1
                0x20000010        0x1 D:/STM32/arm-none-eabi-gcc/bin/../lib/gcc/arm-none-eabi/14.2.1/thumb/v7e-m/nofp/crtbegin.o
 *fill*         0x20000011        0x3 
 .bss.object.0  0x20000014       0x18 D:/STM32/arm-none-eabi-gcc/bin/../lib/gcc/arm-none-eabi/14.2.1/thumb/v7e-m/nofp/crtbegin.o
 .bss.motor_yaw_info
                0x2000002c        0xc CMakeFiles/LED.elf.dir/Core/Src/bsp_can.c.obj
                0x2000002c                motor_yaw_info
 .bss.hcan1     0x20000038       0x28 CMakeFiles/LED.elf.dir/Core/Src/can.c.obj
                0x20000038                hcan1
 .bss.now_yaw_angle
                0x20000060        0x4 CMakeFiles/LED.elf.dir/Core/Src/main.c.obj
                0x20000060                now_yaw_angle
 .bss.target_yaw_angle
                0x20000064        0x4 CMakeFiles/LED.elf.dir/Core/Src/main.c.obj
                0x20000064                target_yaw_angle
 .bss.led_cnt   0x20000068        0x2 CMakeFiles/LED.elf.dir/Core/Src/main.c.obj
                0x20000068                led_cnt
 *fill*         0x2000006a        0x2 
 .bss.gimbal_yaw_angle_pid
                0x2000006c       0x34 CMakeFiles/LED.elf.dir/Core/Src/pid.c.obj
                0x2000006c                gimbal_yaw_angle_pid
 .bss.gimbal_yaw_speed_pid
                0x200000a0       0x34 CMakeFiles/LED.elf.dir/Core/Src/pid.c.obj
                0x200000a0                gimbal_yaw_speed_pid
 .bss.uwTick    0x200000d4        0x4 CMakeFiles/LED.elf.dir/Drivers/STM32F4xx_HAL_Driver/Src/stm32f4xx_hal.c.obj
                0x200000d4                uwTick
 .bss.__lock___atexit_recursive_mutex
                0x200000d8        0x1 D:/STM32/arm-none-eabi-gcc/bin/../lib/gcc/arm-none-eabi/14.2.1/thumb/v7e-m/nofp\libg.a(libc_a-lock.o)
                0x200000d8                __lock___atexit_recursive_mutex
 *fill*         0x200000d9        0x3 
 .bss.__atexit  0x200000dc        0x4 D:/STM32/arm-none-eabi-gcc/bin/../lib/gcc/arm-none-eabi/14.2.1/thumb/v7e-m/nofp\libg.a(libc_a-__call_atexit.o)
                0x200000dc                __atexit
 .bss.__atexit0
                0x200000e0      0x190 D:/STM32/arm-none-eabi-gcc/bin/../lib/gcc/arm-none-eabi/14.2.1/thumb/v7e-m/nofp\libg.a(libc_a-__atexit.o)
                0x200000e0                __atexit0
 *(COMMON)
                0x20000270                        . = ALIGN (0x4)
                0x20000270                        _ebss = .
                0x20000270                        __bss_end__ = _ebss

._user_heap_stack
                0x20000270      0x600
                0x20000270                        . = ALIGN (0x8)
                [!provide]                        PROVIDE (end = .)
                0x20000270                        PROVIDE (_end = .)
                0x20000470                        . = (. + _Min_Heap_Size)
 *fill*         0x20000270      0x200 
                0x20000870                        . = (. + _Min_Stack_Size)
 *fill*         0x20000470      0x400 
                0x20000870                        . = ALIGN (0x8)

/DISCARD/
 libc.a(*)
 libm.a(*)
 libgcc.a(*)

.ARM.attributes
                0x00000000       0x2a
 *(.ARM.attributes)
 .ARM.attributes
                0x00000000       0x1e D:/STM32/arm-none-eabi-gcc/bin/../lib/gcc/arm-none-eabi/14.2.1/thumb/v7e-m/nofp/crti.o
 .ARM.attributes
                0x0000001e       0x2e D:/STM32/arm-none-eabi-gcc/bin/../lib/gcc/arm-none-eabi/14.2.1/thumb/v7e-m/nofp/crtbegin.o
 .ARM.attributes
                0x0000004c       0x2e CMakeFiles/LED.elf.dir/Core/Src/bsp_can.c.obj
 .ARM.attributes
                0x0000007a       0x2e CMakeFiles/LED.elf.dir/Core/Src/can.c.obj
 .ARM.attributes
                0x000000a8       0x2e CMakeFiles/LED.elf.dir/Core/Src/gpio.c.obj
 .ARM.attributes
                0x000000d6       0x2e CMakeFiles/LED.elf.dir/Core/Src/main.c.obj
 .ARM.attributes
                0x00000104       0x2e CMakeFiles/LED.elf.dir/Core/Src/pid.c.obj
 .ARM.attributes
                0x00000132       0x2e CMakeFiles/LED.elf.dir/Core/Src/stm32f4xx_hal_msp.c.obj
 .ARM.attributes
                0x00000160       0x2e CMakeFiles/LED.elf.dir/Core/Src/stm32f4xx_it.c.obj
 .ARM.attributes
                0x0000018e       0x2e CMakeFiles/LED.elf.dir/Core/Src/system_stm32f4xx.c.obj
 .ARM.attributes
                0x000001bc       0x21 CMakeFiles/LED.elf.dir/Core/Startup/startup_stm32f407ighx.s.obj
 .ARM.attributes
                0x000001dd       0x2e CMakeFiles/LED.elf.dir/Drivers/STM32F4xx_HAL_Driver/Src/stm32f4xx_hal.c.obj
 .ARM.attributes
                0x0000020b       0x2e CMakeFiles/LED.elf.dir/Drivers/STM32F4xx_HAL_Driver/Src/stm32f4xx_hal_can.c.obj
 .ARM.attributes
                0x00000239       0x2e CMakeFiles/LED.elf.dir/Drivers/STM32F4xx_HAL_Driver/Src/stm32f4xx_hal_cortex.c.obj
 .ARM.attributes
                0x00000267       0x2e CMakeFiles/LED.elf.dir/Drivers/STM32F4xx_HAL_Driver/Src/stm32f4xx_hal_gpio.c.obj
 .ARM.attributes
                0x00000295       0x2e CMakeFiles/LED.elf.dir/Drivers/STM32F4xx_HAL_Driver/Src/stm32f4xx_hal_rcc.c.obj
 .ARM.attributes
                0x000002c3       0x1e D:/STM32/arm-none-eabi-gcc/bin/../lib/gcc/arm-none-eabi/14.2.1/thumb/v7e-m/nofp\libgcc.a(_arm_mulsf3.o)
 .ARM.attributes
                0x000002e1       0x1e D:/STM32/arm-none-eabi-gcc/bin/../lib/gcc/arm-none-eabi/14.2.1/thumb/v7e-m/nofp\libgcc.a(_arm_addsubdf3.o)
 .ARM.attributes
                0x000002ff       0x1e D:/STM32/arm-none-eabi-gcc/bin/../lib/gcc/arm-none-eabi/14.2.1/thumb/v7e-m/nofp\libgcc.a(_arm_muldivdf3.o)
 .ARM.attributes
                0x0000031d       0x1e D:/STM32/arm-none-eabi-gcc/bin/../lib/gcc/arm-none-eabi/14.2.1/thumb/v7e-m/nofp\libgcc.a(_arm_truncdfsf2.o)
 .ARM.attributes
                0x0000033b       0x1e D:/STM32/arm-none-eabi-gcc/bin/../lib/gcc/arm-none-eabi/14.2.1/thumb/v7e-m/nofp\libgcc.a(_arm_addsubsf3.o)
 .ARM.attributes
                0x00000359       0x1e D:/STM32/arm-none-eabi-gcc/bin/../lib/gcc/arm-none-eabi/14.2.1/thumb/v7e-m/nofp\libgcc.a(_arm_cmpsf2.o)
 .ARM.attributes
                0x00000377       0x1e D:/STM32/arm-none-eabi-gcc/bin/../lib/gcc/arm-none-eabi/14.2.1/thumb/v7e-m/nofp\libgcc.a(_arm_fixsfsi.o)
 .ARM.attributes
                0x00000395       0x1e D:/STM32/arm-none-eabi-gcc/bin/../lib/gcc/arm-none-eabi/14.2.1/thumb/v7e-m/nofp\libgcc.a(_aeabi_uldivmod.o)
 .ARM.attributes
                0x000003b3       0x2e D:/STM32/arm-none-eabi-gcc/bin/../lib/gcc/arm-none-eabi/14.2.1/thumb/v7e-m/nofp\libgcc.a(_udivmoddi4.o)
 .ARM.attributes
                0x000003e1       0x1e D:/STM32/arm-none-eabi-gcc/bin/../lib/gcc/arm-none-eabi/14.2.1/thumb/v7e-m/nofp\libgcc.a(_dvmd_tls.o)
 .ARM.attributes
                0x000003ff       0x2e D:/STM32/arm-none-eabi-gcc/bin/../lib/gcc/arm-none-eabi/14.2.1/thumb/v7e-m/nofp\libg.a(libc_a-memset.o)
 .ARM.attributes
                0x0000042d       0x2e D:/STM32/arm-none-eabi-gcc/bin/../lib/gcc/arm-none-eabi/14.2.1/thumb/v7e-m/nofp\libg.a(libc_a-init.o)
 .ARM.attributes
                0x0000045b       0x2e D:/STM32/arm-none-eabi-gcc/bin/../lib/gcc/arm-none-eabi/14.2.1/thumb/v7e-m/nofp\libg.a(libc_a-lock.o)
 .ARM.attributes
                0x00000489       0x2e D:/STM32/arm-none-eabi-gcc/bin/../lib/gcc/arm-none-eabi/14.2.1/thumb/v7e-m/nofp\libg.a(libc_a-__call_atexit.o)
 .ARM.attributes
                0x000004b7       0x2e D:/STM32/arm-none-eabi-gcc/bin/../lib/gcc/arm-none-eabi/14.2.1/thumb/v7e-m/nofp\libg.a(libc_a-atexit.o)
 .ARM.attributes
                0x000004e5       0x2e D:/STM32/arm-none-eabi-gcc/bin/../lib/gcc/arm-none-eabi/14.2.1/thumb/v7e-m/nofp\libg.a(libc_a-fini.o)
 .ARM.attributes
                0x00000513       0x2e D:/STM32/arm-none-eabi-gcc/bin/../lib/gcc/arm-none-eabi/14.2.1/thumb/v7e-m/nofp\libg.a(libc_a-__atexit.o)
 .ARM.attributes
                0x00000541       0x2e D:/STM32/arm-none-eabi-gcc/bin/../lib/gcc/arm-none-eabi/14.2.1/thumb/v7e-m/nofp/crtend.o
 .ARM.attributes
                0x0000056f       0x1e D:/STM32/arm-none-eabi-gcc/bin/../lib/gcc/arm-none-eabi/14.2.1/thumb/v7e-m/nofp/crtn.o
OUTPUT(LED.elf elf32-littlearm)
LOAD linker stubs
LOAD D:/STM32/arm-none-eabi-gcc/bin/../lib/gcc/arm-none-eabi/14.2.1/thumb/v7e-m/nofp\libc.a
LOAD D:/STM32/arm-none-eabi-gcc/bin/../lib/gcc/arm-none-eabi/14.2.1/thumb/v7e-m/nofp\libm.a
LOAD D:/STM32/arm-none-eabi-gcc/bin/../lib/gcc/arm-none-eabi/14.2.1/thumb/v7e-m/nofp\libgcc.a

.debug_info     0x00000000     0x71c5
 .debug_info    0x00000000      0x901 CMakeFiles/LED.elf.dir/Core/Src/bsp_can.c.obj
 .debug_info    0x00000901      0xb5c CMakeFiles/LED.elf.dir/Core/Src/can.c.obj
 .debug_info    0x0000145d      0x440 CMakeFiles/LED.elf.dir/Core/Src/gpio.c.obj
 .debug_info    0x0000189d      0xdfe CMakeFiles/LED.elf.dir/Core/Src/main.c.obj
 .debug_info    0x0000269b      0x302 CMakeFiles/LED.elf.dir/Core/Src/pid.c.obj
 .debug_info    0x0000299d      0x265 CMakeFiles/LED.elf.dir/Core/Src/stm32f4xx_hal_msp.c.obj
 .debug_info    0x00002c02      0x520 CMakeFiles/LED.elf.dir/Core/Src/stm32f4xx_it.c.obj
 .debug_info    0x00003122      0x334 CMakeFiles/LED.elf.dir/Core/Src/system_stm32f4xx.c.obj
 .debug_info    0x00003456       0x30 CMakeFiles/LED.elf.dir/Core/Startup/startup_stm32f407ighx.s.obj
 .debug_info    0x00003486      0x9e2 CMakeFiles/LED.elf.dir/Drivers/STM32F4xx_HAL_Driver/Src/stm32f4xx_hal.c.obj
 .debug_info    0x00003e68     0x11f7 CMakeFiles/LED.elf.dir/Drivers/STM32F4xx_HAL_Driver/Src/stm32f4xx_hal_can.c.obj
 .debug_info    0x0000505f      0xff5 CMakeFiles/LED.elf.dir/Drivers/STM32F4xx_HAL_Driver/Src/stm32f4xx_hal_cortex.c.obj
 .debug_info    0x00006054      0x704 CMakeFiles/LED.elf.dir/Drivers/STM32F4xx_HAL_Driver/Src/stm32f4xx_hal_gpio.c.obj
 .debug_info    0x00006758      0xa6d CMakeFiles/LED.elf.dir/Drivers/STM32F4xx_HAL_Driver/Src/stm32f4xx_hal_rcc.c.obj

.debug_abbrev   0x00000000     0x1a8b
 .debug_abbrev  0x00000000      0x1ef CMakeFiles/LED.elf.dir/Core/Src/bsp_can.c.obj
 .debug_abbrev  0x000001ef      0x23d CMakeFiles/LED.elf.dir/Core/Src/can.c.obj
 .debug_abbrev  0x0000042c      0x164 CMakeFiles/LED.elf.dir/Core/Src/gpio.c.obj
 .debug_abbrev  0x00000590      0x2ee CMakeFiles/LED.elf.dir/Core/Src/main.c.obj
 .debug_abbrev  0x0000087e      0x147 CMakeFiles/LED.elf.dir/Core/Src/pid.c.obj
 .debug_abbrev  0x000009c5       0xd6 CMakeFiles/LED.elf.dir/Core/Src/stm32f4xx_hal_msp.c.obj
 .debug_abbrev  0x00000a9b      0x197 CMakeFiles/LED.elf.dir/Core/Src/stm32f4xx_it.c.obj
 .debug_abbrev  0x00000c32      0x120 CMakeFiles/LED.elf.dir/Core/Src/system_stm32f4xx.c.obj
 .debug_abbrev  0x00000d52       0x24 CMakeFiles/LED.elf.dir/Core/Startup/startup_stm32f407ighx.s.obj
 .debug_abbrev  0x00000d76      0x240 CMakeFiles/LED.elf.dir/Drivers/STM32F4xx_HAL_Driver/Src/stm32f4xx_hal.c.obj
 .debug_abbrev  0x00000fb6      0x27b CMakeFiles/LED.elf.dir/Drivers/STM32F4xx_HAL_Driver/Src/stm32f4xx_hal_can.c.obj
 .debug_abbrev  0x00001231      0x391 CMakeFiles/LED.elf.dir/Drivers/STM32F4xx_HAL_Driver/Src/stm32f4xx_hal_cortex.c.obj
 .debug_abbrev  0x000015c2      0x202 CMakeFiles/LED.elf.dir/Drivers/STM32F4xx_HAL_Driver/Src/stm32f4xx_hal_gpio.c.obj
 .debug_abbrev  0x000017c4      0x2c7 CMakeFiles/LED.elf.dir/Drivers/STM32F4xx_HAL_Driver/Src/stm32f4xx_hal_rcc.c.obj

.debug_loclists
                0x00000000     0x1a5d
 .debug_loclists
                0x00000000       0x63 CMakeFiles/LED.elf.dir/Core/Src/bsp_can.c.obj
 .debug_loclists
                0x00000063       0x74 CMakeFiles/LED.elf.dir/Core/Src/can.c.obj
 .debug_loclists
                0x000000d7       0x48 CMakeFiles/LED.elf.dir/Core/Src/main.c.obj
 .debug_loclists
                0x0000011f       0x71 CMakeFiles/LED.elf.dir/Core/Src/pid.c.obj
 .debug_loclists
                0x00000190       0xe7 CMakeFiles/LED.elf.dir/Core/Src/system_stm32f4xx.c.obj
 .debug_loclists
                0x00000277       0xe1 CMakeFiles/LED.elf.dir/Drivers/STM32F4xx_HAL_Driver/Src/stm32f4xx_hal.c.obj
 .debug_loclists
                0x00000358      0xa57 CMakeFiles/LED.elf.dir/Drivers/STM32F4xx_HAL_Driver/Src/stm32f4xx_hal_can.c.obj
 .debug_loclists
                0x00000daf      0x54d CMakeFiles/LED.elf.dir/Drivers/STM32F4xx_HAL_Driver/Src/stm32f4xx_hal_cortex.c.obj
 .debug_loclists
                0x000012fc      0x386 CMakeFiles/LED.elf.dir/Drivers/STM32F4xx_HAL_Driver/Src/stm32f4xx_hal_gpio.c.obj
 .debug_loclists
                0x00001682      0x3db CMakeFiles/LED.elf.dir/Drivers/STM32F4xx_HAL_Driver/Src/stm32f4xx_hal_rcc.c.obj

.debug_aranges  0x00000000      0x5c0
 .debug_aranges
                0x00000000       0x30 CMakeFiles/LED.elf.dir/Core/Src/bsp_can.c.obj
 .debug_aranges
                0x00000030       0x30 CMakeFiles/LED.elf.dir/Core/Src/can.c.obj
 .debug_aranges
                0x00000060       0x20 CMakeFiles/LED.elf.dir/Core/Src/gpio.c.obj
 .debug_aranges
                0x00000080       0x38 CMakeFiles/LED.elf.dir/Core/Src/main.c.obj
 .debug_aranges
                0x000000b8       0x30 CMakeFiles/LED.elf.dir/Core/Src/pid.c.obj
 .debug_aranges
                0x000000e8       0x20 CMakeFiles/LED.elf.dir/Core/Src/stm32f4xx_hal_msp.c.obj
 .debug_aranges
                0x00000108       0x68 CMakeFiles/LED.elf.dir/Core/Src/stm32f4xx_it.c.obj
 .debug_aranges
                0x00000170       0x28 CMakeFiles/LED.elf.dir/Core/Src/system_stm32f4xx.c.obj
 .debug_aranges
                0x00000198       0x28 CMakeFiles/LED.elf.dir/Core/Startup/startup_stm32f407ighx.s.obj
 .debug_aranges
                0x000001c0       0xf0 CMakeFiles/LED.elf.dir/Drivers/STM32F4xx_HAL_Driver/Src/stm32f4xx_hal.c.obj
 .debug_aranges
                0x000002b0      0x138 CMakeFiles/LED.elf.dir/Drivers/STM32F4xx_HAL_Driver/Src/stm32f4xx_hal_can.c.obj
 .debug_aranges
                0x000003e8       0xf8 CMakeFiles/LED.elf.dir/Drivers/STM32F4xx_HAL_Driver/Src/stm32f4xx_hal_cortex.c.obj
 .debug_aranges
                0x000004e0       0x58 CMakeFiles/LED.elf.dir/Drivers/STM32F4xx_HAL_Driver/Src/stm32f4xx_hal_gpio.c.obj
 .debug_aranges
                0x00000538       0x88 CMakeFiles/LED.elf.dir/Drivers/STM32F4xx_HAL_Driver/Src/stm32f4xx_hal_rcc.c.obj

.debug_rnglists
                0x00000000      0x436
 .debug_rnglists
                0x00000000       0x1f CMakeFiles/LED.elf.dir/Core/Src/bsp_can.c.obj
 .debug_rnglists
                0x0000001f       0x1f CMakeFiles/LED.elf.dir/Core/Src/can.c.obj
 .debug_rnglists
                0x0000003e       0x14 CMakeFiles/LED.elf.dir/Core/Src/gpio.c.obj
 .debug_rnglists
                0x00000052       0x27 CMakeFiles/LED.elf.dir/Core/Src/main.c.obj
 .debug_rnglists
                0x00000079       0x20 CMakeFiles/LED.elf.dir/Core/Src/pid.c.obj
 .debug_rnglists
                0x00000099       0x13 CMakeFiles/LED.elf.dir/Core/Src/stm32f4xx_hal_msp.c.obj
 .debug_rnglists
                0x000000ac       0x49 CMakeFiles/LED.elf.dir/Core/Src/stm32f4xx_it.c.obj
 .debug_rnglists
                0x000000f5       0x1a CMakeFiles/LED.elf.dir/Core/Src/system_stm32f4xx.c.obj
 .debug_rnglists
                0x0000010f       0x19 CMakeFiles/LED.elf.dir/Core/Startup/startup_stm32f407ighx.s.obj
 .debug_rnglists
                0x00000128       0xaf CMakeFiles/LED.elf.dir/Drivers/STM32F4xx_HAL_Driver/Src/stm32f4xx_hal.c.obj
 .debug_rnglists
                0x000001d7       0xf6 CMakeFiles/LED.elf.dir/Drivers/STM32F4xx_HAL_Driver/Src/stm32f4xx_hal_can.c.obj
 .debug_rnglists
                0x000002cd       0xb5 CMakeFiles/LED.elf.dir/Drivers/STM32F4xx_HAL_Driver/Src/stm32f4xx_hal_cortex.c.obj
 .debug_rnglists
                0x00000382       0x3f CMakeFiles/LED.elf.dir/Drivers/STM32F4xx_HAL_Driver/Src/stm32f4xx_hal_gpio.c.obj
 .debug_rnglists
                0x000003c1       0x75 CMakeFiles/LED.elf.dir/Drivers/STM32F4xx_HAL_Driver/Src/stm32f4xx_hal_rcc.c.obj

.debug_line     0x00000000     0x468e
 .debug_line    0x00000000      0x317 CMakeFiles/LED.elf.dir/Core/Src/bsp_can.c.obj
 .debug_line    0x00000317      0x32d CMakeFiles/LED.elf.dir/Core/Src/can.c.obj
 .debug_line    0x00000644      0x1d4 CMakeFiles/LED.elf.dir/Core/Src/gpio.c.obj
 .debug_line    0x00000818      0x40d CMakeFiles/LED.elf.dir/Core/Src/main.c.obj
 .debug_line    0x00000c25      0x176 CMakeFiles/LED.elf.dir/Core/Src/pid.c.obj
 .debug_line    0x00000d9b      0x15b CMakeFiles/LED.elf.dir/Core/Src/stm32f4xx_hal_msp.c.obj
 .debug_line    0x00000ef6      0x28e CMakeFiles/LED.elf.dir/Core/Src/stm32f4xx_it.c.obj
 .debug_line    0x00001184      0x221 CMakeFiles/LED.elf.dir/Core/Src/system_stm32f4xx.c.obj
 .debug_line    0x000013a5       0x7a CMakeFiles/LED.elf.dir/Core/Startup/startup_stm32f407ighx.s.obj
 .debug_line    0x0000141f      0x59b CMakeFiles/LED.elf.dir/Drivers/STM32F4xx_HAL_Driver/Src/stm32f4xx_hal.c.obj
 .debug_line    0x000019ba     0x1180 CMakeFiles/LED.elf.dir/Drivers/STM32F4xx_HAL_Driver/Src/stm32f4xx_hal_can.c.obj
 .debug_line    0x00002b3a      0x85e CMakeFiles/LED.elf.dir/Drivers/STM32F4xx_HAL_Driver/Src/stm32f4xx_hal_cortex.c.obj
 .debug_line    0x00003398      0x711 CMakeFiles/LED.elf.dir/Drivers/STM32F4xx_HAL_Driver/Src/stm32f4xx_hal_gpio.c.obj
 .debug_line    0x00003aa9      0xbe5 CMakeFiles/LED.elf.dir/Drivers/STM32F4xx_HAL_Driver/Src/stm32f4xx_hal_rcc.c.obj

.debug_str      0x00000000     0x2274
 .debug_str     0x00000000     0x2274 CMakeFiles/LED.elf.dir/Core/Src/bsp_can.c.obj
                                0x709 (size before relaxing)
 .debug_str     0x00002274      0xb6f CMakeFiles/LED.elf.dir/Core/Src/can.c.obj
 .debug_str     0x00002274      0x38c CMakeFiles/LED.elf.dir/Core/Src/gpio.c.obj
 .debug_str     0x00002274      0x94b CMakeFiles/LED.elf.dir/Core/Src/main.c.obj
 .debug_str     0x00002274      0x275 CMakeFiles/LED.elf.dir/Core/Src/pid.c.obj
 .debug_str     0x00002274      0x2cd CMakeFiles/LED.elf.dir/Core/Src/stm32f4xx_hal_msp.c.obj
 .debug_str     0x00002274      0x508 CMakeFiles/LED.elf.dir/Core/Src/stm32f4xx_it.c.obj
 .debug_str     0x00002274      0x333 CMakeFiles/LED.elf.dir/Core/Src/system_stm32f4xx.c.obj
 .debug_str     0x00002274       0x83 CMakeFiles/LED.elf.dir/Core/Startup/startup_stm32f407ighx.s.obj
 .debug_str     0x00002274      0xb76 CMakeFiles/LED.elf.dir/Drivers/STM32F4xx_HAL_Driver/Src/stm32f4xx_hal.c.obj
 .debug_str     0x00002274      0xa47 CMakeFiles/LED.elf.dir/Drivers/STM32F4xx_HAL_Driver/Src/stm32f4xx_hal_can.c.obj
 .debug_str     0x00002274      0xc87 CMakeFiles/LED.elf.dir/Drivers/STM32F4xx_HAL_Driver/Src/stm32f4xx_hal_cortex.c.obj
 .debug_str     0x00002274      0x4f2 CMakeFiles/LED.elf.dir/Drivers/STM32F4xx_HAL_Driver/Src/stm32f4xx_hal_gpio.c.obj
 .debug_str     0x00002274      0x718 CMakeFiles/LED.elf.dir/Drivers/STM32F4xx_HAL_Driver/Src/stm32f4xx_hal_rcc.c.obj

.comment        0x00000000       0x45
 .comment       0x00000000       0x45 CMakeFiles/LED.elf.dir/Core/Src/bsp_can.c.obj
                                 0x46 (size before relaxing)
 .comment       0x00000045       0x46 CMakeFiles/LED.elf.dir/Core/Src/can.c.obj
 .comment       0x00000045       0x46 CMakeFiles/LED.elf.dir/Core/Src/gpio.c.obj
 .comment       0x00000045       0x46 CMakeFiles/LED.elf.dir/Core/Src/main.c.obj
 .comment       0x00000045       0x46 CMakeFiles/LED.elf.dir/Core/Src/pid.c.obj
 .comment       0x00000045       0x46 CMakeFiles/LED.elf.dir/Core/Src/stm32f4xx_hal_msp.c.obj
 .comment       0x00000045       0x46 CMakeFiles/LED.elf.dir/Core/Src/stm32f4xx_it.c.obj
 .comment       0x00000045       0x46 CMakeFiles/LED.elf.dir/Core/Src/system_stm32f4xx.c.obj
 .comment       0x00000045       0x46 CMakeFiles/LED.elf.dir/Drivers/STM32F4xx_HAL_Driver/Src/stm32f4xx_hal.c.obj
 .comment       0x00000045       0x46 CMakeFiles/LED.elf.dir/Drivers/STM32F4xx_HAL_Driver/Src/stm32f4xx_hal_can.c.obj
 .comment       0x00000045       0x46 CMakeFiles/LED.elf.dir/Drivers/STM32F4xx_HAL_Driver/Src/stm32f4xx_hal_cortex.c.obj
 .comment       0x00000045       0x46 CMakeFiles/LED.elf.dir/Drivers/STM32F4xx_HAL_Driver/Src/stm32f4xx_hal_gpio.c.obj
 .comment       0x00000045       0x46 CMakeFiles/LED.elf.dir/Drivers/STM32F4xx_HAL_Driver/Src/stm32f4xx_hal_rcc.c.obj

.debug_frame    0x00000000     0x10d8
 .debug_frame   0x00000000       0x6c CMakeFiles/LED.elf.dir/Core/Src/bsp_can.c.obj
 .debug_frame   0x0000006c       0x60 CMakeFiles/LED.elf.dir/Core/Src/can.c.obj
 .debug_frame   0x000000cc       0x34 CMakeFiles/LED.elf.dir/Core/Src/gpio.c.obj
 .debug_frame   0x00000100       0x80 CMakeFiles/LED.elf.dir/Core/Src/main.c.obj
 .debug_frame   0x00000180       0x64 CMakeFiles/LED.elf.dir/Core/Src/pid.c.obj
 .debug_frame   0x000001e4       0x28 CMakeFiles/LED.elf.dir/Core/Src/stm32f4xx_hal_msp.c.obj
 .debug_frame   0x0000020c       0xc0 CMakeFiles/LED.elf.dir/Core/Src/stm32f4xx_it.c.obj
 .debug_frame   0x000002cc       0x30 CMakeFiles/LED.elf.dir/Core/Src/system_stm32f4xx.c.obj
 .debug_frame   0x000002fc      0x1ec CMakeFiles/LED.elf.dir/Drivers/STM32F4xx_HAL_Driver/Src/stm32f4xx_hal.c.obj
 .debug_frame   0x000004e8      0x2d4 CMakeFiles/LED.elf.dir/Drivers/STM32F4xx_HAL_Driver/Src/stm32f4xx_hal_can.c.obj
 .debug_frame   0x000007bc      0x214 CMakeFiles/LED.elf.dir/Drivers/STM32F4xx_HAL_Driver/Src/stm32f4xx_hal_cortex.c.obj
 .debug_frame   0x000009d0       0xd4 CMakeFiles/LED.elf.dir/Drivers/STM32F4xx_HAL_Driver/Src/stm32f4xx_hal_gpio.c.obj
 .debug_frame   0x00000aa4      0x16c CMakeFiles/LED.elf.dir/Drivers/STM32F4xx_HAL_Driver/Src/stm32f4xx_hal_rcc.c.obj
 .debug_frame   0x00000c10       0x24 D:/STM32/arm-none-eabi-gcc/bin/../lib/gcc/arm-none-eabi/14.2.1/thumb/v7e-m/nofp\libgcc.a(_arm_mulsf3.o)
 .debug_frame   0x00000c34       0xac D:/STM32/arm-none-eabi-gcc/bin/../lib/gcc/arm-none-eabi/14.2.1/thumb/v7e-m/nofp\libgcc.a(_arm_addsubdf3.o)
 .debug_frame   0x00000ce0       0x50 D:/STM32/arm-none-eabi-gcc/bin/../lib/gcc/arm-none-eabi/14.2.1/thumb/v7e-m/nofp\libgcc.a(_arm_muldivdf3.o)
 .debug_frame   0x00000d30       0x24 D:/STM32/arm-none-eabi-gcc/bin/../lib/gcc/arm-none-eabi/14.2.1/thumb/v7e-m/nofp\libgcc.a(_arm_truncdfsf2.o)
 .debug_frame   0x00000d54       0x4c D:/STM32/arm-none-eabi-gcc/bin/../lib/gcc/arm-none-eabi/14.2.1/thumb/v7e-m/nofp\libgcc.a(_arm_addsubsf3.o)
 .debug_frame   0x00000da0       0xc8 D:/STM32/arm-none-eabi-gcc/bin/../lib/gcc/arm-none-eabi/14.2.1/thumb/v7e-m/nofp\libgcc.a(_arm_cmpsf2.o)
 .debug_frame   0x00000e68       0x24 D:/STM32/arm-none-eabi-gcc/bin/../lib/gcc/arm-none-eabi/14.2.1/thumb/v7e-m/nofp\libgcc.a(_arm_fixsfsi.o)
 .debug_frame   0x00000e8c       0x2c D:/STM32/arm-none-eabi-gcc/bin/../lib/gcc/arm-none-eabi/14.2.1/thumb/v7e-m/nofp\libgcc.a(_aeabi_uldivmod.o)
 .debug_frame   0x00000eb8       0x34 D:/STM32/arm-none-eabi-gcc/bin/../lib/gcc/arm-none-eabi/14.2.1/thumb/v7e-m/nofp\libgcc.a(_udivmoddi4.o)
 .debug_frame   0x00000eec       0x2c D:/STM32/arm-none-eabi-gcc/bin/../lib/gcc/arm-none-eabi/14.2.1/thumb/v7e-m/nofp\libg.a(libc_a-memset.o)
 .debug_frame   0x00000f18       0x2c D:/STM32/arm-none-eabi-gcc/bin/../lib/gcc/arm-none-eabi/14.2.1/thumb/v7e-m/nofp\libg.a(libc_a-init.o)
 .debug_frame   0x00000f44       0xb0 D:/STM32/arm-none-eabi-gcc/bin/../lib/gcc/arm-none-eabi/14.2.1/thumb/v7e-m/nofp\libg.a(libc_a-lock.o)
 .debug_frame   0x00000ff4       0x5c D:/STM32/arm-none-eabi-gcc/bin/../lib/gcc/arm-none-eabi/14.2.1/thumb/v7e-m/nofp\libg.a(libc_a-__call_atexit.o)
 .debug_frame   0x00001050       0x20 D:/STM32/arm-none-eabi-gcc/bin/../lib/gcc/arm-none-eabi/14.2.1/thumb/v7e-m/nofp\libg.a(libc_a-atexit.o)
 .debug_frame   0x00001070       0x34 D:/STM32/arm-none-eabi-gcc/bin/../lib/gcc/arm-none-eabi/14.2.1/thumb/v7e-m/nofp\libg.a(libc_a-fini.o)
 .debug_frame   0x000010a4       0x34 D:/STM32/arm-none-eabi-gcc/bin/../lib/gcc/arm-none-eabi/14.2.1/thumb/v7e-m/nofp\libg.a(libc_a-__atexit.o)

.debug_line_str
                0x00000000      0x153
 .debug_line_str
                0x00000000      0x153 CMakeFiles/LED.elf.dir/Core/Startup/startup_stm32f407ighx.s.obj
                                 0x67 (size before relaxing)
 .debug_line_str
                0x00000153       0xcb D:/STM32/arm-none-eabi-gcc/bin/../lib/gcc/arm-none-eabi/14.2.1/thumb/v7e-m/nofp\libgcc.a(_arm_mulsf3.o)
 .debug_line_str
                0x00000153       0xcb D:/STM32/arm-none-eabi-gcc/bin/../lib/gcc/arm-none-eabi/14.2.1/thumb/v7e-m/nofp\libgcc.a(_arm_addsubdf3.o)
 .debug_line_str
                0x00000153       0xcb D:/STM32/arm-none-eabi-gcc/bin/../lib/gcc/arm-none-eabi/14.2.1/thumb/v7e-m/nofp\libgcc.a(_arm_muldivdf3.o)
 .debug_line_str
                0x00000153       0xcb D:/STM32/arm-none-eabi-gcc/bin/../lib/gcc/arm-none-eabi/14.2.1/thumb/v7e-m/nofp\libgcc.a(_arm_truncdfsf2.o)
 .debug_line_str
                0x00000153       0xcb D:/STM32/arm-none-eabi-gcc/bin/../lib/gcc/arm-none-eabi/14.2.1/thumb/v7e-m/nofp\libgcc.a(_arm_addsubsf3.o)
 .debug_line_str
                0x00000153       0xcb D:/STM32/arm-none-eabi-gcc/bin/../lib/gcc/arm-none-eabi/14.2.1/thumb/v7e-m/nofp\libgcc.a(_arm_cmpsf2.o)
 .debug_line_str
                0x00000153       0xcb D:/STM32/arm-none-eabi-gcc/bin/../lib/gcc/arm-none-eabi/14.2.1/thumb/v7e-m/nofp\libgcc.a(_arm_fixsfsi.o)
 .debug_line_str
                0x00000153       0xc6 D:/STM32/arm-none-eabi-gcc/bin/../lib/gcc/arm-none-eabi/14.2.1/thumb/v7e-m/nofp\libgcc.a(_aeabi_uldivmod.o)
 .debug_line_str
                0x00000153       0xca D:/STM32/arm-none-eabi-gcc/bin/../lib/gcc/arm-none-eabi/14.2.1/thumb/v7e-m/nofp\libgcc.a(_dvmd_tls.o)
