Archive member included to satisfy reference by file (symbol)

D:/STM32/arm-none-eabi-gcc/bin/../lib/gcc/arm-none-eabi/14.2.1/thumb/v7e-m/nofp\libgcc.a(_arm_muldf3.o)
                              CMakeFiles/LED.elf.dir/Core/Src/main.c.obj (__aeabi_dmul)
D:/STM32/arm-none-eabi-gcc/bin/../lib/gcc/arm-none-eabi/14.2.1/thumb/v7e-m/nofp\libgcc.a(_arm_mulsf3.o)
                              CMakeFiles/LED.elf.dir/Core/Src/main.c.obj (__aeabi_fmul)
D:/STM32/arm-none-eabi-gcc/bin/../lib/gcc/arm-none-eabi/14.2.1/thumb/v7e-m/nofp\libgcc.a(_arm_addsubdf3.o)
                              CMakeFiles/LED.elf.dir/Core/Src/main.c.obj (__aeabi_dsub)
D:/STM32/arm-none-eabi-gcc/bin/../lib/gcc/arm-none-eabi/14.2.1/thumb/v7e-m/nofp\libgcc.a(_arm_muldivdf3.o)
                              CMakeFiles/LED.elf.dir/Core/Src/main.c.obj (__aeabi_ddiv)
D:/STM32/arm-none-eabi-gcc/bin/../lib/gcc/arm-none-eabi/14.2.1/thumb/v7e-m/nofp\libgcc.a(_arm_addsubsf3.o)
                              CMakeFiles/LED.elf.dir/Core/Src/main.c.obj (__aeabi_fsub)
D:/STM32/arm-none-eabi-gcc/bin/../lib/gcc/arm-none-eabi/14.2.1/thumb/v7e-m/nofp\libgcc.a(_arm_muldivsf3.o)
                              CMakeFiles/LED.elf.dir/Core/Src/main.c.obj (__aeabi_fdiv)
D:/STM32/arm-none-eabi-gcc/bin/../lib/gcc/arm-none-eabi/14.2.1/thumb/v7e-m/nofp\libgcc.a(_arm_cmpsf2.o)
                              CMakeFiles/LED.elf.dir/Core/Src/main.c.obj (__aeabi_fcmplt)
D:/STM32/arm-none-eabi-gcc/bin/../lib/gcc/arm-none-eabi/14.2.1/thumb/v7e-m/nofp\libgcc.a(_arm_fixsfsi.o)
                              CMakeFiles/LED.elf.dir/Core/Src/main.c.obj (__aeabi_f2iz)
D:/STM32/arm-none-eabi-gcc/bin/../lib/gcc/arm-none-eabi/14.2.1/thumb/v7e-m/nofp\libgcc.a(_aeabi_uldivmod.o)
                              CMakeFiles/LED.elf.dir/Drivers/STM32F4xx_HAL_Driver/Src/stm32f4xx_hal_rcc.c.obj (__aeabi_uldivmod)
D:/STM32/arm-none-eabi-gcc/bin/../lib/gcc/arm-none-eabi/14.2.1/thumb/v7e-m/nofp\libgcc.a(_udivmoddi4.o)
                              D:/STM32/arm-none-eabi-gcc/bin/../lib/gcc/arm-none-eabi/14.2.1/thumb/v7e-m/nofp\libgcc.a(_aeabi_uldivmod.o) (__udivmoddi4)
D:/STM32/arm-none-eabi-gcc/bin/../lib/gcc/arm-none-eabi/14.2.1/thumb/v7e-m/nofp\libgcc.a(_dvmd_tls.o)
                              D:/STM32/arm-none-eabi-gcc/bin/../lib/gcc/arm-none-eabi/14.2.1/thumb/v7e-m/nofp\libgcc.a(_aeabi_uldivmod.o) (__aeabi_ldiv0)
D:/STM32/arm-none-eabi-gcc/bin/../lib/gcc/arm-none-eabi/14.2.1/thumb/v7e-m/nofp\libc.a(libc_a-exit.o)
                              D:/STM32/arm-none-eabi-gcc/bin/../lib/gcc/arm-none-eabi/14.2.1/thumb/v7e-m/nofp/crt0.o (exit)
D:/STM32/arm-none-eabi-gcc/bin/../lib/gcc/arm-none-eabi/14.2.1/thumb/v7e-m/nofp\libc.a(libc_a-findfp.o)
                              D:/STM32/arm-none-eabi-gcc/bin/../lib/gcc/arm-none-eabi/14.2.1/thumb/v7e-m/nofp\libc.a(libc_a-exit.o) (__stdio_exit_handler)
D:/STM32/arm-none-eabi-gcc/bin/../lib/gcc/arm-none-eabi/14.2.1/thumb/v7e-m/nofp\libc.a(libc_a-fwalk.o)
                              D:/STM32/arm-none-eabi-gcc/bin/../lib/gcc/arm-none-eabi/14.2.1/thumb/v7e-m/nofp\libc.a(libc_a-findfp.o) (_fwalk_sglue)
D:/STM32/arm-none-eabi-gcc/bin/../lib/gcc/arm-none-eabi/14.2.1/thumb/v7e-m/nofp\libc.a(libc_a-snprintf.o)
                              CMakeFiles/LED.elf.dir/Core/Src/main.c.obj (snprintf)
D:/STM32/arm-none-eabi-gcc/bin/../lib/gcc/arm-none-eabi/14.2.1/thumb/v7e-m/nofp\libc.a(libc_a-sprintf.o)
                              CMakeFiles/LED.elf.dir/Core/Src/main.c.obj (sprintf)
D:/STM32/arm-none-eabi-gcc/bin/../lib/gcc/arm-none-eabi/14.2.1/thumb/v7e-m/nofp\libc.a(libc_a-stdio.o)
                              D:/STM32/arm-none-eabi-gcc/bin/../lib/gcc/arm-none-eabi/14.2.1/thumb/v7e-m/nofp\libc.a(libc_a-findfp.o) (__sread)
D:/STM32/arm-none-eabi-gcc/bin/../lib/gcc/arm-none-eabi/14.2.1/thumb/v7e-m/nofp\libc.a(libc_a-memset.o)
                              D:/STM32/arm-none-eabi-gcc/bin/../lib/gcc/arm-none-eabi/14.2.1/thumb/v7e-m/nofp/crt0.o (memset)
D:/STM32/arm-none-eabi-gcc/bin/../lib/gcc/arm-none-eabi/14.2.1/thumb/v7e-m/nofp\libc.a(libc_a-strncpy.o)
                              CMakeFiles/LED.elf.dir/Core/Src/main.c.obj (strncpy)
D:/STM32/arm-none-eabi-gcc/bin/../lib/gcc/arm-none-eabi/14.2.1/thumb/v7e-m/nofp\libc.a(libc_a-closer.o)
                              D:/STM32/arm-none-eabi-gcc/bin/../lib/gcc/arm-none-eabi/14.2.1/thumb/v7e-m/nofp\libc.a(libc_a-stdio.o) (_close_r)
D:/STM32/arm-none-eabi-gcc/bin/../lib/gcc/arm-none-eabi/14.2.1/thumb/v7e-m/nofp\libc.a(libc_a-reent.o)
                              D:/STM32/arm-none-eabi-gcc/bin/../lib/gcc/arm-none-eabi/14.2.1/thumb/v7e-m/nofp\libc.a(libc_a-closer.o) (errno)
D:/STM32/arm-none-eabi-gcc/bin/../lib/gcc/arm-none-eabi/14.2.1/thumb/v7e-m/nofp\libc.a(libc_a-impure.o)
                              D:/STM32/arm-none-eabi-gcc/bin/../lib/gcc/arm-none-eabi/14.2.1/thumb/v7e-m/nofp\libc.a(libc_a-snprintf.o) (_impure_ptr)
D:/STM32/arm-none-eabi-gcc/bin/../lib/gcc/arm-none-eabi/14.2.1/thumb/v7e-m/nofp\libc.a(libc_a-lseekr.o)
[...]
Memory Configuration

Name             Origin             Length             Attributes
CCMRAM           0x10000000         0x00010000         xrw
RAM              0x20000000         0x00020000         xrw
FLASH            0x08000000         0x00100000         xr
*default*        0x00000000         0xffffffff

Linker script and memory map

LOAD D:/STM32/arm-none-eabi-gcc/bin/../lib/gcc/arm-none-eabi/14.2.1/thumb/v7e-m/nofp/crti.o
LOAD D:/STM32/arm-none-eabi-gcc/bin/../lib/gcc/arm-none-eabi/14.2.1/thumb/v7e-m/nofp/crtbegin.o
LOAD D:/STM32/arm-none-eabi-gcc/bin/../lib/gcc/arm-none-eabi/14.2.1/thumb/v7e-m/nofp/crt0.o
LOAD CMakeFiles/LED.elf.dir/Core/Src/bsp_can.c.obj
LOAD CMakeFiles/LED.elf.dir/Core/Src/can.c.obj
LOAD CMakeFiles/LED.elf.dir/Core/Src/dma.c.obj
LOAD CMakeFiles/LED.elf.dir/Core/Src/gpio.c.obj
LOAD CMakeFiles/LED.elf.dir/Core/Src/main.c.obj
LOAD CMakeFiles/LED.elf.dir/Core/Src/pid.c.obj
LOAD CMakeFiles/LED.elf.dir/Core/Src/spi.c.obj
LOAD CMakeFiles/LED.elf.dir/Core/Src/stm32f4xx_hal_msp.c.obj
LOAD CMakeFiles/LED.elf.dir/Core/Src/stm32f4xx_it.c.obj
LOAD CMakeFiles/LED.elf.dir/Core/Src/syscalls.c.obj
LOAD CMakeFiles/LED.elf.dir/Core/Src/sysmem.c.obj
LOAD CMakeFiles/LED.elf.dir/Core/Src/system_stm32f4xx.c.obj
LOAD CMakeFiles/LED.elf.dir/Core/Src/tim.c.obj
LOAD CMakeFiles/LED.elf.dir/Core/Src/usart.c.obj
LOAD CMakeFiles/LED.elf.dir/Core/Startup/startup_stm32f407ighx.s.obj
LOAD CMakeFiles/LED.elf.dir/Core/application/BMI088Middleware.c.obj
LOAD CMakeFiles/LED.elf.dir/Core/application/BMI088driver.c.obj
LOAD CMakeFiles/LED.elf.dir/Core/application/CAN_receive.c.obj
LOAD CMakeFiles/LED.elf.dir/Core/application/bsp_rc.c.obj
LOAD CMakeFiles/LED.elf.dir/Core/application/remote_control.c.obj
LOAD CMakeFiles/LED.elf.dir/Drivers/STM32F4xx_HAL_Driver/Src/stm32f4xx_hal.c.obj
LOAD CMakeFiles/LED.elf.dir/Drivers/STM32F4xx_HAL_Driver/Src/stm32f4xx_hal_can.c.obj
LOAD CMakeFiles/LED.elf.dir/Drivers/STM32F4xx_HAL_Driver/Src/stm32f4xx_hal_cortex.c.obj
LOAD CMakeFiles/LED.elf.dir/Drivers/STM32F4xx_HAL_Driver/Src/stm32f4xx_hal_dma.c.obj
LOAD CMakeFiles/LED.elf.dir/Drivers/STM32F4xx_HAL_Driver/Src/stm32f4xx_hal_dma_ex.c.obj
LOAD CMakeFiles/LED.elf.dir/Drivers/STM32F4xx_HAL_Driver/Src/stm32f4xx_hal_exti.c.obj
LOAD CMakeFiles/LED.elf.dir/Drivers/STM32F4xx_HAL_Driver/Src/stm32f4xx_hal_flash.c.obj
LOAD CMakeFiles/LED.elf.dir/Drivers/STM32F4xx_HAL_Driver/Src/stm32f4xx_hal_flash_ex.c.obj
LOAD CMakeFiles/LED.elf.dir/Drivers/STM32F4xx_HAL_Driver/Src/stm32f4xx_hal_flash_ramfunc.c.obj
LOAD CMakeFiles/LED.elf.dir/Drivers/STM32F4xx_HAL_Driver/Src/stm32f4xx_hal_gpio.c.obj
LOAD CMakeFiles/LED.elf.dir/Drivers/STM32F4xx_HAL_Driver/Src/stm32f4xx_hal_pwr.c.obj
LOAD CMakeFiles/LED.elf.dir/Drivers/STM32F4xx_HAL_Driver/Src/stm32f4xx_hal_pwr_ex.c.obj
LOAD CMakeFiles/LED.elf.dir/Drivers/STM32F4xx_HAL_Driver/Src/stm32f4xx_hal_rcc.c.obj
LOAD CMakeFiles/LED.elf.dir/Drivers/STM32F4xx_HAL_Driver/Src/stm32f4xx_hal_rcc_ex.c.obj
LOAD CMakeFiles/LED.elf.dir/Drivers/STM32F4xx_HAL_Driver/Src/stm32f4xx_hal_spi.c.obj
LOAD CMakeFiles/LED.elf.dir/Drivers/STM32F4xx_HAL_Driver/Src/stm32f4xx_hal_tim.c.obj
LOAD CMakeFiles/LED.elf.dir/Drivers/STM32F4xx_HAL_Driver/Src/stm32f4xx_hal_tim_ex.c.obj
LOAD CMakeFiles/LED.elf.dir/Drivers/STM32F4xx_HAL_Driver/Src/stm32f4xx_hal_uart.c.obj
START GROUP
LOAD D:/STM32/arm-none-eabi-gcc/bin/../lib/gcc/arm-none-eabi/14.2.1/thumb/v7e-m/nofp\libgcc.a
LOAD D:/STM32/arm-none-eabi-gcc/bin/../lib/gcc/arm-none-eabi/14.2.1/thumb/v7e-m/nofp\libc.a
END GROUP
LOAD D:/STM32/arm-none-eabi-gcc/bin/../lib/gcc/arm-none-eabi/14.2.1/thumb/v7e-m/nofp/crtend.o
LOAD D:/STM32/arm-none-eabi-gcc/bin/../lib/gcc/arm-none-eabi/14.2.1/thumb/v7e-m/nofp/crtn.o
                0x20020000                        _estack = (ORIGIN (RAM) + LENGTH (RAM))
                0x00000200                        _Min_Heap_Size = 0x200
                0x00000400                        _Min_Stack_Size = 0x400

.isr_vector     0x08000000      0x188
                0x08000000                        . = ALIGN (0x4)
 *(.isr_vector)
 .isr_vector    0x08000000      0x188 CMakeFiles/LED.elf.dir/Core/Startup/startup_stm32f407ighx.s.obj
                0x08000000                g_pfnVectors
                0x08000188                        . = ALIGN (0x4)

.text           0x080001c0     0xc8b8
                0x080001c0                        . = ALIGN (0x4)
 *(.text)
 .text          0x080001c0      0x378 D:/STM32/arm-none-eabi-gcc/bin/../lib/gcc/arm-none-eabi/14.2.1/thumb/v7e-m/nofp\libgcc.a(_arm_addsubdf3.o)
                0x080001c0                __aeabi_drsub
                0x080001c8                __aeabi_dsub
                0x080001c8                __subdf3
                0x080001cc                __aeabi_dadd
                0x080001cc                __adddf3
                0x08000444                __floatunsidf
                0x08000444                __aeabi_ui2d
                0x08000464                __floatsidf
                0x08000464                __aeabi_i2d
                0x08000488                __aeabi_f2d
                0x08000488                __extendsfdf2
                0x080004cc                __floatundidf
                0x080004cc                __aeabi_ul2d
                0x080004dc                __floatdidf
                0x080004dc                __aeabi_l2d
 .text          0x08000538      0x424 D:/STM32/arm-none-eabi-gcc/bin/../lib/gcc/arm-none-eabi/14.2.1/thumb/v7e-m/nofp\libgcc.a(_arm_muldivdf3.o)
                0x08000538                __aeabi_dmul
                0x08000538                __muldf3
                0x0800078c                __divdf3
                0x0800078c                __aeabi_ddiv
 .text          0x0800095c      0x21c D:/STM32/arm-none-eabi-gcc/bin/../lib/gcc/arm-none-eabi/14.2.1/thumb/v7e-m/nofp\libgcc.a(_arm_addsubsf3.o)
                0x0800095c                __aeabi_frsub
                0x08000964                __subsf3
                0x08000964                __aeabi_fsub
                0x08000968                __aeabi_fadd
                0x08000968                __addsf3
                0x08000ac8                __aeabi_ui2f
                0x08000ac8                __floatunsisf
                0x08000ad0                __aeabi_i2f
                0x08000ad0                __floatsisf
                0x08000aec                __aeabi_ul2f
                0x08000aec                __floatundisf
                0x08000afc                __aeabi_l2f
                0x08000afc                __floatdisf
 .text          0x08000b78      0x2a0 D:/STM32/arm-none-eabi-gcc/bin/../lib/gcc/arm-none-eabi/14.2.1/thumb/v7e-m/nofp\libgcc.a(_arm_muldivsf3.o)
                0x08000b78                __mulsf3
                0x08000b78                __aeabi_fmul
                0x08000ce0                __aeabi_fdiv
                0x08000ce0                __divsf3
 .text          0x08000e18       0xec D:/STM32/arm-none-eabi-gcc/bin/../lib/gcc/arm-none-eabi/14.2.1/thumb/v7e-m/nofp\libgcc.a(_arm_cmpsf2.o)
                0x08000e18                __gesf2
                0x08000e18                __gtsf2
                0x08000e20                __lesf2
                0x08000e20                __ltsf2
                0x08000e28                __nesf2
                0x08000e28                __eqsf2
                0x08000e28                __cmpsf2
                0x08000e88                __aeabi_cfrcmple
                0x08000e90                __aeabi_cfcmpeq
                0x08000e90                __aeabi_cfcmple
                0x08000ea0                __aeabi_fcmpeq
                0x08000eb4                __aeabi_fcmplt
                0x08000ec8                __aeabi_fcmple
                0x08000edc                __aeabi_fcmpge
                0x08000ef0                __aeabi_fcmpgt
 .text          0x08000f04       0x4c D:/STM32/arm-none-eabi-gcc/bin/../lib/gcc/arm-none-eabi/14.2.1/thumb/v7e-m/nofp\libgcc.a(_arm_fixsfsi.o)
                0x08000f04                __aeabi_f2iz
                0x08000f04                __fixsfsi
 .text          0x08000f50       0x30 D:/STM32/arm-none-eabi-gcc/bin/../lib/gcc/arm-none-eabi/14.2.1/thumb/v7e-m/nofp\libgcc.a(_aeabi_uldivmod.o)
                0x08000f50                __aeabi_uldivmod
 .text          0x08000f80        0x4 D:/STM32/arm-none-eabi-gcc/bin/../lib/gcc/arm-none-eabi/14.2.1/thumb/v7e-m/nofp\libgcc.a(_dvmd_tls.o)
                0x08000f80                __aeabi_idiv0
                0x08000f80                __aeabi_ldiv0
 *fill*         0x08000f84       0x3c 
 .text          0x08000fc0       0xd8 D:/STM32/arm-none-eabi-gcc/bin/../lib/gcc/arm-none-eabi/14.2.1/thumb/v7e-m/nofp\libc.a(libc_a-strlen.o)
                0x08000fc0                strlen
 *fill*         0x08001098        0x8 
 .text          0x080010a0       0xa0 D:/STM32/arm-none-eabi-gcc/bin/../lib/gcc/arm-none-eabi/14.2.1/thumb/v7e-m/nofp\libc.a(libc_a-memchr.o)
                0x080010a0                memchr
 .text          0x08001140      0x134 D:/STM32/arm-none-eabi-gcc/bin/../lib/gcc/arm-none-eabi/14.2.1/thumb/v7e-m/nofp\libc.a(libc_a-memcpy.o)
                0x08001140                memcpy
 .text          0x08001274      0x110 D:/STM32/arm-none-eabi-gcc/bin/../lib/gcc/arm-none-eabi/14.2.1/thumb/v7e-m/nofp\libgcc.a(_arm_cmpdf2.o)
                0x08001274                __gtdf2
                0x08001274                __gedf2
                0x0800127c                __ltdf2
                0x0800127c                __ledf2
                0x08001284                __nedf2
                0x08001284                __eqdf2
                0x08001284                __cmpdf2
                0x08001300                __aeabi_cdrcmple
                0x08001310                __aeabi_cdcmpeq
                0x08001310                __aeabi_cdcmple
                0x08001320                __aeabi_dcmpeq
                0x08001334                __aeabi_dcmplt
                0x08001348                __aeabi_dcmple
                0x0800135c                __aeabi_dcmpge
                0x08001370                __aeabi_dcmpgt
 .text          0x08001384       0x2c D:/STM32/arm-none-eabi-gcc/bin/../lib/gcc/arm-none-eabi/14.2.1/thumb/v7e-m/nofp\libgcc.a(_arm_unorddf2.o)
                0x08001384                __unorddf2
                0x08001384                __aeabi_dcmpun
 .text          0x080013b0       0x50 D:/STM32/arm-none-eabi-gcc/bin/../lib/gcc/arm-none-eabi/14.2.1/thumb/v7e-m/nofp\libgcc.a(_arm_fixdfsi.o)
                0x080013b0                __aeabi_d2iz
                0x080013b0                __fixdfsi
 *(.text*)
 .text.deregister_tm_clones
                0x08001400       0x1c D:/STM32/arm-none-eabi-gcc/bin/../lib/gcc/arm-none-eabi/14.2.1/thumb/v7e-m/nofp/crtbegin.o
 .text.register_tm_clones
                0x0800141c       0x24 D:/STM32/arm-none-eabi-gcc/bin/../lib/gcc/arm-none-eabi/14.2.1/thumb/v7e-m/nofp/crtbegin.o
 .text.__do_global_dtors_aux
                0x08001440       0x28 D:/STM32/arm-none-eabi-gcc/bin/../lib/gcc/arm-none-eabi/14.2.1/thumb/v7e-m/nofp/crtbegin.o
 .text.frame_dummy
                0x08001468       0x24 D:/STM32/arm-none-eabi-gcc/bin/../lib/gcc/arm-none-eabi/14.2.1/thumb/v7e-m/nofp/crtbegin.o
 .text.can_filter_init
                0x0800148c       0xac CMakeFiles/LED.elf.dir/Core/Src/bsp_can.c.obj
                0x0800148c                can_filter_init
 .text.MX_CAN1_Init
                0x08001538       0x40 CMakeFiles/LED.elf.dir/Core/Src/can.c.obj
                0x08001538                MX_CAN1_Init
 .text.MX_CAN2_Init
                0x08001578       0x40 CMakeFiles/LED.elf.dir/Core/Src/can.c.obj
                0x08001578                MX_CAN2_Init
 .text.HAL_CAN_MspInit
                0x080015b8      0x120 CMakeFiles/LED.elf.dir/Core/Src/can.c.obj
                0x080015b8                HAL_CAN_MspInit
 .text.MX_DMA_Init
                0x080016d8       0x78 CMakeFiles/LED.elf.dir/Core/Src/dma.c.obj
                0x080016d8                MX_DMA_Init
 .text.MX_GPIO_Init
                0x08001750      0x14c CMakeFiles/LED.elf.dir/Core/Src/gpio.c.obj
                0x08001750                MX_GPIO_Init
 .text.uart_queue_send
                0x0800189c       0x58 CMakeFiles/LED.elf.dir/Core/Src/main.c.obj
                0x0800189c                uart_queue_send
 .text.process_uart_queue
                0x080018f4       0x60 CMakeFiles/LED.elf.dir/Core/Src/main.c.obj
                0x080018f4                process_uart_queue
 .text.kalman_filter_accel
                0x08001954      0x25c CMakeFiles/LED.elf.dir/Core/Src/main.c.obj
                0x08001954                kalman_filter_accel
 .text.HAL_UART_TxCpltCallback
                0x08001bb0       0x1c CMakeFiles/LED.elf.dir/Core/Src/main.c.obj
                0x08001bb0                HAL_UART_TxCpltCallback
 .text.HAL_GPIO_EXTI_Callback
                0x08001bcc       0x90 CMakeFiles/LED.elf.dir/Core/Src/main.c.obj
                0x08001bcc                HAL_GPIO_EXTI_Callback
 .text.Error_Handler
                0x08001c5c        0x4 CMakeFiles/LED.elf.dir/Core/Src/main.c.obj
                0x08001c5c                Error_Handler
 .text.SystemClock_Config
                0x08001c60       0xbc CMakeFiles/LED.elf.dir/Core/Src/main.c.obj
                0x08001c60                SystemClock_Config
 .text.main     0x08001d1c      0x504 CMakeFiles/LED.elf.dir/Core/Src/main.c.obj
                0x08001d1c                main
 .text.pid_init
                0x08002220       0x18 CMakeFiles/LED.elf.dir/Core/Src/pid.c.obj
                0x08002220                pid_init
 .text.pid_calc
                0x08002238       0xb8 CMakeFiles/LED.elf.dir/Core/Src/pid.c.obj
                0x08002238                pid_calc
 .text.MX_SPI1_Init
                0x080022f0       0x48 CMakeFiles/LED.elf.dir/Core/Src/spi.c.obj
                0x080022f0                MX_SPI1_Init
 .text.HAL_SPI_MspInit
                0x08002338      0x12c CMakeFiles/LED.elf.dir/Core/Src/spi.c.obj
                0x08002338                HAL_SPI_MspInit
 .text.HAL_MspInit
                0x08002464       0x38 CMakeFiles/LED.elf.dir/Core/Src/stm32f4xx_hal_msp.c.obj
                0x08002464                HAL_MspInit
 .text.NMI_Handler
                0x0800249c        0x2 CMakeFiles/LED.elf.dir/Core/Src/stm32f4xx_it.c.obj
                0x0800249c                NMI_Handler
 .text.HardFault_Handler
                0x0800249e        0x2 CMakeFiles/LED.elf.dir/Core/Src/stm32f4xx_it.c.obj
                0x0800249e                HardFault_Handler
 .text.MemManage_Handler
                0x080024a0        0x2 CMakeFiles/LED.elf.dir/Core/Src/stm32f4xx_it.c.obj
                0x080024a0                MemManage_Handler
 .text.BusFault_Handler
                0x080024a2        0x2 CMakeFiles/LED.elf.dir/Core/Src/stm32f4xx_it.c.obj
                0x080024a2                BusFault_Handler
 .text.UsageFault_Handler
                0x080024a4        0x2 CMakeFiles/LED.elf.dir/Core/Src/stm32f4xx_it.c.obj
                0x080024a4                UsageFault_Handler
 .text.SVC_Handler
                0x080024a6        0x2 CMakeFiles/LED.elf.dir/Core/Src/stm32f4xx_it.c.obj
                0x080024a6                SVC_Handler
 .text.DebugMon_Handler
                0x080024a8        0x2 CMakeFiles/LED.elf.dir/Core/Src/stm32f4xx_it.c.obj
                0x080024a8                DebugMon_Handler
 .text.PendSV_Handler
                0x080024aa        0x2 CMakeFiles/LED.elf.dir/Core/Src/stm32f4xx_it.c.obj
                0x080024aa                PendSV_Handler
 .text.SysTick_Handler
                0x080024ac        0x8 CMakeFiles/LED.elf.dir/Core/Src/stm32f4xx_it.c.obj
                0x080024ac                SysTick_Handler
 .text.DMA1_Stream1_IRQHandler
                0x080024b4       0x10 CMakeFiles/LED.elf.dir/Core/Src/stm32f4xx_it.c.obj
                0x080024b4                DMA1_Stream1_IRQHandler
 .text.CAN1_RX0_IRQHandler
                0x080024c4       0x10 CMakeFiles/LED.elf.dir/Core/Src/stm32f4xx_it.c.obj
                0x080024c4                CAN1_RX0_IRQHandler
 .text.USART1_IRQHandler
                0x080024d4       0x10 CMakeFiles/LED.elf.dir/Core/Src/stm32f4xx_it.c.obj
                0x080024d4                USART1_IRQHandler
 .text.USART3_IRQHandler
                0x080024e4       0x14 CMakeFiles/LED.elf.dir/Core/Src/stm32f4xx_it.c.obj
                0x080024e4                USART3_IRQHandler
 .text.EXTI15_10_IRQHandler
                0x080024f8        0xc CMakeFiles/LED.elf.dir/Core/Src/stm32f4xx_it.c.obj
                0x080024f8                EXTI15_10_IRQHandler
 .text.DMA2_Stream2_IRQHandler
                0x08002504       0x10 CMakeFiles/LED.elf.dir/Core/Src/stm32f4xx_it.c.obj
                0x08002504                DMA2_Stream2_IRQHandler
 .text.DMA2_Stream3_IRQHandler
                0x08002514       0x10 CMakeFiles/LED.elf.dir/Core/Src/stm32f4xx_it.c.obj
                0x08002514                DMA2_Stream3_IRQHandler
 .text.CAN2_RX0_IRQHandler
                0x08002524       0x10 CMakeFiles/LED.elf.dir/Core/Src/stm32f4xx_it.c.obj
                0x08002524                CAN2_RX0_IRQHandler
 .text.DMA2_Stream7_IRQHandler
                0x08002534       0x10 CMakeFiles/LED.elf.dir/Core/Src/stm32f4xx_it.c.obj
                0x08002534                DMA2_Stream7_IRQHandler
 .text._getpid  0x08002544        0x4 CMakeFiles/LED.elf.dir/Core/Src/syscalls.c.obj
                0x08002544                _getpid
 .text._kill    0x08002548       0x10 CMakeFiles/LED.elf.dir/Core/Src/syscalls.c.obj
                0x08002548                _kill
 .text._exit    0x08002558        0xc CMakeFiles/LED.elf.dir/Core/Src/syscalls.c.obj
                0x08002558                _exit
 .text._read    0x08002564       0x20 CMakeFiles/LED.elf.dir/Core/Src/syscalls.c.obj
                0x08002564                _read
 .text._write   0x08002584       0x1c CMakeFiles/LED.elf.dir/Core/Src/syscalls.c.obj
                0x08002584                _write
 .text._close   0x080025a0        0x6 CMakeFiles/LED.elf.dir/Core/Src/syscalls.c.obj
                0x080025a0                _close
 .text._fstat   0x080025a6        0xa CMakeFiles/LED.elf.dir/Core/Src/syscalls.c.obj
                0x080025a6                _fstat
 .text._isatty  0x080025b0        0x4 CMakeFiles/LED.elf.dir/Core/Src/syscalls.c.obj
                0x080025b0                _isatty
 .text._lseek   0x080025b4        0x4 CMakeFiles/LED.elf.dir/Core/Src/syscalls.c.obj
                0x080025b4                _lseek
 .text._sbrk    0x080025b8       0x48 CMakeFiles/LED.elf.dir/Core/Src/sysmem.c.obj
                0x080025b8                _sbrk
 .text.SystemInit
                0x08002600        0x2 CMakeFiles/LED.elf.dir/Core/Src/system_stm32f4xx.c.obj
                0x08002600                SystemInit
 *fill*         0x08002602        0x2 
 .text.HAL_TIM_Base_MspInit
                0x08002604       0x30 CMakeFiles/LED.elf.dir/Core/Src/tim.c.obj
                0x08002604                HAL_TIM_Base_MspInit
 .text.HAL_TIM_MspPostInit
                0x08002634       0x5c CMakeFiles/LED.elf.dir/Core/Src/tim.c.obj
                0x08002634                HAL_TIM_MspPostInit
 .text.MX_TIM10_Init
                0x08002690       0x74 CMakeFiles/LED.elf.dir/Core/Src/tim.c.obj
                0x08002690                MX_TIM10_Init
 .text.MX_USART1_UART_Init
                0x08002704       0x34 CMakeFiles/LED.elf.dir/Core/Src/usart.c.obj
                0x08002704                MX_USART1_UART_Init
 .text.MX_USART3_UART_Init
                0x08002738       0x38 CMakeFiles/LED.elf.dir/Core/Src/usart.c.obj
                0x08002738                MX_USART3_UART_Init
 .text.HAL_UART_MspInit
                0x08002770      0x1a4 CMakeFiles/LED.elf.dir/Core/Src/usart.c.obj
                0x08002770                HAL_UART_MspInit
 .text.Reset_Handler
                0x08002914       0x50 CMakeFiles/LED.elf.dir/Core/Startup/startup_stm32f407ighx.s.obj
                0x08002914                Reset_Handler
 .text.Default_Handler
                0x08002964        0x2 CMakeFiles/LED.elf.dir/Core/Startup/startup_stm32f407ighx.s.obj
                0x08002964                RTC_Alarm_IRQHandler
                0x08002964                HASH_RNG_IRQHandler
                0x08002964                EXTI2_IRQHandler
                0x08002964                TIM8_CC_IRQHandler
                0x08002964                TIM1_CC_IRQHandler
                0x08002964                DMA2_Stream5_IRQHandler
                0x08002964                DMA1_Stream5_IRQHandler
                0x08002964                PVD_IRQHandler
                0x08002964                SDIO_IRQHandler
                0x08002964                TAMP_STAMP_IRQHandler
                0x08002964                CAN2_RX1_IRQHandler
                0x08002964                EXTI3_IRQHandler
                0x08002964                TIM8_TRG_COM_TIM14_IRQHandler
                0x08002964                TIM1_UP_TIM10_IRQHandler
                0x08002964                TIM8_UP_TIM13_IRQHandler
                0x08002964                I2C3_ER_IRQHandler
                0x08002964                EXTI0_IRQHandler
                0x08002964                I2C2_EV_IRQHandler
                0x08002964                DMA1_Stream2_IRQHandler
                0x08002964                FPU_IRQHandler
                0x08002964                OTG_HS_WKUP_IRQHandler
                0x08002964                CAN2_SCE_IRQHandler
                0x08002964                SPI1_IRQHandler
                0x08002964                TIM6_DAC_IRQHandler
                0x08002964                TIM1_BRK_TIM9_IRQHandler
                0x08002964                DCMI_IRQHandler
                0x08002964                USART6_IRQHandler
                0x08002964                CAN1_RX1_IRQHandler
                0x08002964                UART5_IRQHandler
                0x08002964                DMA2_Stream0_IRQHandler
                0x08002964                TIM4_IRQHandler
                0x08002964                I2C1_EV_IRQHandler
                0x08002964                DMA1_Stream6_IRQHandler
                0x08002964                UART4_IRQHandler
                0x08002964                TIM3_IRQHandler
                0x08002964                RCC_IRQHandler
                0x08002964                TIM8_BRK_TIM12_IRQHandler
                0x08002964                Default_Handler
                0x08002964                ADC_IRQHandler
                0x08002964                DMA1_Stream7_IRQHandler
                0x08002964                TIM7_IRQHandler
                0x08002964                CAN2_TX_IRQHandler
                0x08002964                TIM5_IRQHandler
                0x08002964                I2C3_EV_IRQHandler
                0x08002964                EXTI9_5_IRQHandler
                0x08002964                RTC_WKUP_IRQHandler
                0x08002964                ETH_WKUP_IRQHandler
                0x08002964                SPI2_IRQHandler
                0x08002964                OTG_HS_EP1_IN_IRQHandler
                0x08002964                DMA1_Stream0_IRQHandler
                0x08002964                CAN1_TX_IRQHandler
                0x08002964                EXTI4_IRQHandler
                0x08002964                FSMC_IRQHandler
                0x08002964                ETH_IRQHandler
                0x08002964                OTG_HS_EP1_OUT_IRQHandler
                0x08002964                WWDG_IRQHandler
                0x08002964                TIM2_IRQHandler
                0x08002964                OTG_FS_WKUP_IRQHandler
                0x08002964                TIM1_TRG_COM_TIM11_IRQHandler
                0x08002964                OTG_HS_IRQHandler
                0x08002964                EXTI1_IRQHandler
                0x08002964                USART2_IRQHandler
                0x08002964                I2C2_ER_IRQHandler
                0x08002964                DMA2_Stream1_IRQHandler
                0x08002964                CAN1_SCE_IRQHandler
                0x08002964                FLASH_IRQHandler
                0x08002964                DMA2_Stream4_IRQHandler
                0x08002964                OTG_FS_IRQHandler
                0x08002964                SPI3_IRQHandler
                0x08002964                DMA1_Stream4_IRQHandler
                0x08002964                I2C1_ER_IRQHandler
                0x08002964                DMA2_Stream6_IRQHandler
                0x08002964                DMA1_Stream3_IRQHandler
 .text.BMI088_GPIO_init
                0x08002966        0x2 CMakeFiles/LED.elf.dir/Core/application/BMI088Middleware.c.obj
                0x08002966                BMI088_GPIO_init
 .text.BMI088_com_init
                0x08002968        0x2 CMakeFiles/LED.elf.dir/Core/application/BMI088Middleware.c.obj
                0x08002968                BMI088_com_init
 .text.BMI088_delay_us
                0x0800296a       0x36 CMakeFiles/LED.elf.dir/Core/application/BMI088Middleware.c.obj
                0x0800296a                BMI088_delay_us
 .text.BMI088_delay_ms
                0x080029a0       0x18 CMakeFiles/LED.elf.dir/Core/application/BMI088Middleware.c.obj
                0x080029a0                BMI088_delay_ms
 .text.BMI088_ACCEL_NS_L
                0x080029b8       0x14 CMakeFiles/LED.elf.dir/Core/application/BMI088Middleware.c.obj
                0x080029b8                BMI088_ACCEL_NS_L
 .text.BMI088_ACCEL_NS_H
                0x080029cc       0x14 CMakeFiles/LED.elf.dir/Core/application/BMI088Middleware.c.obj
                0x080029cc                BMI088_ACCEL_NS_H
 .text.BMI088_GYRO_NS_L
                0x080029e0       0x14 CMakeFiles/LED.elf.dir/Core/application/BMI088Middleware.c.obj
                0x080029e0                BMI088_GYRO_NS_L
 .text.BMI088_GYRO_NS_H
                0x080029f4       0x14 CMakeFiles/LED.elf.dir/Core/application/BMI088Middleware.c.obj
                0x080029f4                BMI088_GYRO_NS_H
 .text.BMI088_read_write_byte
                0x08002a08       0x2c CMakeFiles/LED.elf.dir/Core/application/BMI088Middleware.c.obj
                0x08002a08                BMI088_read_write_byte
 .text.BMI088_write_single_reg
                0x08002a34       0x10 CMakeFiles/LED.elf.dir/Core/application/BMI088driver.c.obj
 .text.BMI088_read_single_reg
                0x08002a44       0x16 CMakeFiles/LED.elf.dir/Core/application/BMI088driver.c.obj
 .text.BMI088_read_muli_reg
                0x08002a5a       0x24 CMakeFiles/LED.elf.dir/Core/application/BMI088driver.c.obj
 *fill*         0x08002a7e        0x2 
 .text.bmi088_accel_init
                0x08002a80      0x10c CMakeFiles/LED.elf.dir/Core/application/BMI088driver.c.obj
                0x08002a80                bmi088_accel_init
 .text.bmi088_gyro_init
                0x08002b8c       0xec CMakeFiles/LED.elf.dir/Core/application/BMI088driver.c.obj
                0x08002b8c                bmi088_gyro_init
 .text.BMI088_init
                0x08002c78       0x1a CMakeFiles/LED.elf.dir/Core/application/BMI088driver.c.obj
                0x08002c78                BMI088_init
 *fill*         0x08002c92        0x2 
 .text.BMI088_read
                0x08002c94      0x148 CMakeFiles/LED.elf.dir/Core/application/BMI088driver.c.obj
                0x08002c94                BMI088_read
 .text.uint_to_float
                0x08002ddc       0x36 CMakeFiles/LED.elf.dir/Core/application/CAN_receive.c.obj
 .text.dm_motor_fbdata
                0x08002e12       0x78 CMakeFiles/LED.elf.dir/Core/application/CAN_receive.c.obj
                0x08002e12                dm_motor_fbdata
 *fill*         0x08002e8a        0x2 
 .text.HAL_CAN_RxFifo0MsgPendingCallback
                0x08002e8c       0xac CMakeFiles/LED.elf.dir/Core/application/CAN_receive.c.obj
                0x08002e8c                HAL_CAN_RxFifo0MsgPendingCallback
 .text.CAN_cmd_chassis
                0x08002f38       0x54 CMakeFiles/LED.elf.dir/Core/application/CAN_receive.c.obj
                0x08002f38                CAN_cmd_chassis
 .text.get_chassis_motor_measure_point
                0x08002f8c       0x14 CMakeFiles/LED.elf.dir/Core/application/CAN_receive.c.obj
                0x08002f8c                get_chassis_motor_measure_point
 .text.CAN_cmd_motor_pos_vel_control
                0x08002fa0      0x138 CMakeFiles/LED.elf.dir/Core/application/CAN_receive.c.obj
                0x08002fa0                CAN_cmd_motor_pos_vel_control
 .text.CAN_cmd_motor_control
                0x080030d8       0xa4 CMakeFiles/LED.elf.dir/Core/application/CAN_receive.c.obj
                0x080030d8                CAN_cmd_motor_control
 .text.RC_init  0x0800317c       0x68 CMakeFiles/LED.elf.dir/Core/application/bsp_rc.c.obj
                0x0800317c                RC_init
 .text.sbus_to_rc
                0x080031e4       0xde CMakeFiles/LED.elf.dir/Core/application/remote_control.c.obj
 *fill*         0x080032c2        0x2 
 .text.remote_control_init
                0x080032c4       0x14 CMakeFiles/LED.elf.dir/Core/application/remote_control.c.obj
                0x080032c4                remote_control_init
 .text.get_remote_control_point
                0x080032d8        0x8 CMakeFiles/LED.elf.dir/Core/application/remote_control.c.obj
                0x080032d8                get_remote_control_point
 .text.remote_control_uart3_handler
                0x080032e0       0xe4 CMakeFiles/LED.elf.dir/Core/application/remote_control.c.obj
                0x080032e0                remote_control_uart3_handler
 .text.HAL_InitTick
                0x080033c4       0x4c CMakeFiles/LED.elf.dir/Drivers/STM32F4xx_HAL_Driver/Src/stm32f4xx_hal.c.obj
                0x080033c4                HAL_InitTick
 .text.HAL_Init
                0x08003410       0x34 CMakeFiles/LED.elf.dir/Drivers/STM32F4xx_HAL_Driver/Src/stm32f4xx_hal.c.obj
                0x08003410                HAL_Init
 .text.HAL_IncTick
                0x08003444       0x18 CMakeFiles/LED.elf.dir/Drivers/STM32F4xx_HAL_Driver/Src/stm32f4xx_hal.c.obj
                0x08003444                HAL_IncTick
 .text.HAL_GetTick
                0x0800345c        0xc CMakeFiles/LED.elf.dir/Drivers/STM32F4xx_HAL_Driver/Src/stm32f4xx_hal.c.obj
                0x0800345c                HAL_GetTick
 .text.HAL_CAN_Init
                0x08003468      0x14c CMakeFiles/LED.elf.dir/Drivers/STM32F4xx_HAL_Driver/Src/stm32f4xx_hal_can.c.obj
                0x08003468                HAL_CAN_Init
 .text.HAL_CAN_ConfigFilter
                0x080035b4      0x13c CMakeFiles/LED.elf.dir/Drivers/STM32F4xx_HAL_Driver/Src/stm32f4xx_hal_can.c.obj
                0x080035b4                HAL_CAN_ConfigFilter
 .text.HAL_CAN_Start
                0x080036f0       0x5c CMakeFiles/LED.elf.dir/Drivers/STM32F4xx_HAL_Driver/Src/stm32f4xx_hal_can.c.obj
                0x080036f0                HAL_CAN_Start
 .text.HAL_CAN_AddTxMessage
                0x0800374c       0xea CMakeFiles/LED.elf.dir/Drivers/STM32F4xx_HAL_Driver/Src/stm32f4xx_hal_can.c.obj
                0x0800374c                HAL_CAN_AddTxMessage
 .text.HAL_CAN_GetTxMailboxesFreeLevel
                0x08003836       0x32 CMakeFiles/LED.elf.dir/Drivers/STM32F4xx_HAL_Driver/Src/stm32f4xx_hal_can.c.obj
                0x08003836                HAL_CAN_GetTxMailboxesFreeLevel
 .text.HAL_CAN_IsTxMessagePending
                0x08003868       0x26 CMakeFiles/LED.elf.dir/Drivers/STM32F4xx_HAL_Driver/Src/stm32f4xx_hal_can.c.obj
                0x08003868                HAL_CAN_IsTxMessagePending
 .text.HAL_CAN_GetRxMessage
                0x0800388e      0x16a CMakeFiles/LED.elf.dir/Drivers/STM32F4xx_HAL_Driver/Src/stm32f4xx_hal_can.c.obj
                0x0800388e                HAL_CAN_GetRxMessage
 .text.HAL_CAN_ActivateNotification
                0x080039f8       0x24 CMakeFiles/LED.elf.dir/Drivers/STM32F4xx_HAL_Driver/Src/stm32f4xx_hal_can.c.obj
                0x080039f8                HAL_CAN_ActivateNotification
 .text.HAL_CAN_TxMailbox0CompleteCallback
                0x08003a1c        0x2 CMakeFiles/LED.elf.dir/Drivers/STM32F4xx_HAL_Driver/Src/stm32f4xx_hal_can.c.obj
                0x08003a1c                HAL_CAN_TxMailbox0CompleteCallback
 .text.HAL_CAN_TxMailbox1CompleteCallback
                0x08003a1e        0x2 CMakeFiles/LED.elf.dir/Drivers/STM32F4xx_HAL_Driver/Src/stm32f4xx_hal_can.c.obj
                0x08003a1e                HAL_CAN_TxMailbox1CompleteCallback
 .text.HAL_CAN_TxMailbox2CompleteCallback
                0x08003a20        0x2 CMakeFiles/LED.elf.dir/Drivers/STM32F4xx_HAL_Driver/Src/stm32f4xx_hal_can.c.obj
                0x08003a20                HAL_CAN_TxMailbox2CompleteCallback
 .text.HAL_CAN_TxMailbox0AbortCallback
                0x08003a22        0x2 CMakeFiles/LED.elf.dir/Drivers/STM32F4xx_HAL_Driver/Src/stm32f4xx_hal_can.c.obj
                0x08003a22                HAL_CAN_TxMailbox0AbortCallback
 .text.HAL_CAN_TxMailbox1AbortCallback
                0x08003a24        0x2 CMakeFiles/LED.elf.dir/Drivers/STM32F4xx_HAL_Driver/Src/stm32f4xx_hal_can.c.obj
                0x08003a24                HAL_CAN_TxMailbox1AbortCallback
 .text.HAL_CAN_TxMailbox2AbortCallback
                0x08003a26        0x2 CMakeFiles/LED.elf.dir/Drivers/STM32F4xx_HAL_Driver/Src/stm32f4xx_hal_can.c.obj
                0x08003a26                HAL_CAN_TxMailbox2AbortCallback
 .text.HAL_CAN_RxFifo0FullCallback
                0x08003a28        0x2 CMakeFiles/LED.elf.dir/Drivers/STM32F4xx_HAL_Driver/Src/stm32f4xx_hal_can.c.obj
                0x08003a28                HAL_CAN_RxFifo0FullCallback
 .text.HAL_CAN_RxFifo1MsgPendingCallback
                0x08003a2a        0x2 CMakeFiles/LED.elf.dir/Drivers/STM32F4xx_HAL_Driver/Src/stm32f4xx_hal_can.c.obj
                0x08003a2a                HAL_CAN_RxFifo1MsgPendingCallback
 .text.HAL_CAN_RxFifo1FullCallback
                0x08003a2c        0x2 CMakeFiles/LED.elf.dir/Drivers/STM32F4xx_HAL_Driver/Src/stm32f4xx_hal_can.c.obj
                0x08003a2c                HAL_CAN_RxFifo1FullCallback
 .text.HAL_CAN_SleepCallback
                0x08003a2e        0x2 CMakeFiles/LED.elf.dir/Drivers/STM32F4xx_HAL_Driver/Src/stm32f4xx_hal_can.c.obj
                0x08003a2e                HAL_CAN_SleepCallback
 .text.HAL_CAN_WakeUpFromRxMsgCallback
                0x08003a30        0x2 CMakeFiles/LED.elf.dir/Drivers/STM32F4xx_HAL_Driver/Src/stm32f4xx_hal_can.c.obj
                0x08003a30                HAL_CAN_WakeUpFromRxMsgCallback
 .text.HAL_CAN_ErrorCallback
                0x08003a32        0x2 CMakeFiles/LED.elf.dir/Drivers/STM32F4xx_HAL_Driver/Src/stm32f4xx_hal_can.c.obj
                0x08003a32                HAL_CAN_ErrorCallback
 .text.HAL_CAN_IRQHandler
                0x08003a34      0x250 CMakeFiles/LED.elf.dir/Drivers/STM32F4xx_HAL_Driver/Src/stm32f4xx_hal_can.c.obj
                0x08003a34                HAL_CAN_IRQHandler
 .text.__NVIC_EnableIRQ
                0x08003c84       0x1c CMakeFiles/LED.elf.dir/Drivers/STM32F4xx_HAL_Driver/Src/stm32f4xx_hal_cortex.c.obj
 .text.__NVIC_SetPriority
                0x08003ca0       0x28 CMakeFiles/LED.elf.dir/Drivers/STM32F4xx_HAL_Driver/Src/stm32f4xx_hal_cortex.c.obj
 .text.NVIC_EncodePriority
                0x08003cc8       0x3e CMakeFiles/LED.elf.dir/Drivers/STM32F4xx_HAL_Driver/Src/stm32f4xx_hal_cortex.c.obj
 *fill*         0x08003d06        0x2 
 .text.HAL_NVIC_SetPriorityGrouping
                0x08003d08       0x24 CMakeFiles/LED.elf.dir/Drivers/STM32F4xx_HAL_Driver/Src/stm32f4xx_hal_cortex.c.obj
                0x08003d08                HAL_NVIC_SetPriorityGrouping
 .text.HAL_NVIC_SetPriority
                0x08003d2c       0x20 CMakeFiles/LED.elf.dir/Drivers/STM32F4xx_HAL_Driver/Src/stm32f4xx_hal_cortex.c.obj
                0x08003d2c                HAL_NVIC_SetPriority
 .text.HAL_NVIC_EnableIRQ
                0x08003d4c        0x8 CMakeFiles/LED.elf.dir/Drivers/STM32F4xx_HAL_Driver/Src/stm32f4xx_hal_cortex.c.obj
                0x08003d4c                HAL_NVIC_EnableIRQ
 .text.HAL_SYSTICK_Config
                0x08003d54       0x28 CMakeFiles/LED.elf.dir/Drivers/STM32F4xx_HAL_Driver/Src/stm32f4xx_hal_cortex.c.obj
                0x08003d54                HAL_SYSTICK_Config
 .text.DMA_SetConfig
                0x08003d7c       0x2c CMakeFiles/LED.elf.dir/Drivers/STM32F4xx_HAL_Driver/Src/stm32f4xx_hal_dma.c.obj
 .text.DMA_CalcBaseAndBitshift
                0x08003da8       0x38 CMakeFiles/LED.elf.dir/Drivers/STM32F4xx_HAL_Driver/Src/stm32f4xx_hal_dma.c.obj
 .text.DMA_CheckFifoParam
                0x08003de0       0x8e CMakeFiles/LED.elf.dir/Drivers/STM32F4xx_HAL_Driver/Src/stm32f4xx_hal_dma.c.obj
 *fill*         0x08003e6e        0x2 
 .text.HAL_DMA_Init
                0x08003e70       0xcc CMakeFiles/LED.elf.dir/Drivers/STM32F4xx_HAL_Driver/Src/stm32f4xx_hal_dma.c.obj
                0x08003e70                HAL_DMA_Init
 .text.HAL_DMA_Start_IT
                0x08003f3c       0x68 CMakeFiles/LED.elf.dir/Drivers/STM32F4xx_HAL_Driver/Src/stm32f4xx_hal_dma.c.obj
                0x08003f3c                HAL_DMA_Start_IT
 .text.HAL_DMA_Abort
                0x08003fa4       0x92 CMakeFiles/LED.elf.dir/Drivers/STM32F4xx_HAL_Driver/Src/stm32f4xx_hal_dma.c.obj
                0x08003fa4                HAL_DMA_Abort
 .text.HAL_DMA_Abort_IT
                0x08004036       0x24 CMakeFiles/LED.elf.dir/Drivers/STM32F4xx_HAL_Driver/Src/stm32f4xx_hal_dma.c.obj
                0x08004036                HAL_DMA_Abort_IT
 *fill*         0x0800405a        0x2 
 .text.HAL_DMA_IRQHandler
                0x0800405c      0x1dc CMakeFiles/LED.elf.dir/Drivers/STM32F4xx_HAL_Driver/Src/stm32f4xx_hal_dma.c.obj
                0x0800405c                HAL_DMA_IRQHandler
 .text.HAL_GPIO_Init
                0x08004238      0x1f4 CMakeFiles/LED.elf.dir/Drivers/STM32F4xx_HAL_Driver/Src/stm32f4xx_hal_gpio.c.obj
                0x08004238                HAL_GPIO_Init
 .text.HAL_GPIO_ReadPin
                0x0800442c        0xe CMakeFiles/LED.elf.dir/Drivers/STM32F4xx_HAL_Driver/Src/stm32f4xx_hal_gpio.c.obj
                0x0800442c                HAL_GPIO_ReadPin
 .text.HAL_GPIO_WritePin
                0x0800443a        0xc CMakeFiles/LED.elf.dir/Drivers/STM32F4xx_HAL_Driver/Src/stm32f4xx_hal_gpio.c.obj
                0x0800443a                HAL_GPIO_WritePin
 .text.HAL_GPIO_TogglePin
                0x08004446       0x12 CMakeFiles/LED.elf.dir/Drivers/STM32F4xx_HAL_Driver/Src/stm32f4xx_hal_gpio.c.obj
                0x08004446                HAL_GPIO_TogglePin
 .text.HAL_GPIO_EXTI_IRQHandler
                0x08004458       0x1c CMakeFiles/LED.elf.dir/Drivers/STM32F4xx_HAL_Driver/Src/stm32f4xx_hal_gpio.c.obj
                0x08004458                HAL_GPIO_EXTI_IRQHandler
 .text.HAL_RCC_OscConfig
                0x08004474      0x3f8 CMakeFiles/LED.elf.dir/Drivers/STM32F4xx_HAL_Driver/Src/stm32f4xx_hal_rcc.c.obj
                0x08004474                HAL_RCC_OscConfig
 .text.HAL_RCC_GetSysClockFreq
                0x0800486c       0xa8 CMakeFiles/LED.elf.dir/Drivers/STM32F4xx_HAL_Driver/Src/stm32f4xx_hal_rcc.c.obj
                0x0800486c                HAL_RCC_GetSysClockFreq
 .text.HAL_RCC_ClockConfig
                0x08004914      0x160 CMakeFiles/LED.elf.dir/Drivers/STM32F4xx_HAL_Driver/Src/stm32f4xx_hal_rcc.c.obj
                0x08004914                HAL_RCC_ClockConfig
 .text.HAL_RCC_GetHCLKFreq
                0x08004a74        0xc CMakeFiles/LED.elf.dir/Drivers/STM32F4xx_HAL_Driver/Src/stm32f4xx_hal_rcc.c.obj
                0x08004a74                HAL_RCC_GetHCLKFreq
 .text.HAL_RCC_GetPCLK1Freq
                0x08004a80       0x20 CMakeFiles/LED.elf.dir/Drivers/STM32F4xx_HAL_Driver/Src/stm32f4xx_hal_rcc.c.obj
                0x08004a80                HAL_RCC_GetPCLK1Freq
 .text.HAL_RCC_GetPCLK2Freq
                0x08004aa0       0x20 CMakeFiles/LED.elf.dir/Drivers/STM32F4xx_HAL_Driver/Src/stm32f4xx_hal_rcc.c.obj
                0x08004aa0                HAL_RCC_GetPCLK2Freq
 .text.SPI_WaitFlagStateUntilTimeout
                0x08004ac0       0xc8 CMakeFiles/LED.elf.dir/Drivers/STM32F4xx_HAL_Driver/Src/stm32f4xx_hal_spi.c.obj
 .text.SPI_EndRxTxTransaction
                0x08004b88       0x80 CMakeFiles/LED.elf.dir/Drivers/STM32F4xx_HAL_Driver/Src/stm32f4xx_hal_spi.c.obj
 .text.HAL_SPI_Init
                0x08004c08       0xbe CMakeFiles/LED.elf.dir/Drivers/STM32F4xx_HAL_Driver/Src/stm32f4xx_hal_spi.c.obj
                0x08004c08                HAL_SPI_Init
 .text.HAL_SPI_TransmitReceive
                0x08004cc6      0x252 CMakeFiles/LED.elf.dir/Drivers/STM32F4xx_HAL_Driver/Src/stm32f4xx_hal_spi.c.obj
                0x08004cc6                HAL_SPI_TransmitReceive
 .text.TIM_OC1_SetConfig
                0x08004f18       0x70 CMakeFiles/LED.elf.dir/Drivers/STM32F4xx_HAL_Driver/Src/stm32f4xx_hal_tim.c.obj
 .text.TIM_OC3_SetConfig
                0x08004f88       0x70 CMakeFiles/LED.elf.dir/Drivers/STM32F4xx_HAL_Driver/Src/stm32f4xx_hal_tim.c.obj
 .text.TIM_OC4_SetConfig
                0x08004ff8       0x50 CMakeFiles/LED.elf.dir/Drivers/STM32F4xx_HAL_Driver/Src/stm32f4xx_hal_tim.c.obj
 .text.HAL_TIM_PWM_MspInit
                0x08005048        0x2 CMakeFiles/LED.elf.dir/Drivers/STM32F4xx_HAL_Driver/Src/stm32f4xx_hal_tim.c.obj
                0x08005048                HAL_TIM_PWM_MspInit
 *fill*         0x0800504a        0x2 
 .text.TIM_Base_SetConfig
                0x0800504c       0xd8 CMakeFiles/LED.elf.dir/Drivers/STM32F4xx_HAL_Driver/Src/stm32f4xx_hal_tim.c.obj
                0x0800504c                TIM_Base_SetConfig
 .text.HAL_TIM_Base_Init
                0x08005124       0x58 CMakeFiles/LED.elf.dir/Drivers/STM32F4xx_HAL_Driver/Src/stm32f4xx_hal_tim.c.obj
                0x08005124                HAL_TIM_Base_Init
 .text.HAL_TIM_PWM_Init
                0x0800517c       0x58 CMakeFiles/LED.elf.dir/Drivers/STM32F4xx_HAL_Driver/Src/stm32f4xx_hal_tim.c.obj
                0x0800517c                HAL_TIM_PWM_Init
 .text.TIM_OC2_SetConfig
                0x080051d4       0x70 CMakeFiles/LED.elf.dir/Drivers/STM32F4xx_HAL_Driver/Src/stm32f4xx_hal_tim.c.obj
                0x080051d4                TIM_OC2_SetConfig
 .text.HAL_TIM_PWM_ConfigChannel
                0x08005244       0xdc CMakeFiles/LED.elf.dir/Drivers/STM32F4xx_HAL_Driver/Src/stm32f4xx_hal_tim.c.obj
                0x08005244                HAL_TIM_PWM_ConfigChannel
 .text.UART_EndTxTransfer
                0x08005320       0x20 CMakeFiles/LED.elf.dir/Drivers/STM32F4xx_HAL_Driver/Src/stm32f4xx_hal_uart.c.obj
 .text.UART_EndRxTransfer
                0x08005340       0x5c CMakeFiles/LED.elf.dir/Drivers/STM32F4xx_HAL_Driver/Src/stm32f4xx_hal_uart.c.obj
 .text.UART_Transmit_IT
                0x0800539c       0x5e CMakeFiles/LED.elf.dir/Drivers/STM32F4xx_HAL_Driver/Src/stm32f4xx_hal_uart.c.obj
 *fill*         0x080053fa        0x2 
 .text.UART_SetConfig
                0x080053fc      0x110 CMakeFiles/LED.elf.dir/Drivers/STM32F4xx_HAL_Driver/Src/stm32f4xx_hal_uart.c.obj
 .text.HAL_UART_Init
                0x0800550c       0x60 CMakeFiles/LED.elf.dir/Drivers/STM32F4xx_HAL_Driver/Src/stm32f4xx_hal_uart.c.obj
                0x0800550c                HAL_UART_Init
 .text.HAL_UART_Transmit_DMA
                0x0800556c       0x80 CMakeFiles/LED.elf.dir/Drivers/STM32F4xx_HAL_Driver/Src/stm32f4xx_hal_uart.c.obj
                0x0800556c                HAL_UART_Transmit_DMA
 .text.UART_DMATransmitCplt
                0x080055ec       0x4c CMakeFiles/LED.elf.dir/Drivers/STM32F4xx_HAL_Driver/Src/stm32f4xx_hal_uart.c.obj
 .text.UART_EndTransmit_IT
                0x08005638       0x1a CMakeFiles/LED.elf.dir/Drivers/STM32F4xx_HAL_Driver/Src/stm32f4xx_hal_uart.c.obj
 .text.HAL_UART_TxHalfCpltCallback
                0x08005652        0x2 CMakeFiles/LED.elf.dir/Drivers/STM32F4xx_HAL_Driver/Src/stm32f4xx_hal_uart.c.obj
                0x08005652                HAL_UART_TxHalfCpltCallback
 .text.UART_DMATxHalfCplt
                0x08005654        0xa CMakeFiles/LED.elf.dir/Drivers/STM32F4xx_HAL_Driver/Src/stm32f4xx_hal_uart.c.obj
 .text.HAL_UART_RxCpltCallback
                0x0800565e        0x2 CMakeFiles/LED.elf.dir/Drivers/STM32F4xx_HAL_Driver/Src/stm32f4xx_hal_uart.c.obj
                0x0800565e                HAL_UART_RxCpltCallback
 .text.HAL_UART_ErrorCallback
                0x08005660        0x2 CMakeFiles/LED.elf.dir/Drivers/STM32F4xx_HAL_Driver/Src/stm32f4xx_hal_uart.c.obj
                0x08005660                HAL_UART_ErrorCallback
 .text.UART_DMAError
                0x08005662       0x54 CMakeFiles/LED.elf.dir/Drivers/STM32F4xx_HAL_Driver/Src/stm32f4xx_hal_uart.c.obj
 .text.UART_DMAAbortOnError
                0x080056b6       0x10 CMakeFiles/LED.elf.dir/Drivers/STM32F4xx_HAL_Driver/Src/stm32f4xx_hal_uart.c.obj
 .text.HAL_UARTEx_RxEventCallback
                0x080056c6        0x2 CMakeFiles/LED.elf.dir/Drivers/STM32F4xx_HAL_Driver/Src/stm32f4xx_hal_uart.c.obj
                0x080056c6                HAL_UARTEx_RxEventCallback
 .text.UART_Receive_IT
                0x080056c8       0xe4 CMakeFiles/LED.elf.dir/Drivers/STM32F4xx_HAL_Driver/Src/stm32f4xx_hal_uart.c.obj
 .text.HAL_UART_IRQHandler
                0x080057ac      0x284 CMakeFiles/LED.elf.dir/Drivers/STM32F4xx_HAL_Driver/Src/stm32f4xx_hal_uart.c.obj
                0x080057ac                HAL_UART_IRQHandler
 .text.__udivmoddi4
                0x08005a30      0x2f8 D:/STM32/arm-none-eabi-gcc/bin/../lib/gcc/arm-none-eabi/14.2.1/thumb/v7e-m/nofp\libgcc.a(_udivmoddi4.o)
                0x08005a30                __udivmoddi4
 .text.stdio_exit_handler
                0x08005d28       0x18 D:/STM32/arm-none-eabi-gcc/bin/../lib/gcc/arm-none-eabi/14.2.1/thumb/v7e-m/nofp\libc.a(libc_a-findfp.o)
 .text.cleanup_stdio
                0x08005d40       0x40 D:/STM32/arm-none-eabi-gcc/bin/../lib/gcc/arm-none-eabi/14.2.1/thumb/v7e-m/nofp\libc.a(libc_a-findfp.o)
 .text.global_stdio_init.part.0
                0x08005d80       0xf0 D:/STM32/arm-none-eabi-gcc/bin/../lib/gcc/arm-none-eabi/14.2.1/thumb/v7e-m/nofp\libc.a(libc_a-findfp.o)
 .text.__sinit  0x08005e70       0x3c D:/STM32/arm-none-eabi-gcc/bin/../lib/gcc/arm-none-eabi/14.2.1/thumb/v7e-m/nofp\libc.a(libc_a-findfp.o)
                0x08005e70                __sinit
 .text.__sfp_lock_acquire
                0x08005eac        0xc D:/STM32/arm-none-eabi-gcc/bin/../lib/gcc/arm-none-eabi/14.2.1/thumb/v7e-m/nofp\libc.a(libc_a-findfp.o)
                0x08005eac                __sfp_lock_acquire
 .text.__sfp_lock_release
                0x08005eb8        0xc D:/STM32/arm-none-eabi-gcc/bin/../lib/gcc/arm-none-eabi/14.2.1/thumb/v7e-m/nofp\libc.a(libc_a-findfp.o)
                0x08005eb8                __sfp_lock_release
 .text._fwalk_sglue
                0x08005ec4       0x44 D:/STM32/arm-none-eabi-gcc/bin/../lib/gcc/arm-none-eabi/14.2.1/thumb/v7e-m/nofp\libc.a(libc_a-fwalk.o)
                0x08005ec4                _fwalk_sglue
 .text.snprintf
                0x08005f08       0x90 D:/STM32/arm-none-eabi-gcc/bin/../lib/gcc/arm-none-eabi/14.2.1/thumb/v7e-m/nofp\libc.a(libc_a-snprintf.o)
                0x08005f08                snprintf
 .text.sprintf  0x08005f98       0x44 D:/STM32/arm-none-eabi-gcc/bin/../lib/gcc/arm-none-eabi/14.2.1/thumb/v7e-m/nofp\libc.a(libc_a-sprintf.o)
                0x08005f98                sprintf
 .text.__sread  0x08005fdc       0x24 D:/STM32/arm-none-eabi-gcc/bin/../lib/gcc/arm-none-eabi/14.2.1/thumb/v7e-m/nofp\libc.a(libc_a-stdio.o)
                0x08005fdc                __sread
 .text.__swrite
                0x08006000       0x40 D:/STM32/arm-none-eabi-gcc/bin/../lib/gcc/arm-none-eabi/14.2.1/thumb/v7e-m/nofp\libc.a(libc_a-stdio.o)
                0x08006000                __swrite
 .text.__sseek  0x08006040       0x24 D:/STM32/arm-none-eabi-gcc/bin/../lib/gcc/arm-none-eabi/14.2.1/thumb/v7e-m/nofp\libc.a(libc_a-stdio.o)
                0x08006040                __sseek
 .text.__sclose
                0x08006064        0x8 D:/STM32/arm-none-eabi-gcc/bin/../lib/gcc/arm-none-eabi/14.2.1/thumb/v7e-m/nofp\libc.a(libc_a-stdio.o)
                0x08006064                __sclose
 .text.memset   0x0800606c       0x9c D:/STM32/arm-none-eabi-gcc/bin/../lib/gcc/arm-none-eabi/14.2.1/thumb/v7e-m/nofp\libc.a(libc_a-memset.o)
                0x0800606c                memset
 .text.strncpy  0x08006108       0x68 D:/STM32/arm-none-eabi-gcc/bin/../lib/gcc/arm-none-eabi/14.2.1/thumb/v7e-m/nofp\libc.a(libc_a-strncpy.o)
                0x08006108                strncpy
 .text._close_r
                0x08006170       0x24 D:/STM32/arm-none-eabi-gcc/bin/../lib/gcc/arm-none-eabi/14.2.1/thumb/v7e-m/nofp\libc.a(libc_a-closer.o)
                0x08006170                _close_r
 .text._lseek_r
                0x08006194       0x2c D:/STM32/arm-none-eabi-gcc/bin/../lib/gcc/arm-none-eabi/14.2.1/thumb/v7e-m/nofp\libc.a(libc_a-lseekr.o)
                0x08006194                _lseek_r
 .text._read_r  0x080061c0       0x2c D:/STM32/arm-none-eabi-gcc/bin/../lib/gcc/arm-none-eabi/14.2.1/thumb/v7e-m/nofp\libc.a(libc_a-readr.o)
                0x080061c0                _read_r
 .text._write_r
                0x080061ec       0x2c D:/STM32/arm-none-eabi-gcc/bin/../lib/gcc/arm-none-eabi/14.2.1/thumb/v7e-m/nofp\libc.a(libc_a-writer.o)
                0x080061ec                _write_r
 .text.__errno  0x08006218        0xc D:/STM32/arm-none-eabi-gcc/bin/../lib/gcc/arm-none-eabi/14.2.1/thumb/v7e-m/nofp\libc.a(libc_a-errno.o)
                0x08006218                __errno
 .text.__libc_init_array
                0x08006224       0x50 D:/STM32/arm-none-eabi-gcc/bin/../lib/gcc/arm-none-eabi/14.2.1/thumb/v7e-m/nofp\libc.a(libc_a-init.o)
                0x08006224                __libc_init_array
 .text.__retarget_lock_init_recursive
                0x08006274        0x4 D:/STM32/arm-none-eabi-gcc/bin/../lib/gcc/arm-none-eabi/14.2.1/thumb/v7e-m/nofp\libc.a(libc_a-lock.o)
                0x08006274                __retarget_lock_init_recursive
 .text.__retarget_lock_close_recursive
                0x08006278        0x4 D:/STM32/arm-none-eabi-gcc/bin/../lib/gcc/arm-none-eabi/14.2.1/thumb/v7e-m/nofp\libc.a(libc_a-lock.o)
                0x08006278                __retarget_lock_close_recursive
 .text.__retarget_lock_acquire_recursive
                0x0800627c        0x4 D:/STM32/arm-none-eabi-gcc/bin/../lib/gcc/arm-none-eabi/14.2.1/thumb/v7e-m/nofp\libc.a(libc_a-lock.o)
                0x0800627c                __retarget_lock_acquire_recursive
 .text.__retarget_lock_release_recursive
                0x08006280        0x4 D:/STM32/arm-none-eabi-gcc/bin/../lib/gcc/arm-none-eabi/14.2.1/thumb/v7e-m/nofp\libc.a(libc_a-lock.o)
                0x08006280                __retarget_lock_release_recursive
 .text.startup.register_fini
                0x08006284       0x14 D:/STM32/arm-none-eabi-gcc/bin/../lib/gcc/arm-none-eabi/14.2.1/thumb/v7e-m/nofp\libc.a(libc_a-__call_atexit.o)
 .text.atexit   0x08006298        0xc D:/STM32/arm-none-eabi-gcc/bin/../lib/gcc/arm-none-eabi/14.2.1/thumb/v7e-m/nofp\libc.a(libc_a-atexit.o)
                0x08006298                atexit
 .text._malloc_trim_r
                0x080062a4       0xb8 D:/STM32/arm-none-eabi-gcc/bin/../lib/gcc/arm-none-eabi/14.2.1/thumb/v7e-m/nofp\libc.a(libc_a-freer.o)
                0x080062a4                _malloc_trim_r
 .text._free_r  0x0800635c      0x1f0 D:/STM32/arm-none-eabi-gcc/bin/../lib/gcc/arm-none-eabi/14.2.1/thumb/v7e-m/nofp\libc.a(libc_a-freer.o)
                0x0800635c                _free_r
 .text._malloc_r
                0x0800654c      0x598 D:/STM32/arm-none-eabi-gcc/bin/../lib/gcc/arm-none-eabi/14.2.1/thumb/v7e-m/nofp\libc.a(libc_a-mallocr.o)
                0x0800654c                _malloc_r
 .text.__malloc_lock
                0x08006ae4        0xc D:/STM32/arm-none-eabi-gcc/bin/../lib/gcc/arm-none-eabi/14.2.1/thumb/v7e-m/nofp\libc.a(libc_a-mlock.o)
                0x08006ae4                __malloc_lock
 .text.__malloc_unlock
                0x08006af0        0xc D:/STM32/arm-none-eabi-gcc/bin/../lib/gcc/arm-none-eabi/14.2.1/thumb/v7e-m/nofp\libc.a(libc_a-mlock.o)
                0x08006af0                __malloc_unlock
 .text._svfprintf_r
                0x08006afc     0x2210 D:/STM32/arm-none-eabi-gcc/bin/../lib/gcc/arm-none-eabi/14.2.1/thumb/v7e-m/nofp\libc.a(libc_a-svfprintf.o)
                0x08006afc                _svfprintf_r
 .text.__ssprint_r
                0x08008d0c       0x58 D:/STM32/arm-none-eabi-gcc/bin/../lib/gcc/arm-none-eabi/14.2.1/thumb/v7e-m/nofp\libc.a(libc_a-ssprint_r.o)
                0x08008d0c                __ssprint_r
 .text._fclose_r
                0x08008d64       0xc0 D:/STM32/arm-none-eabi-gcc/bin/../lib/gcc/arm-none-eabi/14.2.1/thumb/v7e-m/nofp\libc.a(libc_a-fclose.o)
                0x08008d64                _fclose_r
 .text.__sflush_r
                0x08008e24      0x124 D:/STM32/arm-none-eabi-gcc/bin/../lib/gcc/arm-none-eabi/14.2.1/thumb/v7e-m/nofp\libc.a(libc_a-fflush.o)
                0x08008e24                __sflush_r
 .text._fflush_r
                0x08008f48       0x54 D:/STM32/arm-none-eabi-gcc/bin/../lib/gcc/arm-none-eabi/14.2.1/thumb/v7e-m/nofp\libc.a(libc_a-fflush.o)
                0x08008f48                _fflush_r
 .text.__locale_mb_cur_max
                0x08008f9c        0xc D:/STM32/arm-none-eabi-gcc/bin/../lib/gcc/arm-none-eabi/14.2.1/thumb/v7e-m/nofp\libc.a(libc_a-locale.o)
                0x08008f9c                __locale_mb_cur_max
 .text._localeconv_r
                0x08008fa8        0x8 D:/STM32/arm-none-eabi-gcc/bin/../lib/gcc/arm-none-eabi/14.2.1/thumb/v7e-m/nofp\libc.a(libc_a-localeconv.o)
                0x08008fa8                _localeconv_r
 .text._sbrk_r  0x08008fb0       0x24 D:/STM32/arm-none-eabi-gcc/bin/../lib/gcc/arm-none-eabi/14.2.1/thumb/v7e-m/nofp\libc.a(libc_a-sbrkr.o)
                0x08008fb0                _sbrk_r
 .text.__libc_fini_array
                0x08008fd4       0x28 D:/STM32/arm-none-eabi-gcc/bin/../lib/gcc/arm-none-eabi/14.2.1/thumb/v7e-m/nofp\libc.a(libc_a-fini.o)
                0x08008fd4                __libc_fini_array
 .text.sysconf  0x08008ffc       0x1c D:/STM32/arm-none-eabi-gcc/bin/../lib/gcc/arm-none-eabi/14.2.1/thumb/v7e-m/nofp\libc.a(libc_a-sysconf.o)
                0x08008ffc                sysconf
 .text.frexp    0x08009018       0x6c D:/STM32/arm-none-eabi-gcc/bin/../lib/gcc/arm-none-eabi/14.2.1/thumb/v7e-m/nofp\libc.a(libm_a-s_frexp.o)
                0x08009018                frexp
 .text.__register_exitproc
                0x08009084       0x80 D:/STM32/arm-none-eabi-gcc/bin/../lib/gcc/arm-none-eabi/14.2.1/thumb/v7e-m/nofp\libc.a(libc_a-__atexit.o)
                0x08009084                __register_exitproc
 .text.quorem   0x08009104      0x12c D:/STM32/arm-none-eabi-gcc/bin/../lib/gcc/arm-none-eabi/14.2.1/thumb/v7e-m/nofp\libc.a(libc_a-dtoa.o)
 .text._dtoa_r  0x08009230     0x1044 D:/STM32/arm-none-eabi-gcc/bin/../lib/gcc/arm-none-eabi/14.2.1/thumb/v7e-m/nofp\libc.a(libc_a-dtoa.o)
                0x08009230                _dtoa_r
 .text.__ascii_mbtowc
                0x0800a274       0x2c D:/STM32/arm-none-eabi-gcc/bin/../lib/gcc/arm-none-eabi/14.2.1/thumb/v7e-m/nofp\libc.a(libc_a-mbtowc_r.o)
                0x0800a274                __ascii_mbtowc
 .text._Balloc  0x0800a2a0       0x4c D:/STM32/arm-none-eabi-gcc/bin/../lib/gcc/arm-none-eabi/14.2.1/thumb/v7e-m/nofp\libc.a(libc_a-mprec.o)
                0x0800a2a0                _Balloc
 .text._Bfree   0x0800a2ec       0x14 D:/STM32/arm-none-eabi-gcc/bin/../lib/gcc/arm-none-eabi/14.2.1/thumb/v7e-m/nofp\libc.a(libc_a-mprec.o)
                0x0800a2ec                _Bfree
 .text.__multadd
                0x0800a300       0xa0 D:/STM32/arm-none-eabi-gcc/bin/../lib/gcc/arm-none-eabi/14.2.1/thumb/v7e-m/nofp\libc.a(libc_a-mprec.o)
                0x0800a300                __multadd
 .text.__hi0bits
                0x0800a3a0       0x54 D:/STM32/arm-none-eabi-gcc/bin/../lib/gcc/arm-none-eabi/14.2.1/thumb/v7e-m/nofp\libc.a(libc_a-mprec.o)
                0x0800a3a0                __hi0bits
 .text.__lo0bits
                0x0800a3f4       0x80 D:/STM32/arm-none-eabi-gcc/bin/../lib/gcc/arm-none-eabi/14.2.1/thumb/v7e-m/nofp\libc.a(libc_a-mprec.o)
                0x0800a3f4                __lo0bits
 .text.__i2b    0x0800a474       0x5c D:/STM32/arm-none-eabi-gcc/bin/../lib/gcc/arm-none-eabi/14.2.1/thumb/v7e-m/nofp\libc.a(libc_a-mprec.o)
                0x0800a474                __i2b
 .text.__multiply
                0x0800a4d0      0x16c D:/STM32/arm-none-eabi-gcc/bin/../lib/gcc/arm-none-eabi/14.2.1/thumb/v7e-m/nofp\libc.a(libc_a-mprec.o)
                0x0800a4d0                __multiply
 .text.__pow5mult
                0x0800a63c       0xc0 D:/STM32/arm-none-eabi-gcc/bin/../lib/gcc/arm-none-eabi/14.2.1/thumb/v7e-m/nofp\libc.a(libc_a-mprec.o)
                0x0800a63c                __pow5mult
 .text.__lshift
                0x0800a6fc       0xe8 D:/STM32/arm-none-eabi-gcc/bin/../lib/gcc/arm-none-eabi/14.2.1/thumb/v7e-m/nofp\libc.a(libc_a-mprec.o)
                0x0800a6fc                __lshift
 .text.__mcmp   0x0800a7e4       0x40 D:/STM32/arm-none-eabi-gcc/bin/../lib/gcc/arm-none-eabi/14.2.1/thumb/v7e-m/nofp\libc.a(libc_a-mprec.o)
                0x0800a7e4                __mcmp
 .text.__mdiff  0x0800a824      0x174 D:/STM32/arm-none-eabi-gcc/bin/../lib/gcc/arm-none-eabi/14.2.1/thumb/v7e-m/nofp\libc.a(libc_a-mprec.o)
                0x0800a824                __mdiff
 .text.__d2b    0x0800a998       0xb8 D:/STM32/arm-none-eabi-gcc/bin/../lib/gcc/arm-none-eabi/14.2.1/thumb/v7e-m/nofp\libc.a(libc_a-mprec.o)
                0x0800a998                __d2b
 .text.__ascii_wctomb
                0x0800aa50       0x1c D:/STM32/arm-none-eabi-gcc/bin/../lib/gcc/arm-none-eabi/14.2.1/thumb/v7e-m/nofp\libc.a(libc_a-wctomb_r.o)
                0x0800aa50                __ascii_wctomb
 .text._wcrtomb_r
                0x0800aa6c       0x4c D:/STM32/arm-none-eabi-gcc/bin/../lib/gcc/arm-none-eabi/14.2.1/thumb/v7e-m/nofp\libc.a(libc_a-wcrtomb.o)
                0x0800aa6c                _wcrtomb_r
 .text._wcsrtombs_r
                0x0800aab8       0x1c D:/STM32/arm-none-eabi-gcc/bin/../lib/gcc/arm-none-eabi/14.2.1/thumb/v7e-m/nofp\libc.a(libc_a-wcsrtombs.o)
                0x0800aab8                _wcsrtombs_r
 .text.__ssputs_r
                0x0800aad4       0xc0 D:/STM32/arm-none-eabi-gcc/bin/../lib/gcc/arm-none-eabi/14.2.1/thumb/v7e-m/nofp\libc.a(libc_a-ssputs_r.o)
                0x0800aad4                __ssputs_r
 .text.memmove  0x0800ab94       0xf8 D:/STM32/arm-none-eabi-gcc/bin/../lib/gcc/arm-none-eabi/14.2.1/thumb/v7e-m/nofp\libc.a(libc_a-memmove.o)
                0x0800ab94                memmove
 .text.__assert_func
                0x0800ac8c       0x40 D:/STM32/arm-none-eabi-gcc/bin/../lib/gcc/arm-none-eabi/14.2.1/thumb/v7e-m/nofp\libc.a(libc_a-assert.o)
                0x0800ac8c                __assert_func
 .text._calloc_r
                0x0800accc       0x6c D:/STM32/arm-none-eabi-gcc/bin/../lib/gcc/arm-none-eabi/14.2.1/thumb/v7e-m/nofp\libc.a(libc_a-callocr.o)
                0x0800accc                _calloc_r
 .text._realloc_r
                0x0800ad38      0x348 D:/STM32/arm-none-eabi-gcc/bin/../lib/gcc/arm-none-eabi/14.2.1/thumb/v7e-m/nofp\libc.a(libc_a-reallocr.o)
                0x0800ad38                _realloc_r
 .text._wcsnrtombs_l
                0x0800b080       0xec D:/STM32/arm-none-eabi-gcc/bin/../lib/gcc/arm-none-eabi/14.2.1/thumb/v7e-m/nofp\libc.a(libc_a-wcsnrtombs.o)
                0x0800b080                _wcsnrtombs_l
 .text._wcsnrtombs_r
                0x0800b16c       0x24 D:/STM32/arm-none-eabi-gcc/bin/../lib/gcc/arm-none-eabi/14.2.1/thumb/v7e-m/nofp\libc.a(libc_a-wcsnrtombs.o)
                0x0800b16c                _wcsnrtombs_r
 .text.fiprintf
                0x0800b190       0x28 D:/STM32/arm-none-eabi-gcc/bin/../lib/gcc/arm-none-eabi/14.2.1/thumb/v7e-m/nofp\libc.a(libc_a-fiprintf.o)
                0x0800b190                fiprintf
 .text._vfiprintf_r
                0x0800b1b8     0x1278 D:/STM32/arm-none-eabi-gcc/bin/../lib/gcc/arm-none-eabi/14.2.1/thumb/v7e-m/nofp\libc.a(libc_a-vfiprintf.o)
                0x0800b1b8                _vfiprintf_r
 .text.__sbprintf
                0x0800c430       0x84 D:/STM32/arm-none-eabi-gcc/bin/../lib/gcc/arm-none-eabi/14.2.1/thumb/v7e-m/nofp\libc.a(libc_a-vfiprintf.o)
 .text.__sprint_r
                0x0800c4b4       0x20 D:/STM32/arm-none-eabi-gcc/bin/../lib/gcc/arm-none-eabi/14.2.1/thumb/v7e-m/nofp\libc.a(libc_a-sprint_r.o)
                0x0800c4b4                __sprint_r
 .text.__sfvwrite_r
                0x0800c4d4      0x2d8 D:/STM32/arm-none-eabi-gcc/bin/../lib/gcc/arm-none-eabi/14.2.1/thumb/v7e-m/nofp\libc.a(libc_a-fvwrite.o)
                0x0800c4d4                __sfvwrite_r
 .text.__swsetup_r
                0x0800c7ac       0xfc D:/STM32/arm-none-eabi-gcc/bin/../lib/gcc/arm-none-eabi/14.2.1/thumb/v7e-m/nofp\libc.a(libc_a-wsetup.o)
                0x0800c7ac                __swsetup_r
 .text.abort    0x0800c8a8       0x10 D:/STM32/arm-none-eabi-gcc/bin/../lib/gcc/arm-none-eabi/14.2.1/thumb/v7e-m/nofp\libc.a(libc_a-abort.o)
                0x0800c8a8                abort
 .text.__smakebuf_r
                0x0800c8b8       0xd0 D:/STM32/arm-none-eabi-gcc/bin/../lib/gcc/arm-none-eabi/14.2.1/thumb/v7e-m/nofp\libc.a(libc_a-makebuf.o)
                0x0800c8b8                __smakebuf_r
 .text.raise    0x0800c988       0x58 D:/STM32/arm-none-eabi-gcc/bin/../lib/gcc/arm-none-eabi/14.2.1/thumb/v7e-m/nofp\libc.a(libc_a-signal.o)
                0x0800c988                raise
 .text._fstat_r
                0x0800c9e0       0x2c D:/STM32/arm-none-eabi-gcc/bin/../lib/gcc/arm-none-eabi/14.2.1/thumb/v7e-m/nofp\libc.a(libc_a-fstatr.o)
                0x0800c9e0                _fstat_r
 .text._isatty_r
                0x0800ca0c       0x24 D:/STM32/arm-none-eabi-gcc/bin/../lib/gcc/arm-none-eabi/14.2.1/thumb/v7e-m/nofp\libc.a(libc_a-isattyr.o)
                0x0800ca0c                _isatty_r
 .text._kill_r  0x0800ca30       0x2c D:/STM32/arm-none-eabi-gcc/bin/../lib/gcc/arm-none-eabi/14.2.1/thumb/v7e-m/nofp\libc.a(libc_a-signalr.o)
                0x0800ca30                _kill_r
 .text._getpid_r
                0x0800ca5c        0x4 D:/STM32/arm-none-eabi-gcc/bin/../lib/gcc/arm-none-eabi/14.2.1/thumb/v7e-m/nofp\libc.a(libc_a-signalr.o)
                0x0800ca5c                _getpid_r
 *(.glue_7)
 .glue_7        0x0800ca60        0x0 linker stubs
 *(.glue_7t)
 .glue_7t       0x0800ca60        0x0 linker stubs
 *(.eh_frame)
 .eh_frame      0x0800ca60        0x0 D:/STM32/arm-none-eabi-gcc/bin/../lib/gcc/arm-none-eabi/14.2.1/thumb/v7e-m/nofp/crtbegin.o
 *(.init)
 .init          0x0800ca60        0x4 D:/STM32/arm-none-eabi-gcc/bin/../lib/gcc/arm-none-eabi/14.2.1/thumb/v7e-m/nofp/crti.o
                0x0800ca60                _init
 .init          0x0800ca64        0x8 D:/STM32/arm-none-eabi-gcc/bin/../lib/gcc/arm-none-eabi/14.2.1/thumb/v7e-m/nofp/crtn.o
 *(.fini)
 .fini          0x0800ca6c        0x4 D:/STM32/arm-none-eabi-gcc/bin/../lib/gcc/arm-none-eabi/14.2.1/thumb/v7e-m/nofp/crti.o
                0x0800ca6c                _fini
 .fini          0x0800ca70        0x8 D:/STM32/arm-none-eabi-gcc/bin/../lib/gcc/arm-none-eabi/14.2.1/thumb/v7e-m/nofp/crtn.o
                0x0800ca78                        . = ALIGN (0x4)
                0x0800ca78                        _etext = .

.vfp11_veneer   0x0800ca78        0x0
 .vfp11_veneer  0x0800ca78        0x0 linker stubs

.v4_bx          0x0800ca78        0x0
 .v4_bx         0x0800ca78        0x0 linker stubs

.iplt           0x0800ca78        0x0
 .iplt          0x0800ca78        0x0 D:/STM32/arm-none-eabi-gcc/bin/../lib/gcc/arm-none-eabi/14.2.1/thumb/v7e-m/nofp/crtbegin.o

.rodata         0x0800ca78      0x4a4
                0x0800ca78                        . = ALIGN (0x4)
 *(.rodata)
 .rodata        0x0800ca78       0x18 CMakeFiles/LED.elf.dir/Core/Src/main.c.obj
 *(.rodata*)
 .rodata.HAL_GPIO_EXTI_Callback.str1.4
                0x0800ca90      0x1ff CMakeFiles/LED.elf.dir/Core/Src/main.c.obj
                                 0x47 (size before relaxing)
 .rodata.main.str1.4
                0x0800cc8f        0xe CMakeFiles/LED.elf.dir/Core/Src/main.c.obj
 *fill*         0x0800cc8f        0x1 
 .rodata.APBPrescTable
                0x0800cc90        0x8 CMakeFiles/LED.elf.dir/Core/Src/system_stm32f4xx.c.obj
                0x0800cc90                APBPrescTable
 .rodata.AHBPrescTable
                0x0800cc98       0x10 CMakeFiles/LED.elf.dir/Core/Src/system_stm32f4xx.c.obj
                0x0800cc98                AHBPrescTable
 .rodata.write_BMI088_gyro_reg_data_error
                0x0800cca8       0x12 CMakeFiles/LED.elf.dir/Core/application/BMI088driver.c.obj
 *fill*         0x0800ccba        0x2 
 .rodata.write_BMI088_accel_reg_data_error
                0x0800ccbc       0x12 CMakeFiles/LED.elf.dir/Core/application/BMI088driver.c.obj
 *fill*         0x0800ccce        0x2 
 .rodata.flagBitshiftOffset.0
                0x0800ccd0        0x8 CMakeFiles/LED.elf.dir/Drivers/STM32F4xx_HAL_Driver/Src/stm32f4xx_hal_dma.c.obj
 .rodata._svfprintf_r.str1.4
                0x0800ccd8       0x42 D:/STM32/arm-none-eabi-gcc/bin/../lib/gcc/arm-none-eabi/14.2.1/thumb/v7e-m/nofp\libc.a(libc_a-svfprintf.o)
 .rodata.zeroes.0
                0x0800ccd8       0x10 D:/STM32/arm-none-eabi-gcc/bin/../lib/gcc/arm-none-eabi/14.2.1/thumb/v7e-m/nofp\libc.a(libc_a-svfprintf.o)
 .rodata.blanks.1
                0x0800cce8       0x10 D:/STM32/arm-none-eabi-gcc/bin/../lib/gcc/arm-none-eabi/14.2.1/thumb/v7e-m/nofp\libc.a(libc_a-svfprintf.o)
 .rodata.str1.4
                0x0800ccf8       0x4c D:/STM32/arm-none-eabi-gcc/bin/../lib/gcc/arm-none-eabi/14.2.1/thumb/v7e-m/nofp\libc.a(libc_a-locale.o)
 .rodata._dtoa_r.str1.4
                0x0800ccf8       0x81 D:/STM32/arm-none-eabi-gcc/bin/../lib/gcc/arm-none-eabi/14.2.1/thumb/v7e-m/nofp\libc.a(libc_a-dtoa.o)
 .rodata.__multadd.str1.4
                0x0800ccf8       0x6e D:/STM32/arm-none-eabi-gcc/bin/../lib/gcc/arm-none-eabi/14.2.1/thumb/v7e-m/nofp\libc.a(libc_a-mprec.o)
 .rodata.p05.0  0x0800ccf8        0xc D:/STM32/arm-none-eabi-gcc/bin/../lib/gcc/arm-none-eabi/14.2.1/thumb/v7e-m/nofp\libc.a(libc_a-mprec.o)
 *fill*         0x0800cd04        0x4 
 .rodata.__mprec_bigtens
                0x0800cd08       0x28 D:/STM32/arm-none-eabi-gcc/bin/../lib/gcc/arm-none-eabi/14.2.1/thumb/v7e-m/nofp\libc.a(libc_a-mprec.o)
                0x0800cd08                __mprec_bigtens
 .rodata.__mprec_tens
                0x0800cd30       0xc8 D:/STM32/arm-none-eabi-gcc/bin/../lib/gcc/arm-none-eabi/14.2.1/thumb/v7e-m/nofp\libc.a(libc_a-mprec.o)
                0x0800cd30                __mprec_tens
 .rodata._ctype_
                0x0800cdf8      0x101 D:/STM32/arm-none-eabi-gcc/bin/../lib/gcc/arm-none-eabi/14.2.1/thumb/v7e-m/nofp\libc.a(libc_a-ctype_.o)
                0x0800cdf8                _ctype_
 .rodata.__assert_func.str1.4
                0x0800cef9       0x43 D:/STM32/arm-none-eabi-gcc/bin/../lib/gcc/arm-none-eabi/14.2.1/thumb/v7e-m/nofp\libc.a(libc_a-assert.o)
 .rodata._vfiprintf_r.str1.4
                0x0800cef9       0x2f D:/STM32/arm-none-eabi-gcc/bin/../lib/gcc/arm-none-eabi/14.2.1/thumb/v7e-m/nofp\libc.a(libc_a-vfiprintf.o)
 *fill*         0x0800cef9        0x3 
 .rodata.zeroes.0
                0x0800cefc       0x10 D:/STM32/arm-none-eabi-gcc/bin/../lib/gcc/arm-none-eabi/14.2.1/thumb/v7e-m/nofp\libc.a(libc_a-vfiprintf.o)
 .rodata.blanks.1
                0x0800cf0c       0x10 D:/STM32/arm-none-eabi-gcc/bin/../lib/gcc/arm-none-eabi/14.2.1/thumb/v7e-m/nofp\libc.a(libc_a-vfiprintf.o)
                0x0800cf1c                        . = ALIGN (0x4)

.ARM.extab      0x0800cf1c        0x0
                0x0800cf1c                        . = ALIGN (0x4)
 *(.ARM.extab* .gnu.linkonce.armextab.*)
                0x0800cf1c                        . = ALIGN (0x4)

.ARM            0x0800cf1c        0x8
                0x0800cf1c                        . = ALIGN (0x4)
                0x0800cf1c                        __exidx_start = .
 *(.ARM.exidx*)
 .ARM.exidx     0x0800cf1c        0x8 D:/STM32/arm-none-eabi-gcc/bin/../lib/gcc/arm-none-eabi/14.2.1/thumb/v7e-m/nofp\libc.a(libc_a-strlen.o)
 .ARM.exidx     0x0800cf24        0x0 D:/STM32/arm-none-eabi-gcc/bin/../lib/gcc/arm-none-eabi/14.2.1/thumb/v7e-m/nofp\libc.a(libc_a-memchr.o)
                                  0x8 (size before relaxing)
 .ARM.exidx     0x0800cf24        0x0 D:/STM32/arm-none-eabi-gcc/bin/../lib/gcc/arm-none-eabi/14.2.1/thumb/v7e-m/nofp\libc.a(libc_a-memcpy.o)
                                  0x8 (size before relaxing)
 .ARM.exidx.text.__udivmoddi4
                0x0800cf24        0x0 D:/STM32/arm-none-eabi-gcc/bin/../lib/gcc/arm-none-eabi/14.2.1/thumb/v7e-m/nofp\libgcc.a(_udivmoddi4.o)
                                  0x8 (size before relaxing)
                0x0800cf24                        __exidx_end = .
                0x0800cf24                        . = ALIGN (0x4)

.preinit_array  0x0800cf24        0x0
                0x0800cf24                        . = ALIGN (0x4)
                0x0800cf24                        PROVIDE (__preinit_array_start = .)
 *(.preinit_array*)
                0x0800cf24                        PROVIDE (__preinit_array_end = .)
                0x0800cf24                        . = ALIGN (0x4)

.init_array     0x0800cf24        0x8
                0x0800cf24                        . = ALIGN (0x4)
                0x0800cf24                        PROVIDE (__init_array_start = .)
 *(SORT_BY_NAME(.init_array.*))
 .init_array.00000
                0x0800cf24        0x4 D:/STM32/arm-none-eabi-gcc/bin/../lib/gcc/arm-none-eabi/14.2.1/thumb/v7e-m/nofp\libc.a(libc_a-__call_atexit.o)
 *(.init_array*)
 .init_array    0x0800cf28        0x4 D:/STM32/arm-none-eabi-gcc/bin/../lib/gcc/arm-none-eabi/14.2.1/thumb/v7e-m/nofp/crtbegin.o
                0x0800cf2c                        PROVIDE (__init_array_end = .)
                0x0800cf2c                        . = ALIGN (0x4)

.fini_array     0x0800cf2c        0x4
                0x0800cf2c                        . = ALIGN (0x4)
                0x0800cf2c                        PROVIDE (__fini_array_start = .)
 *(SORT_BY_NAME(.fini_array.*))
 *(.fini_array*)
 .fini_array    0x0800cf2c        0x4 D:/STM32/arm-none-eabi-gcc/bin/../lib/gcc/arm-none-eabi/14.2.1/thumb/v7e-m/nofp/crtbegin.o
                0x0800cf30                        PROVIDE (__fini_array_end = .)
                0x0800cf30                        . = ALIGN (0x4)
                0x0800cf30                        _sidata = LOADADDR (.data)

.rel.dyn        0x0800cf30        0x0
 .rel.iplt      0x0800cf30        0x0 D:/STM32/arm-none-eabi-gcc/bin/../lib/gcc/arm-none-eabi/14.2.1/thumb/v7e-m/nofp/crtbegin.o

.data           0x20000000      0x70c load address 0x0800cf30
                0x20000000                        . = ALIGN (0x4)
                0x20000000                        _sdata = .
 *(.data)
 *(.data*)
 .data.P        0x20000000       0x10 CMakeFiles/LED.elf.dir/Core/Src/main.c.obj
                0x20000000                P
 .data.R_accel_meas
                0x20000010        0x4 CMakeFiles/LED.elf.dir/Core/Src/main.c.obj
                0x20000010                R_accel_meas
 .data.Q_bias   0x20000014        0x4 CMakeFiles/LED.elf.dir/Core/Src/main.c.obj
                0x20000014                Q_bias
 .data.Q_accel  0x20000018        0x4 CMakeFiles/LED.elf.dir/Core/Src/main.c.obj
                0x20000018                Q_accel
 .data.type     0x2000001c        0x4 CMakeFiles/LED.elf.dir/Core/Src/main.c.obj
                0x2000001c                type
 .data.dma_tx_complete
                0x20000020        0x1 CMakeFiles/LED.elf.dir/Core/Src/main.c.obj
                0x20000020                dma_tx_complete
 *fill*         0x20000021        0x3 
 .data.SystemCoreClock
                0x20000024        0x4 CMakeFiles/LED.elf.dir/Core/Src/system_stm32f4xx.c.obj
                0x20000024                SystemCoreClock
 .data.BMI088_GYRO_SEN
                0x20000028        0x4 CMakeFiles/LED.elf.dir/Core/application/BMI088driver.c.obj
                0x20000028                BMI088_GYRO_SEN
 .data.BMI088_ACCEL_SEN
                0x2000002c        0x4 CMakeFiles/LED.elf.dir/Core/application/BMI088driver.c.obj
                0x2000002c                BMI088_ACCEL_SEN
 .data.uwTickFreq
                0x20000030        0x1 CMakeFiles/LED.elf.dir/Drivers/STM32F4xx_HAL_Driver/Src/stm32f4xx_hal.c.obj
                0x20000030                uwTickFreq
 *fill*         0x20000031        0x3 
 .data.uwTickPrio
                0x20000034        0x4 CMakeFiles/LED.elf.dir/Drivers/STM32F4xx_HAL_Driver/Src/stm32f4xx_hal.c.obj
                0x20000034                uwTickPrio
 .data.__sglue  0x20000038        0xc D:/STM32/arm-none-eabi-gcc/bin/../lib/gcc/arm-none-eabi/14.2.1/thumb/v7e-m/nofp\libc.a(libc_a-findfp.o)
                0x20000038                __sglue
 .data._impure_ptr
                0x20000044        0x4 D:/STM32/arm-none-eabi-gcc/bin/../lib/gcc/arm-none-eabi/14.2.1/thumb/v7e-m/nofp\libc.a(libc_a-impure.o)
                0x20000044                _impure_ptr
 .data._impure_data
                0x20000048      0x140 D:/STM32/arm-none-eabi-gcc/bin/../lib/gcc/arm-none-eabi/14.2.1/thumb/v7e-m/nofp\libc.a(libc_a-impure.o)
                0x20000048                _impure_data
 .data.__atexit_recursive_mutex
                0x20000188        0x4 D:/STM32/arm-none-eabi-gcc/bin/../lib/gcc/arm-none-eabi/14.2.1/thumb/v7e-m/nofp\libc.a(libc_a-__call_atexit.o)
                0x20000188                __atexit_recursive_mutex
 .data.__malloc_sbrk_base
                0x2000018c        0x4 D:/STM32/arm-none-eabi-gcc/bin/../lib/gcc/arm-none-eabi/14.2.1/thumb/v7e-m/nofp\libc.a(libc_a-mallocr.o)
                0x2000018c                __malloc_sbrk_base
 .data.__malloc_trim_threshold
                0x20000190        0x4 D:/STM32/arm-none-eabi-gcc/bin/../lib/gcc/arm-none-eabi/14.2.1/thumb/v7e-m/nofp\libc.a(libc_a-mallocr.o)
                0x20000190                __malloc_trim_threshold
 *fill*         0x20000194        0x4 
 .data.__malloc_av_
                0x20000198      0x408 D:/STM32/arm-none-eabi-gcc/bin/../lib/gcc/arm-none-eabi/14.2.1/thumb/v7e-m/nofp\libc.a(libc_a-mallocr.o)
                0x20000198                __malloc_av_
 .data.__global_locale
                0x200005a0      0x16c D:/STM32/arm-none-eabi-gcc/bin/../lib/gcc/arm-none-eabi/14.2.1/thumb/v7e-m/nofp\libc.a(libc_a-locale.o)
                0x200005a0                __global_locale
 *(.RamFunc)
 *(.RamFunc*)
                0x2000070c                        . = ALIGN (0x4)
                0x2000070c                        _edata = .
                0x0800d63c                        _siccmram = LOADADDR (.ccmram)

.tm_clone_table
                0x2000070c        0x0 load address 0x0800d63c
 .tm_clone_table
                0x2000070c        0x0 D:/STM32/arm-none-eabi-gcc/bin/../lib/gcc/arm-none-eabi/14.2.1/thumb/v7e-m/nofp/crtbegin.o
 .tm_clone_table
                0x2000070c        0x0 D:/STM32/arm-none-eabi-gcc/bin/../lib/gcc/arm-none-eabi/14.2.1/thumb/v7e-m/nofp/crtend.o

.igot.plt       0x2000070c        0x0 load address 0x0800d63c
 .igot.plt      0x2000070c        0x0 D:/STM32/arm-none-eabi-gcc/bin/../lib/gcc/arm-none-eabi/14.2.1/thumb/v7e-m/nofp/crtbegin.o

.ccmram         0x10000000        0x0 load address 0x0800d63c
                0x10000000                        . = ALIGN (0x4)
                0x10000000                        _sccmram = .
 *(.ccmram)
 *(.ccmram*)
                0x10000000                        . = ALIGN (0x4)
                0x10000000                        _eccmram = .
                0x10000000                        . = ALIGN (0x4)

.bss            0x2000070c     0x187c
                0x2000070c                        _sbss = .
                0x2000070c                        __bss_start__ = _sbss
 *(.bss)
 *(.bss*)
 .bss.completed.1
                0x2000070c        0x1 D:/STM32/arm-none-eabi-gcc/bin/../lib/gcc/arm-none-eabi/14.2.1/thumb/v7e-m/nofp/crtbegin.o
 *fill*         0x2000070d        0x3 
 .bss.object.0  0x20000710       0x18 D:/STM32/arm-none-eabi-gcc/bin/../lib/gcc/arm-none-eabi/14.2.1/thumb/v7e-m/nofp/crtbegin.o
 .bss.HAL_RCC_CAN1_CLK_ENABLED
                0x20000728        0x4 CMakeFiles/LED.elf.dir/Core/Src/can.c.obj
 .bss.hcan2     0x2000072c       0x28 CMakeFiles/LED.elf.dir/Core/Src/can.c.obj
                0x2000072c                hcan2
 .bss.hcan1     0x20000754       0x28 CMakeFiles/LED.elf.dir/Core/Src/can.c.obj
                0x20000754                hcan1
 .bss.last_interrupt_time.0
                0x2000077c        0x4 CMakeFiles/LED.elf.dir/Core/Src/main.c.obj
 .bss.target_wz
                0x20000780        0x4 CMakeFiles/LED.elf.dir/Core/Src/main.c.obj
                0x20000780                target_wz
 .bss.wz_pid    0x20000784       0x34 CMakeFiles/LED.elf.dir/Core/Src/main.c.obj
                0x20000784                wz_pid
 .bss.current_angle_err
                0x200007b8        0x4 CMakeFiles/LED.elf.dir/Core/Src/main.c.obj
                0x200007b8                current_angle_err
 .bss.current_angle
                0x200007bc        0x4 CMakeFiles/LED.elf.dir/Core/Src/main.c.obj
                0x200007bc                current_angle
 .bss.current_time_stamp
                0x200007c0        0x4 CMakeFiles/LED.elf.dir/Core/Src/main.c.obj
                0x200007c0                current_time_stamp
 .bss.previous_time_stamp
                0x200007c4        0x4 CMakeFiles/LED.elf.dir/Core/Src/main.c.obj
                0x200007c4                previous_time_stamp
 .bss.accel_z_bias
                0x200007c8        0x4 CMakeFiles/LED.elf.dir/Core/Src/main.c.obj
                0x200007c8                accel_z_bias
 .bss.accel_y_bias
                0x200007cc        0x4 CMakeFiles/LED.elf.dir/Core/Src/main.c.obj
                0x200007cc                accel_y_bias
 .bss.accel_x_bias
                0x200007d0        0x4 CMakeFiles/LED.elf.dir/Core/Src/main.c.obj
                0x200007d0                accel_x_bias
 .bss.accel_z_true
                0x200007d4        0x4 CMakeFiles/LED.elf.dir/Core/Src/main.c.obj
                0x200007d4                accel_z_true
 .bss.accel_y_true
                0x200007d8        0x4 CMakeFiles/LED.elf.dir/Core/Src/main.c.obj
                0x200007d8                accel_y_true
 .bss.accel_x_true
                0x200007dc        0x4 CMakeFiles/LED.elf.dir/Core/Src/main.c.obj
                0x200007dc                accel_x_true
 .bss.accel_z   0x200007e0        0x4 CMakeFiles/LED.elf.dir/Core/Src/main.c.obj
                0x200007e0                accel_z
 .bss.accel_y   0x200007e4        0x4 CMakeFiles/LED.elf.dir/Core/Src/main.c.obj
                0x200007e4                accel_y
 .bss.accel_x   0x200007e8        0x4 CMakeFiles/LED.elf.dir/Core/Src/main.c.obj
                0x200007e8                accel_x
 .bss.temp      0x200007ec        0x4 CMakeFiles/LED.elf.dir/Core/Src/main.c.obj
                0x200007ec                temp
 .bss.accel     0x200007f0        0xc CMakeFiles/LED.elf.dir/Core/Src/main.c.obj
                0x200007f0                accel
 .bss.gyro      0x200007fc        0xc CMakeFiles/LED.elf.dir/Core/Src/main.c.obj
                0x200007fc                gyro
 .bss.led_cnt   0x20000808        0x2 CMakeFiles/LED.elf.dir/Core/Src/main.c.obj
                0x20000808                led_cnt
 .bss.uart_queue_tail
                0x2000080a        0x2 CMakeFiles/LED.elf.dir/Core/Src/main.c.obj
                0x2000080a                uart_queue_tail
 .bss.uart_queue_head
                0x2000080c        0x2 CMakeFiles/LED.elf.dir/Core/Src/main.c.obj
                0x2000080c                uart_queue_head
 *fill*         0x2000080e        0x2 
 .bss.uart_queue
                0x20000810     0x1040 CMakeFiles/LED.elf.dir/Core/Src/main.c.obj
                0x20000810                uart_queue
 .bss.hdma_spi1_tx
                0x20001850       0x60 CMakeFiles/LED.elf.dir/Core/Src/spi.c.obj
                0x20001850                hdma_spi1_tx
 .bss.hdma_spi1_rx
                0x200018b0       0x60 CMakeFiles/LED.elf.dir/Core/Src/spi.c.obj
                0x200018b0                hdma_spi1_rx
 .bss.hspi1     0x20001910       0x58 CMakeFiles/LED.elf.dir/Core/Src/spi.c.obj
                0x20001910                hspi1
 .bss.__sbrk_heap_end
                0x20001968        0x4 CMakeFiles/LED.elf.dir/Core/Src/sysmem.c.obj
 .bss.htim10    0x2000196c       0x48 CMakeFiles/LED.elf.dir/Core/Src/tim.c.obj
                0x2000196c                htim10
 .bss.hdma_usart3_rx
                0x200019b4       0x60 CMakeFiles/LED.elf.dir/Core/Src/usart.c.obj
                0x200019b4                hdma_usart3_rx
 .bss.hdma_usart1_tx
                0x20001a14       0x60 CMakeFiles/LED.elf.dir/Core/Src/usart.c.obj
                0x20001a14                hdma_usart1_tx
 .bss.huart3    0x20001a74       0x48 CMakeFiles/LED.elf.dir/Core/Src/usart.c.obj
                0x20001a74                huart3
 .bss.huart1    0x20001abc       0x48 CMakeFiles/LED.elf.dir/Core/Src/usart.c.obj
                0x20001abc                huart1
 .bss.dm_motor.0
                0x20001b04       0x4c CMakeFiles/LED.elf.dir/Core/application/CAN_receive.c.obj
 .bss.i.1       0x20001b50        0x1 CMakeFiles/LED.elf.dir/Core/application/CAN_receive.c.obj
 *fill*         0x20001b51        0x3 
 .bss.chassis_can_send_data
                0x20001b54        0x8 CMakeFiles/LED.elf.dir/Core/application/CAN_receive.c.obj
 .bss.chassis_tx_message
                0x20001b5c       0x18 CMakeFiles/LED.elf.dir/Core/application/CAN_receive.c.obj
 .bss.gimbal_can_send_data
                0x20001b74        0x8 CMakeFiles/LED.elf.dir/Core/application/CAN_receive.c.obj
 .bss.gimbal_tx_message
                0x20001b7c       0x18 CMakeFiles/LED.elf.dir/Core/application/CAN_receive.c.obj
 .bss.motor_chassis
                0x20001b94       0x46 CMakeFiles/LED.elf.dir/Core/application/CAN_receive.c.obj
 *fill*         0x20001bda        0x2 
 .bss.motor_feedback_states
                0x20001bdc       0x30 CMakeFiles/LED.elf.dir/Core/application/CAN_receive.c.obj
 .bss.this_time_rx_len.0
                0x20001c0c        0x2 CMakeFiles/LED.elf.dir/Core/application/remote_control.c.obj
 *fill*         0x20001c0e        0x2 
 .bss.sbus_rx_buf
                0x20001c10       0x48 CMakeFiles/LED.elf.dir/Core/application/remote_control.c.obj
 .bss.rc_ctrl   0x20001c58       0x16 CMakeFiles/LED.elf.dir/Core/application/remote_control.c.obj
                0x20001c58                rc_ctrl
 *fill*         0x20001c6e        0x2 
 .bss.uwTick    0x20001c70        0x4 CMakeFiles/LED.elf.dir/Drivers/STM32F4xx_HAL_Driver/Src/stm32f4xx_hal.c.obj
                0x20001c70                uwTick
 .bss.__sf      0x20001c74      0x138 D:/STM32/arm-none-eabi-gcc/bin/../lib/gcc/arm-none-eabi/14.2.1/thumb/v7e-m/nofp\libc.a(libc_a-findfp.o)
                0x20001c74                __sf
 .bss.__stdio_exit_handler
                0x20001dac        0x4 D:/STM32/arm-none-eabi-gcc/bin/../lib/gcc/arm-none-eabi/14.2.1/thumb/v7e-m/nofp\libc.a(libc_a-findfp.o)
                0x20001dac                __stdio_exit_handler
 .bss.errno     0x20001db0        0x4 D:/STM32/arm-none-eabi-gcc/bin/../lib/gcc/arm-none-eabi/14.2.1/thumb/v7e-m/nofp\libc.a(libc_a-reent.o)
                0x20001db0                errno
 .bss.__lock___malloc_recursive_mutex
                0x20001db4        0x1 D:/STM32/arm-none-eabi-gcc/bin/../lib/gcc/arm-none-eabi/14.2.1/thumb/v7e-m/nofp\libc.a(libc_a-lock.o)
                0x20001db4                __lock___malloc_recursive_mutex
 *fill*         0x20001db5        0x3 
 .bss.__lock___atexit_recursive_mutex
                0x20001db8        0x1 D:/STM32/arm-none-eabi-gcc/bin/../lib/gcc/arm-none-eabi/14.2.1/thumb/v7e-m/nofp\libc.a(libc_a-lock.o)
                0x20001db8                __lock___atexit_recursive_mutex
 *fill*         0x20001db9        0x3 
 .bss.__lock___sfp_recursive_mutex
                0x20001dbc        0x1 D:/STM32/arm-none-eabi-gcc/bin/../lib/gcc/arm-none-eabi/14.2.1/thumb/v7e-m/nofp\libc.a(libc_a-lock.o)
                0x20001dbc                __lock___sfp_recursive_mutex
 *fill*         0x20001dbd        0x3 
 .bss.__atexit  0x20001dc0        0x4 D:/STM32/arm-none-eabi-gcc/bin/../lib/gcc/arm-none-eabi/14.2.1/thumb/v7e-m/nofp\libc.a(libc_a-__call_atexit.o)
                0x20001dc0                __atexit
 .bss.__malloc_current_mallinfo
                0x20001dc4       0x28 D:/STM32/arm-none-eabi-gcc/bin/../lib/gcc/arm-none-eabi/14.2.1/thumb/v7e-m/nofp\libc.a(libc_a-mallocr.o)
                0x20001dc4                __malloc_current_mallinfo
 .bss.__malloc_max_total_mem
                0x20001dec        0x4 D:/STM32/arm-none-eabi-gcc/bin/../lib/gcc/arm-none-eabi/14.2.1/thumb/v7e-m/nofp\libc.a(libc_a-mallocr.o)
                0x20001dec                __malloc_max_total_mem
 .bss.__malloc_max_sbrked_mem
                0x20001df0        0x4 D:/STM32/arm-none-eabi-gcc/bin/../lib/gcc/arm-none-eabi/14.2.1/thumb/v7e-m/nofp\libc.a(libc_a-mallocr.o)
                0x20001df0                __malloc_max_sbrked_mem
 .bss.__malloc_top_pad
                0x20001df4        0x4 D:/STM32/arm-none-eabi-gcc/bin/../lib/gcc/arm-none-eabi/14.2.1/thumb/v7e-m/nofp\libc.a(libc_a-mallocr.o)
                0x20001df4                __malloc_top_pad
 .bss.__atexit0
                0x20001df8      0x190 D:/STM32/arm-none-eabi-gcc/bin/../lib/gcc/arm-none-eabi/14.2.1/thumb/v7e-m/nofp\libc.a(libc_a-__atexit.o)
                0x20001df8                __atexit0
 *(COMMON)
                0x20001f88                        . = ALIGN (0x4)
                0x20001f88                        _ebss = .
                0x20001f88                        __bss_end__ = _ebss

._user_heap_stack
                0x20001f88      0x600
                0x20001f88                        . = ALIGN (0x8)
                [!provide]                        PROVIDE (end = .)
                0x20001f88                        PROVIDE (_end = .)
                0x20002188                        . = (. + _Min_Heap_Size)
 *fill*         0x20001f88      0x200 
                0x20002588                        . = (. + _Min_Stack_Size)
 *fill*         0x20002188      0x400 
                0x20002588                        . = ALIGN (0x8)

/DISCARD/
 libc.a(*)
 libm.a(*)
 libgcc.a(*)

.ARM.attributes
                0x00000000       0x2a
 *(.ARM.attributes)
 .ARM.attributes
                0x00000000       0x1e D:/STM32/arm-none-eabi-gcc/bin/../lib/gcc/arm-none-eabi/14.2.1/thumb/v7e-m/nofp/crti.o
 .ARM.attributes
                0x0000001e       0x2e D:/STM32/arm-none-eabi-gcc/bin/../lib/gcc/arm-none-eabi/14.2.1/thumb/v7e-m/nofp/crtbegin.o
 .ARM.attributes
                0x0000004c       0x2e CMakeFiles/LED.elf.dir/Core/Src/bsp_can.c.obj
 .ARM.attributes
                0x0000007a       0x2e CMakeFiles/LED.elf.dir/Core/Src/can.c.obj
 .ARM.attributes
                0x000000a8       0x2e CMakeFiles/LED.elf.dir/Core/Src/dma.c.obj
 .ARM.attributes
                0x000000d6       0x2e CMakeFiles/LED.elf.dir/Core/Src/gpio.c.obj
 .ARM.attributes
                0x00000104       0x2e CMakeFiles/LED.elf.dir/Core/Src/main.c.obj
 .ARM.attributes
                0x00000132       0x2e CMakeFiles/LED.elf.dir/Core/Src/pid.c.obj
 .ARM.attributes
                0x00000160       0x2e CMakeFiles/LED.elf.dir/Core/Src/spi.c.obj
 .ARM.attributes
                0x0000018e       0x2e CMakeFiles/LED.elf.dir/Core/Src/stm32f4xx_hal_msp.c.obj
 .ARM.attributes
                0x000001bc       0x2e CMakeFiles/LED.elf.dir/Core/Src/stm32f4xx_it.c.obj
 .ARM.attributes
                0x000001ea       0x2e CMakeFiles/LED.elf.dir/Core/Src/syscalls.c.obj
 .ARM.attributes
                0x00000218       0x2e CMakeFiles/LED.elf.dir/Core/Src/sysmem.c.obj
 .ARM.attributes
                0x00000246       0x2e CMakeFiles/LED.elf.dir/Core/Src/system_stm32f4xx.c.obj
 .ARM.attributes
                0x00000274       0x2e CMakeFiles/LED.elf.dir/Core/Src/tim.c.obj
 .ARM.attributes
                0x000002a2       0x2e CMakeFiles/LED.elf.dir/Core/Src/usart.c.obj
 .ARM.attributes
                0x000002d0       0x21 CMakeFiles/LED.elf.dir/Core/Startup/startup_stm32f407ighx.s.obj
 .ARM.attributes
                0x000002f1       0x2e CMakeFiles/LED.elf.dir/Core/application/BMI088Middleware.c.obj
 .ARM.attributes
                0x0000031f       0x2e CMakeFiles/LED.elf.dir/Core/application/BMI088driver.c.obj
 .ARM.attributes
                0x0000034d       0x2e CMakeFiles/LED.elf.dir/Core/application/CAN_receive.c.obj
 .ARM.attributes
                0x0000037b       0x2e CMakeFiles/LED.elf.dir/Core/application/bsp_rc.c.obj
 .ARM.attributes
                0x000003a9       0x2e CMakeFiles/LED.elf.dir/Core/application/remote_control.c.obj
 .ARM.attributes
                0x000003d7       0x2e CMakeFiles/LED.elf.dir/Drivers/STM32F4xx_HAL_Driver/Src/stm32f4xx_hal.c.obj
 .ARM.attributes
                0x00000405       0x2e CMakeFiles/LED.elf.dir/Drivers/STM32F4xx_HAL_Driver/Src/stm32f4xx_hal_can.c.obj
 .ARM.attributes
                0x00000433       0x2e CMakeFiles/LED.elf.dir/Drivers/STM32F4xx_HAL_Driver/Src/stm32f4xx_hal_cortex.c.obj
 .ARM.attributes
                0x00000461       0x2e CMakeFiles/LED.elf.dir/Drivers/STM32F4xx_HAL_Driver/Src/stm32f4xx_hal_dma.c.obj
 .ARM.attributes
                0x0000048f       0x2e CMakeFiles/LED.elf.dir/Drivers/STM32F4xx_HAL_Driver/Src/stm32f4xx_hal_gpio.c.obj
 .ARM.attributes
                0x000004bd       0x2e CMakeFiles/LED.elf.dir/Drivers/STM32F4xx_HAL_Driver/Src/stm32f4xx_hal_rcc.c.obj
 .ARM.attributes
                0x000004eb       0x2e CMakeFiles/LED.elf.dir/Drivers/STM32F4xx_HAL_Driver/Src/stm32f4xx_hal_spi.c.obj
 .ARM.attributes
                0x00000519       0x2e CMakeFiles/LED.elf.dir/Drivers/STM32F4xx_HAL_Driver/Src/stm32f4xx_hal_tim.c.obj
 .ARM.attributes
                0x00000547       0x2e CMakeFiles/LED.elf.dir/Drivers/STM32F4xx_HAL_Driver/Src/stm32f4xx_hal_uart.c.obj
 .ARM.attributes
                0x00000575       0x1e D:/STM32/arm-none-eabi-gcc/bin/../lib/gcc/arm-none-eabi/14.2.1/thumb/v7e-m/nofp\libgcc.a(_arm_addsubdf3.o)
 .ARM.attributes
                0x00000593       0x1e D:/STM32/arm-none-eabi-gcc/bin/../lib/gcc/arm-none-eabi/14.2.1/thumb/v7e-m/nofp\libgcc.a(_arm_muldivdf3.o)
 .ARM.attributes
                0x000005b1       0x1e D:/STM32/arm-none-eabi-gcc/bin/../lib/gcc/arm-none-eabi/14.2.1/thumb/v7e-m/nofp\libgcc.a(_arm_addsubsf3.o)
 .ARM.attributes
                0x000005cf       0x1e D:/STM32/arm-none-eabi-gcc/bin/../lib/gcc/arm-none-eabi/14.2.1/thumb/v7e-m/nofp\libgcc.a(_arm_muldivsf3.o)
 .ARM.attributes
                0x000005ed       0x1e D:/STM32/arm-none-eabi-gcc/bin/../lib/gcc/arm-none-eabi/14.2.1/thumb/v7e-m/nofp\libgcc.a(_arm_cmpsf2.o)
 .ARM.attributes
                0x0000060b       0x1e D:/STM32/arm-none-eabi-gcc/bin/../lib/gcc/arm-none-eabi/14.2.1/thumb/v7e-m/nofp\libgcc.a(_arm_fixsfsi.o)
 .ARM.attributes
                0x00000629       0x1e D:/STM32/arm-none-eabi-gcc/bin/../lib/gcc/arm-none-eabi/14.2.1/thumb/v7e-m/nofp\libgcc.a(_aeabi_uldivmod.o)
 .ARM.attributes
                0x00000647       0x2e D:/STM32/arm-none-eabi-gcc/bin/../lib/gcc/arm-none-eabi/14.2.1/thumb/v7e-m/nofp\libgcc.a(_udivmoddi4.o)
 .ARM.attributes
                0x00000675       0x1e D:/STM32/arm-none-eabi-gcc/bin/../lib/gcc/arm-none-eabi/14.2.1/thumb/v7e-m/nofp\libgcc.a(_dvmd_tls.o)
 .ARM.attributes
                0x00000693       0x2e D:/STM32/arm-none-eabi-gcc/bin/../lib/gcc/arm-none-eabi/14.2.1/thumb/v7e-m/nofp\libc.a(libc_a-findfp.o)
 .ARM.attributes
                0x000006c1       0x2e D:/STM32/arm-none-eabi-gcc/bin/../lib/gcc/arm-none-eabi/14.2.1/thumb/v7e-m/nofp\libc.a(libc_a-fwalk.o)
 .ARM.attributes
                0x000006ef       0x2e D:/STM32/arm-none-eabi-gcc/bin/../lib/gcc/arm-none-eabi/14.2.1/thumb/v7e-m/nofp\libc.a(libc_a-snprintf.o)
 .ARM.attributes
                0x0000071d       0x2e D:/STM32/arm-none-eabi-gcc/bin/../lib/gcc/arm-none-eabi/14.2.1/thumb/v7e-m/nofp\libc.a(libc_a-sprintf.o)
 .ARM.attributes
                0x0000074b       0x2e D:/STM32/arm-none-eabi-gcc/bin/../lib/gcc/arm-none-eabi/14.2.1/thumb/v7e-m/nofp\libc.a(libc_a-stdio.o)
 .ARM.attributes
                0x00000779       0x2e D:/STM32/arm-none-eabi-gcc/bin/../lib/gcc/arm-none-eabi/14.2.1/thumb/v7e-m/nofp\libc.a(libc_a-memset.o)
 .ARM.attributes
                0x000007a7       0x2e D:/STM32/arm-none-eabi-gcc/bin/../lib/gcc/arm-none-eabi/14.2.1/thumb/v7e-m/nofp\libc.a(libc_a-strncpy.o)
 .ARM.attributes
                0x000007d5       0x2e D:/STM32/arm-none-eabi-gcc/bin/../lib/gcc/arm-none-eabi/14.2.1/thumb/v7e-m/nofp\libc.a(libc_a-closer.o)
 .ARM.attributes
                0x00000803       0x2e D:/STM32/arm-none-eabi-gcc/bin/../lib/gcc/arm-none-eabi/14.2.1/thumb/v7e-m/nofp\libc.a(libc_a-reent.o)
 .ARM.attributes
                0x00000831       0x2e D:/STM32/arm-none-eabi-gcc/bin/../lib/gcc/arm-none-eabi/14.2.1/thumb/v7e-m/nofp\libc.a(libc_a-impure.o)
 .ARM.attributes
                0x0000085f       0x2e D:/STM32/arm-none-eabi-gcc/bin/../lib/gcc/arm-none-eabi/14.2.1/thumb/v7e-m/nofp\libc.a(libc_a-lseekr.o)
 .ARM.attributes
                0x0000088d       0x2e D:/STM32/arm-none-eabi-gcc/bin/../lib/gcc/arm-none-eabi/14.2.1/thumb/v7e-m/nofp\libc.a(libc_a-readr.o)
 .ARM.attributes
                0x000008bb       0x2e D:/STM32/arm-none-eabi-gcc/bin/../lib/gcc/arm-none-eabi/14.2.1/thumb/v7e-m/nofp\libc.a(libc_a-writer.o)
 .ARM.attributes
                0x000008e9       0x2e D:/STM32/arm-none-eabi-gcc/bin/../lib/gcc/arm-none-eabi/14.2.1/thumb/v7e-m/nofp\libc.a(libc_a-errno.o)
 .ARM.attributes
                0x00000917       0x2e D:/STM32/arm-none-eabi-gcc/bin/../lib/gcc/arm-none-eabi/14.2.1/thumb/v7e-m/nofp\libc.a(libc_a-init.o)
 .ARM.attributes
                0x00000945       0x2e D:/STM32/arm-none-eabi-gcc/bin/../lib/gcc/arm-none-eabi/14.2.1/thumb/v7e-m/nofp\libc.a(libc_a-lock.o)
 .ARM.attributes