Archive member included to satisfy reference by file (symbol)

D:/STM32/arm-none-eabi-gcc/bin/../lib/gcc/arm-none-eabi/14.2.1/thumb/v7e-m/nofp\libgcc.a(_arm_muldf3.o)
                              CMakeFiles/LED.elf.dir/Core/Src/main.c.obj (__aeabi_dmul)
D:/STM32/arm-none-eabi-gcc/bin/../lib/gcc/arm-none-eabi/14.2.1/thumb/v7e-m/nofp\libgcc.a(_arm_mulsf3.o)
                              CMakeFiles/LED.elf.dir/Core/Src/main.c.obj (__aeabi_fmul)
D:/STM32/arm-none-eabi-gcc/bin/../lib/gcc/arm-none-eabi/14.2.1/thumb/v7e-m/nofp\libgcc.a(_arm_addsubdf3.o)
                              CMakeFiles/LED.elf.dir/Core/Src/main.c.obj (__aeabi_dsub)
D:/STM32/arm-none-eabi-gcc/bin/../lib/gcc/arm-none-eabi/14.2.1/thumb/v7e-m/nofp\libgcc.a(_arm_muldivdf3.o)
                              CMakeFiles/LED.elf.dir/Core/Src/main.c.obj (__aeabi_ddiv)
D:/STM32/arm-none-eabi-gcc/bin/../lib/gcc/arm-none-eabi/14.2.1/thumb/v7e-m/nofp\libgcc.a(_arm_addsubsf3.o)
                              CMakeFiles/LED.elf.dir/Core/Src/main.c.obj (__aeabi_fsub)
D:/STM32/arm-none-eabi-gcc/bin/../lib/gcc/arm-none-eabi/14.2.1/thumb/v7e-m/nofp\libgcc.a(_arm_muldivsf3.o)
                              CMakeFiles/LED.elf.dir/Core/Src/main.c.obj (__aeabi_fdiv)
D:/STM32/arm-none-eabi-gcc/bin/../lib/gcc/arm-none-eabi/14.2.1/thumb/v7e-m/nofp\libgcc.a(_arm_cmpsf2.o)
                              CMakeFiles/LED.elf.dir/Core/Src/main.c.obj (__aeabi_fcmplt)
D:/STM32/arm-none-eabi-gcc/bin/../lib/gcc/arm-none-eabi/14.2.1/thumb/v7e-m/nofp\libgcc.a(_arm_fixsfsi.o)
                              CMakeFiles/LED.elf.dir/Core/Src/main.c.obj (__aeabi_f2iz)
D:/STM32/arm-none-eabi-gcc/bin/../lib/gcc/arm-none-eabi/14.2.1/thumb/v7e-m/nofp\libgcc.a(_aeabi_uldivmod.o)
                              CMakeFiles/LED.elf.dir/Drivers/STM32F4xx_HAL_Driver/Src/stm32f4xx_hal_rcc.c.obj (__aeabi_uldivmod)
D:/STM32/arm-none-eabi-gcc/bin/../lib/gcc/arm-none-eabi/14.2.1/thumb/v7e-m/nofp\libgcc.a(_udivmoddi4.o)
                              D:/STM32/arm-none-eabi-gcc/bin/../lib/gcc/arm-none-eabi/14.2.1/thumb/v7e-m/nofp\libgcc.a(_aeabi_uldivmod.o) (__udivmoddi4)
D:/STM32/arm-none-eabi-gcc/bin/../lib/gcc/arm-none-eabi/14.2.1/thumb/v7e-m/nofp\libgcc.a(_dvmd_tls.o)
                              D:/STM32/arm-none-eabi-gcc/bin/../lib/gcc/arm-none-eabi/14.2.1/thumb/v7e-m/nofp\libgcc.a(_aeabi_uldivmod.o) (__aeabi_ldiv0)
D:/STM32/arm-none-eabi-gcc/bin/../lib/gcc/arm-none-eabi/14.2.1/thumb/v7e-m/nofp\libg.a(libc_a-exit.o)
                              D:/STM32/arm-none-eabi-gcc/bin/../lib/gcc/arm-none-eabi/14.2.1/thumb/v7e-m/nofp/crt0.o (exit)
D:/STM32/arm-none-eabi-gcc/bin/../lib/gcc/arm-none-eabi/14.2.1/thumb/v7e-m/nofp\libg.a(libc_a-findfp.o)
                              D:/STM32/arm-none-eabi-gcc/bin/../lib/gcc/arm-none-eabi/14.2.1/thumb/v7e-m/nofp\libg.a(libc_a-exit.o) (__stdio_exit_handler)
D:/STM32/arm-none-eabi-gcc/bin/../lib/gcc/arm-none-eabi/14.2.1/thumb/v7e-m/nofp\libg.a(libc_a-fwalk.o)
                              D:/STM32/arm-none-eabi-gcc/bin/../lib/gcc/arm-none-eabi/14.2.1/thumb/v7e-m/nofp\libg.a(libc_a-findfp.o) (_fwalk_sglue)
D:/STM32/arm-none-eabi-gcc/bin/../lib/gcc/arm-none-eabi/14.2.1/thumb/v7e-m/nofp\libg.a(libc_a-sprintf.o)
                              CMakeFiles/LED.elf.dir/Core/Src/main.c.obj (sprintf)
D:/STM32/arm-none-eabi-gcc/bin/../lib/gcc/arm-none-eabi/14.2.1/thumb/v7e-m/nofp\libg.a(libc_a-stdio.o)
                              D:/STM32/arm-none-eabi-gcc/bin/../lib/gcc/arm-none-eabi/14.2.1/thumb/v7e-m/nofp\libg.a(libc_a-findfp.o) (__sread)
D:/STM32/arm-none-eabi-gcc/bin/../lib/gcc/arm-none-eabi/14.2.1/thumb/v7e-m/nofp\libg.a(libc_a-memset.o)
                              D:/STM32/arm-none-eabi-gcc/bin/../lib/gcc/arm-none-eabi/14.2.1/thumb/v7e-m/nofp/crt0.o (memset)
D:/STM32/arm-none-eabi-gcc/bin/../lib/gcc/arm-none-eabi/14.2.1/thumb/v7e-m/nofp\libg.a(libc_a-closer.o)
                              D:/STM32/arm-none-eabi-gcc/bin/../lib/gcc/arm-none-eabi/14.2.1/thumb/v7e-m/nofp\libg.a(libc_a-stdio.o) (_close_r)
D:/STM32/arm-none-eabi-gcc/bin/../lib/gcc/arm-none-eabi/14.2.1/thumb/v7e-m/nofp\libg.a(libc_a-reent.o)
                              D:/STM32/arm-none-eabi-gcc/bin/../lib/gcc/arm-none-eabi/14.2.1/thumb/v7e-m/nofp\libg.a(libc_a-closer.o) (errno)
D:/STM32/arm-none-eabi-gcc/bin/../lib/gcc/arm-none-eabi/14.2.1/thumb/v7e-m/nofp\libg.a(libc_a-impure.o)
                              D:/STM32/arm-none-eabi-gcc/bin/../lib/gcc/arm-none-eabi/14.2.1/thumb/v7e-m/nofp\libg.a(libc_a-sprintf.o) (_impure_ptr)
D:/STM32/arm-none-eabi-gcc/bin/../lib/gcc/arm-none-eabi/14.2.1/thumb/v7e-m/nofp\libg.a(libc_a-lseekr.o)
                              D:/STM32/arm-none-eabi-gcc/bin/../lib/gcc/arm-none-eabi/14.2.1/thumb/v7e-m/nofp\libg.a(libc_a-stdio.o) (_lseek_r)
D:/STM32/arm-none-eabi-gcc/bin/../lib/gcc/arm-none-eabi/14.2.1/thumb/v7e-m/nofp\libg.a(libc_a-readr.o)
[...]
Memory Configuration

Name             Origin             Length             Attributes
CCMRAM           0x10000000         0x00010000         xrw
RAM              0x20000000         0x00020000         xrw
FLASH            0x08000000         0x00100000         xr
*default*        0x00000000         0xffffffff

Linker script and memory map

LOAD D:/STM32/arm-none-eabi-gcc/bin/../lib/gcc/arm-none-eabi/14.2.1/thumb/v7e-m/nofp/crti.o
LOAD D:/STM32/arm-none-eabi-gcc/bin/../lib/gcc/arm-none-eabi/14.2.1/thumb/v7e-m/nofp/crtbegin.o
LOAD D:/STM32/arm-none-eabi-gcc/bin/../lib/gcc/arm-none-eabi/14.2.1/thumb/v7e-m/nofp/crt0.o
LOAD CMakeFiles/LED.elf.dir/Core/Src/bsp_can.c.obj
LOAD CMakeFiles/LED.elf.dir/Core/Src/can.c.obj
LOAD CMakeFiles/LED.elf.dir/Core/Src/dma.c.obj
LOAD CMakeFiles/LED.elf.dir/Core/Src/gpio.c.obj
LOAD CMakeFiles/LED.elf.dir/Core/Src/main.c.obj
LOAD CMakeFiles/LED.elf.dir/Core/Src/pid.c.obj
LOAD CMakeFiles/LED.elf.dir/Core/Src/spi.c.obj
LOAD CMakeFiles/LED.elf.dir/Core/Src/stm32f4xx_hal_msp.c.obj
LOAD CMakeFiles/LED.elf.dir/Core/Src/stm32f4xx_it.c.obj
LOAD CMakeFiles/LED.elf.dir/Core/Src/syscalls.c.obj
LOAD CMakeFiles/LED.elf.dir/Core/Src/sysmem.c.obj
LOAD CMakeFiles/LED.elf.dir/Core/Src/system_stm32f4xx.c.obj
LOAD CMakeFiles/LED.elf.dir/Core/Src/tim.c.obj
LOAD CMakeFiles/LED.elf.dir/Core/Src/usart.c.obj
LOAD CMakeFiles/LED.elf.dir/Core/Startup/startup_stm32f407ighx.s.obj
LOAD CMakeFiles/LED.elf.dir/Core/application/BMI088Middleware.c.obj
LOAD CMakeFiles/LED.elf.dir/Core/application/BMI088driver.c.obj
LOAD CMakeFiles/LED.elf.dir/Core/application/CAN_receive.c.obj
LOAD CMakeFiles/LED.elf.dir/Core/application/bsp_rc.c.obj
LOAD CMakeFiles/LED.elf.dir/Core/application/remote_control.c.obj
LOAD CMakeFiles/LED.elf.dir/Drivers/STM32F4xx_HAL_Driver/Src/stm32f4xx_hal.c.obj
LOAD CMakeFiles/LED.elf.dir/Drivers/STM32F4xx_HAL_Driver/Src/stm32f4xx_hal_can.c.obj
LOAD CMakeFiles/LED.elf.dir/Drivers/STM32F4xx_HAL_Driver/Src/stm32f4xx_hal_cortex.c.obj
LOAD CMakeFiles/LED.elf.dir/Drivers/STM32F4xx_HAL_Driver/Src/stm32f4xx_hal_dma.c.obj
LOAD CMakeFiles/LED.elf.dir/Drivers/STM32F4xx_HAL_Driver/Src/stm32f4xx_hal_dma_ex.c.obj
LOAD CMakeFiles/LED.elf.dir/Drivers/STM32F4xx_HAL_Driver/Src/stm32f4xx_hal_exti.c.obj
LOAD CMakeFiles/LED.elf.dir/Drivers/STM32F4xx_HAL_Driver/Src/stm32f4xx_hal_flash.c.obj
LOAD CMakeFiles/LED.elf.dir/Drivers/STM32F4xx_HAL_Driver/Src/stm32f4xx_hal_flash_ex.c.obj
LOAD CMakeFiles/LED.elf.dir/Drivers/STM32F4xx_HAL_Driver/Src/stm32f4xx_hal_flash_ramfunc.c.obj
LOAD CMakeFiles/LED.elf.dir/Drivers/STM32F4xx_HAL_Driver/Src/stm32f4xx_hal_gpio.c.obj
LOAD CMakeFiles/LED.elf.dir/Drivers/STM32F4xx_HAL_Driver/Src/stm32f4xx_hal_pwr.c.obj
LOAD CMakeFiles/LED.elf.dir/Drivers/STM32F4xx_HAL_Driver/Src/stm32f4xx_hal_pwr_ex.c.obj
LOAD CMakeFiles/LED.elf.dir/Drivers/STM32F4xx_HAL_Driver/Src/stm32f4xx_hal_rcc.c.obj
LOAD CMakeFiles/LED.elf.dir/Drivers/STM32F4xx_HAL_Driver/Src/stm32f4xx_hal_rcc_ex.c.obj
LOAD CMakeFiles/LED.elf.dir/Drivers/STM32F4xx_HAL_Driver/Src/stm32f4xx_hal_spi.c.obj
LOAD CMakeFiles/LED.elf.dir/Drivers/STM32F4xx_HAL_Driver/Src/stm32f4xx_hal_tim.c.obj
LOAD CMakeFiles/LED.elf.dir/Drivers/STM32F4xx_HAL_Driver/Src/stm32f4xx_hal_tim_ex.c.obj
LOAD CMakeFiles/LED.elf.dir/Drivers/STM32F4xx_HAL_Driver/Src/stm32f4xx_hal_uart.c.obj
START GROUP
LOAD D:/STM32/arm-none-eabi-gcc/bin/../lib/gcc/arm-none-eabi/14.2.1/thumb/v7e-m/nofp\libgcc.a
LOAD D:/STM32/arm-none-eabi-gcc/bin/../lib/gcc/arm-none-eabi/14.2.1/thumb/v7e-m/nofp\libg.a
LOAD D:/STM32/arm-none-eabi-gcc/bin/../lib/gcc/arm-none-eabi/14.2.1/thumb/v7e-m/nofp\libc.a
END GROUP
LOAD D:/STM32/arm-none-eabi-gcc/bin/../lib/gcc/arm-none-eabi/14.2.1/thumb/v7e-m/nofp/crtend.o
LOAD D:/STM32/arm-none-eabi-gcc/bin/../lib/gcc/arm-none-eabi/14.2.1/thumb/v7e-m/nofp/crtn.o
                0x20020000                        _estack = (ORIGIN (RAM) + LENGTH (RAM))
                0x00000200                        _Min_Heap_Size = 0x200
                0x00000400                        _Min_Stack_Size = 0x400

.isr_vector     0x08000000      0x188
                0x08000000                        . = ALIGN (0x4)
 *(.isr_vector)
 .isr_vector    0x08000000      0x188 CMakeFiles/LED.elf.dir/Core/Startup/startup_stm32f407ighx.s.obj
                0x08000000                g_pfnVectors
                0x08000188                        . = ALIGN (0x4)

.text           0x080001c0     0xc248
                0x080001c0                        . = ALIGN (0x4)
 *(.text)
 .text          0x080001c0      0x378 D:/STM32/arm-none-eabi-gcc/bin/../lib/gcc/arm-none-eabi/14.2.1/thumb/v7e-m/nofp\libgcc.a(_arm_addsubdf3.o)
                0x080001c0                __aeabi_drsub
                0x080001c8                __aeabi_dsub
                0x080001c8                __subdf3
                0x080001cc                __aeabi_dadd
                0x080001cc                __adddf3
                0x08000444                __floatunsidf
                0x08000444                __aeabi_ui2d
                0x08000464                __floatsidf
                0x08000464                __aeabi_i2d
                0x08000488                __aeabi_f2d
                0x08000488                __extendsfdf2
                0x080004cc                __floatundidf
                0x080004cc                __aeabi_ul2d
                0x080004dc                __floatdidf
                0x080004dc                __aeabi_l2d
 .text          0x08000538      0x424 D:/STM32/arm-none-eabi-gcc/bin/../lib/gcc/arm-none-eabi/14.2.1/thumb/v7e-m/nofp\libgcc.a(_arm_muldivdf3.o)
                0x08000538                __aeabi_dmul
                0x08000538                __muldf3
                0x0800078c                __divdf3
                0x0800078c                __aeabi_ddiv
 .text          0x0800095c      0x21c D:/STM32/arm-none-eabi-gcc/bin/../lib/gcc/arm-none-eabi/14.2.1/thumb/v7e-m/nofp\libgcc.a(_arm_addsubsf3.o)
                0x0800095c                __aeabi_frsub
                0x08000964                __subsf3
                0x08000964                __aeabi_fsub
                0x08000968                __aeabi_fadd
                0x08000968                __addsf3
                0x08000ac8                __aeabi_ui2f
                0x08000ac8                __floatunsisf
                0x08000ad0                __aeabi_i2f
                0x08000ad0                __floatsisf
                0x08000aec                __aeabi_ul2f
                0x08000aec                __floatundisf
                0x08000afc                __aeabi_l2f
                0x08000afc                __floatdisf
 .text          0x08000b78      0x2a0 D:/STM32/arm-none-eabi-gcc/bin/../lib/gcc/arm-none-eabi/14.2.1/thumb/v7e-m/nofp\libgcc.a(_arm_muldivsf3.o)
                0x08000b78                __mulsf3
                0x08000b78                __aeabi_fmul
                0x08000ce0                __aeabi_fdiv
                0x08000ce0                __divsf3
 .text          0x08000e18       0xec D:/STM32/arm-none-eabi-gcc/bin/../lib/gcc/arm-none-eabi/14.2.1/thumb/v7e-m/nofp\libgcc.a(_arm_cmpsf2.o)
                0x08000e18                __gesf2
                0x08000e18                __gtsf2
                0x08000e20                __lesf2
                0x08000e20                __ltsf2
                0x08000e28                __nesf2
                0x08000e28                __eqsf2
                0x08000e28                __cmpsf2
                0x08000e88                __aeabi_cfrcmple
                0x08000e90                __aeabi_cfcmpeq
                0x08000e90                __aeabi_cfcmple
                0x08000ea0                __aeabi_fcmpeq
                0x08000eb4                __aeabi_fcmplt
                0x08000ec8                __aeabi_fcmple
                0x08000edc                __aeabi_fcmpge
                0x08000ef0                __aeabi_fcmpgt
 .text          0x08000f04       0x4c D:/STM32/arm-none-eabi-gcc/bin/../lib/gcc/arm-none-eabi/14.2.1/thumb/v7e-m/nofp\libgcc.a(_arm_fixsfsi.o)
                0x08000f04                __aeabi_f2iz
                0x08000f04                __fixsfsi
 .text          0x08000f50       0x30 D:/STM32/arm-none-eabi-gcc/bin/../lib/gcc/arm-none-eabi/14.2.1/thumb/v7e-m/nofp\libgcc.a(_aeabi_uldivmod.o)
                0x08000f50                __aeabi_uldivmod
 .text          0x08000f80        0x4 D:/STM32/arm-none-eabi-gcc/bin/../lib/gcc/arm-none-eabi/14.2.1/thumb/v7e-m/nofp\libgcc.a(_dvmd_tls.o)
                0x08000f80                __aeabi_idiv0
                0x08000f80                __aeabi_ldiv0
 *fill*         0x08000f84       0x3c 
 .text          0x08000fc0       0xd8 D:/STM32/arm-none-eabi-gcc/bin/../lib/gcc/arm-none-eabi/14.2.1/thumb/v7e-m/nofp\libg.a(libc_a-strlen.o)
                0x08000fc0                strlen
 *fill*         0x08001098        0x8 
 .text          0x080010a0       0xa0 D:/STM32/arm-none-eabi-gcc/bin/../lib/gcc/arm-none-eabi/14.2.1/thumb/v7e-m/nofp\libg.a(libc_a-memchr.o)
                0x080010a0                memchr
 .text          0x08001140      0x134 D:/STM32/arm-none-eabi-gcc/bin/../lib/gcc/arm-none-eabi/14.2.1/thumb/v7e-m/nofp\libg.a(libc_a-memcpy.o)
                0x08001140                memcpy
 .text          0x08001274      0x110 D:/STM32/arm-none-eabi-gcc/bin/../lib/gcc/arm-none-eabi/14.2.1/thumb/v7e-m/nofp\libgcc.a(_arm_cmpdf2.o)
                0x08001274                __gtdf2
                0x08001274                __gedf2
                0x0800127c                __ltdf2
                0x0800127c                __ledf2
                0x08001284                __nedf2
                0x08001284                __eqdf2
                0x08001284                __cmpdf2
                0x08001300                __aeabi_cdrcmple
                0x08001310                __aeabi_cdcmpeq
                0x08001310                __aeabi_cdcmple
                0x08001320                __aeabi_dcmpeq
                0x08001334                __aeabi_dcmplt
                0x08001348                __aeabi_dcmple
                0x0800135c                __aeabi_dcmpge
                0x08001370                __aeabi_dcmpgt
 .text          0x08001384       0x2c D:/STM32/arm-none-eabi-gcc/bin/../lib/gcc/arm-none-eabi/14.2.1/thumb/v7e-m/nofp\libgcc.a(_arm_unorddf2.o)
                0x08001384                __unorddf2
                0x08001384                __aeabi_dcmpun
 .text          0x080013b0       0x50 D:/STM32/arm-none-eabi-gcc/bin/../lib/gcc/arm-none-eabi/14.2.1/thumb/v7e-m/nofp\libgcc.a(_arm_fixdfsi.o)
                0x080013b0                __aeabi_d2iz
                0x080013b0                __fixdfsi
 *(.text*)
 .text.deregister_tm_clones
                0x08001400       0x1c D:/STM32/arm-none-eabi-gcc/bin/../lib/gcc/arm-none-eabi/14.2.1/thumb/v7e-m/nofp/crtbegin.o
 .text.register_tm_clones
                0x0800141c       0x24 D:/STM32/arm-none-eabi-gcc/bin/../lib/gcc/arm-none-eabi/14.2.1/thumb/v7e-m/nofp/crtbegin.o
 .text.__do_global_dtors_aux
                0x08001440       0x28 D:/STM32/arm-none-eabi-gcc/bin/../lib/gcc/arm-none-eabi/14.2.1/thumb/v7e-m/nofp/crtbegin.o
 .text.frame_dummy
                0x08001468       0x24 D:/STM32/arm-none-eabi-gcc/bin/../lib/gcc/arm-none-eabi/14.2.1/thumb/v7e-m/nofp/crtbegin.o
 .text.can_filter_init
                0x0800148c       0xac CMakeFiles/LED.elf.dir/Core/Src/bsp_can.c.obj
                0x0800148c                can_filter_init
 .text.MX_CAN1_Init
                0x08001538       0x40 CMakeFiles/LED.elf.dir/Core/Src/can.c.obj
                0x08001538                MX_CAN1_Init
 .text.MX_CAN2_Init
                0x08001578       0x40 CMakeFiles/LED.elf.dir/Core/Src/can.c.obj
                0x08001578                MX_CAN2_Init
 .text.HAL_CAN_MspInit
                0x080015b8      0x120 CMakeFiles/LED.elf.dir/Core/Src/can.c.obj
                0x080015b8                HAL_CAN_MspInit
 .text.MX_DMA_Init
                0x080016d8       0x78 CMakeFiles/LED.elf.dir/Core/Src/dma.c.obj
                0x080016d8                MX_DMA_Init
 .text.MX_GPIO_Init
                0x08001750      0x120 CMakeFiles/LED.elf.dir/Core/Src/gpio.c.obj
                0x08001750                MX_GPIO_Init
 .text.kalman_filter_accel
                0x08001870      0x25c CMakeFiles/LED.elf.dir/Core/Src/main.c.obj
                0x08001870                kalman_filter_accel
 .text.HAL_UART_TxCpltCallback
                0x08001acc       0x1c CMakeFiles/LED.elf.dir/Core/Src/main.c.obj
                0x08001acc                HAL_UART_TxCpltCallback
 .text.Error_Handler
                0x08001ae8        0x4 CMakeFiles/LED.elf.dir/Core/Src/main.c.obj
                0x08001ae8                Error_Handler
 .text.SystemClock_Config
                0x08001aec       0xbc CMakeFiles/LED.elf.dir/Core/Src/main.c.obj
                0x08001aec                SystemClock_Config
 .text.main     0x08001ba8      0x3a0 CMakeFiles/LED.elf.dir/Core/Src/main.c.obj
                0x08001ba8                main
 .text.pid_init
                0x08001f48       0x18 CMakeFiles/LED.elf.dir/Core/Src/pid.c.obj
                0x08001f48                pid_init
 .text.pid_calc
                0x08001f60       0xb8 CMakeFiles/LED.elf.dir/Core/Src/pid.c.obj
                0x08001f60                pid_calc
 .text.MX_SPI1_Init
                0x08002018       0x48 CMakeFiles/LED.elf.dir/Core/Src/spi.c.obj
                0x08002018                MX_SPI1_Init
 .text.HAL_SPI_MspInit
                0x08002060      0x12c CMakeFiles/LED.elf.dir/Core/Src/spi.c.obj
                0x08002060                HAL_SPI_MspInit
 .text.HAL_MspInit
                0x0800218c       0x38 CMakeFiles/LED.elf.dir/Core/Src/stm32f4xx_hal_msp.c.obj
                0x0800218c                HAL_MspInit
 .text.NMI_Handler
                0x080021c4        0x2 CMakeFiles/LED.elf.dir/Core/Src/stm32f4xx_it.c.obj
                0x080021c4                NMI_Handler
 .text.HardFault_Handler
                0x080021c6        0x2 CMakeFiles/LED.elf.dir/Core/Src/stm32f4xx_it.c.obj
                0x080021c6                HardFault_Handler
 .text.MemManage_Handler
                0x080021c8        0x2 CMakeFiles/LED.elf.dir/Core/Src/stm32f4xx_it.c.obj
                0x080021c8                MemManage_Handler
 .text.BusFault_Handler
                0x080021ca        0x2 CMakeFiles/LED.elf.dir/Core/Src/stm32f4xx_it.c.obj
                0x080021ca                BusFault_Handler
 .text.UsageFault_Handler
                0x080021cc        0x2 CMakeFiles/LED.elf.dir/Core/Src/stm32f4xx_it.c.obj
                0x080021cc                UsageFault_Handler
 .text.SVC_Handler
                0x080021ce        0x2 CMakeFiles/LED.elf.dir/Core/Src/stm32f4xx_it.c.obj
                0x080021ce                SVC_Handler
 .text.DebugMon_Handler
                0x080021d0        0x2 CMakeFiles/LED.elf.dir/Core/Src/stm32f4xx_it.c.obj
                0x080021d0                DebugMon_Handler
 .text.PendSV_Handler
                0x080021d2        0x2 CMakeFiles/LED.elf.dir/Core/Src/stm32f4xx_it.c.obj
                0x080021d2                PendSV_Handler
 .text.SysTick_Handler
                0x080021d4        0x8 CMakeFiles/LED.elf.dir/Core/Src/stm32f4xx_it.c.obj
                0x080021d4                SysTick_Handler
 .text.DMA1_Stream1_IRQHandler
                0x080021dc       0x10 CMakeFiles/LED.elf.dir/Core/Src/stm32f4xx_it.c.obj
                0x080021dc                DMA1_Stream1_IRQHandler
 .text.CAN1_RX0_IRQHandler
                0x080021ec       0x10 CMakeFiles/LED.elf.dir/Core/Src/stm32f4xx_it.c.obj
                0x080021ec                CAN1_RX0_IRQHandler
 .text.USART1_IRQHandler
                0x080021fc       0x10 CMakeFiles/LED.elf.dir/Core/Src/stm32f4xx_it.c.obj
                0x080021fc                USART1_IRQHandler
 .text.USART3_IRQHandler
                0x0800220c       0x14 CMakeFiles/LED.elf.dir/Core/Src/stm32f4xx_it.c.obj
                0x0800220c                USART3_IRQHandler
 .text.DMA2_Stream2_IRQHandler
                0x08002220       0x10 CMakeFiles/LED.elf.dir/Core/Src/stm32f4xx_it.c.obj
                0x08002220                DMA2_Stream2_IRQHandler
 .text.DMA2_Stream3_IRQHandler
                0x08002230       0x10 CMakeFiles/LED.elf.dir/Core/Src/stm32f4xx_it.c.obj
                0x08002230                DMA2_Stream3_IRQHandler
 .text.CAN2_RX0_IRQHandler
                0x08002240       0x10 CMakeFiles/LED.elf.dir/Core/Src/stm32f4xx_it.c.obj
                0x08002240                CAN2_RX0_IRQHandler
 .text.DMA2_Stream7_IRQHandler
                0x08002250       0x10 CMakeFiles/LED.elf.dir/Core/Src/stm32f4xx_it.c.obj
                0x08002250                DMA2_Stream7_IRQHandler
 .text._getpid  0x08002260        0x4 CMakeFiles/LED.elf.dir/Core/Src/syscalls.c.obj
                0x08002260                _getpid
 .text._kill    0x08002264       0x10 CMakeFiles/LED.elf.dir/Core/Src/syscalls.c.obj
                0x08002264                _kill
 .text._exit    0x08002274        0xc CMakeFiles/LED.elf.dir/Core/Src/syscalls.c.obj
                0x08002274                _exit
 .text._read    0x08002280       0x20 CMakeFiles/LED.elf.dir/Core/Src/syscalls.c.obj
                0x08002280                _read
 .text._write   0x080022a0       0x1c CMakeFiles/LED.elf.dir/Core/Src/syscalls.c.obj
                0x080022a0                _write
 .text._close   0x080022bc        0x6 CMakeFiles/LED.elf.dir/Core/Src/syscalls.c.obj
                0x080022bc                _close
 .text._fstat   0x080022c2        0xa CMakeFiles/LED.elf.dir/Core/Src/syscalls.c.obj
                0x080022c2                _fstat
 .text._isatty  0x080022cc        0x4 CMakeFiles/LED.elf.dir/Core/Src/syscalls.c.obj
                0x080022cc                _isatty
 .text._lseek   0x080022d0        0x4 CMakeFiles/LED.elf.dir/Core/Src/syscalls.c.obj
                0x080022d0                _lseek
 .text._sbrk    0x080022d4       0x48 CMakeFiles/LED.elf.dir/Core/Src/sysmem.c.obj
                0x080022d4                _sbrk
 .text.SystemInit
                0x0800231c        0x2 CMakeFiles/LED.elf.dir/Core/Src/system_stm32f4xx.c.obj
                0x0800231c                SystemInit
 *fill*         0x0800231e        0x2 
 .text.HAL_TIM_Base_MspInit
                0x08002320       0x30 CMakeFiles/LED.elf.dir/Core/Src/tim.c.obj
                0x08002320                HAL_TIM_Base_MspInit
 .text.HAL_TIM_MspPostInit
                0x08002350       0x5c CMakeFiles/LED.elf.dir/Core/Src/tim.c.obj
                0x08002350                HAL_TIM_MspPostInit
 .text.MX_TIM10_Init
                0x080023ac       0x74 CMakeFiles/LED.elf.dir/Core/Src/tim.c.obj
                0x080023ac                MX_TIM10_Init
 .text.MX_USART1_UART_Init
                0x08002420       0x34 CMakeFiles/LED.elf.dir/Core/Src/usart.c.obj
                0x08002420                MX_USART1_UART_Init
 .text.MX_USART3_UART_Init
                0x08002454       0x38 CMakeFiles/LED.elf.dir/Core/Src/usart.c.obj
                0x08002454                MX_USART3_UART_Init
 .text.HAL_UART_MspInit
                0x0800248c      0x1a4 CMakeFiles/LED.elf.dir/Core/Src/usart.c.obj
                0x0800248c                HAL_UART_MspInit
 .text.Reset_Handler
                0x08002630       0x50 CMakeFiles/LED.elf.dir/Core/Startup/startup_stm32f407ighx.s.obj
                0x08002630                Reset_Handler
 .text.Default_Handler
                0x08002680        0x2 CMakeFiles/LED.elf.dir/Core/Startup/startup_stm32f407ighx.s.obj
                0x08002680                RTC_Alarm_IRQHandler
                0x08002680                HASH_RNG_IRQHandler
                0x08002680                EXTI2_IRQHandler
                0x08002680                TIM8_CC_IRQHandler
                0x08002680                TIM1_CC_IRQHandler
                0x08002680                DMA2_Stream5_IRQHandler
                0x08002680                DMA1_Stream5_IRQHandler
                0x08002680                PVD_IRQHandler
                0x08002680                SDIO_IRQHandler
                0x08002680                TAMP_STAMP_IRQHandler
                0x08002680                CAN2_RX1_IRQHandler
                0x08002680                EXTI3_IRQHandler
                0x08002680                TIM8_TRG_COM_TIM14_IRQHandler
                0x08002680                TIM1_UP_TIM10_IRQHandler
                0x08002680                TIM8_UP_TIM13_IRQHandler
                0x08002680                I2C3_ER_IRQHandler
                0x08002680                EXTI0_IRQHandler
                0x08002680                I2C2_EV_IRQHandler
                0x08002680                DMA1_Stream2_IRQHandler
                0x08002680                FPU_IRQHandler
                0x08002680                OTG_HS_WKUP_IRQHandler
                0x08002680                CAN2_SCE_IRQHandler
                0x08002680                SPI1_IRQHandler
                0x08002680                TIM6_DAC_IRQHandler
                0x08002680                TIM1_BRK_TIM9_IRQHandler
                0x08002680                DCMI_IRQHandler
                0x08002680                USART6_IRQHandler
                0x08002680                CAN1_RX1_IRQHandler
                0x08002680                UART5_IRQHandler
                0x08002680                DMA2_Stream0_IRQHandler
                0x08002680                TIM4_IRQHandler
                0x08002680                I2C1_EV_IRQHandler
                0x08002680                DMA1_Stream6_IRQHandler
                0x08002680                UART4_IRQHandler
                0x08002680                TIM3_IRQHandler
                0x08002680                RCC_IRQHandler
                0x08002680                TIM8_BRK_TIM12_IRQHandler
                0x08002680                Default_Handler
                0x08002680                EXTI15_10_IRQHandler
                0x08002680                ADC_IRQHandler
                0x08002680                DMA1_Stream7_IRQHandler
                0x08002680                TIM7_IRQHandler
                0x08002680                CAN2_TX_IRQHandler
                0x08002680                TIM5_IRQHandler
                0x08002680                I2C3_EV_IRQHandler
                0x08002680                EXTI9_5_IRQHandler
                0x08002680                RTC_WKUP_IRQHandler
                0x08002680                ETH_WKUP_IRQHandler
                0x08002680                SPI2_IRQHandler
                0x08002680                OTG_HS_EP1_IN_IRQHandler
                0x08002680                DMA1_Stream0_IRQHandler
                0x08002680                CAN1_TX_IRQHandler
                0x08002680                EXTI4_IRQHandler
                0x08002680                FSMC_IRQHandler
                0x08002680                ETH_IRQHandler
                0x08002680                OTG_HS_EP1_OUT_IRQHandler
                0x08002680                WWDG_IRQHandler
                0x08002680                TIM2_IRQHandler
                0x08002680                OTG_FS_WKUP_IRQHandler
                0x08002680                TIM1_TRG_COM_TIM11_IRQHandler
                0x08002680                OTG_HS_IRQHandler
                0x08002680                EXTI1_IRQHandler
                0x08002680                USART2_IRQHandler
                0x08002680                I2C2_ER_IRQHandler
                0x08002680                DMA2_Stream1_IRQHandler
                0x08002680                CAN1_SCE_IRQHandler
                0x08002680                FLASH_IRQHandler
                0x08002680                DMA2_Stream4_IRQHandler
                0x08002680                OTG_FS_IRQHandler
                0x08002680                SPI3_IRQHandler
                0x08002680                DMA1_Stream4_IRQHandler
                0x08002680                I2C1_ER_IRQHandler
                0x08002680                DMA2_Stream6_IRQHandler
                0x08002680                DMA1_Stream3_IRQHandler
 .text.BMI088_GPIO_init
                0x08002682        0x2 CMakeFiles/LED.elf.dir/Core/application/BMI088Middleware.c.obj
                0x08002682                BMI088_GPIO_init
 .text.BMI088_com_init
                0x08002684        0x2 CMakeFiles/LED.elf.dir/Core/application/BMI088Middleware.c.obj
                0x08002684                BMI088_com_init
 .text.BMI088_delay_us
                0x08002686       0x36 CMakeFiles/LED.elf.dir/Core/application/BMI088Middleware.c.obj
                0x08002686                BMI088_delay_us
 .text.BMI088_delay_ms
                0x080026bc       0x18 CMakeFiles/LED.elf.dir/Core/application/BMI088Middleware.c.obj
                0x080026bc                BMI088_delay_ms
 .text.BMI088_ACCEL_NS_L
                0x080026d4       0x14 CMakeFiles/LED.elf.dir/Core/application/BMI088Middleware.c.obj
                0x080026d4                BMI088_ACCEL_NS_L
 .text.BMI088_ACCEL_NS_H
                0x080026e8       0x14 CMakeFiles/LED.elf.dir/Core/application/BMI088Middleware.c.obj
                0x080026e8                BMI088_ACCEL_NS_H
 .text.BMI088_GYRO_NS_L
                0x080026fc       0x14 CMakeFiles/LED.elf.dir/Core/application/BMI088Middleware.c.obj
                0x080026fc                BMI088_GYRO_NS_L
 .text.BMI088_GYRO_NS_H
                0x08002710       0x14 CMakeFiles/LED.elf.dir/Core/application/BMI088Middleware.c.obj
                0x08002710                BMI088_GYRO_NS_H
 .text.BMI088_read_write_byte
                0x08002724       0x2c CMakeFiles/LED.elf.dir/Core/application/BMI088Middleware.c.obj
                0x08002724                BMI088_read_write_byte
 .text.BMI088_write_single_reg
                0x08002750       0x10 CMakeFiles/LED.elf.dir/Core/application/BMI088driver.c.obj
 .text.BMI088_read_single_reg
                0x08002760       0x16 CMakeFiles/LED.elf.dir/Core/application/BMI088driver.c.obj
 .text.BMI088_read_muli_reg
                0x08002776       0x24 CMakeFiles/LED.elf.dir/Core/application/BMI088driver.c.obj
 *fill*         0x0800279a        0x2 
 .text.bmi088_accel_init
                0x0800279c      0x10c CMakeFiles/LED.elf.dir/Core/application/BMI088driver.c.obj
                0x0800279c                bmi088_accel_init
 .text.bmi088_gyro_init
                0x080028a8       0xec CMakeFiles/LED.elf.dir/Core/application/BMI088driver.c.obj
                0x080028a8                bmi088_gyro_init
 .text.BMI088_init
                0x08002994       0x1a CMakeFiles/LED.elf.dir/Core/application/BMI088driver.c.obj
                0x08002994                BMI088_init
 *fill*         0x080029ae        0x2 
 .text.BMI088_read
                0x080029b0      0x148 CMakeFiles/LED.elf.dir/Core/application/BMI088driver.c.obj
                0x080029b0                BMI088_read
 .text.HAL_CAN_RxFifo0MsgPendingCallback
                0x08002af8       0x84 CMakeFiles/LED.elf.dir/Core/application/CAN_receive.c.obj
                0x08002af8                HAL_CAN_RxFifo0MsgPendingCallback
 .text.CAN_cmd_chassis1
                0x08002b7c       0x44 CMakeFiles/LED.elf.dir/Core/application/CAN_receive.c.obj
                0x08002b7c                CAN_cmd_chassis1
 .text.CAN_cmd_chassis2
                0x08002bc0       0x44 CMakeFiles/LED.elf.dir/Core/application/CAN_receive.c.obj
                0x08002bc0                CAN_cmd_chassis2
 .text.get_chassis_motor_measure_point
                0x08002c04       0x14 CMakeFiles/LED.elf.dir/Core/application/CAN_receive.c.obj
                0x08002c04                get_chassis_motor_measure_point
 .text.RC_init  0x08002c18       0x68 CMakeFiles/LED.elf.dir/Core/application/bsp_rc.c.obj
                0x08002c18                RC_init
 .text.sbus_to_rc
                0x08002c80       0xde CMakeFiles/LED.elf.dir/Core/application/remote_control.c.obj
 *fill*         0x08002d5e        0x2 
 .text.remote_control_init
                0x08002d60       0x14 CMakeFiles/LED.elf.dir/Core/application/remote_control.c.obj
                0x08002d60                remote_control_init
 .text.get_remote_control_point
                0x08002d74        0x8 CMakeFiles/LED.elf.dir/Core/application/remote_control.c.obj
                0x08002d74                get_remote_control_point
 .text.remote_control_uart3_handler
                0x08002d7c       0xe4 CMakeFiles/LED.elf.dir/Core/application/remote_control.c.obj
                0x08002d7c                remote_control_uart3_handler
 .text.HAL_InitTick
                0x08002e60       0x4c CMakeFiles/LED.elf.dir/Drivers/STM32F4xx_HAL_Driver/Src/stm32f4xx_hal.c.obj
                0x08002e60                HAL_InitTick
 .text.HAL_Init
                0x08002eac       0x34 CMakeFiles/LED.elf.dir/Drivers/STM32F4xx_HAL_Driver/Src/stm32f4xx_hal.c.obj
                0x08002eac                HAL_Init
 .text.HAL_IncTick
                0x08002ee0       0x18 CMakeFiles/LED.elf.dir/Drivers/STM32F4xx_HAL_Driver/Src/stm32f4xx_hal.c.obj
                0x08002ee0                HAL_IncTick
 .text.HAL_GetTick
                0x08002ef8        0xc CMakeFiles/LED.elf.dir/Drivers/STM32F4xx_HAL_Driver/Src/stm32f4xx_hal.c.obj
                0x08002ef8                HAL_GetTick
 .text.HAL_CAN_Init
                0x08002f04      0x14c CMakeFiles/LED.elf.dir/Drivers/STM32F4xx_HAL_Driver/Src/stm32f4xx_hal_can.c.obj
                0x08002f04                HAL_CAN_Init
 .text.HAL_CAN_ConfigFilter
                0x08003050      0x13c CMakeFiles/LED.elf.dir/Drivers/STM32F4xx_HAL_Driver/Src/stm32f4xx_hal_can.c.obj
                0x08003050                HAL_CAN_ConfigFilter
 .text.HAL_CAN_Start
                0x0800318c       0x5c CMakeFiles/LED.elf.dir/Drivers/STM32F4xx_HAL_Driver/Src/stm32f4xx_hal_can.c.obj
                0x0800318c                HAL_CAN_Start
 .text.HAL_CAN_AddTxMessage
                0x080031e8       0xea CMakeFiles/LED.elf.dir/Drivers/STM32F4xx_HAL_Driver/Src/stm32f4xx_hal_can.c.obj
                0x080031e8                HAL_CAN_AddTxMessage
 .text.HAL_CAN_GetRxMessage
                0x080032d2      0x16a CMakeFiles/LED.elf.dir/Drivers/STM32F4xx_HAL_Driver/Src/stm32f4xx_hal_can.c.obj
                0x080032d2                HAL_CAN_GetRxMessage
 .text.HAL_CAN_ActivateNotification
                0x0800343c       0x24 CMakeFiles/LED.elf.dir/Drivers/STM32F4xx_HAL_Driver/Src/stm32f4xx_hal_can.c.obj
                0x0800343c                HAL_CAN_ActivateNotification
 .text.HAL_CAN_TxMailbox0CompleteCallback
                0x08003460        0x2 CMakeFiles/LED.elf.dir/Drivers/STM32F4xx_HAL_Driver/Src/stm32f4xx_hal_can.c.obj
                0x08003460                HAL_CAN_TxMailbox0CompleteCallback
 .text.HAL_CAN_TxMailbox1CompleteCallback
                0x08003462        0x2 CMakeFiles/LED.elf.dir/Drivers/STM32F4xx_HAL_Driver/Src/stm32f4xx_hal_can.c.obj
                0x08003462                HAL_CAN_TxMailbox1CompleteCallback
 .text.HAL_CAN_TxMailbox2CompleteCallback
                0x08003464        0x2 CMakeFiles/LED.elf.dir/Drivers/STM32F4xx_HAL_Driver/Src/stm32f4xx_hal_can.c.obj
                0x08003464                HAL_CAN_TxMailbox2CompleteCallback
 .text.HAL_CAN_TxMailbox0AbortCallback
                0x08003466        0x2 CMakeFiles/LED.elf.dir/Drivers/STM32F4xx_HAL_Driver/Src/stm32f4xx_hal_can.c.obj
                0x08003466                HAL_CAN_TxMailbox0AbortCallback
 .text.HAL_CAN_TxMailbox1AbortCallback
                0x08003468        0x2 CMakeFiles/LED.elf.dir/Drivers/STM32F4xx_HAL_Driver/Src/stm32f4xx_hal_can.c.obj
                0x08003468                HAL_CAN_TxMailbox1AbortCallback
 .text.HAL_CAN_TxMailbox2AbortCallback
                0x0800346a        0x2 CMakeFiles/LED.elf.dir/Drivers/STM32F4xx_HAL_Driver/Src/stm32f4xx_hal_can.c.obj
                0x0800346a                HAL_CAN_TxMailbox2AbortCallback
 .text.HAL_CAN_RxFifo0FullCallback
                0x0800346c        0x2 CMakeFiles/LED.elf.dir/Drivers/STM32F4xx_HAL_Driver/Src/stm32f4xx_hal_can.c.obj
                0x0800346c                HAL_CAN_RxFifo0FullCallback
 .text.HAL_CAN_RxFifo1MsgPendingCallback
                0x0800346e        0x2 CMakeFiles/LED.elf.dir/Drivers/STM32F4xx_HAL_Driver/Src/stm32f4xx_hal_can.c.obj
                0x0800346e                HAL_CAN_RxFifo1MsgPendingCallback
 .text.HAL_CAN_RxFifo1FullCallback
                0x08003470        0x2 CMakeFiles/LED.elf.dir/Drivers/STM32F4xx_HAL_Driver/Src/stm32f4xx_hal_can.c.obj
                0x08003470                HAL_CAN_RxFifo1FullCallback
 .text.HAL_CAN_SleepCallback
                0x08003472        0x2 CMakeFiles/LED.elf.dir/Drivers/STM32F4xx_HAL_Driver/Src/stm32f4xx_hal_can.c.obj
                0x08003472                HAL_CAN_SleepCallback
 .text.HAL_CAN_WakeUpFromRxMsgCallback
                0x08003474        0x2 CMakeFiles/LED.elf.dir/Drivers/STM32F4xx_HAL_Driver/Src/stm32f4xx_hal_can.c.obj
                0x08003474                HAL_CAN_WakeUpFromRxMsgCallback
 .text.HAL_CAN_ErrorCallback
                0x08003476        0x2 CMakeFiles/LED.elf.dir/Drivers/STM32F4xx_HAL_Driver/Src/stm32f4xx_hal_can.c.obj
                0x08003476                HAL_CAN_ErrorCallback
 .text.HAL_CAN_IRQHandler
                0x08003478      0x250 CMakeFiles/LED.elf.dir/Drivers/STM32F4xx_HAL_Driver/Src/stm32f4xx_hal_can.c.obj
                0x08003478                HAL_CAN_IRQHandler
 .text.__NVIC_EnableIRQ
                0x080036c8       0x1c CMakeFiles/LED.elf.dir/Drivers/STM32F4xx_HAL_Driver/Src/stm32f4xx_hal_cortex.c.obj
 .text.__NVIC_SetPriority
                0x080036e4       0x28 CMakeFiles/LED.elf.dir/Drivers/STM32F4xx_HAL_Driver/Src/stm32f4xx_hal_cortex.c.obj
 .text.NVIC_EncodePriority
                0x0800370c       0x3e CMakeFiles/LED.elf.dir/Drivers/STM32F4xx_HAL_Driver/Src/stm32f4xx_hal_cortex.c.obj
 *fill*         0x0800374a        0x2 
 .text.HAL_NVIC_SetPriorityGrouping
                0x0800374c       0x24 CMakeFiles/LED.elf.dir/Drivers/STM32F4xx_HAL_Driver/Src/stm32f4xx_hal_cortex.c.obj
                0x0800374c                HAL_NVIC_SetPriorityGrouping
 .text.HAL_NVIC_SetPriority
                0x08003770       0x20 CMakeFiles/LED.elf.dir/Drivers/STM32F4xx_HAL_Driver/Src/stm32f4xx_hal_cortex.c.obj
                0x08003770                HAL_NVIC_SetPriority
 .text.HAL_NVIC_EnableIRQ
                0x08003790        0x8 CMakeFiles/LED.elf.dir/Drivers/STM32F4xx_HAL_Driver/Src/stm32f4xx_hal_cortex.c.obj
                0x08003790                HAL_NVIC_EnableIRQ
 .text.HAL_SYSTICK_Config
                0x08003798       0x28 CMakeFiles/LED.elf.dir/Drivers/STM32F4xx_HAL_Driver/Src/stm32f4xx_hal_cortex.c.obj
                0x08003798                HAL_SYSTICK_Config
 .text.DMA_SetConfig
                0x080037c0       0x2c CMakeFiles/LED.elf.dir/Drivers/STM32F4xx_HAL_Driver/Src/stm32f4xx_hal_dma.c.obj
 .text.DMA_CalcBaseAndBitshift
                0x080037ec       0x38 CMakeFiles/LED.elf.dir/Drivers/STM32F4xx_HAL_Driver/Src/stm32f4xx_hal_dma.c.obj
 .text.DMA_CheckFifoParam
                0x08003824       0x8e CMakeFiles/LED.elf.dir/Drivers/STM32F4xx_HAL_Driver/Src/stm32f4xx_hal_dma.c.obj
 *fill*         0x080038b2        0x2 
 .text.HAL_DMA_Init
                0x080038b4       0xcc CMakeFiles/LED.elf.dir/Drivers/STM32F4xx_HAL_Driver/Src/stm32f4xx_hal_dma.c.obj
                0x080038b4                HAL_DMA_Init
 .text.HAL_DMA_Start_IT
                0x08003980       0x68 CMakeFiles/LED.elf.dir/Drivers/STM32F4xx_HAL_Driver/Src/stm32f4xx_hal_dma.c.obj
                0x08003980                HAL_DMA_Start_IT
 .text.HAL_DMA_Abort
                0x080039e8       0x92 CMakeFiles/LED.elf.dir/Drivers/STM32F4xx_HAL_Driver/Src/stm32f4xx_hal_dma.c.obj
                0x080039e8                HAL_DMA_Abort
 .text.HAL_DMA_Abort_IT
                0x08003a7a       0x24 CMakeFiles/LED.elf.dir/Drivers/STM32F4xx_HAL_Driver/Src/stm32f4xx_hal_dma.c.obj
                0x08003a7a                HAL_DMA_Abort_IT
 *fill*         0x08003a9e        0x2 
 .text.HAL_DMA_IRQHandler
                0x08003aa0      0x1dc CMakeFiles/LED.elf.dir/Drivers/STM32F4xx_HAL_Driver/Src/stm32f4xx_hal_dma.c.obj
                0x08003aa0                HAL_DMA_IRQHandler
 .text.HAL_GPIO_Init
                0x08003c7c      0x1f4 CMakeFiles/LED.elf.dir/Drivers/STM32F4xx_HAL_Driver/Src/stm32f4xx_hal_gpio.c.obj
                0x08003c7c                HAL_GPIO_Init
 .text.HAL_GPIO_WritePin
                0x08003e70        0xc CMakeFiles/LED.elf.dir/Drivers/STM32F4xx_HAL_Driver/Src/stm32f4xx_hal_gpio.c.obj
                0x08003e70                HAL_GPIO_WritePin
 .text.HAL_GPIO_TogglePin
                0x08003e7c       0x12 CMakeFiles/LED.elf.dir/Drivers/STM32F4xx_HAL_Driver/Src/stm32f4xx_hal_gpio.c.obj
                0x08003e7c                HAL_GPIO_TogglePin
 *fill*         0x08003e8e        0x2 
 .text.HAL_RCC_OscConfig
                0x08003e90      0x3f8 CMakeFiles/LED.elf.dir/Drivers/STM32F4xx_HAL_Driver/Src/stm32f4xx_hal_rcc.c.obj
                0x08003e90                HAL_RCC_OscConfig
 .text.HAL_RCC_GetSysClockFreq
                0x08004288       0xa8 CMakeFiles/LED.elf.dir/Drivers/STM32F4xx_HAL_Driver/Src/stm32f4xx_hal_rcc.c.obj
                0x08004288                HAL_RCC_GetSysClockFreq
 .text.HAL_RCC_ClockConfig
                0x08004330      0x160 CMakeFiles/LED.elf.dir/Drivers/STM32F4xx_HAL_Driver/Src/stm32f4xx_hal_rcc.c.obj
                0x08004330                HAL_RCC_ClockConfig
 .text.HAL_RCC_GetHCLKFreq
                0x08004490        0xc CMakeFiles/LED.elf.dir/Drivers/STM32F4xx_HAL_Driver/Src/stm32f4xx_hal_rcc.c.obj
                0x08004490                HAL_RCC_GetHCLKFreq
 .text.HAL_RCC_GetPCLK1Freq
                0x0800449c       0x20 CMakeFiles/LED.elf.dir/Drivers/STM32F4xx_HAL_Driver/Src/stm32f4xx_hal_rcc.c.obj
                0x0800449c                HAL_RCC_GetPCLK1Freq
 .text.HAL_RCC_GetPCLK2Freq
                0x080044bc       0x20 CMakeFiles/LED.elf.dir/Drivers/STM32F4xx_HAL_Driver/Src/stm32f4xx_hal_rcc.c.obj
                0x080044bc                HAL_RCC_GetPCLK2Freq
 .text.SPI_WaitFlagStateUntilTimeout
                0x080044dc       0xc8 CMakeFiles/LED.elf.dir/Drivers/STM32F4xx_HAL_Driver/Src/stm32f4xx_hal_spi.c.obj
 .text.SPI_EndRxTxTransaction
                0x080045a4       0x80 CMakeFiles/LED.elf.dir/Drivers/STM32F4xx_HAL_Driver/Src/stm32f4xx_hal_spi.c.obj
 .text.HAL_SPI_Init
                0x08004624       0xbe CMakeFiles/LED.elf.dir/Drivers/STM32F4xx_HAL_Driver/Src/stm32f4xx_hal_spi.c.obj
                0x08004624                HAL_SPI_Init
 .text.HAL_SPI_TransmitReceive
                0x080046e2      0x252 CMakeFiles/LED.elf.dir/Drivers/STM32F4xx_HAL_Driver/Src/stm32f4xx_hal_spi.c.obj
                0x080046e2                HAL_SPI_TransmitReceive
 .text.TIM_OC1_SetConfig
                0x08004934       0x70 CMakeFiles/LED.elf.dir/Drivers/STM32F4xx_HAL_Driver/Src/stm32f4xx_hal_tim.c.obj
 .text.TIM_OC3_SetConfig
                0x080049a4       0x70 CMakeFiles/LED.elf.dir/Drivers/STM32F4xx_HAL_Driver/Src/stm32f4xx_hal_tim.c.obj
 .text.TIM_OC4_SetConfig
                0x08004a14       0x50 CMakeFiles/LED.elf.dir/Drivers/STM32F4xx_HAL_Driver/Src/stm32f4xx_hal_tim.c.obj
 .text.HAL_TIM_PWM_MspInit
                0x08004a64        0x2 CMakeFiles/LED.elf.dir/Drivers/STM32F4xx_HAL_Driver/Src/stm32f4xx_hal_tim.c.obj
                0x08004a64                HAL_TIM_PWM_MspInit
 *fill*         0x08004a66        0x2 
 .text.TIM_Base_SetConfig
                0x08004a68       0xd8 CMakeFiles/LED.elf.dir/Drivers/STM32F4xx_HAL_Driver/Src/stm32f4xx_hal_tim.c.obj
                0x08004a68                TIM_Base_SetConfig
 .text.HAL_TIM_Base_Init
                0x08004b40       0x58 CMakeFiles/LED.elf.dir/Drivers/STM32F4xx_HAL_Driver/Src/stm32f4xx_hal_tim.c.obj
                0x08004b40                HAL_TIM_Base_Init
 .text.HAL_TIM_PWM_Init
                0x08004b98       0x58 CMakeFiles/LED.elf.dir/Drivers/STM32F4xx_HAL_Driver/Src/stm32f4xx_hal_tim.c.obj
                0x08004b98                HAL_TIM_PWM_Init
 .text.TIM_OC2_SetConfig
                0x08004bf0       0x70 CMakeFiles/LED.elf.dir/Drivers/STM32F4xx_HAL_Driver/Src/stm32f4xx_hal_tim.c.obj
                0x08004bf0                TIM_OC2_SetConfig
 .text.HAL_TIM_PWM_ConfigChannel
                0x08004c60       0xdc CMakeFiles/LED.elf.dir/Drivers/STM32F4xx_HAL_Driver/Src/stm32f4xx_hal_tim.c.obj
                0x08004c60                HAL_TIM_PWM_ConfigChannel
 .text.UART_EndTxTransfer
                0x08004d3c       0x20 CMakeFiles/LED.elf.dir/Drivers/STM32F4xx_HAL_Driver/Src/stm32f4xx_hal_uart.c.obj
 .text.UART_EndRxTransfer
                0x08004d5c       0x5c CMakeFiles/LED.elf.dir/Drivers/STM32F4xx_HAL_Driver/Src/stm32f4xx_hal_uart.c.obj
 .text.UART_Transmit_IT
                0x08004db8       0x5e CMakeFiles/LED.elf.dir/Drivers/STM32F4xx_HAL_Driver/Src/stm32f4xx_hal_uart.c.obj
 *fill*         0x08004e16        0x2 
 .text.UART_SetConfig
                0x08004e18      0x110 CMakeFiles/LED.elf.dir/Drivers/STM32F4xx_HAL_Driver/Src/stm32f4xx_hal_uart.c.obj
 .text.HAL_UART_Init
                0x08004f28       0x60 CMakeFiles/LED.elf.dir/Drivers/STM32F4xx_HAL_Driver/Src/stm32f4xx_hal_uart.c.obj
                0x08004f28                HAL_UART_Init
 .text.HAL_UART_Transmit_DMA
                0x08004f88       0x80 CMakeFiles/LED.elf.dir/Drivers/STM32F4xx_HAL_Driver/Src/stm32f4xx_hal_uart.c.obj
                0x08004f88                HAL_UART_Transmit_DMA
 .text.UART_DMATransmitCplt
                0x08005008       0x4c CMakeFiles/LED.elf.dir/Drivers/STM32F4xx_HAL_Driver/Src/stm32f4xx_hal_uart.c.obj
 .text.UART_EndTransmit_IT
                0x08005054       0x1a CMakeFiles/LED.elf.dir/Drivers/STM32F4xx_HAL_Driver/Src/stm32f4xx_hal_uart.c.obj
 .text.HAL_UART_TxHalfCpltCallback
                0x0800506e        0x2 CMakeFiles/LED.elf.dir/Drivers/STM32F4xx_HAL_Driver/Src/stm32f4xx_hal_uart.c.obj
                0x0800506e                HAL_UART_TxHalfCpltCallback
 .text.UART_DMATxHalfCplt
                0x08005070        0xa CMakeFiles/LED.elf.dir/Drivers/STM32F4xx_HAL_Driver/Src/stm32f4xx_hal_uart.c.obj
 .text.HAL_UART_RxCpltCallback
                0x0800507a        0x2 CMakeFiles/LED.elf.dir/Drivers/STM32F4xx_HAL_Driver/Src/stm32f4xx_hal_uart.c.obj
                0x0800507a                HAL_UART_RxCpltCallback
 .text.HAL_UART_ErrorCallback
                0x0800507c        0x2 CMakeFiles/LED.elf.dir/Drivers/STM32F4xx_HAL_Driver/Src/stm32f4xx_hal_uart.c.obj
                0x0800507c                HAL_UART_ErrorCallback
 .text.UART_DMAError
                0x0800507e       0x54 CMakeFiles/LED.elf.dir/Drivers/STM32F4xx_HAL_Driver/Src/stm32f4xx_hal_uart.c.obj
 .text.UART_DMAAbortOnError
                0x080050d2       0x10 CMakeFiles/LED.elf.dir/Drivers/STM32F4xx_HAL_Driver/Src/stm32f4xx_hal_uart.c.obj
 .text.HAL_UARTEx_RxEventCallback
                0x080050e2        0x2 CMakeFiles/LED.elf.dir/Drivers/STM32F4xx_HAL_Driver/Src/stm32f4xx_hal_uart.c.obj
                0x080050e2                HAL_UARTEx_RxEventCallback
 .text.UART_Receive_IT
                0x080050e4       0xe4 CMakeFiles/LED.elf.dir/Drivers/STM32F4xx_HAL_Driver/Src/stm32f4xx_hal_uart.c.obj
 .text.HAL_UART_IRQHandler
                0x080051c8      0x284 CMakeFiles/LED.elf.dir/Drivers/STM32F4xx_HAL_Driver/Src/stm32f4xx_hal_uart.c.obj
                0x080051c8                HAL_UART_IRQHandler
 .text.__udivmoddi4
                0x0800544c      0x2f8 D:/STM32/arm-none-eabi-gcc/bin/../lib/gcc/arm-none-eabi/14.2.1/thumb/v7e-m/nofp\libgcc.a(_udivmoddi4.o)
                0x0800544c                __udivmoddi4
 .text.stdio_exit_handler
                0x08005744       0x18 D:/STM32/arm-none-eabi-gcc/bin/../lib/gcc/arm-none-eabi/14.2.1/thumb/v7e-m/nofp\libg.a(libc_a-findfp.o)
 .text.cleanup_stdio
                0x0800575c       0x40 D:/STM32/arm-none-eabi-gcc/bin/../lib/gcc/arm-none-eabi/14.2.1/thumb/v7e-m/nofp\libg.a(libc_a-findfp.o)
 .text.global_stdio_init.part.0
                0x0800579c       0xf0 D:/STM32/arm-none-eabi-gcc/bin/../lib/gcc/arm-none-eabi/14.2.1/thumb/v7e-m/nofp\libg.a(libc_a-findfp.o)
 .text.__sinit  0x0800588c       0x3c D:/STM32/arm-none-eabi-gcc/bin/../lib/gcc/arm-none-eabi/14.2.1/thumb/v7e-m/nofp\libg.a(libc_a-findfp.o)
                0x0800588c                __sinit
 .text.__sfp_lock_acquire
                0x080058c8        0xc D:/STM32/arm-none-eabi-gcc/bin/../lib/gcc/arm-none-eabi/14.2.1/thumb/v7e-m/nofp\libg.a(libc_a-findfp.o)
                0x080058c8                __sfp_lock_acquire
 .text.__sfp_lock_release
                0x080058d4        0xc D:/STM32/arm-none-eabi-gcc/bin/../lib/gcc/arm-none-eabi/14.2.1/thumb/v7e-m/nofp\libg.a(libc_a-findfp.o)
                0x080058d4                __sfp_lock_release
 .text._fwalk_sglue
                0x080058e0       0x44 D:/STM32/arm-none-eabi-gcc/bin/../lib/gcc/arm-none-eabi/14.2.1/thumb/v7e-m/nofp\libg.a(libc_a-fwalk.o)
                0x080058e0                _fwalk_sglue
 .text.sprintf  0x08005924       0x44 D:/STM32/arm-none-eabi-gcc/bin/../lib/gcc/arm-none-eabi/14.2.1/thumb/v7e-m/nofp\libg.a(libc_a-sprintf.o)
                0x08005924                sprintf
 .text.__sread  0x08005968       0x24 D:/STM32/arm-none-eabi-gcc/bin/../lib/gcc/arm-none-eabi/14.2.1/thumb/v7e-m/nofp\libg.a(libc_a-stdio.o)
                0x08005968                __sread
 .text.__swrite
                0x0800598c       0x40 D:/STM32/arm-none-eabi-gcc/bin/../lib/gcc/arm-none-eabi/14.2.1/thumb/v7e-m/nofp\libg.a(libc_a-stdio.o)
                0x0800598c                __swrite
 .text.__sseek  0x080059cc       0x24 D:/STM32/arm-none-eabi-gcc/bin/../lib/gcc/arm-none-eabi/14.2.1/thumb/v7e-m/nofp\libg.a(libc_a-stdio.o)
                0x080059cc                __sseek
 .text.__sclose
                0x080059f0        0x8 D:/STM32/arm-none-eabi-gcc/bin/../lib/gcc/arm-none-eabi/14.2.1/thumb/v7e-m/nofp\libg.a(libc_a-stdio.o)
                0x080059f0                __sclose
 .text.memset   0x080059f8       0x9c D:/STM32/arm-none-eabi-gcc/bin/../lib/gcc/arm-none-eabi/14.2.1/thumb/v7e-m/nofp\libg.a(libc_a-memset.o)
                0x080059f8                memset
 .text._close_r
                0x08005a94       0x24 D:/STM32/arm-none-eabi-gcc/bin/../lib/gcc/arm-none-eabi/14.2.1/thumb/v7e-m/nofp\libg.a(libc_a-closer.o)
                0x08005a94                _close_r
 .text._lseek_r
                0x08005ab8       0x2c D:/STM32/arm-none-eabi-gcc/bin/../lib/gcc/arm-none-eabi/14.2.1/thumb/v7e-m/nofp\libg.a(libc_a-lseekr.o)
                0x08005ab8                _lseek_r
 .text._read_r  0x08005ae4       0x2c D:/STM32/arm-none-eabi-gcc/bin/../lib/gcc/arm-none-eabi/14.2.1/thumb/v7e-m/nofp\libg.a(libc_a-readr.o)
                0x08005ae4                _read_r
 .text._write_r
                0x08005b10       0x2c D:/STM32/arm-none-eabi-gcc/bin/../lib/gcc/arm-none-eabi/14.2.1/thumb/v7e-m/nofp\libg.a(libc_a-writer.o)
                0x08005b10                _write_r
 .text.__errno  0x08005b3c        0xc D:/STM32/arm-none-eabi-gcc/bin/../lib/gcc/arm-none-eabi/14.2.1/thumb/v7e-m/nofp\libg.a(libc_a-errno.o)
                0x08005b3c                __errno
 .text.__libc_init_array
                0x08005b48       0x50 D:/STM32/arm-none-eabi-gcc/bin/../lib/gcc/arm-none-eabi/14.2.1/thumb/v7e-m/nofp\libg.a(libc_a-init.o)
                0x08005b48                __libc_init_array
 .text.__retarget_lock_init_recursive
                0x08005b98        0x4 D:/STM32/arm-none-eabi-gcc/bin/../lib/gcc/arm-none-eabi/14.2.1/thumb/v7e-m/nofp\libg.a(libc_a-lock.o)
                0x08005b98                __retarget_lock_init_recursive
 .text.__retarget_lock_close_recursive
                0x08005b9c        0x4 D:/STM32/arm-none-eabi-gcc/bin/../lib/gcc/arm-none-eabi/14.2.1/thumb/v7e-m/nofp\libg.a(libc_a-lock.o)
                0x08005b9c                __retarget_lock_close_recursive
 .text.__retarget_lock_acquire_recursive
                0x08005ba0        0x4 D:/STM32/arm-none-eabi-gcc/bin/../lib/gcc/arm-none-eabi/14.2.1/thumb/v7e-m/nofp\libg.a(libc_a-lock.o)
                0x08005ba0                __retarget_lock_acquire_recursive
 .text.__retarget_lock_release_recursive
                0x08005ba4        0x4 D:/STM32/arm-none-eabi-gcc/bin/../lib/gcc/arm-none-eabi/14.2.1/thumb/v7e-m/nofp\libg.a(libc_a-lock.o)
                0x08005ba4                __retarget_lock_release_recursive
 .text.startup.register_fini
                0x08005ba8       0x14 D:/STM32/arm-none-eabi-gcc/bin/../lib/gcc/arm-none-eabi/14.2.1/thumb/v7e-m/nofp\libg.a(libc_a-__call_atexit.o)
 .text.atexit   0x08005bbc        0xc D:/STM32/arm-none-eabi-gcc/bin/../lib/gcc/arm-none-eabi/14.2.1/thumb/v7e-m/nofp\libg.a(libc_a-atexit.o)
                0x08005bbc                atexit
 .text._malloc_trim_r
                0x08005bc8       0xb8 D:/STM32/arm-none-eabi-gcc/bin/../lib/gcc/arm-none-eabi/14.2.1/thumb/v7e-m/nofp\libg.a(libc_a-freer.o)
                0x08005bc8                _malloc_trim_r
 .text._free_r  0x08005c80      0x1f0 D:/STM32/arm-none-eabi-gcc/bin/../lib/gcc/arm-none-eabi/14.2.1/thumb/v7e-m/nofp\libg.a(libc_a-freer.o)
                0x08005c80                _free_r
 .text._malloc_r
                0x08005e70      0x598 D:/STM32/arm-none-eabi-gcc/bin/../lib/gcc/arm-none-eabi/14.2.1/thumb/v7e-m/nofp\libg.a(libc_a-mallocr.o)
                0x08005e70                _malloc_r
 .text.__malloc_lock
                0x08006408        0xc D:/STM32/arm-none-eabi-gcc/bin/../lib/gcc/arm-none-eabi/14.2.1/thumb/v7e-m/nofp\libg.a(libc_a-mlock.o)
                0x08006408                __malloc_lock
 .text.__malloc_unlock
                0x08006414        0xc D:/STM32/arm-none-eabi-gcc/bin/../lib/gcc/arm-none-eabi/14.2.1/thumb/v7e-m/nofp\libg.a(libc_a-mlock.o)
                0x08006414                __malloc_unlock
 .text._svfprintf_r
                0x08006420     0x2210 D:/STM32/arm-none-eabi-gcc/bin/../lib/gcc/arm-none-eabi/14.2.1/thumb/v7e-m/nofp\libg.a(libc_a-svfprintf.o)
                0x08006420                _svfprintf_r
 .text.__ssprint_r
                0x08008630       0x58 D:/STM32/arm-none-eabi-gcc/bin/../lib/gcc/arm-none-eabi/14.2.1/thumb/v7e-m/nofp\libg.a(libc_a-ssprint_r.o)
                0x08008630                __ssprint_r
 .text._fclose_r
                0x08008688       0xc0 D:/STM32/arm-none-eabi-gcc/bin/../lib/gcc/arm-none-eabi/14.2.1/thumb/v7e-m/nofp\libg.a(libc_a-fclose.o)
                0x08008688                _fclose_r
 .text.__sflush_r
                0x08008748      0x124 D:/STM32/arm-none-eabi-gcc/bin/../lib/gcc/arm-none-eabi/14.2.1/thumb/v7e-m/nofp\libg.a(libc_a-fflush.o)
                0x08008748                __sflush_r
 .text._fflush_r
                0x0800886c       0x54 D:/STM32/arm-none-eabi-gcc/bin/../lib/gcc/arm-none-eabi/14.2.1/thumb/v7e-m/nofp\libg.a(libc_a-fflush.o)
                0x0800886c                _fflush_r
 .text.strncpy  0x080088c0       0x68 D:/STM32/arm-none-eabi-gcc/bin/../lib/gcc/arm-none-eabi/14.2.1/thumb/v7e-m/nofp\libg.a(libc_a-strncpy.o)
                0x080088c0                strncpy
 .text.__locale_mb_cur_max
                0x08008928        0xc D:/STM32/arm-none-eabi-gcc/bin/../lib/gcc/arm-none-eabi/14.2.1/thumb/v7e-m/nofp\libg.a(libc_a-locale.o)
                0x08008928                __locale_mb_cur_max
 .text._localeconv_r
                0x08008934        0x8 D:/STM32/arm-none-eabi-gcc/bin/../lib/gcc/arm-none-eabi/14.2.1/thumb/v7e-m/nofp\libg.a(libc_a-localeconv.o)
                0x08008934                _localeconv_r
 .text._sbrk_r  0x0800893c       0x24 D:/STM32/arm-none-eabi-gcc/bin/../lib/gcc/arm-none-eabi/14.2.1/thumb/v7e-m/nofp\libg.a(libc_a-sbrkr.o)
                0x0800893c                _sbrk_r
 .text.__libc_fini_array
                0x08008960       0x28 D:/STM32/arm-none-eabi-gcc/bin/../lib/gcc/arm-none-eabi/14.2.1/thumb/v7e-m/nofp\libg.a(libc_a-fini.o)
                0x08008960                __libc_fini_array
 .text.sysconf  0x08008988       0x1c D:/STM32/arm-none-eabi-gcc/bin/../lib/gcc/arm-none-eabi/14.2.1/thumb/v7e-m/nofp\libg.a(libc_a-sysconf.o)
                0x08008988                sysconf
 .text.frexp    0x080089a4       0x6c D:/STM32/arm-none-eabi-gcc/bin/../lib/gcc/arm-none-eabi/14.2.1/thumb/v7e-m/nofp\libg.a(libm_a-s_frexp.o)
                0x080089a4                frexp
 .text.__register_exitproc
                0x08008a10       0x80 D:/STM32/arm-none-eabi-gcc/bin/../lib/gcc/arm-none-eabi/14.2.1/thumb/v7e-m/nofp\libg.a(libc_a-__atexit.o)
                0x08008a10                __register_exitproc
 .text.quorem   0x08008a90      0x12c D:/STM32/arm-none-eabi-gcc/bin/../lib/gcc/arm-none-eabi/14.2.1/thumb/v7e-m/nofp\libg.a(libc_a-dtoa.o)
 *fill*         0x08008bbc        0x4 
 .text._dtoa_r  0x08008bc0     0x1044 D:/STM32/arm-none-eabi-gcc/bin/../lib/gcc/arm-none-eabi/14.2.1/thumb/v7e-m/nofp\libg.a(libc_a-dtoa.o)
                0x08008bc0                _dtoa_r
 .text.__ascii_mbtowc
                0x08009c04       0x2c D:/STM32/arm-none-eabi-gcc/bin/../lib/gcc/arm-none-eabi/14.2.1/thumb/v7e-m/nofp\libg.a(libc_a-mbtowc_r.o)
                0x08009c04                __ascii_mbtowc
 .text._Balloc  0x08009c30       0x4c D:/STM32/arm-none-eabi-gcc/bin/../lib/gcc/arm-none-eabi/14.2.1/thumb/v7e-m/nofp\libg.a(libc_a-mprec.o)
                0x08009c30                _Balloc
 .text._Bfree   0x08009c7c       0x14 D:/STM32/arm-none-eabi-gcc/bin/../lib/gcc/arm-none-eabi/14.2.1/thumb/v7e-m/nofp\libg.a(libc_a-mprec.o)
                0x08009c7c                _Bfree
 .text.__multadd
                0x08009c90       0xa0 D:/STM32/arm-none-eabi-gcc/bin/../lib/gcc/arm-none-eabi/14.2.1/thumb/v7e-m/nofp\libg.a(libc_a-mprec.o)
                0x08009c90                __multadd
 .text.__hi0bits
                0x08009d30       0x54 D:/STM32/arm-none-eabi-gcc/bin/../lib/gcc/arm-none-eabi/14.2.1/thumb/v7e-m/nofp\libg.a(libc_a-mprec.o)
                0x08009d30                __hi0bits
 .text.__lo0bits
                0x08009d84       0x80 D:/STM32/arm-none-eabi-gcc/bin/../lib/gcc/arm-none-eabi/14.2.1/thumb/v7e-m/nofp\libg.a(libc_a-mprec.o)
                0x08009d84                __lo0bits
 .text.__i2b    0x08009e04       0x5c D:/STM32/arm-none-eabi-gcc/bin/../lib/gcc/arm-none-eabi/14.2.1/thumb/v7e-m/nofp\libg.a(libc_a-mprec.o)
                0x08009e04                __i2b
 .text.__multiply
                0x08009e60      0x16c D:/STM32/arm-none-eabi-gcc/bin/../lib/gcc/arm-none-eabi/14.2.1/thumb/v7e-m/nofp\libg.a(libc_a-mprec.o)
                0x08009e60                __multiply
 .text.__pow5mult
                0x08009fcc       0xc0 D:/STM32/arm-none-eabi-gcc/bin/../lib/gcc/arm-none-eabi/14.2.1/thumb/v7e-m/nofp\libg.a(libc_a-mprec.o)
                0x08009fcc                __pow5mult
 .text.__lshift
                0x0800a08c       0xe8 D:/STM32/arm-none-eabi-gcc/bin/../lib/gcc/arm-none-eabi/14.2.1/thumb/v7e-m/nofp\libg.a(libc_a-mprec.o)
                0x0800a08c                __lshift
 .text.__mcmp   0x0800a174       0x40 D:/STM32/arm-none-eabi-gcc/bin/../lib/gcc/arm-none-eabi/14.2.1/thumb/v7e-m/nofp\libg.a(libc_a-mprec.o)
                0x0800a174                __mcmp
 .text.__mdiff  0x0800a1b4      0x174 D:/STM32/arm-none-eabi-gcc/bin/../lib/gcc/arm-none-eabi/14.2.1/thumb/v7e-m/nofp\libg.a(libc_a-mprec.o)
                0x0800a1b4                __mdiff
 .text.__d2b    0x0800a328       0xb8 D:/STM32/arm-none-eabi-gcc/bin/../lib/gcc/arm-none-eabi/14.2.1/thumb/v7e-m/nofp\libg.a(libc_a-mprec.o)
                0x0800a328                __d2b
 .text.__ascii_wctomb
                0x0800a3e0       0x1c D:/STM32/arm-none-eabi-gcc/bin/../lib/gcc/arm-none-eabi/14.2.1/thumb/v7e-m/nofp\libg.a(libc_a-wctomb_r.o)
                0x0800a3e0                __ascii_wctomb
 .text._wcrtomb_r
                0x0800a3fc       0x4c D:/STM32/arm-none-eabi-gcc/bin/../lib/gcc/arm-none-eabi/14.2.1/thumb/v7e-m/nofp\libg.a(libc_a-wcrtomb.o)
                0x0800a3fc                _wcrtomb_r
 .text._wcsrtombs_r
                0x0800a448       0x1c D:/STM32/arm-none-eabi-gcc/bin/../lib/gcc/arm-none-eabi/14.2.1/thumb/v7e-m/nofp\libg.a(libc_a-wcsrtombs.o)
                0x0800a448                _wcsrtombs_r
 .text.__ssputs_r
                0x0800a464       0xc0 D:/STM32/arm-none-eabi-gcc/bin/../lib/gcc/arm-none-eabi/14.2.1/thumb/v7e-m/nofp\libg.a(libc_a-ssputs_r.o)
                0x0800a464                __ssputs_r
 .text.memmove  0x0800a524       0xf8 D:/STM32/arm-none-eabi-gcc/bin/../lib/gcc/arm-none-eabi/14.2.1/thumb/v7e-m/nofp\libg.a(libc_a-memmove.o)
                0x0800a524                memmove
 .text.__assert_func
                0x0800a61c       0x40 D:/STM32/arm-none-eabi-gcc/bin/../lib/gcc/arm-none-eabi/14.2.1/thumb/v7e-m/nofp\libg.a(libc_a-assert.o)
                0x0800a61c                __assert_func
 .text._calloc_r
                0x0800a65c       0x6c D:/STM32/arm-none-eabi-gcc/bin/../lib/gcc/arm-none-eabi/14.2.1/thumb/v7e-m/nofp\libg.a(libc_a-callocr.o)
                0x0800a65c                _calloc_r
 .text._realloc_r
                0x0800a6c8      0x348 D:/STM32/arm-none-eabi-gcc/bin/../lib/gcc/arm-none-eabi/14.2.1/thumb/v7e-m/nofp\libg.a(libc_a-reallocr.o)
                0x0800a6c8                _realloc_r
 .text._wcsnrtombs_l
                0x0800aa10       0xec D:/STM32/arm-none-eabi-gcc/bin/../lib/gcc/arm-none-eabi/14.2.1/thumb/v7e-m/nofp\libg.a(libc_a-wcsnrtombs.o)
                0x0800aa10                _wcsnrtombs_l
 .text._wcsnrtombs_r
                0x0800aafc       0x24 D:/STM32/arm-none-eabi-gcc/bin/../lib/gcc/arm-none-eabi/14.2.1/thumb/v7e-m/nofp\libg.a(libc_a-wcsnrtombs.o)
                0x0800aafc                _wcsnrtombs_r
 .text.fiprintf
                0x0800ab20       0x28 D:/STM32/arm-none-eabi-gcc/bin/../lib/gcc/arm-none-eabi/14.2.1/thumb/v7e-m/nofp\libg.a(libc_a-fiprintf.o)
                0x0800ab20                fiprintf
 .text._vfiprintf_r
                0x0800ab48     0x1278 D:/STM32/arm-none-eabi-gcc/bin/../lib/gcc/arm-none-eabi/14.2.1/thumb/v7e-m/nofp\libg.a(libc_a-vfiprintf.o)
                0x0800ab48                _vfiprintf_r
 .text.__sbprintf
                0x0800bdc0       0x84 D:/STM32/arm-none-eabi-gcc/bin/../lib/gcc/arm-none-eabi/14.2.1/thumb/v7e-m/nofp\libg.a(libc_a-vfiprintf.o)
 .text.__sprint_r
                0x0800be44       0x20 D:/STM32/arm-none-eabi-gcc/bin/../lib/gcc/arm-none-eabi/14.2.1/thumb/v7e-m/nofp\libg.a(libc_a-sprint_r.o)
                0x0800be44                __sprint_r
 .text.__sfvwrite_r
                0x0800be64      0x2d8 D:/STM32/arm-none-eabi-gcc/bin/../lib/gcc/arm-none-eabi/14.2.1/thumb/v7e-m/nofp\libg.a(libc_a-fvwrite.o)
                0x0800be64                __sfvwrite_r
 .text.__swsetup_r
                0x0800c13c       0xfc D:/STM32/arm-none-eabi-gcc/bin/../lib/gcc/arm-none-eabi/14.2.1/thumb/v7e-m/nofp\libg.a(libc_a-wsetup.o)
                0x0800c13c                __swsetup_r
 .text.abort    0x0800c238       0x10 D:/STM32/arm-none-eabi-gcc/bin/../lib/gcc/arm-none-eabi/14.2.1/thumb/v7e-m/nofp\libg.a(libc_a-abort.o)
                0x0800c238                abort
 .text.__smakebuf_r
                0x0800c248       0xd0 D:/STM32/arm-none-eabi-gcc/bin/../lib/gcc/arm-none-eabi/14.2.1/thumb/v7e-m/nofp\libg.a(libc_a-makebuf.o)
                0x0800c248                __smakebuf_r
 .text.raise    0x0800c318       0x58 D:/STM32/arm-none-eabi-gcc/bin/../lib/gcc/arm-none-eabi/14.2.1/thumb/v7e-m/nofp\libg.a(libc_a-signal.o)
                0x0800c318                raise
 .text._fstat_r
                0x0800c370       0x2c D:/STM32/arm-none-eabi-gcc/bin/../lib/gcc/arm-none-eabi/14.2.1/thumb/v7e-m/nofp\libg.a(libc_a-fstatr.o)
                0x0800c370                _fstat_r
 .text._isatty_r
                0x0800c39c       0x24 D:/STM32/arm-none-eabi-gcc/bin/../lib/gcc/arm-none-eabi/14.2.1/thumb/v7e-m/nofp\libg.a(libc_a-isattyr.o)
                0x0800c39c                _isatty_r
 .text._kill_r  0x0800c3c0       0x2c D:/STM32/arm-none-eabi-gcc/bin/../lib/gcc/arm-none-eabi/14.2.1/thumb/v7e-m/nofp\libg.a(libc_a-signalr.o)
                0x0800c3c0                _kill_r
 .text._getpid_r
                0x0800c3ec        0x4 D:/STM32/arm-none-eabi-gcc/bin/../lib/gcc/arm-none-eabi/14.2.1/thumb/v7e-m/nofp\libg.a(libc_a-signalr.o)
                0x0800c3ec                _getpid_r
 *(.glue_7)
 .glue_7        0x0800c3f0        0x0 linker stubs
 *(.glue_7t)
 .glue_7t       0x0800c3f0        0x0 linker stubs
 *(.eh_frame)
 .eh_frame      0x0800c3f0        0x0 D:/STM32/arm-none-eabi-gcc/bin/../lib/gcc/arm-none-eabi/14.2.1/thumb/v7e-m/nofp/crtbegin.o
 *(.init)
 .init          0x0800c3f0        0x4 D:/STM32/arm-none-eabi-gcc/bin/../lib/gcc/arm-none-eabi/14.2.1/thumb/v7e-m/nofp/crti.o
                0x0800c3f0                _init
 .init          0x0800c3f4        0x8 D:/STM32/arm-none-eabi-gcc/bin/../lib/gcc/arm-none-eabi/14.2.1/thumb/v7e-m/nofp/crtn.o
 *(.fini)
 .fini          0x0800c3fc        0x4 D:/STM32/arm-none-eabi-gcc/bin/../lib/gcc/arm-none-eabi/14.2.1/thumb/v7e-m/nofp/crti.o
                0x0800c3fc                _fini
 .fini          0x0800c400        0x8 D:/STM32/arm-none-eabi-gcc/bin/../lib/gcc/arm-none-eabi/14.2.1/thumb/v7e-m/nofp/crtn.o
                0x0800c408                        . = ALIGN (0x4)
                0x0800c408                        _etext = .

.vfp11_veneer   0x0800c408        0x0
 .vfp11_veneer  0x0800c408        0x0 linker stubs

.v4_bx          0x0800c408        0x0
 .v4_bx         0x0800c408        0x0 linker stubs

.iplt           0x0800c408        0x0
 .iplt          0x0800c408        0x0 D:/STM32/arm-none-eabi-gcc/bin/../lib/gcc/arm-none-eabi/14.2.1/thumb/v7e-m/nofp/crtbegin.o

.rodata         0x0800c408      0x47c
                0x0800c408                        . = ALIGN (0x4)
 *(.rodata)
 .rodata        0x0800c408       0x18 CMakeFiles/LED.elf.dir/Core/Src/main.c.obj
 *(.rodata*)
 .rodata.main.str1.4
                0x0800c420      0x1d7 CMakeFiles/LED.elf.dir/Core/Src/main.c.obj
                                 0x2d (size before relaxing)
 *fill*         0x0800c5f7        0x1 
 .rodata.APBPrescTable
                0x0800c5f8        0x8 CMakeFiles/LED.elf.dir/Core/Src/system_stm32f4xx.c.obj
                0x0800c5f8                APBPrescTable
 .rodata.AHBPrescTable
                0x0800c600       0x10 CMakeFiles/LED.elf.dir/Core/Src/system_stm32f4xx.c.obj
                0x0800c600                AHBPrescTable
 .rodata.write_BMI088_gyro_reg_data_error
                0x0800c610       0x12 CMakeFiles/LED.elf.dir/Core/application/BMI088driver.c.obj
 *fill*         0x0800c622        0x2 
 .rodata.write_BMI088_accel_reg_data_error
                0x0800c624       0x12 CMakeFiles/LED.elf.dir/Core/application/BMI088driver.c.obj
 *fill*         0x0800c636        0x2 
 .rodata.flagBitshiftOffset.0
                0x0800c638        0x8 CMakeFiles/LED.elf.dir/Drivers/STM32F4xx_HAL_Driver/Src/stm32f4xx_hal_dma.c.obj
 .rodata._svfprintf_r.str1.4
                0x0800c640       0x42 D:/STM32/arm-none-eabi-gcc/bin/../lib/gcc/arm-none-eabi/14.2.1/thumb/v7e-m/nofp\libg.a(libc_a-svfprintf.o)
 .rodata.zeroes.0
                0x0800c640       0x10 D:/STM32/arm-none-eabi-gcc/bin/../lib/gcc/arm-none-eabi/14.2.1/thumb/v7e-m/nofp\libg.a(libc_a-svfprintf.o)
 .rodata.blanks.1
                0x0800c650       0x10 D:/STM32/arm-none-eabi-gcc/bin/../lib/gcc/arm-none-eabi/14.2.1/thumb/v7e-m/nofp\libg.a(libc_a-svfprintf.o)
 .rodata.str1.4
                0x0800c660       0x4c D:/STM32/arm-none-eabi-gcc/bin/../lib/gcc/arm-none-eabi/14.2.1/thumb/v7e-m/nofp\libg.a(libc_a-locale.o)
 .rodata._dtoa_r.str1.4
                0x0800c660       0x81 D:/STM32/arm-none-eabi-gcc/bin/../lib/gcc/arm-none-eabi/14.2.1/thumb/v7e-m/nofp\libg.a(libc_a-dtoa.o)
 .rodata.__multadd.str1.4
                0x0800c660       0x6e D:/STM32/arm-none-eabi-gcc/bin/../lib/gcc/arm-none-eabi/14.2.1/thumb/v7e-m/nofp\libg.a(libc_a-mprec.o)
 .rodata.p05.0  0x0800c660        0xc D:/STM32/arm-none-eabi-gcc/bin/../lib/gcc/arm-none-eabi/14.2.1/thumb/v7e-m/nofp\libg.a(libc_a-mprec.o)
 *fill*         0x0800c66c        0x4 
 .rodata.__mprec_bigtens
                0x0800c670       0x28 D:/STM32/arm-none-eabi-gcc/bin/../lib/gcc/arm-none-eabi/14.2.1/thumb/v7e-m/nofp\libg.a(libc_a-mprec.o)
                0x0800c670                __mprec_bigtens
 .rodata.__mprec_tens
                0x0800c698       0xc8 D:/STM32/arm-none-eabi-gcc/bin/../lib/gcc/arm-none-eabi/14.2.1/thumb/v7e-m/nofp\libg.a(libc_a-mprec.o)
                0x0800c698                __mprec_tens
 .rodata._ctype_
                0x0800c760      0x101 D:/STM32/arm-none-eabi-gcc/bin/../lib/gcc/arm-none-eabi/14.2.1/thumb/v7e-m/nofp\libg.a(libc_a-ctype_.o)
                0x0800c760                _ctype_
 .rodata.__assert_func.str1.4
                0x0800c861       0x43 D:/STM32/arm-none-eabi-gcc/bin/../lib/gcc/arm-none-eabi/14.2.1/thumb/v7e-m/nofp\libg.a(libc_a-assert.o)
 .rodata._vfiprintf_r.str1.4
                0x0800c861       0x2f D:/STM32/arm-none-eabi-gcc/bin/../lib/gcc/arm-none-eabi/14.2.1/thumb/v7e-m/nofp\libg.a(libc_a-vfiprintf.o)
 *fill*         0x0800c861        0x3 
 .rodata.zeroes.0
                0x0800c864       0x10 D:/STM32/arm-none-eabi-gcc/bin/../lib/gcc/arm-none-eabi/14.2.1/thumb/v7e-m/nofp\libg.a(libc_a-vfiprintf.o)
 .rodata.blanks.1
                0x0800c874       0x10 D:/STM32/arm-none-eabi-gcc/bin/../lib/gcc/arm-none-eabi/14.2.1/thumb/v7e-m/nofp\libg.a(libc_a-vfiprintf.o)
                0x0800c884                        . = ALIGN (0x4)

.ARM.extab      0x0800c884        0x0
                0x0800c884                        . = ALIGN (0x4)
 *(.ARM.extab* .gnu.linkonce.armextab.*)
                0x0800c884                        . = ALIGN (0x4)

.ARM            0x0800c884        0x8
                0x0800c884                        . = ALIGN (0x4)
                0x0800c884                        __exidx_start = .
 *(.ARM.exidx*)
 .ARM.exidx     0x0800c884        0x8 D:/STM32/arm-none-eabi-gcc/bin/../lib/gcc/arm-none-eabi/14.2.1/thumb/v7e-m/nofp\libg.a(libc_a-strlen.o)
 .ARM.exidx     0x0800c88c        0x0 D:/STM32/arm-none-eabi-gcc/bin/../lib/gcc/arm-none-eabi/14.2.1/thumb/v7e-m/nofp\libg.a(libc_a-memchr.o)
                                  0x8 (size before relaxing)
 .ARM.exidx     0x0800c88c        0x0 D:/STM32/arm-none-eabi-gcc/bin/../lib/gcc/arm-none-eabi/14.2.1/thumb/v7e-m/nofp\libg.a(libc_a-memcpy.o)
                                  0x8 (size before relaxing)
 .ARM.exidx.text.__udivmoddi4
                0x0800c88c        0x0 D:/STM32/arm-none-eabi-gcc/bin/../lib/gcc/arm-none-eabi/14.2.1/thumb/v7e-m/nofp\libgcc.a(_udivmoddi4.o)
                                  0x8 (size before relaxing)
                0x0800c88c                        __exidx_end = .
                0x0800c88c                        . = ALIGN (0x4)

.preinit_array  0x0800c88c        0x0
                0x0800c88c                        . = ALIGN (0x4)
                0x0800c88c                        PROVIDE (__preinit_array_start = .)
 *(.preinit_array*)
                0x0800c88c                        PROVIDE (__preinit_array_end = .)
                0x0800c88c                        . = ALIGN (0x4)

.init_array     0x0800c88c        0x8
                0x0800c88c                        . = ALIGN (0x4)
                0x0800c88c                        PROVIDE (__init_array_start = .)
 *(SORT_BY_NAME(.init_array.*))
 .init_array.00000
                0x0800c88c        0x4 D:/STM32/arm-none-eabi-gcc/bin/../lib/gcc/arm-none-eabi/14.2.1/thumb/v7e-m/nofp\libg.a(libc_a-__call_atexit.o)
 *(.init_array*)
 .init_array    0x0800c890        0x4 D:/STM32/arm-none-eabi-gcc/bin/../lib/gcc/arm-none-eabi/14.2.1/thumb/v7e-m/nofp/crtbegin.o
                0x0800c894                        PROVIDE (__init_array_end = .)
                0x0800c894                        . = ALIGN (0x4)

.fini_array     0x0800c894        0x4
                0x0800c894                        . = ALIGN (0x4)
                0x0800c894                        PROVIDE (__fini_array_start = .)
 *(SORT_BY_NAME(.fini_array.*))
 *(.fini_array*)
 .fini_array    0x0800c894        0x4 D:/STM32/arm-none-eabi-gcc/bin/../lib/gcc/arm-none-eabi/14.2.1/thumb/v7e-m/nofp/crtbegin.o
                0x0800c898                        PROVIDE (__fini_array_end = .)
                0x0800c898                        . = ALIGN (0x4)
                0x0800c898                        _sidata = LOADADDR (.data)

.rel.dyn        0x0800c898        0x0
 .rel.iplt      0x0800c898        0x0 D:/STM32/arm-none-eabi-gcc/bin/../lib/gcc/arm-none-eabi/14.2.1/thumb/v7e-m/nofp/crtbegin.o

.data           0x20000000      0x70c load address 0x0800c898
                0x20000000                        . = ALIGN (0x4)
                0x20000000                        _sdata = .
 *(.data)
 *(.data*)
 .data.P        0x20000000       0x10 CMakeFiles/LED.elf.dir/Core/Src/main.c.obj
                0x20000000                P
 .data.R_accel_meas
                0x20000010        0x4 CMakeFiles/LED.elf.dir/Core/Src/main.c.obj
                0x20000010                R_accel_meas
 .data.Q_bias   0x20000014        0x4 CMakeFiles/LED.elf.dir/Core/Src/main.c.obj
                0x20000014                Q_bias
 .data.Q_accel  0x20000018        0x4 CMakeFiles/LED.elf.dir/Core/Src/main.c.obj
                0x20000018                Q_accel
 .data.dma_tx_complete
                0x2000001c        0x1 CMakeFiles/LED.elf.dir/Core/Src/main.c.obj
                0x2000001c                dma_tx_complete
 *fill*         0x2000001d        0x3 
 .data.SystemCoreClock
                0x20000020        0x4 CMakeFiles/LED.elf.dir/Core/Src/system_stm32f4xx.c.obj
                0x20000020                SystemCoreClock
 .data.BMI088_GYRO_SEN
                0x20000024        0x4 CMakeFiles/LED.elf.dir/Core/application/BMI088driver.c.obj
                0x20000024                BMI088_GYRO_SEN
 .data.BMI088_ACCEL_SEN
                0x20000028        0x4 CMakeFiles/LED.elf.dir/Core/application/BMI088driver.c.obj
                0x20000028                BMI088_ACCEL_SEN
 .data.uwTickFreq
                0x2000002c        0x1 CMakeFiles/LED.elf.dir/Drivers/STM32F4xx_HAL_Driver/Src/stm32f4xx_hal.c.obj
                0x2000002c                uwTickFreq
 *fill*         0x2000002d        0x3 
 .data.uwTickPrio
                0x20000030        0x4 CMakeFiles/LED.elf.dir/Drivers/STM32F4xx_HAL_Driver/Src/stm32f4xx_hal.c.obj
                0x20000030                uwTickPrio
 .data.__sglue  0x20000034        0xc D:/STM32/arm-none-eabi-gcc/bin/../lib/gcc/arm-none-eabi/14.2.1/thumb/v7e-m/nofp\libg.a(libc_a-findfp.o)
                0x20000034                __sglue
 .data._impure_ptr
                0x20000040        0x4 D:/STM32/arm-none-eabi-gcc/bin/../lib/gcc/arm-none-eabi/14.2.1/thumb/v7e-m/nofp\libg.a(libc_a-impure.o)
                0x20000040                _impure_ptr
 *fill*         0x20000044        0x4 
 .data._impure_data
                0x20000048      0x140 D:/STM32/arm-none-eabi-gcc/bin/../lib/gcc/arm-none-eabi/14.2.1/thumb/v7e-m/nofp\libg.a(libc_a-impure.o)
                0x20000048                _impure_data
 .data.__atexit_recursive_mutex
                0x20000188        0x4 D:/STM32/arm-none-eabi-gcc/bin/../lib/gcc/arm-none-eabi/14.2.1/thumb/v7e-m/nofp\libg.a(libc_a-__call_atexit.o)
                0x20000188                __atexit_recursive_mutex
 .data.__malloc_sbrk_base
                0x2000018c        0x4 D:/STM32/arm-none-eabi-gcc/bin/../lib/gcc/arm-none-eabi/14.2.1/thumb/v7e-m/nofp\libg.a(libc_a-mallocr.o)
                0x2000018c                __malloc_sbrk_base
 .data.__malloc_trim_threshold
                0x20000190        0x4 D:/STM32/arm-none-eabi-gcc/bin/../lib/gcc/arm-none-eabi/14.2.1/thumb/v7e-m/nofp\libg.a(libc_a-mallocr.o)
                0x20000190                __malloc_trim_threshold
 *fill*         0x20000194        0x4 
 .data.__malloc_av_
                0x20000198      0x408 D:/STM32/arm-none-eabi-gcc/bin/../lib/gcc/arm-none-eabi/14.2.1/thumb/v7e-m/nofp\libg.a(libc_a-mallocr.o)
                0x20000198                __malloc_av_
 .data.__global_locale
                0x200005a0      0x16c D:/STM32/arm-none-eabi-gcc/bin/../lib/gcc/arm-none-eabi/14.2.1/thumb/v7e-m/nofp\libg.a(libc_a-locale.o)
                0x200005a0                __global_locale
 *(.RamFunc)
 *(.RamFunc*)
                0x2000070c                        . = ALIGN (0x4)
                0x2000070c                        _edata = .
                0x0800cfa4                        _siccmram = LOADADDR (.ccmram)

.tm_clone_table
                0x2000070c        0x0 load address 0x0800cfa4
 .tm_clone_table
                0x2000070c        0x0 D:/STM32/arm-none-eabi-gcc/bin/../lib/gcc/arm-none-eabi/14.2.1/thumb/v7e-m/nofp/crtbegin.o
 .tm_clone_table
                0x2000070c        0x0 D:/STM32/arm-none-eabi-gcc/bin/../lib/gcc/arm-none-eabi/14.2.1/thumb/v7e-m/nofp/crtend.o

.igot.plt       0x2000070c        0x0 load address 0x0800cfa4
 .igot.plt      0x2000070c        0x0 D:/STM32/arm-none-eabi-gcc/bin/../lib/gcc/arm-none-eabi/14.2.1/thumb/v7e-m/nofp/crtbegin.o

.ccmram         0x10000000        0x0 load address 0x0800cfa4
                0x10000000                        . = ALIGN (0x4)
                0x10000000                        _sccmram = .
 *(.ccmram)
 *(.ccmram*)
                0x10000000                        . = ALIGN (0x4)
                0x10000000                        _eccmram = .
                0x10000000                        . = ALIGN (0x4)

.bss            0x2000070c      0x74c
                0x2000070c                        _sbss = .
                0x2000070c                        __bss_start__ = _sbss
 *(.bss)
 *(.bss*)
 .bss.completed.1
                0x2000070c        0x1 D:/STM32/arm-none-eabi-gcc/bin/../lib/gcc/arm-none-eabi/14.2.1/thumb/v7e-m/nofp/crtbegin.o
 *fill*         0x2000070d        0x3 
 .bss.object.0  0x20000710       0x18 D:/STM32/arm-none-eabi-gcc/bin/../lib/gcc/arm-none-eabi/14.2.1/thumb/v7e-m/nofp/crtbegin.o
 .bss.HAL_RCC_CAN1_CLK_ENABLED
                0x20000728        0x4 CMakeFiles/LED.elf.dir/Core/Src/can.c.obj
 .bss.hcan2     0x2000072c       0x28 CMakeFiles/LED.elf.dir/Core/Src/can.c.obj
                0x2000072c                hcan2
 .bss.hcan1     0x20000754       0x28 CMakeFiles/LED.elf.dir/Core/Src/can.c.obj
                0x20000754                hcan1
 .bss.accel_z_bias
                0x2000077c        0x4 CMakeFiles/LED.elf.dir/Core/Src/main.c.obj
                0x2000077c                accel_z_bias
 .bss.accel_y_bias
                0x20000780        0x4 CMakeFiles/LED.elf.dir/Core/Src/main.c.obj
                0x20000780                accel_y_bias
 .bss.accel_x_bias
                0x20000784        0x4 CMakeFiles/LED.elf.dir/Core/Src/main.c.obj
                0x20000784                accel_x_bias
 .bss.accel_z_true
                0x20000788        0x4 CMakeFiles/LED.elf.dir/Core/Src/main.c.obj
                0x20000788                accel_z_true
 .bss.accel_y_true
                0x2000078c        0x4 CMakeFiles/LED.elf.dir/Core/Src/main.c.obj
                0x2000078c                accel_y_true
 .bss.accel_x_true
                0x20000790        0x4 CMakeFiles/LED.elf.dir/Core/Src/main.c.obj
                0x20000790                accel_x_true
 .bss.accel_z   0x20000794        0x4 CMakeFiles/LED.elf.dir/Core/Src/main.c.obj
                0x20000794                accel_z
 .bss.accel_y   0x20000798        0x4 CMakeFiles/LED.elf.dir/Core/Src/main.c.obj
                0x20000798                accel_y
 .bss.accel_x   0x2000079c        0x4 CMakeFiles/LED.elf.dir/Core/Src/main.c.obj
                0x2000079c                accel_x
 .bss.temp      0x200007a0        0x4 CMakeFiles/LED.elf.dir/Core/Src/main.c.obj
                0x200007a0                temp
 .bss.accel     0x200007a4        0xc CMakeFiles/LED.elf.dir/Core/Src/main.c.obj
                0x200007a4                accel
 .bss.gyro      0x200007b0        0xc CMakeFiles/LED.elf.dir/Core/Src/main.c.obj
                0x200007b0                gyro
 .bss.led_cnt   0x200007bc        0x2 CMakeFiles/LED.elf.dir/Core/Src/main.c.obj
                0x200007bc                led_cnt
 *fill*         0x200007be        0x2 
 .bss.hdma_spi1_tx
                0x200007c0       0x60 CMakeFiles/LED.elf.dir/Core/Src/spi.c.obj
                0x200007c0                hdma_spi1_tx
 .bss.hdma_spi1_rx
                0x20000820       0x60 CMakeFiles/LED.elf.dir/Core/Src/spi.c.obj
                0x20000820                hdma_spi1_rx
 .bss.hspi1     0x20000880       0x58 CMakeFiles/LED.elf.dir/Core/Src/spi.c.obj
                0x20000880                hspi1
 .bss.__sbrk_heap_end
                0x200008d8        0x4 CMakeFiles/LED.elf.dir/Core/Src/sysmem.c.obj
 .bss.htim10    0x200008dc       0x48 CMakeFiles/LED.elf.dir/Core/Src/tim.c.obj
                0x200008dc                htim10
 .bss.hdma_usart3_rx
                0x20000924       0x60 CMakeFiles/LED.elf.dir/Core/Src/usart.c.obj
                0x20000924                hdma_usart3_rx
 .bss.hdma_usart1_tx
                0x20000984       0x60 CMakeFiles/LED.elf.dir/Core/Src/usart.c.obj
                0x20000984                hdma_usart1_tx
 .bss.huart3    0x200009e4       0x48 CMakeFiles/LED.elf.dir/Core/Src/usart.c.obj
                0x200009e4                huart3
 .bss.huart1    0x20000a2c       0x48 CMakeFiles/LED.elf.dir/Core/Src/usart.c.obj
                0x20000a2c                huart1
 .bss.i.0       0x20000a74        0x1 CMakeFiles/LED.elf.dir/Core/application/CAN_receive.c.obj
 *fill*         0x20000a75        0x3 
 .bss.chassis_can_send_data
                0x20000a78        0x8 CMakeFiles/LED.elf.dir/Core/application/CAN_receive.c.obj
 .bss.chassis_tx_message
                0x20000a80       0x18 CMakeFiles/LED.elf.dir/Core/application/CAN_receive.c.obj
 .bss.motor_chassis
                0x20000a98       0x46 CMakeFiles/LED.elf.dir/Core/application/CAN_receive.c.obj
 .bss.this_time_rx_len.0
                0x20000ade        0x2 CMakeFiles/LED.elf.dir/Core/application/remote_control.c.obj
 .bss.sbus_rx_buf
                0x20000ae0       0x48 CMakeFiles/LED.elf.dir/Core/application/remote_control.c.obj
 .bss.rc_ctrl   0x20000b28       0x16 CMakeFiles/LED.elf.dir/Core/application/remote_control.c.obj
                0x20000b28                rc_ctrl
 *fill*         0x20000b3e        0x2 
 .bss.uwTick    0x20000b40        0x4 CMakeFiles/LED.elf.dir/Drivers/STM32F4xx_HAL_Driver/Src/stm32f4xx_hal.c.obj
                0x20000b40                uwTick
 .bss.__sf      0x20000b44      0x138 D:/STM32/arm-none-eabi-gcc/bin/../lib/gcc/arm-none-eabi/14.2.1/thumb/v7e-m/nofp\libg.a(libc_a-findfp.o)
                0x20000b44                __sf
 .bss.__stdio_exit_handler
                0x20000c7c        0x4 D:/STM32/arm-none-eabi-gcc/bin/../lib/gcc/arm-none-eabi/14.2.1/thumb/v7e-m/nofp\libg.a(libc_a-findfp.o)
                0x20000c7c                __stdio_exit_handler
 .bss.errno     0x20000c80        0x4 D:/STM32/arm-none-eabi-gcc/bin/../lib/gcc/arm-none-eabi/14.2.1/thumb/v7e-m/nofp\libg.a(libc_a-reent.o)
                0x20000c80                errno
 .bss.__lock___malloc_recursive_mutex
                0x20000c84        0x1 D:/STM32/arm-none-eabi-gcc/bin/../lib/gcc/arm-none-eabi/14.2.1/thumb/v7e-m/nofp\libg.a(libc_a-lock.o)
                0x20000c84                __lock___malloc_recursive_mutex
 *fill*         0x20000c85        0x3 
 .bss.__lock___atexit_recursive_mutex
                0x20000c88        0x1 D:/STM32/arm-none-eabi-gcc/bin/../lib/gcc/arm-none-eabi/14.2.1/thumb/v7e-m/nofp\libg.a(libc_a-lock.o)
                0x20000c88                __lock___atexit_recursive_mutex
 *fill*         0x20000c89        0x3 
 .bss.__lock___sfp_recursive_mutex
                0x20000c8c        0x1 D:/STM32/arm-none-eabi-gcc/bin/../lib/gcc/arm-none-eabi/14.2.1/thumb/v7e-m/nofp\libg.a(libc_a-lock.o)
                0x20000c8c                __lock___sfp_recursive_mutex
 *fill*         0x20000c8d        0x3 
 .bss.__atexit  0x20000c90        0x4 D:/STM32/arm-none-eabi-gcc/bin/../lib/gcc/arm-none-eabi/14.2.1/thumb/v7e-m/nofp\libg.a(libc_a-__call_atexit.o)
                0x20000c90                __atexit
 .bss.__malloc_current_mallinfo
                0x20000c94       0x28 D:/STM32/arm-none-eabi-gcc/bin/../lib/gcc/arm-none-eabi/14.2.1/thumb/v7e-m/nofp\libg.a(libc_a-mallocr.o)
                0x20000c94                __malloc_current_mallinfo
 .bss.__malloc_max_total_mem
                0x20000cbc        0x4 D:/STM32/arm-none-eabi-gcc/bin/../lib/gcc/arm-none-eabi/14.2.1/thumb/v7e-m/nofp\libg.a(libc_a-mallocr.o)
                0x20000cbc                __malloc_max_total_mem
 .bss.__malloc_max_sbrked_mem
                0x20000cc0        0x4 D:/STM32/arm-none-eabi-gcc/bin/../lib/gcc/arm-none-eabi/14.2.1/thumb/v7e-m/nofp\libg.a(libc_a-mallocr.o)
                0x20000cc0                __malloc_max_sbrked_mem
 .bss.__malloc_top_pad
                0x20000cc4        0x4 D:/STM32/arm-none-eabi-gcc/bin/../lib/gcc/arm-none-eabi/14.2.1/thumb/v7e-m/nofp\libg.a(libc_a-mallocr.o)
                0x20000cc4                __malloc_top_pad
 .bss.__atexit0
                0x20000cc8      0x190 D:/STM32/arm-none-eabi-gcc/bin/../lib/gcc/arm-none-eabi/14.2.1/thumb/v7e-m/nofp\libg.a(libc_a-__atexit.o)
                0x20000cc8                __atexit0
 *(COMMON)
                0x20000e58                        . = ALIGN (0x4)
                0x20000e58                        _ebss = .
                0x20000e58                        __bss_end__ = _ebss

._user_heap_stack
                0x20000e58      0x600
                0x20000e58                        . = ALIGN (0x8)
                [!provide]                        PROVIDE (end = .)
                0x20000e58                        PROVIDE (_end = .)
                0x20001058                        . = (. + _Min_Heap_Size)
 *fill*         0x20000e58      0x200 
                0x20001458                        . = (. + _Min_Stack_Size)
 *fill*         0x20001058      0x400 
                0x20001458                        . = ALIGN (0x8)

/DISCARD/
 libc.a(*)
 libm.a(*)
 libgcc.a(*)

.ARM.attributes
                0x00000000       0x2a
 *(.ARM.attributes)
 .ARM.attributes
                0x00000000       0x1e D:/STM32/arm-none-eabi-gcc/bin/../lib/gcc/arm-none-eabi/14.2.1/thumb/v7e-m/nofp/crti.o
 .ARM.attributes
                0x0000001e       0x2e D:/STM32/arm-none-eabi-gcc/bin/../lib/gcc/arm-none-eabi/14.2.1/thumb/v7e-m/nofp/crtbegin.o
 .ARM.attributes
                0x0000004c       0x2e CMakeFiles/LED.elf.dir/Core/Src/bsp_can.c.obj
 .ARM.attributes
                0x0000007a       0x2e CMakeFiles/LED.elf.dir/Core/Src/can.c.obj
 .ARM.attributes
                0x000000a8       0x2e CMakeFiles/LED.elf.dir/Core/Src/dma.c.obj
 .ARM.attributes
                0x000000d6       0x2e CMakeFiles/LED.elf.dir/Core/Src/gpio.c.obj
 .ARM.attributes
                0x00000104       0x2e CMakeFiles/LED.elf.dir/Core/Src/main.c.obj
 .ARM.attributes
                0x00000132       0x2e CMakeFiles/LED.elf.dir/Core/Src/pid.c.obj
 .ARM.attributes
                0x00000160       0x2e CMakeFiles/LED.elf.dir/Core/Src/spi.c.obj
 .ARM.attributes
                0x0000018e       0x2e CMakeFiles/LED.elf.dir/Core/Src/stm32f4xx_hal_msp.c.obj
 .ARM.attributes
                0x000001bc       0x2e CMakeFiles/LED.elf.dir/Core/Src/stm32f4xx_it.c.obj
 .ARM.attributes
                0x000001ea       0x2e CMakeFiles/LED.elf.dir/Core/Src/syscalls.c.obj
 .ARM.attributes
                0x00000218       0x2e CMakeFiles/LED.elf.dir/Core/Src/sysmem.c.obj
 .ARM.attributes
                0x00000246       0x2e CMakeFiles/LED.elf.dir/Core/Src/system_stm32f4xx.c.obj
 .ARM.attributes
                0x00000274       0x2e CMakeFiles/LED.elf.dir/Core/Src/tim.c.obj
 .ARM.attributes
                0x000002a2       0x2e CMakeFiles/LED.elf.dir/Core/Src/usart.c.obj
 .ARM.attributes
                0x000002d0       0x21 CMakeFiles/LED.elf.dir/Core/Startup/startup_stm32f407ighx.s.obj
 .ARM.attributes
                0x000002f1       0x2e CMakeFiles/LED.elf.dir/Core/application/BMI088Middleware.c.obj
 .ARM.attributes
                0x0000031f       0x2e CMakeFiles/LED.elf.dir/Core/application/BMI088driver.c.obj
 .ARM.attributes
                0x0000034d       0x2e CMakeFiles/LED.elf.dir/Core/application/CAN_receive.c.obj
 .ARM.attributes
                0x0000037b       0x2e CMakeFiles/LED.elf.dir/Core/application/bsp_rc.c.obj
 .ARM.attributes
                0x000003a9       0x2e CMakeFiles/LED.elf.dir/Core/application/remote_control.c.obj
 .ARM.attributes
                0x000003d7       0x2e CMakeFiles/LED.elf.dir/Drivers/STM32F4xx_HAL_Driver/Src/stm32f4xx_hal.c.obj
 .ARM.attributes
                0x00000405       0x2e CMakeFiles/LED.elf.dir/Drivers/STM32F4xx_HAL_Driver/Src/stm32f4xx_hal_can.c.obj
 .ARM.attributes
                0x00000433       0x2e CMakeFiles/LED.elf.dir/Drivers/STM32F4xx_HAL_Driver/Src/stm32f4xx_hal_cortex.c.obj
 .ARM.attributes
                0x00000461       0x2e CMakeFiles/LED.elf.dir/Drivers/STM32F4xx_HAL_Driver/Src/stm32f4xx_hal_dma.c.obj
 .ARM.attributes
                0x0000048f       0x2e CMakeFiles/LED.elf.dir/Drivers/STM32F4xx_HAL_Driver/Src/stm32f4xx_hal_gpio.c.obj
 .ARM.attributes
                0x000004bd       0x2e CMakeFiles/LED.elf.dir/Drivers/STM32F4xx_HAL_Driver/Src/stm32f4xx_hal_rcc.c.obj
 .ARM.attributes
                0x000004eb       0x2e CMakeFiles/LED.elf.dir/Drivers/STM32F4xx_HAL_Driver/Src/stm32f4xx_hal_spi.c.obj
 .ARM.attributes
                0x00000519       0x2e CMakeFiles/LED.elf.dir/Drivers/STM32F4xx_HAL_Driver/Src/stm32f4xx_hal_tim.c.obj
 .ARM.attributes
                0x00000547       0x2e CMakeFiles/LED.elf.dir/Drivers/STM32F4xx_HAL_Driver/Src/stm32f4xx_hal_uart.c.obj
 .ARM.attributes
                0x00000575       0x1e D:/STM32/arm-none-eabi-gcc/bin/../lib/gcc/arm-none-eabi/14.2.1/thumb/v7e-m/nofp\libgcc.a(_arm_addsubdf3.o)
 .ARM.attributes
                0x00000593       0x1e D:/STM32/arm-none-eabi-gcc/bin/../lib/gcc/arm-none-eabi/14.2.1/thumb/v7e-m/nofp\libgcc.a(_arm_muldivdf3.o)
 .ARM.attributes
                0x000005b1       0x1e D:/STM32/arm-none-eabi-gcc/bin/../lib/gcc/arm-none-eabi/14.2.1/thumb/v7e-m/nofp\libgcc.a(_arm_addsubsf3.o)
 .ARM.attributes
                0x000005cf       0x1e D:/STM32/arm-none-eabi-gcc/bin/../lib/gcc/arm-none-eabi/14.2.1/thumb/v7e-m/nofp\libgcc.a(_arm_muldivsf3.o)
 .ARM.attributes
                0x000005ed       0x1e D:/STM32/arm-none-eabi-gcc/bin/../lib/gcc/arm-none-eabi/14.2.1/thumb/v7e-m/nofp\libgcc.a(_arm_cmpsf2.o)
 .ARM.attributes
                0x0000060b       0x1e D:/STM32/arm-none-eabi-gcc/bin/../lib/gcc/arm-none-eabi/14.2.1/thumb/v7e-m/nofp\libgcc.a(_arm_fixsfsi.o)
 .ARM.attributes
                0x00000629       0x1e D:/STM32/arm-none-eabi-gcc/bin/../lib/gcc/arm-none-eabi/14.2.1/thumb/v7e-m/nofp\libgcc.a(_aeabi_uldivmod.o)
 .ARM.attributes
                0x00000647       0x2e D:/STM32/arm-none-eabi-gcc/bin/../lib/gcc/arm-none-eabi/14.2.1/thumb/v7e-m/nofp\libgcc.a(_udivmoddi4.o)
 .ARM.attributes
                0x00000675       0x1e D:/STM32/arm-none-eabi-gcc/bin/../lib/gcc/arm-none-eabi/14.2.1/thumb/v7e-m/nofp\libgcc.a(_dvmd_tls.o)
 .ARM.attributes
                0x00000693       0x2e D:/STM32/arm-none-eabi-gcc/bin/../lib/gcc/arm-none-eabi/14.2.1/thumb/v7e-m/nofp\libg.a(libc_a-findfp.o)
 .ARM.attributes
                0x000006c1       0x2e D:/STM32/arm-none-eabi-gcc/bin/../lib/gcc/arm-none-eabi/14.2.1/thumb/v7e-m/nofp\libg.a(libc_a-fwalk.o)
 .ARM.attributes
                0x000006ef       0x2e D:/STM32/arm-none-eabi-gcc/bin/../lib/gcc/arm-none-eabi/14.2.1/thumb/v7e-m/nofp\libg.a(libc_a-sprintf.o)
 .ARM.attributes
                0x0000071d       0x2e D:/STM32/arm-none-eabi-gcc/bin/../lib/gcc/arm-none-eabi/14.2.1/thumb/v7e-m/nofp\libg.a(libc_a-stdio.o)
 .ARM.attributes
                0x0000074b       0x2e D:/STM32/arm-none-eabi-gcc/bin/../lib/gcc/arm-none-eabi/14.2.1/thumb/v7e-m/nofp\libg.a(libc_a-memset.o)
 .ARM.attributes
                0x00000779       0x2e D:/STM32/arm-none-eabi-gcc/bin/../lib/gcc/arm-none-eabi/14.2.1/thumb/v7e-m/nofp\libg.a(libc_a-closer.o)
 .ARM.attributes
                0x000007a7       0x2e D:/STM32/arm-none-eabi-gcc/bin/../lib/gcc/arm-none-eabi/14.2.1/thumb/v7e-m/nofp\libg.a(libc_a-reent.o)
 .ARM.attributes
                0x000007d5       0x2e D:/STM32/arm-none-eabi-gcc/bin/../lib/gcc/arm-none-eabi/14.2.1/thumb/v7e-m/nofp\libg.a(libc_a-impure.o)
 .ARM.attributes
                0x00000803       0x2e D:/STM32/arm-none-eabi-gcc/bin/../lib/gcc/arm-none-eabi/14.2.1/thumb/v7e-m/nofp\libg.a(libc_a-lseekr.o)
 .ARM.attributes
                0x00000831       0x2e D:/STM32/arm-none-eabi-gcc/bin/../lib/gcc/arm-none-eabi/14.2.1/thumb/v7e-m/nofp\libg.a(libc_a-readr.o)
 .ARM.attributes
                0x0000085f       0x2e D:/STM32/arm-none-eabi-gcc/bin/../lib/gcc/arm-none-eabi/14.2.1/thumb/v7e-m/nofp\libg.a(libc_a-writer.o)
 .ARM.attributes
                0x0000088d       0x2e D:/STM32/arm-none-eabi-gcc/bin/../lib/gcc/arm-none-eabi/14.2.1/thumb/v7e-m/nofp\libg.a(libc_a-errno.o)
 .ARM.attributes
                0x000008bb       0x2e D:/STM32/arm-none-eabi-gcc/bin/../lib/gcc/arm-none-eabi/14.2.1/thumb/v7e-m/nofp\libg.a(libc_a-init.o)
 .ARM.attributes
                0x000008e9       0x2e D:/STM32/arm-none-eabi-gcc/bin/../lib/gcc/arm-none-eabi/14.2.1/thumb/v7e-m/nofp\libg.a(libc_a-lock.o)
 .ARM.attributes
                0x00000917       0x1c D:/STM32/arm-none-eabi-gcc/bin/../lib/gcc/arm-none-eabi/14.2.1/thumb/v7e-m/nofp\libg.a(libc_a-strlen.o)
 .ARM.attributes
                0x00000933       0x2e D:/STM32/arm-none-eabi-gcc/bin/../lib/gcc/arm-none-eabi/14.2.1/thumb/v7e-m/nofp\libg.a(libc_a-__call_atexit.o)
 .ARM.attributes
                0x00000961       0x2e D:/STM32/arm-none-eabi-gcc/bin/../lib/gcc/arm-none-eabi/14.2.1/thumb/v7e-m/nofp\libg.a(libc_a-atexit.o)
 .ARM.attributes
                0x0000098f       0x2e D:/STM32/arm-none-eabi-gcc/bin/../lib/gcc/arm-none-eabi/14.2.1/thumb/v7e-m/nofp\libg.a(libc_a-freer.o)
 .ARM.attributes
                0x000009bd       0x2e D:/STM32/arm-none-eabi-gcc/bin/../lib/gcc/arm-none-eabi/14.2.1/thumb/v7e-m/nofp\libg.a(libc_a-mallocr.o)
 .ARM.attributes
                0x000009eb       0x2e D:/STM32/arm-none-eabi-gcc/bin/../lib/gcc/arm-none-eabi/14.2.1/thumb/v7e-m/nofp\libg.a(libc_a-mlock.o)
 .ARM.attributes
                0x00000a19       0x2e D:/STM32/arm-none-eabi-gcc/bin/../lib/gcc/arm-none-eabi/14.2.1/thumb/v7e-m/nofp\libg.a(libc_a-svfprintf.o)
 .ARM.attributes
                0x00000a47       0x2e D:/STM32/arm-none-eabi-gcc/bin/../lib/gcc/arm-none-eabi/14.2.1/thumb/v7e-m/nofp\libg.a(libc_a-ssprint_r.o)
 .ARM.attributes
                0x00000a75       0x2e D:/STM32/arm-none-eabi-gcc/bin/../lib/gcc/arm-none-eabi/14.2.1/thumb/v7e-m/nofp\libg.a(libc_a-fclose.o)
 .ARM.attributes
                0x00000aa3       0x2e D:/STM32/arm-none-eabi-gcc/bin/../lib/gcc/arm-none-eabi/14.2.1/thumb/v7e-m/nofp\libg.a(libc_a-fflush.o)
 .ARM.attributes
                0x00000ad1       0x2e D:/STM32/arm-none-eabi-gcc/bin/../lib/gcc/arm-none-eabi/14.2.1/thumb/v7e-m/nofp\libg.a(libc_a-strncpy.o)
 .ARM.attributes
                0x00000aff       0x2e D:/STM32/arm-none-eabi-gcc/bin/../lib/gcc/arm-none-eabi/14.2.1/thumb/v7e-m/nofp\libg.a(libc_a-locale.o)
 .ARM.attributes
                0x00000b2d       0x2e D:/STM32/arm-none-eabi-gcc/bin/../lib/gcc/arm-none-eabi/14.2.1/thumb/v7e-m/nofp\libg.a(libc_a-localeconv.o)
 .ARM.attributes
                0x00000b5b       0x2e D:/STM32/arm-none-eabi-gcc/bin/../lib/gcc/arm-none-eabi/14.2.1/thumb/v7e-m/nofp\libg.a(libc_a-sbrkr.o)
 .ARM.attributes
                0x00000b89       0x2e D:/STM32/arm-none-eabi-gcc/bin/../lib/gcc/arm-none-eabi/14.2.1/thumb/v7e-m/nofp\libg.a(libc_a-fini.o)
 .ARM.attributes
                0x00000bb7       0x2e D:/STM32/arm-none-eabi-gcc/bin/../lib/gcc/arm-none-eabi/14.2.1/thumb/v7e-m/nofp\libg.a(libc_a-sysconf.o)
 .ARM.attributes
                0x00000be5       0x1c D:/STM32/arm-none-eabi-gcc/bin/../lib/gcc/arm-none-eabi/14.2.1/thumb/v7e-m/nofp\libg.a(libc_a-memchr.o)
 .ARM.attributes
                0x00000c01       0x2e D:/STM32/arm-none-eabi-gcc/bin/../lib/gcc/arm-none-eabi/14.2.1/thumb/v7e-m/nofp\libg.a(libm_a-s_frexp.o)
 .ARM.attributes
                0x00000c2f       0x2e D:/STM32/arm-none-eabi-gcc/bin/../lib/gcc/arm-none-eabi/14.2.1/thumb/v7e-m/nofp\libg.a(libc_a-__atexit.o)
 .ARM.attributes
                0x00000c5d       0x2e D:/STM32/arm-none-eabi-gcc/bin/../lib/gcc/arm-none-eabi/14.2.1/thumb/v7e-m/nofp\libg.a(libc_a-dtoa.o)
 .ARM.attributes
                0x00000c8b       0x2e D:/STM32/arm-none-eabi-gcc/bin/../lib/gcc/arm-none-eabi/14.2.1/thumb/v7e-m/nofp\libg.a(libc_a-mbtowc_r.o)
 .ARM.attributes
                0x00000cb9       0x2e D:/STM32/arm-none-eabi-gcc/bin/../lib/gcc/arm-none-eabi/14.2.1/thumb/v7e-m/nofp\libg.a(libc_a-mprec.o)
 .ARM.attributes
                0x00000ce7       0x2e D:/STM32/arm-none-eabi-gcc/bin/../lib/gcc/arm-none-eabi/14.2.1/thumb/v7e-m/nofp\libg.a(libc_a-wctomb_r.o)
 .ARM.attributes
                0x00000d15       0x2e D:/STM32/arm-none-eabi-gcc/bin/../lib/gcc/arm-none-eabi/14.2.1/thumb/v7e-m/nofp\libg.a(libc_a-wcrtomb.o)
 .ARM.attributes
                0x00000d43       0x2e D:/STM32/arm-none-eabi-gcc/bin/../lib/gcc/arm-none-eabi/14.2.1/thumb/v7e-m/nofp\libg.a(libc_a-wcsrtombs.o)
 .ARM.attributes
                0x00000d71       0x2e D:/STM32/arm-none-eabi-gcc/bin/../lib/gcc/arm-none-eabi/14.2.1/thumb/v7e-m/nofp\libg.a(libc_a-ctype_.o)
 .ARM.attributes
                0x00000d9f       0x2e D:/STM32/arm-none-eabi-gcc/bin/../lib/gcc/arm-none-eabi/14.2.1/thumb/v7e-m/nofp\libg.a(libc_a-ssputs_r.o)
 .ARM.attributes
                0x00000dcd       0x2e D:/STM32/arm-none-eabi-gcc/bin/../lib/gcc/arm-none-eabi/14.2.1/thumb/v7e-m/nofp\libg.a(libc_a-memmove.o)
 .ARM.attributes
                0x00000dfb       0x1c D:/STM32/arm-none-eabi-gcc/bin/../lib/gcc/arm-none-eabi/14.2.1/thumb/v7e-m/nofp\libg.a(libc_a-memcpy.o)
 .ARM.attributes